
running 1 test
test real_state_bench::real_state_benchmark ... RESULT {"action":"verify","cycles":8560191,"counts":[6797891, 1762167, 132, 0, 1, 0],"cells":8554175,"proof_bytes":834080,"assembly_ms":1037.719,"verify_ms":882.770,"witness_loaded":false}
ok

test result: ok. 1 passed; 0 failed; 0 ignored; 0 measured; 4 filtered out; finished in 1.92s

        1.96 real         1.86 user         0.84 sys
          5082284032  maximum resident set size
                   0  average shared memory size
                   0  average unshared data size
                   0  average unshared stack size
              310546  page reclaims
                   0  page faults
                   0  swaps
                   0  block input operations
                   0  block output operations
                   0  messages sent
                   0  messages received
                   0  signals received
                   0  voluntary context switches
                2231  involuntary context switches
         39592867045  instructions retired
         11531540732  cycles elapsed
          5083041752  peak memory footprint
