
running 1 test
test real_state_bench::real_state_benchmark ... RESULT {"action":"verify","cycles":8482697,"counts":[6592617, 1889947, 132, 0, 1, 0],"cells":8476896,"proof_bytes":836384,"assembly_ms":1008.861,"verify_ms":878.917,"witness_loaded":false}
ok

test result: ok. 1 passed; 0 failed; 0 ignored; 0 measured; 4 filtered out; finished in 1.89s

        1.93 real         1.84 user         0.82 sys
          5078974464  maximum resident set size
                   0  average shared memory size
                   0  average unshared data size
                   0  average unshared stack size
              310293  page reclaims
                   0  page faults
                   0  swaps
                   0  block input operations
                   0  block output operations
                   0  messages sent
                   0  messages received
                   0  signals received
                   0  voluntary context switches
                2314  involuntary context switches
         39605650663  instructions retired
         11410545931  cycles elapsed
          5079715776  peak memory footprint
