
running 1 test
test real_state_bench::real_state_benchmark ... RESULT {"action":"verify","cycles":8575525,"counts":[6663941, 1911451, 132, 0, 1, 0],"cells":8569724,"proof_bytes":834016,"assembly_ms":1036.618,"verify_ms":886.339,"witness_loaded":false}
ok

test result: ok. 1 passed; 0 failed; 0 ignored; 0 measured; 4 filtered out; finished in 1.92s

        1.96 real         1.86 user         0.79 sys
          5081874432  maximum resident set size
                   0  average shared memory size
                   0  average unshared data size
                   0  average unshared stack size
              310489  page reclaims
                   0  page faults
                   0  swaps
                   0  block input operations
                   0  block output operations
                   0  messages sent
                   0  messages received
                   0  signals received
                   0  voluntary context switches
                2895  involuntary context switches
         39577079980  instructions retired
         11266344281  cycles elapsed
          5082615744  peak memory footprint
