
running 1 test
test real_state_bench::real_state_benchmark ... RESULT {"action":"verify","cycles":7591107,"counts":[6025928, 1565046, 132, 0, 1, 0],"cells":7585562,"proof_bytes":831168,"assembly_ms":515.027,"verify_ms":689.327,"witness_loaded":false}
ok

test result: ok. 1 passed; 0 failed; 0 ignored; 0 measured; 4 filtered out; finished in 1.21s

        1.22 real         1.15 user         0.69 sys
          2769780736  maximum resident set size
                   0  average shared memory size
                   0  average unshared data size
                   0  average unshared stack size
              169345  page reclaims
                   0  page faults
                   0  swaps
                   0  block input operations
                   0  block output operations
                   0  messages sent
                   0  messages received
                   0  signals received
                   0  voluntary context switches
                1922  involuntary context switches
         24204546327  instructions retired
          7874107455  cycles elapsed
          2769389896  peak memory footprint
