
running 1 test
test real_state_bench::real_state_benchmark ... RESULT {"action":"verify","cycles":8462089,"counts":[6722637, 1739319, 132, 0, 1, 0],"cells":8456073,"proof_bytes":835712,"assembly_ms":1022.818,"verify_ms":913.533,"witness_loaded":false}
ok

test result: ok. 1 passed; 0 failed; 0 ignored; 0 measured; 4 filtered out; finished in 1.94s

        1.97 real         1.86 user         0.90 sys
          5079040000  maximum resident set size
                   0  average shared memory size
                   0  average unshared data size
                   0  average unshared stack size
              310314  page reclaims
                   0  page faults
                   0  swaps
                   0  block input operations
                   0  block output operations
                   0  messages sent
                   0  messages received
                   0  signals received
                   0  voluntary context switches
                3096  involuntary context switches
         39602845320  instructions retired
         11781666923  cycles elapsed
          5079797720  peak memory footprint
