
running 1 test
test real_state_bench::real_state_benchmark ... RESULT {"action":"verify","cycles":7498510,"counts":[5954835, 1543542, 132, 0, 1, 0],"cells":7492965,"proof_bytes":834752,"assembly_ms":514.484,"verify_ms":683.813,"witness_loaded":false}
ok

test result: ok. 1 passed; 0 failed; 0 ignored; 0 measured; 4 filtered out; finished in 1.20s

        1.22 real         1.14 user         0.69 sys
          2768371712  maximum resident set size
                   0  average shared memory size
                   0  average unshared data size
                   0  average unshared stack size
              169256  page reclaims
                   0  page faults
                   0  swaps
                   0  block input operations
                   0  block output operations
                   0  messages sent
                   0  messages received
                   0  signals received
                   0  voluntary context switches
                2062  involuntary context switches
         24176811931  instructions retired
          7825217820  cycles elapsed
          2767980872  peak memory footprint
