
running 1 test
test real_state_bench::real_state_benchmark ... PHASES {"profile_schema":1,"scope":"cpu_prove_before_logging_and_local_drops","execute_ms":813.071459000,"build_ms":795.053041000,"transcript_setup_ms":0.004792000,"commit_ms":4352.000500000,"bus_ms":9531.600416000,"constraints_ms":737.782083000,"claim_prep_ms":0.044750000,"reduction_ms":33.816291000,"pcs_open_ms":5603.313792000,"finalize_ms":0.009833000,"internal_total_ms":21866.720667000,"internal_residual_ms":0.023710000}
RESULT {"action":"prove","cycles":8575525,"counts":[6663941, 1911451, 132, 0, 1, 0],"cells":8569724,"mem_used":8569724,"log_mem":24,"committed":207621052,"proof_bytes":834016,"assembly_ms":1027.041,"prove_including_execute_ms":22072.436,"verify_ms":1541.091,"negative_checks_ms":232.434,"wrong_public_rejected":true,"mutated_proof_rejected":true}
ok

test result: ok. 1 passed; 0 failed; 0 ignored; 0 measured; 4 filtered out; finished in 24.88s

       25.70 real        38.51 user        52.81 sys
         21479931904  maximum resident set size
                   0  average shared memory size
                   0  average unshared data size
                   0  average unshared stack size
             7976664  page reclaims
                   0  page faults
                   0  swaps
                   0  block input operations
                   0  block output operations
                   0  messages sent
                   0  messages received
                   0  signals received
               13861  voluntary context switches
             1275684  involuntary context switches
        666533536546  instructions retired
        379208007438  cycles elapsed
         36883032752  peak memory footprint
