
running 1 test
test real_state_bench::real_state_benchmark ... PHASES {"profile_schema":1,"scope":"cpu_prove_before_logging_and_local_drops","execute_ms":969.273750000,"build_ms":863.966250000,"transcript_setup_ms":0.004667000,"commit_ms":3277.142625000,"bus_ms":9254.889500000,"constraints_ms":442.341166000,"claim_prep_ms":0.029417000,"reduction_ms":18.442750000,"pcs_open_ms":5044.652000000,"finalize_ms":0.042458000,"internal_total_ms":19870.815625000,"internal_residual_ms":0.031042000}
RESULT {"action":"prove","cycles":8482697,"counts":[6592617, 1889947, 132, 0, 1, 0],"cells":8476896,"mem_used":8476896,"log_mem":24,"committed":207621052,"proof_bytes":836384,"assembly_ms":1038.734,"prove_including_execute_ms":20140.018,"verify_ms":769.286,"negative_checks_ms":199.171,"wrong_public_rejected":true,"mutated_proof_rejected":true}
ok

test result: ok. 1 passed; 0 failed; 0 ignored; 0 measured; 4 filtered out; finished in 22.15s

       22.95 real        39.05 user        48.03 sys
         23041146880  maximum resident set size
                   0  average shared memory size
                   0  average unshared data size
                   0  average unshared stack size
             7115140  page reclaims
                   4  page faults
                   0  swaps
                   0  block input operations
                   0  block output operations
                   0  messages sent
                   0  messages received
                   0  signals received
                  51  voluntary context switches
              960511  involuntary context switches
        651549617553  instructions retired
        363573905586  cycles elapsed
         38020623960  peak memory footprint
