
running 1 test
test real_state_bench::real_state_benchmark ... PHASES {"profile_schema":1,"scope":"cpu_prove_before_logging_and_local_drops","execute_ms":980.761209000,"build_ms":853.018416000,"transcript_setup_ms":0.003708000,"commit_ms":2998.962542000,"bus_ms":7479.630584000,"constraints_ms":604.289250000,"claim_prep_ms":0.032334000,"reduction_ms":11.432459000,"pcs_open_ms":5629.569208000,"finalize_ms":0.019125000,"internal_total_ms":18557.754542000,"internal_residual_ms":0.035707000}
RESULT {"action":"prove","cycles":8560191,"counts":[6797891, 1762167, 132, 0, 1, 0],"cells":8554175,"mem_used":8554175,"log_mem":24,"committed":207621052,"proof_bytes":834080,"assembly_ms":1035.491,"prove_including_execute_ms":18807.329,"verify_ms":746.339,"negative_checks_ms":229.259,"wrong_public_rejected":true,"mutated_proof_rejected":true}
ok

test result: ok. 1 passed; 0 failed; 0 ignored; 0 measured; 4 filtered out; finished in 20.82s

       21.47 real        46.06 user        41.53 sys
         25998360576  maximum resident set size
                   0  average shared memory size
                   0  average unshared data size
                   0  average unshared stack size
             6127793  page reclaims
                   2  page faults
                   0  swaps
                   0  block input operations
                   0  block output operations
                   0  messages sent
                   0  messages received
                   0  signals received
                   3  voluntary context switches
              760910  involuntary context switches
        641326460978  instructions retired
        329907745793  cycles elapsed
         39155183936  peak memory footprint
