
running 1 test
test real_state_bench::real_state_benchmark ... PHASES {"profile_schema":1,"scope":"cpu_prove_before_logging_and_local_drops","execute_ms":507.014834000,"build_ms":765.644000000,"transcript_setup_ms":0.004542000,"commit_ms":2278.177666000,"bus_ms":5869.954375000,"constraints_ms":867.178667000,"claim_prep_ms":0.055334000,"reduction_ms":12.359792000,"pcs_open_ms":4803.324166000,"finalize_ms":0.014625000,"internal_total_ms":15103.750917000,"internal_residual_ms":0.022916000}
RESULT {"action":"prove","cycles":7498510,"counts":[5954835, 1543542, 132, 0, 1, 0],"cells":7492965,"mem_used":7492965,"log_mem":23,"committed":182455228,"proof_bytes":834752,"assembly_ms":525.598,"prove_including_execute_ms":15355.945,"verify_ms":480.628,"negative_checks_ms":128.518,"wrong_public_rejected":true,"mutated_proof_rejected":true}
ok

test result: ok. 1 passed; 0 failed; 0 ignored; 0 measured; 4 filtered out; finished in 16.49s

       17.20 real        39.14 user        31.02 sys
         24889851904  maximum resident set size
                   0  average shared memory size
                   0  average unshared data size
                   0  average unshared stack size
             5089485  page reclaims
                   0  page faults
                   0  swaps
                   0  block input operations
                   0  block output operations
                   0  messages sent
                   0  messages received
                   0  signals received
                   3  voluntary context switches
              688422  involuntary context switches
        593577381274  instructions retired
        279391884280  cycles elapsed
         41429464776  peak memory footprint
