
running 1 test
test real_state_bench::real_state_benchmark ... PHASES {"profile_schema":1,"scope":"cpu_prove_before_logging_and_local_drops","execute_ms":519.865750000,"build_ms":733.578083000,"transcript_setup_ms":0.007541000,"commit_ms":2551.766542000,"bus_ms":8198.273250000,"constraints_ms":751.810833000,"claim_prep_ms":0.044250000,"reduction_ms":10.647959000,"pcs_open_ms":6523.837708000,"finalize_ms":0.023167000,"internal_total_ms":19289.883625000,"internal_residual_ms":0.028542000}
RESULT {"action":"prove","cycles":7591107,"counts":[6025928, 1565046, 132, 0, 1, 0],"cells":7585562,"mem_used":7585562,"log_mem":23,"committed":182455228,"proof_bytes":831168,"assembly_ms":529.127,"prove_including_execute_ms":19502.538,"verify_ms":435.628,"negative_checks_ms":126.775,"wrong_public_rejected":true,"mutated_proof_rejected":true}
ok

test result: ok. 1 passed; 0 failed; 0 ignored; 0 measured; 4 filtered out; finished in 20.60s

       21.22 real        39.21 user        45.96 sys
         24425349120  maximum resident set size
                   0  average shared memory size
                   0  average unshared data size
                   0  average unshared stack size
             5746815  page reclaims
                   0  page faults
                   0  swaps
                   0  block input operations
                   0  block output operations
                   0  messages sent
                   0  messages received
                   0  signals received
                  87  voluntary context switches
             1112947  involuntary context switches
        610413826552  instructions retired
        336528588815  cycles elapsed
         40255386568  peak memory footprint
