
running 1 test
test real_state_bench::real_state_benchmark ... PHASES {"profile_schema":1,"scope":"cpu_prove_before_logging_and_local_drops","execute_ms":1006.464042000,"build_ms":842.992084000,"transcript_setup_ms":0.005041000,"commit_ms":3968.088792000,"bus_ms":13558.559834000,"constraints_ms":460.874750000,"claim_prep_ms":0.623542000,"reduction_ms":24.809459000,"pcs_open_ms":5337.228042000,"finalize_ms":0.011291000,"internal_total_ms":25199.689583000,"internal_residual_ms":0.032706000}
RESULT {"action":"prove","cycles":8462089,"counts":[6722637, 1739319, 132, 0, 1, 0],"cells":8456073,"mem_used":8456073,"log_mem":24,"committed":207621052,"proof_bytes":835712,"assembly_ms":1070.150,"prove_including_execute_ms":25392.732,"verify_ms":1396.247,"negative_checks_ms":183.825,"wrong_public_rejected":true,"mutated_proof_rejected":true}
ok

test result: ok. 1 passed; 0 failed; 0 ignored; 0 measured; 4 filtered out; finished in 28.05s

       28.74 real        42.03 user        37.04 sys
         23747248128  maximum resident set size
                   0  average shared memory size
                   0  average unshared data size
                   0  average unshared stack size
             5989383  page reclaims
                   0  page faults
                   0  swaps
                   0  block input operations
                   0  block output operations
                   0  messages sent
                   0  messages received
                   0  signals received
               31975  voluntary context switches
             1062627  involuntary context switches
        644448085861  instructions retired
        306507140247  cycles elapsed
         37259307960  peak memory footprint
