
running 1 test
test real_state_bench::real_state_benchmark ... PHASES {"profile_schema":1,"scope":"cpu_prove_before_logging_and_local_drops","execute_ms":514.490750000,"build_ms":705.063833000,"transcript_setup_ms":0.004333000,"commit_ms":2884.072916000,"bus_ms":6446.613500000,"constraints_ms":1116.063584000,"claim_prep_ms":0.033750000,"reduction_ms":13.259458000,"pcs_open_ms":5258.766875000,"finalize_ms":0.012709000,"internal_total_ms":16938.408750000,"internal_residual_ms":0.027042000}
RESULT {"action":"prove","cycles":7498510,"counts":[5954835, 1543542, 132, 0, 1, 0],"cells":7492965,"mem_used":7492965,"log_mem":23,"committed":182455228,"proof_bytes":834752,"assembly_ms":551.740,"prove_including_execute_ms":17152.115,"verify_ms":437.624,"negative_checks_ms":105.830,"wrong_public_rejected":true,"mutated_proof_rejected":true}
ok

test result: ok. 1 passed; 0 failed; 0 ignored; 0 measured; 4 filtered out; finished in 18.25s

       18.86 real        42.80 user        37.53 sys
         24106696704  maximum resident set size
                   0  average shared memory size
                   0  average unshared data size
                   0  average unshared stack size
             5491335  page reclaims
                   0  page faults
                   0  swaps
                   0  block input operations
                   0  block output operations
                   0  messages sent
                   0  messages received
                   0  signals received
                   3  voluntary context switches
              753856  involuntary context switches
        600558273909  instructions retired
        300225294366  cycles elapsed
         34469274632  peak memory footprint
