
running 1 test
test real_state_bench::real_state_benchmark ... PHASES {"profile_schema":1,"scope":"cpu_prove_before_logging_and_local_drops","execute_ms":479.466625000,"build_ms":703.138417000,"transcript_setup_ms":0.004500000,"commit_ms":2024.205500000,"bus_ms":4596.487708000,"constraints_ms":1215.745417000,"claim_prep_ms":0.047541000,"reduction_ms":12.049292000,"pcs_open_ms":4408.879584000,"finalize_ms":0.020584000,"internal_total_ms":13440.076542000,"internal_residual_ms":0.031374000}
RESULT {"action":"prove","cycles":7591107,"counts":[6025928, 1565046, 132, 0, 1, 0],"cells":7585562,"mem_used":7585562,"log_mem":23,"committed":182455228,"proof_bytes":831168,"assembly_ms":531.065,"prove_including_execute_ms":13655.084,"verify_ms":416.903,"negative_checks_ms":95.996,"wrong_public_rejected":true,"mutated_proof_rejected":true}
ok

test result: ok. 1 passed; 0 failed; 0 ignored; 0 measured; 4 filtered out; finished in 14.70s

       15.34 real        36.55 user        26.20 sys
         29141188608  maximum resident set size
                   0  average shared memory size
                   0  average unshared data size
                   0  average unshared stack size
             4701497  page reclaims
                   0  page faults
                   0  swaps
                   0  block input operations
                   0  block output operations
                   0  messages sent
                   0  messages received
                   0  signals received
                   8  voluntary context switches
              577760  involuntary context switches
        588768390175  instructions retired
        262019271412  cycles elapsed
         41458022136  peak memory footprint
