
running 1 test
test real_state_bench::real_state_benchmark ... PHASES {"profile_schema":1,"scope":"cpu_prove_before_logging_and_local_drops","execute_ms":993.685584000,"build_ms":899.511209000,"transcript_setup_ms":0.004750000,"commit_ms":2470.444625000,"bus_ms":9704.366166000,"constraints_ms":573.501500000,"claim_prep_ms":0.054542000,"reduction_ms":16.397875000,"pcs_open_ms":5946.155542000,"finalize_ms":0.027750000,"internal_total_ms":20604.172542000,"internal_residual_ms":0.022999000}
RESULT {"action":"prove","cycles":8482697,"counts":[6592617, 1889947, 132, 0, 1, 0],"cells":8476896,"mem_used":8476896,"log_mem":24,"committed":207621052,"proof_bytes":836384,"assembly_ms":1041.163,"prove_including_execute_ms":20849.405,"verify_ms":683.549,"negative_checks_ms":176.415,"wrong_public_rejected":true,"mutated_proof_rejected":true}
ok

test result: ok. 1 passed; 0 failed; 0 ignored; 0 measured; 4 filtered out; finished in 22.75s

       23.46 real        38.50 user        53.79 sys
         23481417728  maximum resident set size
                   0  average shared memory size
                   0  average unshared data size
                   0  average unshared stack size
             6804334  page reclaims
                   0  page faults
                   0  swaps
                   0  block input operations
                   0  block output operations
                   0  messages sent
                   0  messages received
                   0  signals received
                   8  voluntary context switches
             1033560  involuntary context switches
        651454399044  instructions retired
        388579563837  cycles elapsed
         36897680072  peak memory footprint
