
running 1 test
test real_state_bench::real_state_benchmark ... PHASES {"profile_schema":1,"scope":"cpu_prove_before_logging_and_local_drops","execute_ms":965.358000000,"build_ms":873.820042000,"transcript_setup_ms":0.005333000,"commit_ms":3199.306333000,"bus_ms":10157.903292000,"constraints_ms":643.506834000,"claim_prep_ms":0.049500000,"reduction_ms":20.187916000,"pcs_open_ms":6340.397083000,"finalize_ms":0.009000000,"internal_total_ms":22200.569875000,"internal_residual_ms":0.026542000}
RESULT {"action":"prove","cycles":8575525,"counts":[6663941, 1911451, 132, 0, 1, 0],"cells":8569724,"mem_used":8569724,"log_mem":24,"committed":207621052,"proof_bytes":834016,"assembly_ms":1020.533,"prove_including_execute_ms":22460.220,"verify_ms":764.351,"negative_checks_ms":234.173,"wrong_public_rejected":true,"mutated_proof_rejected":true}
ok

test result: ok. 1 passed; 0 failed; 0 ignored; 0 measured; 4 filtered out; finished in 24.48s

       25.38 real        38.20 user        58.06 sys
         21419294720  maximum resident set size
                   0  average shared memory size
                   0  average unshared data size
                   0  average unshared stack size
             7914656  page reclaims
                   0  page faults
                   0  swaps
                   0  block input operations
                   0  block output operations
                   0  messages sent
                   0  messages received
                   0  signals received
                  77  voluntary context switches
             1193836  involuntary context switches
        664292432153  instructions retired
        405154883713  cycles elapsed
         37912161784  peak memory footprint
