
running 1 test
test real_state_bench::real_state_benchmark ... PHASES {"profile_schema":1,"scope":"cpu_prove_before_logging_and_local_drops","execute_ms":536.457666000,"build_ms":727.629542000,"transcript_setup_ms":0.004416000,"commit_ms":2635.031542000,"bus_ms":7192.401583000,"constraints_ms":852.883292000,"claim_prep_ms":0.063958000,"reduction_ms":14.829500000,"pcs_open_ms":5708.639292000,"finalize_ms":0.006667000,"internal_total_ms":17667.980000000,"internal_residual_ms":0.032542000}
RESULT {"action":"prove","cycles":7498510,"counts":[5954835, 1543542, 132, 0, 1, 0],"cells":7492965,"mem_used":7492965,"log_mem":23,"committed":182455228,"proof_bytes":834752,"assembly_ms":532.450,"prove_including_execute_ms":17880.102,"verify_ms":408.309,"negative_checks_ms":109.748,"wrong_public_rejected":true,"mutated_proof_rejected":true}
ok

test result: ok. 1 passed; 0 failed; 0 ignored; 0 measured; 4 filtered out; finished in 18.93s

       19.53 real        40.42 user        40.05 sys
         23396352000  maximum resident set size
                   0  average shared memory size
                   0  average unshared data size
                   0  average unshared stack size
             5583410  page reclaims
                   0  page faults
                   0  swaps
                   0  block input operations
                   0  block output operations
                   0  messages sent
                   0  messages received
                   0  signals received
                   5  voluntary context switches
              869632  involuntary context switches
        601194061857  instructions retired
        310993319915  cycles elapsed
         38040579696  peak memory footprint
