
running 1 test
test real_state_bench::real_state_benchmark ... PHASES {"profile_schema":1,"scope":"cpu_prove_before_logging_and_local_drops","execute_ms":557.680333000,"build_ms":762.807875000,"transcript_setup_ms":0.004333000,"commit_ms":2821.445666000,"bus_ms":4535.583417000,"constraints_ms":1331.362792000,"claim_prep_ms":0.028167000,"reduction_ms":12.134959000,"pcs_open_ms":6228.466917000,"finalize_ms":0.015083000,"internal_total_ms":16249.552916000,"internal_residual_ms":0.023374000}
RESULT {"action":"prove","cycles":7591107,"counts":[6025928, 1565046, 132, 0, 1, 0],"cells":7585562,"mem_used":7585562,"log_mem":23,"committed":182455228,"proof_bytes":831168,"assembly_ms":534.370,"prove_including_execute_ms":16514.439,"verify_ms":470.468,"negative_checks_ms":125.010,"wrong_public_rejected":true,"mutated_proof_rejected":true}
ok

test result: ok. 1 passed; 0 failed; 0 ignored; 0 measured; 4 filtered out; finished in 17.65s

       18.31 real        40.52 user        34.85 sys
         26690273280  maximum resident set size
                   0  average shared memory size
                   0  average unshared data size
                   0  average unshared stack size
             5074416  page reclaims
                   0  page faults
                   0  swaps
                   0  block input operations
                   0  block output operations
                   0  messages sent
                   0  messages received
                   0  signals received
                  17  voluntary context switches
              858599  involuntary context switches
        598093482408  instructions retired
        286340186633  cycles elapsed
         37159480032  peak memory footprint
