
running 1 test
test real_state_bench::real_state_benchmark ... PHASES {"profile_schema":1,"scope":"cpu_prove_before_logging_and_local_drops","execute_ms":1007.957334000,"build_ms":880.226375000,"transcript_setup_ms":0.003792000,"commit_ms":3307.721167000,"bus_ms":9667.340250000,"constraints_ms":464.295708000,"claim_prep_ms":0.044625000,"reduction_ms":9.213708000,"pcs_open_ms":5454.813875000,"finalize_ms":0.039000000,"internal_total_ms":20791.691041000,"internal_residual_ms":0.035207000}
RESULT {"action":"prove","cycles":8560191,"counts":[6797891, 1762167, 132, 0, 1, 0],"cells":8554175,"mem_used":8554175,"log_mem":24,"committed":207621052,"proof_bytes":834080,"assembly_ms":1041.191,"prove_including_execute_ms":21020.554,"verify_ms":764.243,"negative_checks_ms":234.540,"wrong_public_rejected":true,"mutated_proof_rejected":true}
ok

test result: ok. 1 passed; 0 failed; 0 ignored; 0 measured; 4 filtered out; finished in 23.06s

       23.97 real        38.24 user        50.98 sys
         21136654336  maximum resident set size
                   0  average shared memory size
                   0  average unshared data size
                   0  average unshared stack size
             7431384  page reclaims
                   0  page faults
                   0  swaps
                   0  block input operations
                   0  block output operations
                   0  messages sent
                   0  messages received
                   0  signals received
                  11  voluntary context switches
             1177516  involuntary context switches
        657939899863  instructions retired
        374752539408  cycles elapsed
         36551141704  peak memory footprint
