
running 1 test
test real_state_bench::real_state_benchmark ... PHASES {"profile_schema":1,"scope":"cpu_prove_before_logging_and_local_drops","execute_ms":784.281292000,"build_ms":841.676833000,"transcript_setup_ms":0.004750000,"commit_ms":3382.119500000,"bus_ms":8006.471000000,"constraints_ms":418.121208000,"claim_prep_ms":0.311583000,"reduction_ms":16.929042000,"pcs_open_ms":5775.813334000,"finalize_ms":0.253834000,"internal_total_ms":19226.007250000,"internal_residual_ms":0.024874000}
RESULT {"action":"prove","cycles":8462089,"counts":[6722637, 1739319, 132, 0, 1, 0],"cells":8456073,"mem_used":8456073,"log_mem":24,"committed":207621052,"proof_bytes":835712,"assembly_ms":1028.532,"prove_including_execute_ms":19487.545,"verify_ms":1182.654,"negative_checks_ms":230.974,"wrong_public_rejected":true,"mutated_proof_rejected":true}
ok

test result: ok. 1 passed; 0 failed; 0 ignored; 0 measured; 4 filtered out; finished in 21.93s

       22.85 real        36.54 user        47.16 sys
         24432001024  maximum resident set size
                   0  average shared memory size
                   0  average unshared data size
                   0  average unshared stack size
             7260160  page reclaims
                   0  page faults
                   0  swaps
                   0  block input operations
                   0  block output operations
                   0  messages sent
                   0  messages received
                   0  signals received
               15165  voluntary context switches
              973218  involuntary context switches
        654138862091  instructions retired
        351173719207  cycles elapsed
         38165557016  peak memory footprint
