
running 1 test
test real_state_bench::real_state_benchmark ... PHASES {"profile_schema":1,"scope":"cpu_prove_before_logging_and_local_drops","execute_ms":958.650833000,"build_ms":865.022250000,"transcript_setup_ms":0.004000000,"commit_ms":3142.294375000,"bus_ms":9031.508625000,"constraints_ms":878.688333000,"claim_prep_ms":0.040583000,"reduction_ms":9.784916000,"pcs_open_ms":5575.147250000,"finalize_ms":0.006708000,"internal_total_ms":20461.177417000,"internal_residual_ms":0.029544000}
RESULT {"action":"prove","cycles":8462089,"counts":[6722637, 1739319, 132, 0, 1, 0],"cells":8456073,"mem_used":8456073,"log_mem":24,"committed":207621052,"proof_bytes":835712,"assembly_ms":1030.259,"prove_including_execute_ms":20650.244,"verify_ms":1526.151,"negative_checks_ms":214.593,"wrong_public_rejected":true,"mutated_proof_rejected":true}
ok

test result: ok. 1 passed; 0 failed; 0 ignored; 0 measured; 4 filtered out; finished in 23.42s

       24.16 real        41.22 user        45.00 sys
         24908152832  maximum resident set size
                   0  average shared memory size
                   0  average unshared data size
                   0  average unshared stack size
             6812899  page reclaims
                   0  page faults
                   0  swaps
                   0  block input operations
                   0  block output operations
                   0  messages sent
                   0  messages received
                   0  signals received
               10173  voluntary context switches
              967608  involuntary context switches
        652598722355  instructions retired
        342438437493  cycles elapsed
         37487455256  peak memory footprint
