
running 1 test
test real_state_bench::real_state_benchmark ... PHASES {"profile_schema":1,"scope":"cpu_prove_before_logging_and_local_drops","execute_ms":1077.776292000,"build_ms":895.235333000,"transcript_setup_ms":0.005917000,"commit_ms":4294.513834000,"bus_ms":14181.063375000,"constraints_ms":355.082583000,"claim_prep_ms":0.794083000,"reduction_ms":21.405667000,"pcs_open_ms":4985.160417000,"finalize_ms":0.003750000,"internal_total_ms":25811.065958000,"internal_residual_ms":0.024707000}
RESULT {"action":"prove","cycles":8560191,"counts":[6797891, 1762167, 132, 0, 1, 0],"cells":8554175,"mem_used":8554175,"log_mem":24,"committed":207621052,"proof_bytes":834080,"assembly_ms":1038.558,"prove_including_execute_ms":25885.918,"verify_ms":1644.643,"negative_checks_ms":191.502,"wrong_public_rejected":true,"mutated_proof_rejected":true}
ok

test result: ok. 1 passed; 0 failed; 0 ignored; 0 measured; 4 filtered out; finished in 28.76s

       29.00 real        39.70 user        37.26 sys
         31049678848  maximum resident set size
                   0  average shared memory size
                   0  average unshared data size
                   0  average unshared stack size
             6964026  page reclaims
                   0  page faults
                   0  swaps
                   0  block input operations
                   0  block output operations
                   0  messages sent
                   0  messages received
                   0  signals received
               24932  voluntary context switches
             1100162  involuntary context switches
        656997049250  instructions retired
        310234027062  cycles elapsed
         36550469936  peak memory footprint
