
running 1 test
test real_state_bench::real_state_benchmark ... PHASES {"profile_schema":1,"scope":"cpu_prove_before_logging_and_local_drops","execute_ms":426.518417000,"build_ms":624.341958000,"transcript_setup_ms":0.003875000,"commit_ms":1849.061541000,"bus_ms":4179.534958000,"constraints_ms":912.987750000,"claim_prep_ms":0.053792000,"reduction_ms":10.996458000,"pcs_open_ms":4458.757208000,"finalize_ms":0.007583000,"internal_total_ms":12462.287292000,"internal_residual_ms":0.023752000}
RESULT {"action":"prove","cycles":7498510,"counts":[5954835, 1543542, 132, 0, 1, 0],"cells":7492965,"mem_used":7492965,"log_mem":23,"committed":182455228,"proof_bytes":834752,"assembly_ms":510.770,"prove_including_execute_ms":12678.686,"verify_ms":414.085,"negative_checks_ms":101.298,"wrong_public_rejected":true,"mutated_proof_rejected":true}
ok

test result: ok. 1 passed; 0 failed; 0 ignored; 0 measured; 4 filtered out; finished in 13.71s

       14.26 real        32.43 user        27.45 sys
         31226167296  maximum resident set size
                   0  average shared memory size
                   0  average unshared data size
                   0  average unshared stack size
             4760931  page reclaims
                   0  page faults
                   0  swaps
                   0  block input operations
                   0  block output operations
                   0  messages sent
                   0  messages received
                   0  signals received
                   6  voluntary context switches
              625433  involuntary context switches
        588796687523  instructions retired
        251673287458  cycles elapsed
         41433462544  peak memory footprint
