
running 1 test
test real_state_bench::real_state_benchmark ... PHASES {"profile_schema":1,"scope":"cpu_prove_before_logging_and_local_drops","execute_ms":828.371584000,"build_ms":783.522416000,"transcript_setup_ms":0.004583000,"commit_ms":2115.081792000,"bus_ms":7124.918500000,"constraints_ms":651.428708000,"claim_prep_ms":0.042625000,"reduction_ms":15.396416000,"pcs_open_ms":5267.562125000,"finalize_ms":0.026334000,"internal_total_ms":16786.379750000,"internal_residual_ms":0.024667000}
RESULT {"action":"prove","cycles":8482697,"counts":[6592617, 1889947, 132, 0, 1, 0],"cells":8476896,"mem_used":8476896,"log_mem":24,"committed":207621052,"proof_bytes":836384,"assembly_ms":1026.837,"prove_including_execute_ms":17017.678,"verify_ms":647.102,"negative_checks_ms":180.812,"wrong_public_rejected":true,"mutated_proof_rejected":true}
ok

test result: ok. 1 passed; 0 failed; 0 ignored; 0 measured; 4 filtered out; finished in 18.88s

       19.43 real        34.67 user        40.47 sys
         25147949056  maximum resident set size
                   0  average shared memory size
                   0  average unshared data size
                   0  average unshared stack size
             6360262  page reclaims
                   1  page faults
                   0  swaps
                   0  block input operations
                   0  block output operations
                   0  messages sent
                   0  messages received
                   0  signals received
                   6  voluntary context switches
              675943  involuntary context switches
        641086306968  instructions retired
        315992485288  cycles elapsed
         39177564552  peak memory footprint
