
running 1 test
test real_state_bench::real_state_benchmark ... PHASES {"profile_schema":1,"scope":"cpu_prove_before_logging_and_local_drops","execute_ms":850.812875000,"build_ms":805.535667000,"transcript_setup_ms":0.003666000,"commit_ms":2060.707792000,"bus_ms":6795.765208000,"constraints_ms":774.982917000,"claim_prep_ms":0.031125000,"reduction_ms":10.195833000,"pcs_open_ms":4706.059291000,"finalize_ms":0.027958000,"internal_total_ms":16004.148625000,"internal_residual_ms":0.026293000}
RESULT {"action":"prove","cycles":8560191,"counts":[6797891, 1762167, 132, 0, 1, 0],"cells":8554175,"mem_used":8554175,"log_mem":24,"committed":207621052,"proof_bytes":834080,"assembly_ms":1030.724,"prove_including_execute_ms":16222.676,"verify_ms":635.878,"negative_checks_ms":177.561,"wrong_public_rejected":true,"mutated_proof_rejected":true}
ok

test result: ok. 1 passed; 0 failed; 0 ignored; 0 measured; 4 filtered out; finished in 18.07s

       18.66 real        35.23 user        37.48 sys
         25736052736  maximum resident set size
                   0  average shared memory size
                   0  average unshared data size
                   0  average unshared stack size
             6146242  page reclaims
                   0  page faults
                   0  swaps
                   0  block input operations
                   0  block output operations
                   0  messages sent
                   0  messages received
                   0  signals received
                   4  voluntary context switches
              633787  involuntary context switches
        638181736245  instructions retired
        304609751436  cycles elapsed
         38651932536  peak memory footprint
