
running 1 test
test real_state_bench::real_state_benchmark ... PHASES {"profile_schema":1,"scope":"cpu_prove_before_logging_and_local_drops","execute_ms":450.149958000,"build_ms":659.851125000,"transcript_setup_ms":0.004500000,"commit_ms":1846.120958000,"bus_ms":5073.198583000,"constraints_ms":484.885167000,"claim_prep_ms":0.033959000,"reduction_ms":10.333542000,"pcs_open_ms":3333.727166000,"finalize_ms":0.006083000,"internal_total_ms":11858.336417000,"internal_residual_ms":0.025376000}
RESULT {"action":"prove","cycles":7498510,"counts":[5954835, 1543542, 132, 0, 1, 0],"cells":7492965,"mem_used":7492965,"log_mem":23,"committed":182455228,"proof_bytes":834752,"assembly_ms":524.278,"prove_including_execute_ms":12056.599,"verify_ms":395.988,"negative_checks_ms":94.014,"wrong_public_rejected":true,"mutated_proof_rejected":true}
ok

test result: ok. 1 passed; 0 failed; 0 ignored; 0 measured; 4 filtered out; finished in 13.08s

       13.68 real        32.88 user        23.37 sys
         25552846848  maximum resident set size
                   0  average shared memory size
                   0  average unshared data size
                   0  average unshared stack size
             4732422  page reclaims
                   0  page faults
                   0  swaps
                   0  block input operations
                   0  block output operations
                   0  messages sent
                   0  messages received
                   0  signals received
                   4  voluntary context switches
              439172  involuntary context switches
        584194957972  instructions retired
        233169813791  cycles elapsed
         34358961064  peak memory footprint
