
running 1 test
test real_state_bench::real_state_benchmark ... PHASES {"profile_schema":1,"scope":"cpu_prove_before_logging_and_local_drops","execute_ms":814.109042000,"build_ms":804.203541000,"transcript_setup_ms":0.004333000,"commit_ms":2093.638916000,"bus_ms":7452.843583000,"constraints_ms":571.357209000,"claim_prep_ms":0.061166000,"reduction_ms":10.621750000,"pcs_open_ms":4713.570250000,"finalize_ms":0.029875000,"internal_total_ms":16460.465083000,"internal_residual_ms":0.025418000}
RESULT {"action":"prove","cycles":8462089,"counts":[6722637, 1739319, 132, 0, 1, 0],"cells":8456073,"mem_used":8456073,"log_mem":24,"committed":207621052,"proof_bytes":835712,"assembly_ms":1043.292,"prove_including_execute_ms":16681.228,"verify_ms":659.226,"negative_checks_ms":180.510,"wrong_public_rejected":true,"mutated_proof_rejected":true}
ok

test result: ok. 1 passed; 0 failed; 0 ignored; 0 measured; 4 filtered out; finished in 18.57s

       19.12 real        35.54 user        35.65 sys
         25832816640  maximum resident set size
                   0  average shared memory size
                   0  average unshared data size
                   0  average unshared stack size
             6048652  page reclaims
                   0  page faults
                   0  swaps
                   0  block input operations
                   0  block output operations
                   0  messages sent
                   0  messages received
                   0  signals received
                   3  voluntary context switches
              679572  involuntary context switches
        638518363618  instructions retired
        294796482890  cycles elapsed
         40224273472  peak memory footprint
