
running 1 test
test real_state_bench::real_state_benchmark ... PHASES {"profile_schema":1,"scope":"cpu_prove_before_logging_and_local_drops","execute_ms":837.470000000,"build_ms":831.801958000,"transcript_setup_ms":0.004750000,"commit_ms":1939.649584000,"bus_ms":6248.554459000,"constraints_ms":577.678917000,"claim_prep_ms":0.064833000,"reduction_ms":10.013583000,"pcs_open_ms":4134.927542000,"finalize_ms":0.009417000,"internal_total_ms":14580.199083000,"internal_residual_ms":0.024040000}
RESULT {"action":"prove","cycles":8560191,"counts":[6797891, 1762167, 132, 0, 1, 0],"cells":8554175,"mem_used":8554175,"log_mem":24,"committed":207621052,"proof_bytes":834080,"assembly_ms":1032.027,"prove_including_execute_ms":14790.767,"verify_ms":635.288,"negative_checks_ms":175.932,"wrong_public_rejected":true,"mutated_proof_rejected":true}
ok

test result: ok. 1 passed; 0 failed; 0 ignored; 0 measured; 4 filtered out; finished in 16.64s

       17.14 real        35.45 user        31.71 sys
         26240991232  maximum resident set size
                   0  average shared memory size
                   0  average unshared data size
                   0  average unshared stack size
             5653955  page reclaims
                   0  page faults
                   0  swaps
                   0  block input operations
                   0  block output operations
                   0  messages sent
                   0  messages received
                   0  signals received
                   3  voluntary context switches
              553704  involuntary context switches
        631739248813  instructions retired
        278996136720  cycles elapsed
         36968721048  peak memory footprint
