
running 1 test
test real_state_bench::real_state_benchmark ... PHASES {"profile_schema":1,"scope":"cpu_prove_before_logging_and_local_drops","execute_ms":451.086750000,"build_ms":659.677875000,"transcript_setup_ms":0.004667000,"commit_ms":1846.372208000,"bus_ms":4826.025584000,"constraints_ms":766.167709000,"claim_prep_ms":0.035041000,"reduction_ms":10.503000000,"pcs_open_ms":3985.405458000,"finalize_ms":0.037750000,"internal_total_ms":12545.337917000,"internal_residual_ms":0.021875000}
RESULT {"action":"prove","cycles":7498510,"counts":[5954835, 1543542, 132, 0, 1, 0],"cells":7492965,"mem_used":7492965,"log_mem":23,"committed":182455228,"proof_bytes":834752,"assembly_ms":522.342,"prove_including_execute_ms":12755.598,"verify_ms":393.513,"negative_checks_ms":94.732,"wrong_public_rejected":true,"mutated_proof_rejected":true}
ok

test result: ok. 1 passed; 0 failed; 0 ignored; 0 measured; 4 filtered out; finished in 13.77s

       14.32 real        32.91 user        24.84 sys
         26351861760  maximum resident set size
                   0  average shared memory size
                   0  average unshared data size
                   0  average unshared stack size
             4869870  page reclaims
                   0  page faults
                   0  swaps
                   0  block input operations
                   0  block output operations
                   0  messages sent
                   0  messages received
                   0  signals received
                   3  voluntary context switches
              463298  involuntary context switches
        587082155046  instructions retired
        238948748428  cycles elapsed
         36359760080  peak memory footprint
