
running 1 test
test real_state_bench::real_state_benchmark ... PHASES {"profile_schema":1,"scope":"cpu_prove_before_logging_and_local_drops","execute_ms":823.788417000,"build_ms":808.142333000,"transcript_setup_ms":0.004416000,"commit_ms":2216.895917000,"bus_ms":7301.667708000,"constraints_ms":668.011792000,"claim_prep_ms":0.033750000,"reduction_ms":7.342625000,"pcs_open_ms":4450.204375000,"finalize_ms":0.008917000,"internal_total_ms":16276.127500000,"internal_residual_ms":0.027250000}
RESULT {"action":"prove","cycles":8462089,"counts":[6722637, 1739319, 132, 0, 1, 0],"cells":8456073,"mem_used":8456073,"log_mem":24,"committed":207621052,"proof_bytes":835712,"assembly_ms":1029.425,"prove_including_execute_ms":16480.061,"verify_ms":640.220,"negative_checks_ms":171.739,"wrong_public_rejected":true,"mutated_proof_rejected":true}
ok

test result: ok. 1 passed; 0 failed; 0 ignored; 0 measured; 4 filtered out; finished in 18.33s

       18.81 real        37.13 user        38.20 sys
         26160480256  maximum resident set size
                   0  average shared memory size
                   0  average unshared data size
                   0  average unshared stack size
             6058553  page reclaims
                   0  page faults
                   0  swaps
                   0  block input operations
                   0  block output operations
                   0  messages sent
                   0  messages received
                   0  signals received
                   4  voluntary context switches
              626244  involuntary context switches
        637793274404  instructions retired
        306482747543  cycles elapsed
         38968553696  peak memory footprint
