
running 1 test
test real_state_bench::real_state_benchmark ... PHASES {"profile_schema":1,"scope":"cpu_prove_before_logging_and_local_drops","execute_ms":828.537917000,"build_ms":796.849500000,"transcript_setup_ms":0.004791000,"commit_ms":1837.668750000,"bus_ms":6155.305834000,"constraints_ms":497.782125000,"claim_prep_ms":0.043958000,"reduction_ms":26.796667000,"pcs_open_ms":4884.730875000,"finalize_ms":0.026458000,"internal_total_ms":15027.777083000,"internal_residual_ms":0.030208000}
RESULT {"action":"prove","cycles":8482697,"counts":[6592617, 1889947, 132, 0, 1, 0],"cells":8476896,"mem_used":8476896,"log_mem":24,"committed":207621052,"proof_bytes":836384,"assembly_ms":1034.286,"prove_including_execute_ms":15215.608,"verify_ms":644.899,"negative_checks_ms":178.889,"wrong_public_rejected":true,"mutated_proof_rejected":true}
ok

test result: ok. 1 passed; 0 failed; 0 ignored; 0 measured; 4 filtered out; finished in 17.08s

       17.66 real        35.01 user        33.93 sys
         27055898624  maximum resident set size
                   0  average shared memory size
                   0  average unshared data size
                   0  average unshared stack size
             5764265  page reclaims
                   0  page faults
                   0  swaps
                   0  block input operations
                   0  block output operations
                   0  messages sent
                   0  messages received
                   0  signals received
                   3  voluntary context switches
              568316  involuntary context switches
        630337269981  instructions retired
        287876664537  cycles elapsed
         39716090608  peak memory footprint
