
running 1 test
test real_state_bench::real_state_benchmark ... PHASES {"profile_schema":1,"scope":"cpu_prove_before_logging_and_local_drops","execute_ms":447.420625000,"build_ms":652.235833000,"transcript_setup_ms":0.003958000,"commit_ms":1992.311166000,"bus_ms":5186.551750000,"constraints_ms":583.867000000,"claim_prep_ms":0.029625000,"reduction_ms":11.557833000,"pcs_open_ms":3523.806167000,"finalize_ms":0.016209000,"internal_total_ms":12397.823334000,"internal_residual_ms":0.023168000}
RESULT {"action":"prove","cycles":7591107,"counts":[6025928, 1565046, 132, 0, 1, 0],"cells":7585562,"mem_used":7585562,"log_mem":23,"committed":182455228,"proof_bytes":831168,"assembly_ms":525.771,"prove_including_execute_ms":12587.898,"verify_ms":347.751,"negative_checks_ms":98.751,"wrong_public_rejected":true,"mutated_proof_rejected":true}
ok

test result: ok. 1 passed; 0 failed; 0 ignored; 0 measured; 4 filtered out; finished in 13.56s

       14.11 real        34.49 user        27.37 sys
         27240120320  maximum resident set size
                   0  average shared memory size
                   0  average unshared data size
                   0  average unshared stack size
             4963381  page reclaims
                   0  page faults
                   0  swaps
                   0  block input operations
                   0  block output operations
                   0  messages sent
                   0  messages received
                   0  signals received
                   3  voluntary context switches
              495251  involuntary context switches
        587045626288  instructions retired
        250080308064  cycles elapsed
         36622985592  peak memory footprint
