
running 1 test
test real_state_bench::real_state_benchmark ... PHASES {"profile_schema":1,"scope":"cpu_prove_before_logging_and_local_drops","execute_ms":826.122125000,"build_ms":787.483458000,"transcript_setup_ms":0.004541000,"commit_ms":1955.129292000,"bus_ms":6017.921667000,"constraints_ms":477.082167000,"claim_prep_ms":0.068917000,"reduction_ms":17.961000000,"pcs_open_ms":4973.442083000,"finalize_ms":0.027500000,"internal_total_ms":15055.266625000,"internal_residual_ms":0.023875000}
RESULT {"action":"prove","cycles":8482697,"counts":[6592617, 1889947, 132, 0, 1, 0],"cells":8476896,"mem_used":8476896,"log_mem":24,"committed":207621052,"proof_bytes":836384,"assembly_ms":1030.675,"prove_including_execute_ms":15281.628,"verify_ms":638.955,"negative_checks_ms":176.532,"wrong_public_rejected":true,"mutated_proof_rejected":true}
ok

test result: ok. 1 passed; 0 failed; 0 ignored; 0 measured; 4 filtered out; finished in 17.13s

       17.62 real        36.10 user        33.58 sys
         27385741312  maximum resident set size
                   0  average shared memory size
                   0  average unshared data size
                   0  average unshared stack size
             5756608  page reclaims
                   0  page faults
                   0  swaps
                   0  block input operations
                   0  block output operations
                   0  messages sent
                   0  messages received
                   0  signals received
                   3  voluntary context switches
              565976  involuntary context switches
        630196681016  instructions retired
        285678201055  cycles elapsed
         38137998960  peak memory footprint
