
running 1 test
test real_state_bench::real_state_benchmark ... PHASES {"profile_schema":1,"scope":"cpu_prove_before_logging_and_local_drops","execute_ms":822.607416000,"build_ms":793.508459000,"transcript_setup_ms":0.004208000,"commit_ms":1835.418291000,"bus_ms":5998.740375000,"constraints_ms":588.164209000,"claim_prep_ms":0.030917000,"reduction_ms":16.904958000,"pcs_open_ms":4039.864125000,"finalize_ms":0.019250000,"internal_total_ms":14095.283709000,"internal_residual_ms":0.021501000}
RESULT {"action":"prove","cycles":8575525,"counts":[6663941, 1911451, 132, 0, 1, 0],"cells":8569724,"mem_used":8569724,"log_mem":24,"committed":207621052,"proof_bytes":834016,"assembly_ms":1027.772,"prove_including_execute_ms":14310.075,"verify_ms":642.745,"negative_checks_ms":183.038,"wrong_public_rejected":true,"mutated_proof_rejected":true}
ok

test result: ok. 1 passed; 0 failed; 0 ignored; 0 measured; 4 filtered out; finished in 16.17s

       16.74 real        35.06 user        28.26 sys
         27576483840  maximum resident set size
                   0  average shared memory size
                   0  average unshared data size
                   0  average unshared stack size
             5544402  page reclaims
                   0  page faults
                   0  swaps
                   0  block input operations
                   0  block output operations
                   0  messages sent
                   0  messages received
                   0  signals received
                   3  voluntary context switches
              481451  involuntary context switches
        627971506875  instructions retired
        263353395644  cycles elapsed
         37627424080  peak memory footprint
