
running 1 test
test real_state_bench::real_state_benchmark ... PHASES {"profile_schema":1,"scope":"cpu_prove_before_logging_and_local_drops","execute_ms":444.916833000,"build_ms":677.713416000,"transcript_setup_ms":0.004208000,"commit_ms":2034.978458000,"bus_ms":4969.055416000,"constraints_ms":713.668083000,"claim_prep_ms":0.027291000,"reduction_ms":10.023167000,"pcs_open_ms":3513.627292000,"finalize_ms":0.006250000,"internal_total_ms":12364.043292000,"internal_residual_ms":0.022878000}
RESULT {"action":"prove","cycles":7591107,"counts":[6025928, 1565046, 132, 0, 1, 0],"cells":7585562,"mem_used":7585562,"log_mem":23,"committed":182455228,"proof_bytes":831168,"assembly_ms":523.043,"prove_including_execute_ms":12584.303,"verify_ms":392.008,"negative_checks_ms":92.909,"wrong_public_rejected":true,"mutated_proof_rejected":true}
ok

test result: ok. 1 passed; 0 failed; 0 ignored; 0 measured; 4 filtered out; finished in 13.60s

       14.15 real        34.86 user        23.58 sys
         26370490368  maximum resident set size
                   0  average shared memory size
                   0  average unshared data size
                   0  average unshared stack size
             4705074  page reclaims
                   0  page faults
                   0  swaps
                   0  block input operations
                   0  block output operations
                   0  messages sent
                   0  messages received
                   0  signals received
                  12  voluntary context switches
              486616  involuntary context switches
        585871378895  instructions retired
        232846926320  cycles elapsed
         36530759984  peak memory footprint
