
running 1 test
test real_state_bench::real_state_benchmark ... PHASES {"profile_schema":1,"scope":"cpu_prove_before_logging_and_local_drops","execute_ms":818.935958000,"build_ms":811.848000000,"transcript_setup_ms":0.004750000,"commit_ms":1793.965583000,"bus_ms":6020.248792000,"constraints_ms":641.789750000,"claim_prep_ms":0.052042000,"reduction_ms":10.112375000,"pcs_open_ms":4632.004292000,"finalize_ms":0.010709000,"internal_total_ms":14728.997041000,"internal_residual_ms":0.024790000}
RESULT {"action":"prove","cycles":8462089,"counts":[6722637, 1739319, 132, 0, 1, 0],"cells":8456073,"mem_used":8456073,"log_mem":24,"committed":207621052,"proof_bytes":835712,"assembly_ms":1028.585,"prove_including_execute_ms":14968.225,"verify_ms":644.514,"negative_checks_ms":219.778,"wrong_public_rejected":true,"mutated_proof_rejected":true}
ok

test result: ok. 1 passed; 0 failed; 0 ignored; 0 measured; 4 filtered out; finished in 16.86s

       17.38 real        34.60 user        30.92 sys
         27700494336  maximum resident set size
                   0  average shared memory size
                   0  average unshared data size
                   0  average unshared stack size
             5610032  page reclaims
                   0  page faults
                   0  swaps
                   0  block input operations
                   0  block output operations
                   0  messages sent
                   0  messages received
                   0  signals received
                   7  voluntary context switches
              582012  involuntary context switches
        631525184439  instructions retired
        274745945269  cycles elapsed
         39845704504  peak memory footprint
