
running 1 test
test real_state_bench::real_state_benchmark ... PHASES {"profile_schema":1,"scope":"cpu_prove_before_logging_and_local_drops","execute_ms":818.939917000,"build_ms":785.849583000,"transcript_setup_ms":0.004083000,"commit_ms":1803.652875000,"bus_ms":6236.516292000,"constraints_ms":527.688458000,"claim_prep_ms":0.060792000,"reduction_ms":8.503375000,"pcs_open_ms":4337.244583000,"finalize_ms":0.023458000,"internal_total_ms":14518.509000000,"internal_residual_ms":0.025584000}
RESULT {"action":"prove","cycles":8462089,"counts":[6722637, 1739319, 132, 0, 1, 0],"cells":8456073,"mem_used":8456073,"log_mem":24,"committed":207621052,"proof_bytes":835712,"assembly_ms":1028.365,"prove_including_execute_ms":14755.843,"verify_ms":653.355,"negative_checks_ms":179.532,"wrong_public_rejected":true,"mutated_proof_rejected":true}
ok

test result: ok. 1 passed; 0 failed; 0 ignored; 0 measured; 4 filtered out; finished in 16.62s

       17.10 real        34.47 user        29.93 sys
         27941208064  maximum resident set size
                   0  average shared memory size
                   0  average unshared data size
                   0  average unshared stack size
             5614917  page reclaims
                   0  page faults
                   0  swaps
                   0  block input operations
                   0  block output operations
                   0  messages sent
                   0  messages received
                   0  signals received
                   3  voluntary context switches
              546214  involuntary context switches
        630136859943  instructions retired
        270267180691  cycles elapsed
         39899657088  peak memory footprint
