
running 1 test
test real_state_bench::real_state_benchmark ... PHASES {"profile_schema":1,"scope":"cpu_prove_before_logging_and_local_drops","execute_ms":444.941458000,"build_ms":656.612292000,"transcript_setup_ms":0.004458000,"commit_ms":1804.394666000,"bus_ms":4945.660875000,"constraints_ms":1018.937584000,"claim_prep_ms":0.052417000,"reduction_ms":11.355375000,"pcs_open_ms":4198.424708000,"finalize_ms":0.007750000,"internal_total_ms":13080.414833000,"internal_residual_ms":0.023250000}
RESULT {"action":"prove","cycles":7591107,"counts":[6025928, 1565046, 132, 0, 1, 0],"cells":7585562,"mem_used":7585562,"log_mem":23,"committed":182455228,"proof_bytes":831168,"assembly_ms":524.502,"prove_including_execute_ms":13302.916,"verify_ms":409.658,"negative_checks_ms":100.835,"wrong_public_rejected":true,"mutated_proof_rejected":true}
ok

test result: ok. 1 passed; 0 failed; 0 ignored; 0 measured; 4 filtered out; finished in 14.34s

       14.90 real        32.32 user        27.49 sys
         27608268800  maximum resident set size
                   0  average shared memory size
                   0  average unshared data size
                   0  average unshared stack size
             5020879  page reclaims
                   0  page faults
                   0  swaps
                   0  block input operations
                   0  block output operations
                   0  messages sent
                   0  messages received
                   0  signals received
                   3  voluntary context switches
              494539  involuntary context switches
        590550682419  instructions retired
        250988096075  cycles elapsed
         39554282152  peak memory footprint
