
running 1 test
test real_state_bench::real_state_benchmark ... PHASES {"profile_schema":1,"scope":"cpu_prove_before_logging_and_local_drops","execute_ms":444.518417000,"build_ms":649.725583000,"transcript_setup_ms":0.004750000,"commit_ms":1817.172750000,"bus_ms":4898.027625000,"constraints_ms":987.092041000,"claim_prep_ms":0.042042000,"reduction_ms":11.212167000,"pcs_open_ms":4121.119000000,"finalize_ms":0.012833000,"internal_total_ms":12928.949583000,"internal_residual_ms":0.022375000}
RESULT {"action":"prove","cycles":7498510,"counts":[5954835, 1543542, 132, 0, 1, 0],"cells":7492965,"mem_used":7492965,"log_mem":23,"committed":182455228,"proof_bytes":834752,"assembly_ms":523.068,"prove_including_execute_ms":13151.637,"verify_ms":383.196,"negative_checks_ms":98.854,"wrong_public_rejected":true,"mutated_proof_rejected":true}
ok

test result: ok. 1 passed; 0 failed; 0 ignored; 0 measured; 4 filtered out; finished in 14.16s

       14.73 real        32.58 user        27.35 sys
         27291222016  maximum resident set size
                   0  average shared memory size
                   0  average unshared data size
                   0  average unshared stack size
             4998493  page reclaims
                   0  page faults
                   0  swaps
                   0  block input operations
                   0  block output operations
                   0  messages sent
                   0  messages received
                   0  signals received
                   3  voluntary context switches
              512710  involuntary context switches
        589802534354  instructions retired
        250062761709  cycles elapsed
         39389508000  peak memory footprint
