
running 1 test
test real_state_bench::real_state_benchmark ... PHASES {"profile_schema":1,"scope":"cpu_prove_before_logging_and_local_drops","execute_ms":821.197792000,"build_ms":860.336291000,"transcript_setup_ms":0.004542000,"commit_ms":1819.272875000,"bus_ms":5922.138750000,"constraints_ms":600.966583000,"claim_prep_ms":0.045417000,"reduction_ms":14.060708000,"pcs_open_ms":3963.006333000,"finalize_ms":0.023458000,"internal_total_ms":14001.078167000,"internal_residual_ms":0.025418000}
RESULT {"action":"prove","cycles":8575525,"counts":[6663941, 1911451, 132, 0, 1, 0],"cells":8569724,"mem_used":8569724,"log_mem":24,"committed":207621052,"proof_bytes":834016,"assembly_ms":1024.293,"prove_including_execute_ms":14230.501,"verify_ms":684.450,"negative_checks_ms":180.886,"wrong_public_rejected":true,"mutated_proof_rejected":true}
ok

test result: ok. 1 passed; 0 failed; 0 ignored; 0 measured; 4 filtered out; finished in 16.12s

       16.62 real        34.67 user        29.83 sys
         27573895168  maximum resident set size
                   0  average shared memory size
                   0  average unshared data size
                   0  average unshared stack size
             5533997  page reclaims
                   0  page faults
                   0  swaps
                   0  block input operations
                   0  block output operations
                   0  messages sent
                   0  messages received
                   0  signals received
                   3  voluntary context switches
              522914  involuntary context switches
        629625147380  instructions retired
        270475304663  cycles elapsed
         37895974392  peak memory footprint
