
running 1 test
test real_state_bench::real_state_benchmark ... PHASES {"profile_schema":1,"scope":"cpu_prove_before_logging_and_local_drops","execute_ms":816.816208000,"build_ms":788.301375000,"transcript_setup_ms":0.004542000,"commit_ms":1799.371250000,"bus_ms":11221.427459000,"constraints_ms":745.560542000,"claim_prep_ms":0.035292000,"reduction_ms":12.885958000,"pcs_open_ms":3341.139250000,"finalize_ms":0.038958000,"internal_total_ms":18725.606083000,"internal_residual_ms":0.025249000}
RESULT {"action":"prove","cycles":8482697,"counts":[6592617, 1889947, 132, 0, 1, 0],"cells":8476896,"mem_used":8476896,"log_mem":24,"committed":207621052,"proof_bytes":836384,"assembly_ms":1020.060,"prove_including_execute_ms":18923.993,"verify_ms":520.081,"negative_checks_ms":176.220,"wrong_public_rejected":true,"mutated_proof_rejected":true}
ok

test result: ok. 1 passed; 0 failed; 0 ignored; 0 measured; 4 filtered out; finished in 20.65s

       20.81 real        34.57 user        25.05 sys
         27614019584  maximum resident set size
                   0  average shared memory size
                   0  average unshared data size
                   0  average unshared stack size
             5364524  page reclaims
                   0  page faults
                   0  swaps
                   0  block input operations
                   0  block output operations
                   0  messages sent
                   0  messages received
                   0  signals received
                 430  voluntary context switches
              677749  involuntary context switches
        628997907505  instructions retired
        251353634683  cycles elapsed
         36442319248  peak memory footprint
