
running 1 test
test real_state_bench::real_state_benchmark ... PHASES {"profile_schema":1,"scope":"cpu_prove_before_logging_and_local_drops","execute_ms":822.112208000,"build_ms":742.545625000,"transcript_setup_ms":0.004208000,"commit_ms":1792.993500000,"bus_ms":3973.904250000,"constraints_ms":445.640166000,"claim_prep_ms":0.020375000,"reduction_ms":2.443291000,"pcs_open_ms":2008.698167000,"finalize_ms":0.012417000,"internal_total_ms":9788.398291000,"internal_residual_ms":0.024084000}
RESULT {"action":"prove","cycles":8575525,"counts":[6663941, 1911451, 132, 0, 1, 0],"cells":8569724,"mem_used":8569724,"log_mem":24,"committed":207621052,"proof_bytes":834016,"assembly_ms":1024.469,"prove_including_execute_ms":9905.442,"verify_ms":583.015,"negative_checks_ms":577.670,"wrong_public_rejected":true,"mutated_proof_rejected":true}
ok

test result: ok. 1 passed; 0 failed; 0 ignored; 0 measured; 4 filtered out; finished in 12.10s

       12.19 real        34.56 user        25.18 sys
         36489510912  maximum resident set size
                   0  average shared memory size
                   0  average unshared data size
                   0  average unshared stack size
             6309689  page reclaims
                   0  page faults
                   0  swaps
                   0  block input operations
                   0  block output operations
                   0  messages sent
                   0  messages received
                   0  signals received
                   4  voluntary context switches
              393474  involuntary context switches
        634538208026  instructions retired
        253389615344  cycles elapsed
         36467272080  peak memory footprint
