
running 1 test
test real_state_bench::real_state_benchmark ... PHASES {"profile_schema":1,"scope":"cpu_prove_before_logging_and_local_drops","execute_ms":806.760042000,"build_ms":774.771250000,"transcript_setup_ms":0.005375000,"commit_ms":1905.898417000,"bus_ms":3776.504583000,"constraints_ms":425.629833000,"claim_prep_ms":0.020375000,"reduction_ms":2.222209000,"pcs_open_ms":1851.474875000,"finalize_ms":0.004458000,"internal_total_ms":9543.315125000,"internal_residual_ms":0.023708000}
RESULT {"action":"prove","cycles":8482697,"counts":[6592617, 1889947, 132, 0, 1, 0],"cells":8476896,"mem_used":8476896,"log_mem":24,"committed":207621052,"proof_bytes":836384,"assembly_ms":1033.947,"prove_including_execute_ms":9597.234,"verify_ms":310.150,"negative_checks_ms":178.879,"wrong_public_rejected":true,"mutated_proof_rejected":true}
ok

test result: ok. 1 passed; 0 failed; 0 ignored; 0 measured; 4 filtered out; finished in 11.12s

       11.30 real        35.53 user        23.12 sys
         35357179904  maximum resident set size
                   0  average shared memory size
                   0  average unshared data size
                   0  average unshared stack size
             6073868  page reclaims
                   0  page faults
                   0  swaps
                   0  block input operations
                   0  block output operations
                   0  messages sent
                   0  messages received
                   0  signals received
                   3  voluntary context switches
              235890  involuntary context switches
        632672218970  instructions retired
        243352322387  cycles elapsed
         35313772272  peak memory footprint
