
running 1 test
test real_state_bench::real_state_benchmark ... PHASES {"profile_schema":1,"scope":"cpu_prove_before_logging_and_local_drops","execute_ms":809.061250000,"build_ms":739.180000000,"transcript_setup_ms":0.004500000,"commit_ms":2139.126958000,"bus_ms":2895.929833000,"constraints_ms":382.231250000,"claim_prep_ms":0.022416000,"reduction_ms":2.320750000,"pcs_open_ms":1879.445666000,"finalize_ms":0.007417000,"internal_total_ms":8847.356917000,"internal_residual_ms":0.026877000}
RESULT {"action":"prove","cycles":8462089,"counts":[6722637, 1739319, 132, 0, 1, 0],"cells":8456073,"mem_used":8456073,"log_mem":24,"committed":207621052,"proof_bytes":835712,"assembly_ms":1034.564,"prove_including_execute_ms":8889.590,"verify_ms":329.884,"negative_checks_ms":185.216,"wrong_public_rejected":true,"mutated_proof_rejected":true}
ok

test result: ok. 1 passed; 0 failed; 0 ignored; 0 measured; 4 filtered out; finished in 10.44s

       10.62 real        39.06 user        19.21 sys
         36901322752  maximum resident set size
                   0  average shared memory size
                   0  average unshared data size
                   0  average unshared stack size
             4556050  page reclaims
                   0  page faults
                   0  swaps
                   0  block input operations
                   0  block output operations
                   0  messages sent
                   0  messages received
                   0  signals received
                   6  voluntary context switches
              240366  involuntary context switches
        615190580019  instructions retired
        219796733077  cycles elapsed
         36861749960  peak memory footprint
