
running 1 test
test real_state_bench::real_state_benchmark ... PHASES {"profile_schema":1,"scope":"cpu_prove_before_logging_and_local_drops","execute_ms":453.726208000,"build_ms":664.401750000,"transcript_setup_ms":0.004250000,"commit_ms":2339.789542000,"bus_ms":3037.570916000,"constraints_ms":398.730208000,"claim_prep_ms":0.028208000,"reduction_ms":2.705750000,"pcs_open_ms":2457.631584000,"finalize_ms":0.037334000,"internal_total_ms":9354.646250000,"internal_residual_ms":0.020500000}
RESULT {"action":"prove","cycles":7498510,"counts":[5954835, 1543542, 132, 0, 1, 0],"cells":7492965,"mem_used":7492965,"log_mem":23,"committed":182455228,"proof_bytes":834752,"assembly_ms":525.346,"prove_including_execute_ms":9417.749,"verify_ms":172.311,"negative_checks_ms":104.630,"wrong_public_rejected":true,"mutated_proof_rejected":true}
ok

test result: ok. 1 passed; 0 failed; 0 ignored; 0 measured; 4 filtered out; finished in 10.22s

       10.41 real        38.62 user        19.85 sys
         38711345152  maximum resident set size
                   0  average shared memory size
                   0  average unshared data size
                   0  average unshared stack size
             4256223  page reclaims
                   0  page faults
                   0  swaps
                   0  block input operations
                   0  block output operations
                   0  messages sent
                   0  messages received
                   0  signals received
                   7  voluntary context switches
              444345  involuntary context switches
        584008798806  instructions retired
        211064587842  cycles elapsed
         40573842592  peak memory footprint
