
running 1 test
test real_state_bench::real_state_benchmark ... PHASES {"profile_schema":1,"scope":"cpu_prove_before_logging_and_local_drops","execute_ms":856.276792000,"build_ms":798.396750000,"transcript_setup_ms":0.004375000,"commit_ms":2129.276166000,"bus_ms":2569.101667000,"constraints_ms":480.468375000,"claim_prep_ms":0.019958000,"reduction_ms":2.217833000,"pcs_open_ms":1343.929125000,"finalize_ms":0.011958000,"internal_total_ms":8179.729459000,"internal_residual_ms":0.026460000}
RESULT {"action":"prove","cycles":8560191,"counts":[6797891, 1762167, 132, 0, 1, 0],"cells":8554175,"mem_used":8554175,"log_mem":24,"committed":207621052,"proof_bytes":834080,"assembly_ms":1053.252,"prove_including_execute_ms":8310.086,"verify_ms":321.982,"negative_checks_ms":186.696,"wrong_public_rejected":true,"mutated_proof_rejected":true}
ok

test result: ok. 1 passed; 0 failed; 0 ignored; 0 measured; 4 filtered out; finished in 9.88s

       10.06 real        39.17 user        13.67 sys
         41095905280  maximum resident set size
                   0  average shared memory size
                   0  average unshared data size
                   0  average unshared stack size
             3500744  page reclaims
                   0  page faults
                   0  swaps
                   0  block input operations
                   0  block output operations
                   0  messages sent
                   0  messages received
                   0  signals received
                   5  voluntary context switches
              207352  involuntary context switches
        606053351757  instructions retired
        196290786028  cycles elapsed
         41081206232  peak memory footprint
