
running 1 test
test real_state_bench::real_state_benchmark ... PHASES {"profile_schema":1,"scope":"cpu_prove_before_logging_and_local_drops","execute_ms":460.890083000,"build_ms":657.723334000,"transcript_setup_ms":0.004375000,"commit_ms":2537.556500000,"bus_ms":2590.448709000,"constraints_ms":462.430917000,"claim_prep_ms":0.022834000,"reduction_ms":2.130625000,"pcs_open_ms":1354.865666000,"finalize_ms":0.005625000,"internal_total_ms":8066.101750000,"internal_residual_ms":0.023082000}
RESULT {"action":"prove","cycles":7498510,"counts":[5954835, 1543542, 132, 0, 1, 0],"cells":7492965,"mem_used":7492965,"log_mem":23,"committed":182455228,"proof_bytes":834752,"assembly_ms":531.125,"prove_including_execute_ms":8252.319,"verify_ms":170.990,"negative_checks_ms":128.535,"wrong_public_rejected":true,"mutated_proof_rejected":true}
ok

test result: ok. 1 passed; 0 failed; 0 ignored; 0 measured; 4 filtered out; finished in 9.09s

        9.22 real        41.22 user        14.04 sys
         39208075264  maximum resident set size
                   0  average shared memory size
                   0  average unshared data size
                   0  average unshared stack size
             3264536  page reclaims
                   0  page faults
                   0  swaps
                   0  block input operations
                   0  block output operations
                   0  messages sent
                   0  messages received
                   0  signals received
                   3  voluntary context switches
              215706  involuntary context switches
        569068413817  instructions retired
        184802566683  cycles elapsed
         39195914512  peak memory footprint
