
running 1 test
test real_state_bench::real_state_benchmark ... PHASES {"profile_schema":1,"scope":"cpu_prove_before_logging_and_local_drops","execute_ms":814.371250000,"build_ms":794.759625000,"transcript_setup_ms":0.004541000,"commit_ms":2245.299583000,"bus_ms":2595.190333000,"constraints_ms":451.508333000,"claim_prep_ms":0.023959000,"reduction_ms":2.229334000,"pcs_open_ms":1589.099333000,"finalize_ms":0.007250000,"internal_total_ms":8492.525708000,"internal_residual_ms":0.032167000}
RESULT {"action":"prove","cycles":8482697,"counts":[6592617, 1889947, 132, 0, 1, 0],"cells":8476896,"mem_used":8476896,"log_mem":24,"committed":207621052,"proof_bytes":836384,"assembly_ms":1023.172,"prove_including_execute_ms":8709.944,"verify_ms":374.467,"negative_checks_ms":179.857,"wrong_public_rejected":true,"mutated_proof_rejected":true}
ok

test result: ok. 1 passed; 0 failed; 0 ignored; 0 measured; 4 filtered out; finished in 10.29s

       10.48 real        39.86 user        14.17 sys
         41827024896  maximum resident set size
                   0  average shared memory size
                   0  average unshared data size
                   0  average unshared stack size
             3631323  page reclaims
                   0  page faults
                   0  swaps
                   0  block input operations
                   0  block output operations
                   0  messages sent
                   0  messages received
                   0  signals received
                   5  voluntary context switches
              237862  involuntary context switches
        606116582806  instructions retired
        197312948056  cycles elapsed
         43151015016  peak memory footprint
