
running 1 test
test real_state_bench::real_state_benchmark ... PHASES {"profile_schema":1,"scope":"cpu_prove_before_logging_and_local_drops","execute_ms":848.265375000,"build_ms":786.328917000,"transcript_setup_ms":0.005125000,"commit_ms":2138.447417000,"bus_ms":2550.148000000,"constraints_ms":508.242500000,"claim_prep_ms":0.020750000,"reduction_ms":2.364167000,"pcs_open_ms":1457.549583000,"finalize_ms":0.010375000,"internal_total_ms":8291.411250000,"internal_residual_ms":0.029041000}
RESULT {"action":"prove","cycles":8560191,"counts":[6797891, 1762167, 132, 0, 1, 0],"cells":8554175,"mem_used":8554175,"log_mem":24,"committed":207621052,"proof_bytes":834080,"assembly_ms":1052.897,"prove_including_execute_ms":8435.489,"verify_ms":324.745,"negative_checks_ms":186.134,"wrong_public_rejected":true,"mutated_proof_rejected":true}
ok

test result: ok. 1 passed; 0 failed; 0 ignored; 0 measured; 4 filtered out; finished in 10.00s

       10.18 real        39.05 user        13.73 sys
         41307078656  maximum resident set size
                   0  average shared memory size
                   0  average unshared data size
                   0  average unshared stack size
             3528995  page reclaims
                   0  page faults
                   0  swaps
                   0  block input operations
                   0  block output operations
                   0  messages sent
                   0  messages received
                   0  signals received
                   3  voluntary context switches
              220367  involuntary context switches
        606697828025  instructions retired
        197210044189  cycles elapsed
         41314563712  peak memory footprint
