
running 1 test
test real_state_bench::real_state_benchmark ... PHASES {"profile_schema":1,"scope":"cpu_prove_before_logging_and_local_drops","execute_ms":885.100167000,"build_ms":791.247750000,"transcript_setup_ms":0.004875000,"commit_ms":2120.941125000,"bus_ms":2528.673917000,"constraints_ms":469.117083000,"claim_prep_ms":0.019459000,"reduction_ms":2.217834000,"pcs_open_ms":1346.458292000,"finalize_ms":0.005625000,"internal_total_ms":8143.826458000,"internal_residual_ms":0.040331000}
RESULT {"action":"prove","cycles":8575525,"counts":[6663941, 1911451, 132, 0, 1, 0],"cells":8569724,"mem_used":8569724,"log_mem":24,"committed":207621052,"proof_bytes":834016,"assembly_ms":1059.748,"prove_including_execute_ms":8273.254,"verify_ms":321.676,"negative_checks_ms":179.839,"wrong_public_rejected":true,"mutated_proof_rejected":true}
ok

test result: ok. 1 passed; 0 failed; 0 ignored; 0 measured; 4 filtered out; finished in 9.84s

       10.01 real        38.79 user        13.60 sys
         41089777664  maximum resident set size
                   0  average shared memory size
                   0  average unshared data size
                   0  average unshared stack size
             3498336  page reclaims
                   0  page faults
                   0  swaps
                   0  block input operations
                   0  block output operations
                   0  messages sent
                   0  messages received
                   0  signals received
                   5  voluntary context switches
              208518  involuntary context switches
        606736526811  instructions retired
        196244612932  cycles elapsed
         41091102432  peak memory footprint
