
running 1 test
test real_state_bench::real_state_benchmark ... PHASES {"profile_schema":1,"scope":"cpu_prove_before_logging_and_local_drops","execute_ms":856.950375000,"build_ms":803.948416000,"transcript_setup_ms":0.004250000,"commit_ms":2123.083083000,"bus_ms":2504.041708000,"constraints_ms":453.414333000,"claim_prep_ms":0.022375000,"reduction_ms":2.164750000,"pcs_open_ms":1325.640292000,"finalize_ms":0.010458000,"internal_total_ms":8069.302667000,"internal_residual_ms":0.022627000}
RESULT {"action":"prove","cycles":8462089,"counts":[6722637, 1739319, 132, 0, 1, 0],"cells":8456073,"mem_used":8456073,"log_mem":24,"committed":207621052,"proof_bytes":835712,"assembly_ms":1040.908,"prove_including_execute_ms":8204.045,"verify_ms":323.755,"negative_checks_ms":182.612,"wrong_public_rejected":true,"mutated_proof_rejected":true}
ok

test result: ok. 1 passed; 0 failed; 0 ignored; 0 measured; 4 filtered out; finished in 9.75s

        9.93 real        38.68 user        13.37 sys
         41068511232  maximum resident set size
                   0  average shared memory size
                   0  average unshared data size
                   0  average unshared stack size
             3497987  page reclaims
                   0  page faults
                   0  swaps
                   0  block input operations
                   0  block output operations
                   0  messages sent
                   0  messages received
                   0  signals received
                   5  voluntary context switches
              202287  involuntary context switches
        605765298463  instructions retired
        195316467530  cycles elapsed
         41052337624  peak memory footprint
