
running 1 test
test real_state_bench::real_state_benchmark ... PHASES {"profile_schema":1,"scope":"cpu_prove_before_logging_and_local_drops","execute_ms":463.221125000,"build_ms":656.243292000,"transcript_setup_ms":0.004292000,"commit_ms":2330.005209000,"bus_ms":2426.823958000,"constraints_ms":492.990083000,"claim_prep_ms":0.025125000,"reduction_ms":2.133583000,"pcs_open_ms":1268.744083000,"finalize_ms":0.004292000,"internal_total_ms":7640.230375000,"internal_residual_ms":0.035333000}
RESULT {"action":"prove","cycles":7591107,"counts":[6025928, 1565046, 132, 0, 1, 0],"cells":7585562,"mem_used":7585562,"log_mem":23,"committed":182455228,"proof_bytes":831168,"assembly_ms":531.292,"prove_including_execute_ms":7782.466,"verify_ms":164.681,"negative_checks_ms":99.568,"wrong_public_rejected":true,"mutated_proof_rejected":true}
ok

test result: ok. 1 passed; 0 failed; 0 ignored; 0 measured; 4 filtered out; finished in 8.59s

        8.75 real        38.28 user        13.34 sys
         39553974272  maximum resident set size
                   0  average shared memory size
                   0  average unshared data size
                   0  average unshared stack size
             3294339  page reclaims
                   0  page faults
                   0  swaps
                   0  block input operations
                   0  block output operations
                   0  messages sent
                   0  messages received
                   0  signals received
                  12  voluntary context switches
              209445  involuntary context switches
        568516568559  instructions retired
        184329059983  cycles elapsed
         39539815032  peak memory footprint
