
running 1 test
test real_state_bench::real_state_benchmark ... PHASES {"profile_schema":1,"scope":"cpu_prove_before_logging_and_local_drops","execute_ms":468.132833000,"build_ms":662.154375000,"transcript_setup_ms":0.004125000,"commit_ms":2269.486917000,"bus_ms":2447.904000000,"constraints_ms":518.753834000,"claim_prep_ms":0.025167000,"reduction_ms":2.319875000,"pcs_open_ms":1290.180875000,"finalize_ms":0.004791000,"internal_total_ms":7658.989875000,"internal_residual_ms":0.023083000}
RESULT {"action":"prove","cycles":7591107,"counts":[6025928, 1565046, 132, 0, 1, 0],"cells":7585562,"mem_used":7585562,"log_mem":23,"committed":182455228,"proof_bytes":831168,"assembly_ms":531.888,"prove_including_execute_ms":7788.656,"verify_ms":167.229,"negative_checks_ms":100.136,"wrong_public_rejected":true,"mutated_proof_rejected":true}
ok

test result: ok. 1 passed; 0 failed; 0 ignored; 0 measured; 4 filtered out; finished in 8.59s

        8.75 real        38.17 user        13.48 sys
         39923597312  maximum resident set size
                   0  average shared memory size
                   0  average unshared data size
                   0  average unshared stack size
             3337426  page reclaims
                   0  page faults
                   0  swaps
                   0  block input operations
                   0  block output operations
                   0  messages sent
                   0  messages received
                   0  signals received
                   0  voluntary context switches
              207894  involuntary context switches
        569549532191  instructions retired
        184871406884  cycles elapsed
         39914451696  peak memory footprint
