
running 1 test
test real_state_bench::real_state_benchmark ... PHASES {"profile_schema":1,"scope":"cpu_prove_before_logging_and_local_drops","execute_ms":859.926541000,"build_ms":791.477500000,"transcript_setup_ms":0.004459000,"commit_ms":2092.285709000,"bus_ms":2496.520542000,"constraints_ms":476.430750000,"claim_prep_ms":0.024291000,"reduction_ms":2.201083000,"pcs_open_ms":1327.219291000,"finalize_ms":0.010167000,"internal_total_ms":8046.135708000,"internal_residual_ms":0.035375000}
RESULT {"action":"prove","cycles":8462089,"counts":[6722637, 1739319, 132, 0, 1, 0],"cells":8456073,"mem_used":8456073,"log_mem":24,"committed":207621052,"proof_bytes":835712,"assembly_ms":1042.674,"prove_including_execute_ms":8174.804,"verify_ms":321.597,"negative_checks_ms":179.033,"wrong_public_rejected":true,"mutated_proof_rejected":true}
ok

test result: ok. 1 passed; 0 failed; 0 ignored; 0 measured; 4 filtered out; finished in 9.72s

        9.89 real        38.37 user        13.45 sys
         41068609536  maximum resident set size
                   0  average shared memory size
                   0  average unshared data size
                   0  average unshared stack size
             3498262  page reclaims
                   0  page faults
                   0  swaps
                   0  block input operations
                   0  block output operations
                   0  messages sent
                   0  messages received
                   0  signals received
                   0  voluntary context switches
              194337  involuntary context switches
        605493407481  instructions retired
        195978352834  cycles elapsed
         41051338392  peak memory footprint
