
running 1 test
test real_state_bench::real_state_benchmark ... PHASES {"profile_schema":1,"scope":"cpu_prove_before_logging_and_local_drops","execute_ms":862.539916000,"build_ms":786.180125000,"transcript_setup_ms":0.004583000,"commit_ms":2118.876083000,"bus_ms":2506.183416000,"constraints_ms":480.202959000,"claim_prep_ms":0.018292000,"reduction_ms":2.111917000,"pcs_open_ms":1325.348333000,"finalize_ms":0.006666000,"internal_total_ms":8081.492750000,"internal_residual_ms":0.020460000}
RESULT {"action":"prove","cycles":8575525,"counts":[6663941, 1911451, 132, 0, 1, 0],"cells":8569724,"mem_used":8569724,"log_mem":24,"committed":207621052,"proof_bytes":834016,"assembly_ms":1047.702,"prove_including_execute_ms":8201.661,"verify_ms":330.259,"negative_checks_ms":185.669,"wrong_public_rejected":true,"mutated_proof_rejected":true}
ok

test result: ok. 1 passed; 0 failed; 0 ignored; 0 measured; 4 filtered out; finished in 9.77s

        9.94 real        38.70 user        13.44 sys
         41082863616  maximum resident set size
                   0  average shared memory size
                   0  average unshared data size
                   0  average unshared stack size
             3469919  page reclaims
                   0  page faults
                   0  swaps
                   0  block input operations
                   0  block output operations
                   0  messages sent
                   0  messages received
                   0  signals received
                   4  voluntary context switches
              208169  involuntary context switches
        604798117353  instructions retired
        195917463155  cycles elapsed
         41068246896  peak memory footprint
