
running 1 test
test real_state_bench::real_state_benchmark ... PHASES {"profile_schema":1,"scope":"cpu_prove_before_logging_and_local_drops","execute_ms":877.427667000,"build_ms":792.505208000,"transcript_setup_ms":0.004625000,"commit_ms":2084.053292000,"bus_ms":2474.922042000,"constraints_ms":480.091542000,"claim_prep_ms":0.020167000,"reduction_ms":2.209583000,"pcs_open_ms":1308.958958000,"finalize_ms":0.009417000,"internal_total_ms":8020.237667000,"internal_residual_ms":0.035166000}
RESULT {"action":"prove","cycles":8560191,"counts":[6797891, 1762167, 132, 0, 1, 0],"cells":8554175,"mem_used":8554175,"log_mem":24,"committed":207621052,"proof_bytes":834080,"assembly_ms":1048.701,"prove_including_execute_ms":8181.689,"verify_ms":316.227,"negative_checks_ms":178.053,"wrong_public_rejected":true,"mutated_proof_rejected":true}
ok

test result: ok. 1 passed; 0 failed; 0 ignored; 0 measured; 4 filtered out; finished in 9.73s

        9.90 real        38.35 user        13.43 sys
         41008234496  maximum resident set size
                   0  average shared memory size
                   0  average unshared data size
                   0  average unshared stack size
             3494584  page reclaims
                   0  page faults
                   0  swaps
                   0  block input operations
                   0  block output operations
                   0  messages sent
                   0  messages received
                   0  signals received
                   3  voluntary context switches
              201110  involuntary context switches
        605838301459  instructions retired
        196136332513  cycles elapsed
         40993486296  peak memory footprint
