
running 1 test
test real_state_bench::real_state_benchmark ... PHASES {"profile_schema":1,"scope":"cpu_prove_before_logging_and_local_drops","execute_ms":859.926416000,"build_ms":794.464250000,"transcript_setup_ms":0.004375000,"commit_ms":2056.503583000,"bus_ms":2491.285250000,"constraints_ms":471.733042000,"claim_prep_ms":0.018417000,"reduction_ms":2.412500000,"pcs_open_ms":1286.253500000,"finalize_ms":0.006458000,"internal_total_ms":7962.634167000,"internal_residual_ms":0.026376000}
RESULT {"action":"prove","cycles":8482697,"counts":[6592617, 1889947, 132, 0, 1, 0],"cells":8476896,"mem_used":8476896,"log_mem":24,"committed":207621052,"proof_bytes":836384,"assembly_ms":1059.333,"prove_including_execute_ms":8121.868,"verify_ms":314.102,"negative_checks_ms":177.145,"wrong_public_rejected":true,"mutated_proof_rejected":true}
ok

test result: ok. 1 passed; 0 failed; 0 ignored; 0 measured; 4 filtered out; finished in 9.68s

        9.85 real        38.02 user        13.18 sys
         41059074048  maximum resident set size
                   0  average shared memory size
                   0  average unshared data size
                   0  average unshared stack size
             3462237  page reclaims
                   0  page faults
                   0  swaps
                   0  block input operations
                   0  block output operations
                   0  messages sent
                   0  messages received
                   0  signals received
                   6  voluntary context switches
              201041  involuntary context switches
        604265895713  instructions retired
        194862727580  cycles elapsed
         41041557360  peak memory footprint
