
running 1 test
test real_state_bench::real_state_benchmark ... PHASES {"profile_schema":1,"scope":"cpu_prove_before_logging_and_local_drops","execute_ms":473.388250000,"build_ms":656.594917000,"transcript_setup_ms":0.004417000,"commit_ms":2251.627916000,"bus_ms":2428.563709000,"constraints_ms":470.368917000,"claim_prep_ms":0.018833000,"reduction_ms":2.332791000,"pcs_open_ms":1327.456458000,"finalize_ms":0.003666000,"internal_total_ms":7610.410000000,"internal_residual_ms":0.050126000}
RESULT {"action":"prove","cycles":7498510,"counts":[5954835, 1543542, 132, 0, 1, 0],"cells":7492965,"mem_used":7492965,"log_mem":23,"committed":182455228,"proof_bytes":834752,"assembly_ms":532.291,"prove_including_execute_ms":7720.870,"verify_ms":162.537,"negative_checks_ms":97.958,"wrong_public_rejected":true,"mutated_proof_rejected":true}
ok

test result: ok. 1 passed; 0 failed; 0 ignored; 0 measured; 4 filtered out; finished in 8.52s

        8.67 real        37.88 user        13.53 sys
         38554140672  maximum resident set size
                   0  average shared memory size
                   0  average unshared data size
                   0  average unshared stack size
             3251196  page reclaims
                   0  page faults
                   0  swaps
                   0  block input operations
                   0  block output operations
                   0  messages sent
                   0  messages received
                   0  signals received
                   3  voluntary context switches
              206245  involuntary context switches
        568842408760  instructions retired
        185809878518  cycles elapsed
         38541487968  peak memory footprint
