
running 1 test
test real_state_bench::real_state_benchmark ... PHASES {"profile_schema":1,"scope":"cpu_prove_before_logging_and_local_drops","execute_ms":842.643208000,"build_ms":786.023709000,"transcript_setup_ms":0.004417000,"commit_ms":2037.654416000,"bus_ms":2449.054916000,"constraints_ms":469.892666000,"claim_prep_ms":0.023208000,"reduction_ms":2.158000000,"pcs_open_ms":1333.126042000,"finalize_ms":0.005833000,"internal_total_ms":7920.611834000,"internal_residual_ms":0.025419000}
RESULT {"action":"prove","cycles":8462089,"counts":[6722637, 1739319, 132, 0, 1, 0],"cells":8456073,"mem_used":8456073,"log_mem":24,"committed":207621052,"proof_bytes":835712,"assembly_ms":1050.278,"prove_including_execute_ms":8032.037,"verify_ms":315.910,"negative_checks_ms":181.851,"wrong_public_rejected":true,"mutated_proof_rejected":true}
ok

test result: ok. 1 passed; 0 failed; 0 ignored; 0 measured; 4 filtered out; finished in 9.58s

        9.75 real        37.91 user        13.09 sys
         40968863744  maximum resident set size
                   0  average shared memory size
                   0  average unshared data size
                   0  average unshared stack size
             3469570  page reclaims
                   0  page faults
                   0  swaps
                   0  block input operations
                   0  block output operations
                   0  messages sent
                   0  messages received
                   0  signals received
                   3  voluntary context switches
              196302  involuntary context switches
        605386893434  instructions retired
        195409486278  cycles elapsed
         40957851264  peak memory footprint
