
running 1 test
test real_state_bench::real_state_benchmark ... PHASES {"profile_schema":1,"scope":"cpu_prove_before_logging_and_local_drops","execute_ms":854.307750000,"build_ms":791.247583000,"transcript_setup_ms":0.004292000,"commit_ms":2066.626792000,"bus_ms":2467.177084000,"constraints_ms":482.535667000,"claim_prep_ms":0.023625000,"reduction_ms":2.281875000,"pcs_open_ms":1448.436625000,"finalize_ms":0.004209000,"internal_total_ms":8112.668958000,"internal_residual_ms":0.023456000}
RESULT {"action":"prove","cycles":8560191,"counts":[6797891, 1762167, 132, 0, 1, 0],"cells":8554175,"mem_used":8554175,"log_mem":24,"committed":207621052,"proof_bytes":834080,"assembly_ms":1049.444,"prove_including_execute_ms":8245.162,"verify_ms":308.569,"negative_checks_ms":177.252,"wrong_public_rejected":true,"mutated_proof_rejected":true}
ok

test result: ok. 1 passed; 0 failed; 0 ignored; 0 measured; 4 filtered out; finished in 9.78s

        9.95 real        38.07 user        13.48 sys
         41189457920  maximum resident set size
                   0  average shared memory size
                   0  average unshared data size
                   0  average unshared stack size
             3538225  page reclaims
                   0  page faults
                   0  swaps
                   0  block input operations
                   0  block output operations
                   0  messages sent
                   0  messages received
                   0  signals received
                   3  voluntary context switches
              206815  involuntary context switches
        607313761663  instructions retired
        196872425999  cycles elapsed
         41310844640  peak memory footprint
