
running 1 test
test real_state_bench::real_state_benchmark ... PHASES {"profile_schema":1,"scope":"cpu_prove_before_logging_and_local_drops","execute_ms":463.611000000,"build_ms":661.725333000,"transcript_setup_ms":0.004375000,"commit_ms":2301.252208000,"bus_ms":2406.360958000,"constraints_ms":469.609292000,"claim_prep_ms":0.021209000,"reduction_ms":2.252500000,"pcs_open_ms":1333.719667000,"finalize_ms":0.004750000,"internal_total_ms":7638.587250000,"internal_residual_ms":0.025958000}
RESULT {"action":"prove","cycles":7591107,"counts":[6025928, 1565046, 132, 0, 1, 0],"cells":7585562,"mem_used":7585562,"log_mem":23,"committed":182455228,"proof_bytes":831168,"assembly_ms":532.732,"prove_including_execute_ms":7736.991,"verify_ms":160.807,"negative_checks_ms":94.746,"wrong_public_rejected":true,"mutated_proof_rejected":true}
ok

test result: ok. 1 passed; 0 failed; 0 ignored; 0 measured; 4 filtered out; finished in 8.53s

        8.68 real        37.84 user        13.47 sys
         38811385856  maximum resident set size
                   0  average shared memory size
                   0  average unshared data size
                   0  average unshared stack size
             3222586  page reclaims
                   0  page faults
                   0  swaps
                   0  block input operations
                   0  block output operations
                   0  messages sent
                   0  messages received
                   0  signals received
                   2  voluntary context switches
              215289  involuntary context switches
        568980394437  instructions retired
        185521364925  cycles elapsed
         38801141720  peak memory footprint
