
running 1 test
test real_state_bench::real_state_benchmark ... PHASES {"profile_schema":1,"scope":"cpu_prove_before_logging_and_local_drops","execute_ms":450.962834000,"build_ms":651.625708000,"transcript_setup_ms":0.004750000,"commit_ms":2238.632167000,"bus_ms":2355.297292000,"constraints_ms":473.900834000,"claim_prep_ms":0.026167000,"reduction_ms":2.277791000,"pcs_open_ms":1340.655042000,"finalize_ms":0.007709000,"internal_total_ms":7513.410750000,"internal_residual_ms":0.020456000}
RESULT {"action":"prove","cycles":7498510,"counts":[5954835, 1543542, 132, 0, 1, 0],"cells":7492965,"mem_used":7492965,"log_mem":23,"committed":182455228,"proof_bytes":834752,"assembly_ms":522.004,"prove_including_execute_ms":7613.859,"verify_ms":163.325,"negative_checks_ms":99.824,"wrong_public_rejected":true,"mutated_proof_rejected":true}
ok

test result: ok. 1 passed; 0 failed; 0 ignored; 0 measured; 4 filtered out; finished in 8.40s

        8.55 real        37.26 user        13.21 sys
         38519373824  maximum resident set size
                   0  average shared memory size
                   0  average unshared data size
                   0  average unshared stack size
             3253220  page reclaims
                   0  page faults
                   0  swaps
                   0  block input operations
                   0  block output operations
                   0  messages sent
                   0  messages received
                   0  signals received
                   2  voluntary context switches
              205561  involuntary context switches
        568762747685  instructions retired
        185539494913  cycles elapsed
         38510407568  peak memory footprint
