
running 1 test
test real_state_bench::real_state_benchmark ... PHASES {"profile_schema":1,"scope":"cpu_prove_before_logging_and_local_drops","execute_ms":852.047958000,"build_ms":782.242417000,"transcript_setup_ms":0.004625000,"commit_ms":2049.274542000,"bus_ms":2390.883166000,"constraints_ms":480.402625000,"claim_prep_ms":0.022500000,"reduction_ms":2.216250000,"pcs_open_ms":1293.214708000,"finalize_ms":0.006125000,"internal_total_ms":7850.342667000,"internal_residual_ms":0.027751000}
RESULT {"action":"prove","cycles":8575525,"counts":[6663941, 1911451, 132, 0, 1, 0],"cells":8569724,"mem_used":8569724,"log_mem":24,"committed":207621052,"proof_bytes":834016,"assembly_ms":1025.729,"prove_including_execute_ms":8036.085,"verify_ms":311.965,"negative_checks_ms":177.465,"wrong_public_rejected":true,"mutated_proof_rejected":true}
ok

test result: ok. 1 passed; 0 failed; 0 ignored; 0 measured; 4 filtered out; finished in 9.56s

        9.73 real        37.61 user        13.18 sys
         40611266560  maximum resident set size
                   0  average shared memory size
                   0  average unshared data size
                   0  average unshared stack size
             3493085  page reclaims
                   0  page faults
                   0  swaps
                   0  block input operations
                   0  block output operations
                   0  messages sent
                   0  messages received
                   0  signals received
                   2  voluntary context switches
              207994  involuntary context switches
        605565022156  instructions retired
        195710471790  cycles elapsed
         40600385032  peak memory footprint
