
running 1 test
test real_state_bench::real_state_benchmark ... PHASES {"profile_schema":1,"scope":"cpu_prove_before_logging_and_local_drops","execute_ms":860.221750000,"build_ms":802.041042000,"transcript_setup_ms":0.004500000,"commit_ms":2050.242458000,"bus_ms":2447.891208000,"constraints_ms":463.807458000,"claim_prep_ms":0.020625000,"reduction_ms":2.350458000,"pcs_open_ms":1389.563416000,"finalize_ms":0.006125000,"internal_total_ms":8016.175167000,"internal_residual_ms":0.026127000}
RESULT {"action":"prove","cycles":8482697,"counts":[6592617, 1889947, 132, 0, 1, 0],"cells":8476896,"mem_used":8476896,"log_mem":24,"committed":207621052,"proof_bytes":836384,"assembly_ms":1046.819,"prove_including_execute_ms":8176.125,"verify_ms":316.150,"negative_checks_ms":176.210,"wrong_public_rejected":true,"mutated_proof_rejected":true}
ok

test result: ok. 1 passed; 0 failed; 0 ignored; 0 measured; 4 filtered out; finished in 9.72s

        9.89 real        37.82 user        13.55 sys
         41147482112  maximum resident set size
                   0  average shared memory size
                   0  average unshared data size
                   0  average unshared stack size
             3498163  page reclaims
                   0  page faults
                   0  swaps
                   0  block input operations
                   0  block output operations
                   0  messages sent
                   0  messages received
                   0  signals received
                   3  voluntary context switches
              203053  involuntary context switches
        605191542325  instructions retired
        196830571739  cycles elapsed
         41257564136  peak memory footprint
