
running 1 test
test real_state_bench::real_state_benchmark ... PHASES {"profile_schema":1,"scope":"cpu_prove_before_logging_and_local_drops","execute_ms":460.486958000,"build_ms":651.355917000,"transcript_setup_ms":0.004250000,"commit_ms":2224.103042000,"bus_ms":2390.462875000,"constraints_ms":472.274708000,"claim_prep_ms":0.021250000,"reduction_ms":2.193500000,"pcs_open_ms":1337.034417000,"finalize_ms":0.004875000,"internal_total_ms":7537.964042000,"internal_residual_ms":0.022250000}
RESULT {"action":"prove","cycles":7498510,"counts":[5954835, 1543542, 132, 0, 1, 0],"cells":7492965,"mem_used":7492965,"log_mem":23,"committed":182455228,"proof_bytes":834752,"assembly_ms":531.483,"prove_including_execute_ms":7646.574,"verify_ms":161.869,"negative_checks_ms":97.072,"wrong_public_rejected":true,"mutated_proof_rejected":true}
ok

test result: ok. 1 passed; 0 failed; 0 ignored; 0 measured; 4 filtered out; finished in 8.44s

        8.59 real        37.26 user        13.55 sys
         38520963072  maximum resident set size
                   0  average shared memory size
                   0  average unshared data size
                   0  average unshared stack size
             3253408  page reclaims
                   0  page faults
                   0  swaps
                   0  block input operations
                   0  block output operations
                   0  messages sent
                   0  messages received
                   0  signals received
                   2  voluntary context switches
              206878  involuntary context switches
        568637465334  instructions retired
        186430121132  cycles elapsed
         38510997296  peak memory footprint
