
running 1 test
test real_state_bench::real_state_benchmark ... PHASES {"profile_schema":1,"scope":"cpu_prove_before_logging_and_local_drops","execute_ms":851.987791000,"build_ms":796.597333000,"transcript_setup_ms":0.005000000,"commit_ms":2032.946875000,"bus_ms":2386.319791000,"constraints_ms":469.249917000,"claim_prep_ms":0.020709000,"reduction_ms":2.249209000,"pcs_open_ms":1332.053375000,"finalize_ms":0.006708000,"internal_total_ms":7871.463333000,"internal_residual_ms":0.026625000}
RESULT {"action":"prove","cycles":8482697,"counts":[6592617, 1889947, 132, 0, 1, 0],"cells":8476896,"mem_used":8476896,"log_mem":24,"committed":207621052,"proof_bytes":836384,"assembly_ms":1059.342,"prove_including_execute_ms":7966.560,"verify_ms":309.710,"negative_checks_ms":179.099,"wrong_public_rejected":true,"mutated_proof_rejected":true}
ok

test result: ok. 1 passed; 0 failed; 0 ignored; 0 measured; 4 filtered out; finished in 9.52s

        9.69 real        37.49 user        13.06 sys
         40978825216  maximum resident set size
                   0  average shared memory size
                   0  average unshared data size
                   0  average unshared stack size
             3464755  page reclaims
                   0  page faults
                   0  swaps
                   0  block input operations
                   0  block output operations
                   0  messages sent
                   0  messages received
                   0  signals received
                   3  voluntary context switches
              194826  involuntary context switches
        604544883305  instructions retired
        195492338444  cycles elapsed
         40964077160  peak memory footprint
