
running 1 test
test real_state_bench::real_state_benchmark ... PHASES {"profile_schema":1,"scope":"cpu_prove_before_logging_and_local_drops","execute_ms":855.850417000,"build_ms":793.220166000,"transcript_setup_ms":0.004666000,"commit_ms":2042.078708000,"bus_ms":2415.108958000,"constraints_ms":476.961792000,"claim_prep_ms":0.020500000,"reduction_ms":2.381834000,"pcs_open_ms":1426.533208000,"finalize_ms":0.005916000,"internal_total_ms":8012.203833000,"internal_residual_ms":0.037668000}
RESULT {"action":"prove","cycles":8575525,"counts":[6663941, 1911451, 132, 0, 1, 0],"cells":8569724,"mem_used":8569724,"log_mem":24,"committed":207621052,"proof_bytes":834016,"assembly_ms":1046.365,"prove_including_execute_ms":8139.921,"verify_ms":336.040,"negative_checks_ms":178.421,"wrong_public_rejected":true,"mutated_proof_rejected":true}
ok

test result: ok. 1 passed; 0 failed; 0 ignored; 0 measured; 4 filtered out; finished in 9.70s

        9.88 real        37.57 user        13.43 sys
         40775008256  maximum resident set size
                   0  average shared memory size
                   0  average unshared data size
                   0  average unshared stack size
             3512040  page reclaims
                   0  page faults
                   0  swaps
                   0  block input operations
                   0  block output operations
                   0  messages sent
                   0  messages received
                   0  signals received
                   3  voluntary context switches
              213613  involuntary context switches
        606484555943  instructions retired
        197462494453  cycles elapsed
         41000498840  peak memory footprint
