
running 1 test
test real_state_bench::real_state_benchmark ... PHASES {"profile_schema":1,"scope":"cpu_prove_before_logging_and_local_drops","execute_ms":845.485208000,"build_ms":793.116792000,"transcript_setup_ms":0.004708000,"commit_ms":2030.713708000,"bus_ms":2386.014125000,"constraints_ms":482.913333000,"claim_prep_ms":0.021833000,"reduction_ms":2.282500000,"pcs_open_ms":1324.769584000,"finalize_ms":0.004500000,"internal_total_ms":7865.351584000,"internal_residual_ms":0.025293000}
RESULT {"action":"prove","cycles":8462089,"counts":[6722637, 1739319, 132, 0, 1, 0],"cells":8456073,"mem_used":8456073,"log_mem":24,"committed":207621052,"proof_bytes":835712,"assembly_ms":1047.725,"prove_including_execute_ms":7981.049,"verify_ms":312.510,"negative_checks_ms":181.277,"wrong_public_rejected":true,"mutated_proof_rejected":true}
ok

test result: ok. 1 passed; 0 failed; 0 ignored; 0 measured; 4 filtered out; finished in 9.52s

        9.70 real        37.55 user        13.01 sys
         40943763456  maximum resident set size
                   0  average shared memory size
                   0  average unshared data size
                   0  average unshared stack size
             3492093  page reclaims
                   0  page faults
                   0  swaps
                   0  block input operations
                   0  block output operations
                   0  messages sent
                   0  messages received
                   0  signals received
                   3  voluntary context switches
              197325  involuntary context switches
        605069442989  instructions retired
        195687039867  cycles elapsed
         40932586968  peak memory footprint
