
running 1 test
test real_state_bench::real_state_benchmark ... PHASES {"profile_schema":1,"scope":"cpu_prove_before_logging_and_local_drops","execute_ms":841.649708000,"build_ms":801.663209000,"transcript_setup_ms":0.004916000,"commit_ms":1806.601666000,"bus_ms":2106.488583000,"constraints_ms":461.162416000,"claim_prep_ms":0.029917000,"reduction_ms":2.343084000,"pcs_open_ms":1285.366334000,"finalize_ms":0.004250000,"internal_total_ms":7305.340500000,"internal_residual_ms":0.026417000}
RESULT {"action":"prove","cycles":8482697,"counts":[6592617, 1889947, 132, 0, 1, 0],"cells":8476896,"mem_used":8476896,"log_mem":24,"committed":207621052,"proof_bytes":836384,"assembly_ms":1024.153,"prove_including_execute_ms":7466.259,"verify_ms":298.076,"negative_checks_ms":178.785,"wrong_public_rejected":true,"mutated_proof_rejected":true}
ok

test result: ok. 1 passed; 0 failed; 0 ignored; 0 measured; 4 filtered out; finished in 8.97s

        9.14 real        34.52 user        12.43 sys
         44005588992  maximum resident set size
                   0  average shared memory size
                   0  average unshared data size
                   0  average unshared stack size
             3534984  page reclaims
                   0  page faults
                   0  swaps
                   0  block input operations
                   0  block output operations
                   0  messages sent
                   0  messages received
                   0  signals received
                   1  voluntary context switches
              190065  involuntary context switches
        603329724825  instructions retired
        196890792183  cycles elapsed
         43994234560  peak memory footprint
