
running 1 test
test real_state_bench::real_state_benchmark ... PHASES {"profile_schema":1,"scope":"cpu_prove_before_logging_and_local_drops","execute_ms":849.133000000,"build_ms":797.800167000,"transcript_setup_ms":0.004459000,"commit_ms":1817.187667000,"bus_ms":2177.395000000,"constraints_ms":465.375667000,"claim_prep_ms":0.025625000,"reduction_ms":2.296625000,"pcs_open_ms":1535.505125000,"finalize_ms":0.008667000,"internal_total_ms":7644.756875000,"internal_residual_ms":0.024873000}
RESULT {"action":"prove","cycles":8560191,"counts":[6797891, 1762167, 132, 0, 1, 0],"cells":8554175,"mem_used":8554175,"log_mem":24,"committed":207621052,"proof_bytes":834080,"assembly_ms":1031.296,"prove_including_execute_ms":7821.582,"verify_ms":342.408,"negative_checks_ms":178.146,"wrong_public_rejected":true,"mutated_proof_rejected":true}
ok

test result: ok. 1 passed; 0 failed; 0 ignored; 0 measured; 4 filtered out; finished in 9.38s

        9.56 real        34.98 user        12.66 sys
         44506660864  maximum resident set size
                   0  average shared memory size
                   0  average unshared data size
                   0  average unshared stack size
             3561798  page reclaims
                   0  page faults
                   0  swaps
                   0  block input operations
                   0  block output operations
                   0  messages sent
                   0  messages received
                   0  signals received
                   3  voluntary context switches
              193784  involuntary context switches
        606421220473  instructions retired
        197711527931  cycles elapsed
         44825772264  peak memory footprint
