
running 1 test
test real_state_bench::real_state_benchmark ... PHASES {"profile_schema":1,"scope":"cpu_prove_before_logging_and_local_drops","execute_ms":462.823209000,"build_ms":651.250000000,"transcript_setup_ms":0.004625000,"commit_ms":1883.093500000,"bus_ms":2029.294416000,"constraints_ms":494.806375000,"claim_prep_ms":0.021084000,"reduction_ms":2.430375000,"pcs_open_ms":1199.202667000,"finalize_ms":0.004791000,"internal_total_ms":6722.954292000,"internal_residual_ms":0.023250000}
RESULT {"action":"prove","cycles":7498510,"counts":[5954835, 1543542, 132, 0, 1, 0],"cells":7492965,"mem_used":7492965,"log_mem":23,"committed":182455228,"proof_bytes":834752,"assembly_ms":538.794,"prove_including_execute_ms":6878.274,"verify_ms":157.796,"negative_checks_ms":94.703,"wrong_public_rejected":true,"mutated_proof_rejected":true}
ok

test result: ok. 1 passed; 0 failed; 0 ignored; 0 measured; 4 filtered out; finished in 7.67s

        7.82 real        33.06 user        11.65 sys
         41414180864  maximum resident set size
                   0  average shared memory size
                   0  average unshared data size
                   0  average unshared stack size
             3247797  page reclaims
                   0  page faults
                   0  swaps
                   0  block input operations
                   0  block output operations
                   0  messages sent
                   0  messages received
                   0  signals received
                   3  voluntary context switches
              161116  involuntary context switches
        567004695063  instructions retired
        183515191510  cycles elapsed
         41432446688  peak memory footprint
