
running 1 test
test real_state_bench::real_state_benchmark ... PHASES {"profile_schema":1,"scope":"cpu_prove_before_logging_and_local_drops","execute_ms":469.374333000,"build_ms":649.626375000,"transcript_setup_ms":0.004375000,"commit_ms":1897.983000000,"bus_ms":2047.309208000,"constraints_ms":502.108041000,"claim_prep_ms":0.023375000,"reduction_ms":2.356375000,"pcs_open_ms":1256.120041000,"finalize_ms":0.004583000,"internal_total_ms":6824.929750000,"internal_residual_ms":0.020044000}
RESULT {"action":"prove","cycles":7591107,"counts":[6025928, 1565046, 132, 0, 1, 0],"cells":7585562,"mem_used":7585562,"log_mem":23,"committed":182455228,"proof_bytes":831168,"assembly_ms":530.738,"prove_including_execute_ms":6982.161,"verify_ms":163.339,"negative_checks_ms":98.565,"wrong_public_rejected":true,"mutated_proof_rejected":true}
ok

test result: ok. 1 passed; 0 failed; 0 ignored; 0 measured; 4 filtered out; finished in 7.78s

        7.93 real        33.67 user        12.07 sys
         41437839360  maximum resident set size
                   0  average shared memory size
                   0  average unshared data size
                   0  average unshared stack size
             3249956  page reclaims
                   0  page faults
                   0  swaps
                   0  block input operations
                   0  block output operations
                   0  messages sent
                   0  messages received
                   0  signals received
                   2  voluntary context switches
              182021  involuntary context switches
        567944553596  instructions retired
        185301469327  cycles elapsed
         41456105184  peak memory footprint
