
running 1 test
test real_state_bench::real_state_benchmark ... PHASES {"profile_schema":1,"scope":"cpu_prove_before_logging_and_local_drops","execute_ms":468.450458000,"build_ms":647.583292000,"transcript_setup_ms":0.004416000,"commit_ms":1923.688459000,"bus_ms":2070.661334000,"constraints_ms":506.017583000,"claim_prep_ms":0.017250000,"reduction_ms":2.309958000,"pcs_open_ms":1275.123750000,"finalize_ms":0.004750000,"internal_total_ms":6893.895833000,"internal_residual_ms":0.034583000}
RESULT {"action":"prove","cycles":7498510,"counts":[5954835, 1543542, 132, 0, 1, 0],"cells":7492965,"mem_used":7492965,"log_mem":23,"committed":182455228,"proof_bytes":834752,"assembly_ms":533.177,"prove_including_execute_ms":7052.927,"verify_ms":166.235,"negative_checks_ms":100.993,"wrong_public_rejected":true,"mutated_proof_rejected":true}
ok

test result: ok. 1 passed; 0 failed; 0 ignored; 0 measured; 4 filtered out; finished in 7.86s

        8.01 real        34.27 user        12.13 sys
         41412657152  maximum resident set size
                   0  average shared memory size
                   0  average unshared data size
                   0  average unshared stack size
             3247901  page reclaims
                   0  page faults
                   0  swaps
                   0  block input operations
                   0  block output operations
                   0  messages sent
                   0  messages received
                   0  signals received
                   2  voluntary context switches
              181041  involuntary context switches
        567112661825  instructions retired
        185071545860  cycles elapsed
         41430955792  peak memory footprint
