
running 1 test
test real_state_bench::real_state_benchmark ... PHASES {"profile_schema":1,"scope":"cpu_prove_before_logging_and_local_drops","execute_ms":873.698542000,"build_ms":802.461541000,"transcript_setup_ms":0.004750000,"commit_ms":1951.839583000,"bus_ms":2222.127167000,"constraints_ms":500.869208000,"claim_prep_ms":0.022583000,"reduction_ms":2.341833000,"pcs_open_ms":1318.856417000,"finalize_ms":0.007083000,"internal_total_ms":7672.272209000,"internal_residual_ms":0.043502000}
RESULT {"action":"prove","cycles":8462089,"counts":[6722637, 1739319, 132, 0, 1, 0],"cells":8456073,"mem_used":8456073,"log_mem":24,"committed":207621052,"proof_bytes":835712,"assembly_ms":1061.479,"prove_including_execute_ms":7830.150,"verify_ms":322.709,"negative_checks_ms":188.851,"wrong_public_rejected":true,"mutated_proof_rejected":true}
ok

test result: ok. 1 passed; 0 failed; 0 ignored; 0 measured; 4 filtered out; finished in 9.41s

        9.59 real        36.19 user        12.62 sys
         44138315776  maximum resident set size
                   0  average shared memory size
                   0  average unshared data size
                   0  average unshared stack size
             3492355  page reclaims
                   0  page faults
                   0  swaps
                   0  block input operations
                   0  block output operations
                   0  messages sent
                   0  messages received
                   0  signals received
                   4  voluntary context switches
              196619  involuntary context switches
        604989967460  instructions retired
        196006999730  cycles elapsed
         44158041864  peak memory footprint
