
running 1 test
test real_state_bench::real_state_benchmark ... PHASES {"profile_schema":1,"scope":"cpu_prove_before_logging_and_local_drops","execute_ms":872.905167000,"build_ms":819.826167000,"transcript_setup_ms":0.004875000,"commit_ms":2193.537333000,"bus_ms":2446.228041000,"constraints_ms":482.314292000,"claim_prep_ms":0.021916000,"reduction_ms":2.262708000,"pcs_open_ms":1341.959791000,"finalize_ms":0.005792000,"internal_total_ms":8159.091750000,"internal_residual_ms":0.025668000}
RESULT {"action":"prove","cycles":8482697,"counts":[6592617, 1889947, 132, 0, 1, 0],"cells":8476896,"mem_used":8476896,"log_mem":24,"committed":207621052,"proof_bytes":836384,"assembly_ms":1046.316,"prove_including_execute_ms":8294.502,"verify_ms":316.293,"negative_checks_ms":181.710,"wrong_public_rejected":true,"mutated_proof_rejected":true}
ok

test result: ok. 1 passed; 0 failed; 0 ignored; 0 measured; 4 filtered out; finished in 9.84s

       10.01 real        38.96 user        13.58 sys
         40095793152  maximum resident set size
                   0  average shared memory size
                   0  average unshared data size
                   0  average unshared stack size
             3532982  page reclaims
                   0  page faults
                   0  swaps
                   0  block input operations
                   0  block output operations
                   0  messages sent
                   0  messages received
                   0  signals received
                   2  voluntary context switches
              216929  involuntary context switches
        606223317611  instructions retired
        196658641967  cycles elapsed
         40080569576  peak memory footprint
