
running 1 test
test real_state_bench::real_state_benchmark ... PHASES {"profile_schema":1,"scope":"cpu_prove_before_logging_and_local_drops","execute_ms":472.128541000,"build_ms":657.792584000,"transcript_setup_ms":0.004334000,"commit_ms":2123.861834000,"bus_ms":2309.296375000,"constraints_ms":496.869417000,"claim_prep_ms":0.020250000,"reduction_ms":2.231334000,"pcs_open_ms":1269.885625000,"finalize_ms":0.005458000,"internal_total_ms":7332.138125000,"internal_residual_ms":0.042373000}
RESULT {"action":"prove","cycles":7591107,"counts":[6025928, 1565046, 132, 0, 1, 0],"cells":7585562,"mem_used":7585562,"log_mem":23,"committed":182455228,"proof_bytes":831168,"assembly_ms":535.628,"prove_including_execute_ms":7505.869,"verify_ms":161.654,"negative_checks_ms":96.810,"wrong_public_rejected":true,"mutated_proof_rejected":true}
ok

test result: ok. 1 passed; 0 failed; 0 ignored; 0 measured; 4 filtered out; finished in 8.30s

        8.44 real        36.47 user        13.01 sys
         38443008000  maximum resident set size
                   0  average shared memory size
                   0  average unshared data size
                   0  average unshared stack size
             3250336  page reclaims
                   0  page faults
                   0  swaps
                   0  block input operations
                   0  block output operations
                   0  messages sent
                   0  messages received
                   0  signals received
                   2  voluntary context switches
              197765  involuntary context switches
        569396913171  instructions retired
        186020935633  cycles elapsed
         38429028048  peak memory footprint
