
running 1 test
test real_state_bench::real_state_benchmark ... PHASES {"profile_schema":1,"scope":"cpu_prove_before_logging_and_local_drops","execute_ms":863.271791000,"build_ms":785.105333000,"transcript_setup_ms":0.005083000,"commit_ms":2046.885750000,"bus_ms":2361.771333000,"constraints_ms":461.164583000,"claim_prep_ms":0.025083000,"reduction_ms":2.254083000,"pcs_open_ms":1323.566041000,"finalize_ms":0.005500000,"internal_total_ms":7844.080667000,"internal_residual_ms":0.026087000}
RESULT {"action":"prove","cycles":8575525,"counts":[6663941, 1911451, 132, 0, 1, 0],"cells":8569724,"mem_used":8569724,"log_mem":24,"committed":207621052,"proof_bytes":834016,"assembly_ms":1043.141,"prove_including_execute_ms":7953.993,"verify_ms":316.507,"negative_checks_ms":179.428,"wrong_public_rejected":true,"mutated_proof_rejected":true}
ok

test result: ok. 1 passed; 0 failed; 0 ignored; 0 measured; 4 filtered out; finished in 9.50s

        9.67 real        37.49 user        12.87 sys
         40991277056  maximum resident set size
                   0  average shared memory size
                   0  average unshared data size
                   0  average unshared stack size
             3492547  page reclaims
                   0  page faults
                   0  swaps
                   0  block input operations
                   0  block output operations
                   0  messages sent
                   0  messages received
                   0  signals received
                   3  voluntary context switches
              188568  involuntary context switches
        605403019777  instructions retired
        195129698559  cycles elapsed
         40976840320  peak memory footprint
