
running 1 test
test real_state_bench::real_state_benchmark ... PHASES {"profile_schema":1,"scope":"cpu_prove_before_logging_and_local_drops","execute_ms":836.855916000,"build_ms":778.776833000,"transcript_setup_ms":0.005416000,"commit_ms":2105.906333000,"bus_ms":2387.726875000,"constraints_ms":463.220875000,"claim_prep_ms":0.023792000,"reduction_ms":2.411500000,"pcs_open_ms":1315.338958000,"finalize_ms":0.012708000,"internal_total_ms":7890.300250000,"internal_residual_ms":0.021044000}
RESULT {"action":"prove","cycles":8482697,"counts":[6592617, 1889947, 132, 0, 1, 0],"cells":8476896,"mem_used":8476896,"log_mem":24,"committed":207621052,"proof_bytes":836384,"assembly_ms":1045.717,"prove_including_execute_ms":7998.776,"verify_ms":316.643,"negative_checks_ms":184.873,"wrong_public_rejected":true,"mutated_proof_rejected":true}
ok

test result: ok. 1 passed; 0 failed; 0 ignored; 0 measured; 4 filtered out; finished in 9.55s

        9.72 real        37.90 user        12.99 sys
         41176563712  maximum resident set size
                   0  average shared memory size
                   0  average unshared data size
                   0  average unshared stack size
             3470124  page reclaims
                   0  page faults
                   0  swaps
                   0  block input operations
                   0  block output operations
                   0  messages sent
                   0  messages received
                   0  signals received
                   0  voluntary context switches
              193151  involuntary context switches
        603961202908  instructions retired
        195066795499  cycles elapsed
         41160750960  peak memory footprint
