
running 1 test
test real_state_bench::real_state_benchmark ... PHASES {"profile_schema":1,"scope":"cpu_prove_before_logging_and_local_drops","execute_ms":889.609500000,"build_ms":785.373125000,"transcript_setup_ms":0.004833000,"commit_ms":2095.350875000,"bus_ms":2475.082375000,"constraints_ms":452.453125000,"claim_prep_ms":0.024541000,"reduction_ms":2.378875000,"pcs_open_ms":1278.883750000,"finalize_ms":0.007083000,"internal_total_ms":7979.200208000,"internal_residual_ms":0.032126000}
RESULT {"action":"prove","cycles":8575525,"counts":[6663941, 1911451, 132, 0, 1, 0],"cells":8569724,"mem_used":8569724,"log_mem":24,"committed":207621052,"proof_bytes":834016,"assembly_ms":1052.452,"prove_including_execute_ms":8090.719,"verify_ms":326.987,"negative_checks_ms":177.816,"wrong_public_rejected":true,"mutated_proof_rejected":true}
ok

test result: ok. 1 passed; 0 failed; 0 ignored; 0 measured; 4 filtered out; finished in 9.65s

        9.83 real        38.30 user        12.83 sys
         41123315712  maximum resident set size
                   0  average shared memory size
                   0  average unshared data size
                   0  average unshared stack size
             3488541  page reclaims
                   0  page faults
                   0  swaps
                   0  block input operations
                   0  block output operations
                   0  messages sent
                   0  messages received
                   0  signals received
                   0  voluntary context switches
              182582  involuntary context switches
        604919343187  instructions retired
        193857139792  cycles elapsed
         41112549160  peak memory footprint
