
running 1 test
test real_state_bench::real_state_benchmark ... PHASES {"profile_schema":1,"scope":"cpu_prove_before_logging_and_local_drops","execute_ms":464.134833000,"build_ms":680.834958000,"transcript_setup_ms":0.004417000,"commit_ms":2277.462125000,"bus_ms":2343.637625000,"constraints_ms":436.127291000,"claim_prep_ms":0.024708000,"reduction_ms":2.073208000,"pcs_open_ms":1272.450417000,"finalize_ms":0.005334000,"internal_total_ms":7476.775333000,"internal_residual_ms":0.020417000}
RESULT {"action":"prove","cycles":7591107,"counts":[6025928, 1565046, 132, 0, 1, 0],"cells":7585562,"mem_used":7585562,"log_mem":23,"committed":182455228,"proof_bytes":831168,"assembly_ms":527.971,"prove_including_execute_ms":7574.293,"verify_ms":166.516,"negative_checks_ms":99.645,"wrong_public_rejected":true,"mutated_proof_rejected":true}
ok

test result: ok. 1 passed; 0 failed; 0 ignored; 0 measured; 4 filtered out; finished in 8.37s

        8.52 real        37.33 user        12.94 sys
         38576439296  maximum resident set size
                   0  average shared memory size
                   0  average unshared data size
                   0  average unshared stack size
             3250267  page reclaims
                   0  page faults
                   0  swaps
                   0  block input operations
                   0  block output operations
                   0  messages sent
                   0  messages received
                   0  signals received
                   0  voluntary context switches
              203347  involuntary context switches
        567095297202  instructions retired
        184324226731  cycles elapsed
         38563393328  peak memory footprint
