
running 1 test
test real_state_bench::real_state_benchmark ... PHASES {"profile_schema":1,"scope":"cpu_prove_before_logging_and_local_drops","execute_ms":837.090916000,"build_ms":786.650125000,"transcript_setup_ms":0.004625000,"commit_ms":1849.103041000,"bus_ms":2309.042541000,"constraints_ms":492.661542000,"claim_prep_ms":0.027167000,"reduction_ms":2.317042000,"pcs_open_ms":1297.340291000,"finalize_ms":0.004000000,"internal_total_ms":7574.264334000,"internal_residual_ms":0.023044000}
RESULT {"action":"prove","cycles":8462089,"counts":[6722637, 1739319, 132, 0, 1, 0],"cells":8456073,"mem_used":8456073,"log_mem":24,"committed":207621052,"proof_bytes":835712,"assembly_ms":1047.360,"prove_including_execute_ms":7749.535,"verify_ms":308.537,"negative_checks_ms":173.346,"wrong_public_rejected":true,"mutated_proof_rejected":true}
ok

test result: ok. 1 passed; 0 failed; 0 ignored; 0 measured; 4 filtered out; finished in 9.28s

        9.42 real        35.38 user        12.31 sys
         41025388544  maximum resident set size
                   0  average shared memory size
                   0  average unshared data size
                   0  average unshared stack size
             3487629  page reclaims
                   0  page faults
                   0  swaps
                   0  block input operations
                   0  block output operations
                   0  messages sent
                   0  messages received
                   0  signals received
                   1  voluntary context switches
              212709  involuntary context switches
        605010904107  instructions retired
        194396451650  cycles elapsed
         41019438696  peak memory footprint
