
running 1 test
test real_state_bench::real_state_benchmark ... PHASES {"profile_schema":1,"scope":"cpu_prove_before_logging_and_local_drops","execute_ms":815.993042000,"build_ms":819.992792000,"transcript_setup_ms":0.003875000,"commit_ms":2012.555042000,"bus_ms":2185.708791000,"constraints_ms":430.788583000,"claim_prep_ms":0.016291000,"reduction_ms":2.307583000,"pcs_open_ms":1376.697917000,"finalize_ms":0.005875000,"internal_total_ms":7644.092000000,"internal_residual_ms":0.022209000}
RESULT {"action":"prove","cycles":8560191,"counts":[6797891, 1762167, 132, 0, 1, 0],"cells":8554175,"mem_used":8554175,"log_mem":24,"committed":207621052,"proof_bytes":834080,"assembly_ms":1026.039,"prove_including_execute_ms":7790.737,"verify_ms":378.836,"negative_checks_ms":165.469,"wrong_public_rejected":true,"mutated_proof_rejected":true}
ok

test result: ok. 1 passed; 0 failed; 0 ignored; 0 measured; 4 filtered out; finished in 9.36s

        9.54 real        35.96 user        12.28 sys
         43039571968  maximum resident set size
                   0  average shared memory size
                   0  average unshared data size
                   0  average unshared stack size
             3520687  page reclaims
                   0  page faults
                   0  swaps
                   0  block input operations
                   0  block output operations
                   0  messages sent
                   0  messages received
                   0  signals received
                   4  voluntary context switches
              224785  involuntary context switches
        605705723381  instructions retired
        194405827850  cycles elapsed
         44188778056  peak memory footprint
