
running 1 test
test real_state_bench::real_state_benchmark ... PHASES {"profile_schema":1,"scope":"cpu_prove_before_logging_and_local_drops","execute_ms":450.034542000,"build_ms":637.576500000,"transcript_setup_ms":0.004167000,"commit_ms":1825.876958000,"bus_ms":1977.386208000,"constraints_ms":432.343750000,"claim_prep_ms":0.023083000,"reduction_ms":2.207208000,"pcs_open_ms":1105.517916000,"finalize_ms":0.004167000,"internal_total_ms":6431.010208000,"internal_residual_ms":0.035709000}
RESULT {"action":"prove","cycles":7591107,"counts":[6025928, 1565046, 132, 0, 1, 0],"cells":7585562,"mem_used":7585562,"log_mem":23,"committed":182455228,"proof_bytes":831168,"assembly_ms":527.003,"prove_including_execute_ms":6564.783,"verify_ms":146.991,"negative_checks_ms":90.204,"wrong_public_rejected":true,"mutated_proof_rejected":true}
ok

test result: ok. 1 passed; 0 failed; 0 ignored; 0 measured; 4 filtered out; finished in 7.33s

        7.48 real        32.51 user        11.06 sys
         41439428608  maximum resident set size
                   0  average shared memory size
                   0  average unshared data size
                   0  average unshared stack size
             3250060  page reclaims
                   0  page faults
                   0  swaps
                   0  block input operations
                   0  block output operations
                   0  messages sent
                   0  messages received
                   0  signals received
                   2  voluntary context switches
              142241  involuntary context switches
        565532149957  instructions retired
        178884445331  cycles elapsed
         41457678024  peak memory footprint
