
running 1 test
test real_state_bench::real_state_benchmark ... PHASES {"profile_schema":1,"scope":"cpu_prove_before_logging_and_local_drops","execute_ms":441.523916000,"build_ms":639.635042000,"transcript_setup_ms":0.004834000,"commit_ms":1930.743000000,"bus_ms":1988.818792000,"constraints_ms":451.324500000,"claim_prep_ms":0.015625000,"reduction_ms":2.115333000,"pcs_open_ms":1160.006667000,"finalize_ms":0.004625000,"internal_total_ms":6614.212708000,"internal_residual_ms":0.020374000}
RESULT {"action":"prove","cycles":7498510,"counts":[5954835, 1543542, 132, 0, 1, 0],"cells":7492965,"mem_used":7492965,"log_mem":23,"committed":182455228,"proof_bytes":834752,"assembly_ms":536.722,"prove_including_execute_ms":6748.243,"verify_ms":147.837,"negative_checks_ms":95.120,"wrong_public_rejected":true,"mutated_proof_rejected":true}
ok

test result: ok. 1 passed; 0 failed; 0 ignored; 0 measured; 4 filtered out; finished in 7.53s

        7.67 real        33.42 user        11.49 sys
         41414492160  maximum resident set size
                   0  average shared memory size
                   0  average unshared data size
                   0  average unshared stack size
             3247991  page reclaims
                   0  page faults
                   0  swaps
                   0  block input operations
                   0  block output operations
                   0  messages sent
                   0  messages received
                   0  signals received
                   2  voluntary context switches
              164703  involuntary context switches
        566617399955  instructions retired
        180648512156  cycles elapsed
         41432790800  peak memory footprint
