
running 1 test
test real_state_bench::real_state_benchmark ... PHASES {"profile_schema":1,"scope":"cpu_prove_before_logging_and_local_drops","execute_ms":782.144833000,"build_ms":768.367125000,"transcript_setup_ms":0.004250000,"commit_ms":1785.175167000,"bus_ms":2066.434042000,"constraints_ms":430.886625000,"claim_prep_ms":0.022708000,"reduction_ms":2.154375000,"pcs_open_ms":1696.447791000,"finalize_ms":0.006375000,"internal_total_ms":7531.670334000,"internal_residual_ms":0.027043000}
RESULT {"action":"prove","cycles":8575525,"counts":[6663941, 1911451, 132, 0, 1, 0],"cells":8569724,"mem_used":8569724,"log_mem":24,"committed":207621052,"proof_bytes":834016,"assembly_ms":1034.074,"prove_including_execute_ms":7702.851,"verify_ms":410.923,"negative_checks_ms":168.132,"wrong_public_rejected":true,"mutated_proof_rejected":true}
ok

test result: ok. 1 passed; 0 failed; 0 ignored; 0 measured; 4 filtered out; finished in 9.32s

        9.54 real        33.84 user        12.70 sys
         42920460288  maximum resident set size
                   0  average shared memory size
                   0  average unshared data size
                   0  average unshared stack size
             3597103  page reclaims
                   0  page faults
                   0  swaps
                   0  block input operations
                   0  block output operations
                   0  messages sent
                   0  messages received
                   0  signals received
                   4  voluntary context switches
              194712  involuntary context switches
        607144669690  instructions retired
        194834587982  cycles elapsed
         44578193520  peak memory footprint
