
running 1 test
test real_state_bench::real_state_benchmark ... PHASES {"profile_schema":1,"scope":"cpu_prove_before_logging_and_local_drops","execute_ms":761.903208000,"build_ms":766.872750000,"transcript_setup_ms":0.004375000,"commit_ms":1760.542125000,"bus_ms":2044.999500000,"constraints_ms":461.917834000,"claim_prep_ms":0.022208000,"reduction_ms":2.111625000,"pcs_open_ms":1238.953750000,"finalize_ms":0.007167000,"internal_total_ms":7037.361083000,"internal_residual_ms":0.026541000}
RESULT {"action":"prove","cycles":8482697,"counts":[6592617, 1889947, 132, 0, 1, 0],"cells":8476896,"mem_used":8476896,"log_mem":24,"committed":207621052,"proof_bytes":836384,"assembly_ms":1040.985,"prove_including_execute_ms":7202.292,"verify_ms":303.105,"negative_checks_ms":180.801,"wrong_public_rejected":true,"mutated_proof_rejected":true}
ok

test result: ok. 1 passed; 0 failed; 0 ignored; 0 measured; 4 filtered out; finished in 8.73s

        8.92 real        33.68 user        12.05 sys
         43731566592  maximum resident set size
                   0  average shared memory size
                   0  average unshared data size
                   0  average unshared stack size
             3532714  page reclaims
                   0  page faults
                   0  swaps
                   0  block input operations
                   0  block output operations
                   0  messages sent
                   0  messages received
                   0  signals received
                   3  voluntary context switches
              189982  involuntary context switches
        603230108485  instructions retired
        193065735266  cycles elapsed
         43725258336  peak memory footprint
