
running 1 test
test real_state_bench::real_state_benchmark ... PHASES {"profile_schema":1,"scope":"cpu_prove_before_logging_and_local_drops","execute_ms":784.855042000,"build_ms":771.106250000,"transcript_setup_ms":0.004375000,"commit_ms":1785.339625000,"bus_ms":2058.673375000,"constraints_ms":449.619625000,"claim_prep_ms":0.017250000,"reduction_ms":2.196000000,"pcs_open_ms":1216.214334000,"finalize_ms":0.004417000,"internal_total_ms":7068.055375000,"internal_residual_ms":0.025082000}
RESULT {"action":"prove","cycles":8482697,"counts":[6592617, 1889947, 132, 0, 1, 0],"cells":8476896,"mem_used":8476896,"log_mem":24,"committed":207621052,"proof_bytes":836384,"assembly_ms":1047.297,"prove_including_execute_ms":7208.883,"verify_ms":293.774,"negative_checks_ms":175.545,"wrong_public_rejected":true,"mutated_proof_rejected":true}
ok

test result: ok. 1 passed; 0 failed; 0 ignored; 0 measured; 4 filtered out; finished in 8.73s

        8.87 real        34.08 user        11.49 sys
         43429298176  maximum resident set size
                   0  average shared memory size
                   0  average unshared data size
                   0  average unshared stack size
             3403742  page reclaims
                   0  page faults
                   0  swaps
                   0  block input operations
                   0  block output operations
                   0  messages sent
                   0  messages received
                   0  signals received
                   4  voluntary context switches
              168970  involuntary context switches
        602485430978  instructions retired
        190759480442  cycles elapsed
         43418156376  peak memory footprint
