
running 1 test
test real_state_bench::real_state_benchmark ... PHASES {"profile_schema":1,"scope":"cpu_prove_before_logging_and_local_drops","execute_ms":766.350333000,"build_ms":767.286042000,"transcript_setup_ms":0.005125000,"commit_ms":1759.018333000,"bus_ms":2058.570417000,"constraints_ms":456.640500000,"claim_prep_ms":0.022958000,"reduction_ms":2.163000000,"pcs_open_ms":1145.850792000,"finalize_ms":0.004208000,"internal_total_ms":6955.948958000,"internal_residual_ms":0.037250000}
RESULT {"action":"prove","cycles":8462089,"counts":[6722637, 1739319, 132, 0, 1, 0],"cells":8456073,"mem_used":8456073,"log_mem":24,"committed":207621052,"proof_bytes":835712,"assembly_ms":1032.427,"prove_including_execute_ms":7088.085,"verify_ms":292.013,"negative_checks_ms":168.533,"wrong_public_rejected":true,"mutated_proof_rejected":true}
ok

test result: ok. 1 passed; 0 failed; 0 ignored; 0 measured; 4 filtered out; finished in 8.59s

        8.72 real        33.75 user        11.52 sys
         43576557568  maximum resident set size
                   0  average shared memory size
                   0  average unshared data size
                   0  average unshared stack size
             3405832  page reclaims
                   0  page faults
                   0  swaps
                   0  block input operations
                   0  block output operations
                   0  messages sent
                   0  messages received
                   0  signals received
                   4  voluntary context switches
              160678  involuntary context switches
        603209103851  instructions retired
        190442615138  cycles elapsed
         43565809032  peak memory footprint
