
running 1 test
test real_state_bench::real_state_benchmark ... PHASES {"profile_schema":1,"scope":"cpu_prove_before_logging_and_local_drops","execute_ms":430.105666000,"build_ms":646.328916000,"transcript_setup_ms":0.004792000,"commit_ms":1817.623542000,"bus_ms":1935.230209000,"constraints_ms":434.778917000,"claim_prep_ms":0.017958000,"reduction_ms":2.264250000,"pcs_open_ms":1101.962167000,"finalize_ms":0.003958000,"internal_total_ms":6368.342292000,"internal_residual_ms":0.021917000}
RESULT {"action":"prove","cycles":7498510,"counts":[5954835, 1543542, 132, 0, 1, 0],"cells":7492965,"mem_used":7492965,"log_mem":23,"committed":182455228,"proof_bytes":834752,"assembly_ms":528.651,"prove_including_execute_ms":6491.896,"verify_ms":147.402,"negative_checks_ms":92.782,"wrong_public_rejected":true,"mutated_proof_rejected":true}
ok

test result: ok. 1 passed; 0 failed; 0 ignored; 0 measured; 4 filtered out; finished in 7.26s

        7.40 real        32.38 user        11.00 sys
         41413296128  maximum resident set size
                   0  average shared memory size
                   0  average unshared data size
                   0  average unshared stack size
             3230366  page reclaims
                   0  page faults
                   0  swaps
                   0  block input operations
                   0  block output operations
                   0  messages sent
                   0  messages received
                   0  signals received
                   2  voluntary context switches
              142533  involuntary context switches
        566075018681  instructions retired
        179212632965  cycles elapsed
         41431594768  peak memory footprint
