
running 1 test
test real_state_bench::real_state_benchmark ... PHASES {"profile_schema":1,"scope":"cpu_prove_before_logging_and_local_drops","execute_ms":765.352458000,"build_ms":820.324791000,"transcript_setup_ms":0.004208000,"commit_ms":1745.455834000,"bus_ms":2035.465125000,"constraints_ms":437.179792000,"claim_prep_ms":0.018458000,"reduction_ms":2.115334000,"pcs_open_ms":1295.509416000,"finalize_ms":0.005042000,"internal_total_ms":7101.459834000,"internal_residual_ms":0.029376000}
RESULT {"action":"prove","cycles":8560191,"counts":[6797891, 1762167, 132, 0, 1, 0],"cells":8554175,"mem_used":8554175,"log_mem":24,"committed":207621052,"proof_bytes":834080,"assembly_ms":1043.021,"prove_including_execute_ms":7244.005,"verify_ms":306.304,"negative_checks_ms":177.316,"wrong_public_rejected":true,"mutated_proof_rejected":true}
ok

test result: ok. 1 passed; 0 failed; 0 ignored; 0 measured; 4 filtered out; finished in 8.77s

        8.92 real        33.89 user        11.64 sys
         43503714304  maximum resident set size
                   0  average shared memory size
                   0  average unshared data size
                   0  average unshared stack size
             3418606  page reclaims
                   0  page faults
                   0  swaps
                   0  block input operations
                   0  block output operations
                   0  messages sent
                   0  messages received
                   0  signals received
                   5  voluntary context switches
              167595  involuntary context switches
        604277170395  instructions retired
        191198714189  cycles elapsed
         43526946040  peak memory footprint
