
running 1 test
test real_state_bench::real_state_benchmark ... PHASES {"profile_schema":1,"scope":"cpu_prove_before_logging_and_local_drops","execute_ms":437.877000000,"build_ms":634.983166000,"transcript_setup_ms":0.004292000,"commit_ms":1812.348625000,"bus_ms":1921.212000000,"constraints_ms":458.110042000,"claim_prep_ms":0.021750000,"reduction_ms":2.113292000,"pcs_open_ms":1130.363875000,"finalize_ms":0.004792000,"internal_total_ms":6397.071917000,"internal_residual_ms":0.033083000}
RESULT {"action":"prove","cycles":7498510,"counts":[5954835, 1543542, 132, 0, 1, 0],"cells":7492965,"mem_used":7492965,"log_mem":23,"committed":182455228,"proof_bytes":834752,"assembly_ms":525.804,"prove_including_execute_ms":6522.062,"verify_ms":148.310,"negative_checks_ms":93.088,"wrong_public_rejected":true,"mutated_proof_rejected":true}
ok

test result: ok. 1 passed; 0 failed; 0 ignored; 0 measured; 4 filtered out; finished in 7.29s

        7.42 real        32.35 user        11.09 sys
         41615507456  maximum resident set size
                   0  average shared memory size
                   0  average unshared data size
                   0  average unshared stack size
             3260059  page reclaims
                   0  page faults
                   0  swaps
                   0  block input operations
                   0  block output operations
                   0  messages sent
                   0  messages received
                   0  signals received
                   2  voluntary context switches
              154152  involuntary context switches
        566692182107  instructions retired
        180063154710  cycles elapsed
         41633888136  peak memory footprint
