
running 1 test
test real_state_bench::real_state_benchmark ... PHASES {"profile_schema":1,"scope":"cpu_prove_before_logging_and_local_drops","execute_ms":749.534667000,"build_ms":758.999083000,"transcript_setup_ms":0.004458000,"commit_ms":1756.278625000,"bus_ms":2027.871417000,"constraints_ms":433.512125000,"claim_prep_ms":0.020958000,"reduction_ms":2.090083000,"pcs_open_ms":1239.351958000,"finalize_ms":0.005250000,"internal_total_ms":6967.690042000,"internal_residual_ms":0.021418000}
RESULT {"action":"prove","cycles":8482697,"counts":[6592617, 1889947, 132, 0, 1, 0],"cells":8476896,"mem_used":8476896,"log_mem":24,"committed":207621052,"proof_bytes":836384,"assembly_ms":1031.165,"prove_including_execute_ms":7107.732,"verify_ms":299.058,"negative_checks_ms":169.522,"wrong_public_rejected":true,"mutated_proof_rejected":true}
ok

test result: ok. 1 passed; 0 failed; 0 ignored; 0 measured; 4 filtered out; finished in 8.61s

        8.75 real        33.53 user        11.08 sys
         44130500608  maximum resident set size
                   0  average shared memory size
                   0  average unshared data size
                   0  average unshared stack size
             3415704  page reclaims
                   0  page faults
                   0  swaps
                   0  block input operations
                   0  block output operations
                   0  messages sent
                   0  messages received
                   0  signals received
                   4  voluntary context switches
              148723  involuntary context switches
        602026507537  instructions retired
        187835986824  cycles elapsed
         44451610664  peak memory footprint
