
running 1 test
test real_state_bench::real_state_benchmark ... PHASES {"profile_schema":1,"scope":"cpu_prove_before_logging_and_local_drops","execute_ms":744.030667000,"build_ms":795.575959000,"transcript_setup_ms":0.003958000,"commit_ms":1754.304584000,"bus_ms":2054.727250000,"constraints_ms":385.049875000,"claim_prep_ms":0.032042000,"reduction_ms":2.380500000,"pcs_open_ms":1297.889583000,"finalize_ms":0.012375000,"internal_total_ms":7034.028459000,"internal_residual_ms":0.021666000}
RESULT {"action":"prove","cycles":8560191,"counts":[6797891, 1762167, 132, 0, 1, 0],"cells":8554175,"mem_used":8554175,"log_mem":24,"committed":207621052,"proof_bytes":834080,"assembly_ms":1024.933,"prove_including_execute_ms":7154.152,"verify_ms":350.987,"negative_checks_ms":166.672,"wrong_public_rejected":true,"mutated_proof_rejected":true}
ok

test result: ok. 1 passed; 0 failed; 0 ignored; 0 measured; 4 filtered out; finished in 8.70s

        8.84 real        33.88 user        11.98 sys
         44161220608  maximum resident set size
                   0  average shared memory size
                   0  average unshared data size
                   0  average unshared stack size
             3154147  page reclaims
                   0  page faults
                   0  swaps
                   0  block input operations
                   0  block output operations
                   0  messages sent
                   0  messages received
                   0  signals received
                   3  voluntary context switches
              163273  involuntary context switches
        602578583464  instructions retired
        193483142434  cycles elapsed
         45088047576  peak memory footprint
