
running 1 test
test real_state_bench::real_state_benchmark ... PHASES {"profile_schema":1,"scope":"cpu_prove_before_logging_and_local_drops","execute_ms":755.868583000,"build_ms":749.709125000,"transcript_setup_ms":0.004417000,"commit_ms":1769.202667000,"bus_ms":2036.372000000,"constraints_ms":438.677792000,"claim_prep_ms":0.030209000,"reduction_ms":2.343584000,"pcs_open_ms":1161.302959000,"finalize_ms":0.006042000,"internal_total_ms":6913.539834000,"internal_residual_ms":0.022456000}
RESULT {"action":"prove","cycles":8575525,"counts":[6663941, 1911451, 132, 0, 1, 0],"cells":8569724,"mem_used":8569724,"log_mem":24,"committed":207621052,"proof_bytes":834016,"assembly_ms":1037.918,"prove_including_execute_ms":7045.779,"verify_ms":294.075,"negative_checks_ms":170.414,"wrong_public_rejected":true,"mutated_proof_rejected":true}
ok

test result: ok. 1 passed; 0 failed; 0 ignored; 0 measured; 4 filtered out; finished in 8.55s

        8.69 real        33.64 user        11.36 sys
         44229378048  maximum resident set size
                   0  average shared memory size
                   0  average unshared data size
                   0  average unshared stack size
             3406627  page reclaims
                   0  page faults
                   0  swaps
                   0  block input operations
                   0  block output operations
                   0  messages sent
                   0  messages received
                   0  signals received
                   3  voluntary context switches
              158449  involuntary context switches
        602877672351  instructions retired
        189968321975  cycles elapsed
         44224692120  peak memory footprint
