
running 1 test
test real_state_bench::real_state_benchmark ... PHASES {"profile_schema":1,"scope":"cpu_prove_before_logging_and_local_drops","execute_ms":436.134208000,"build_ms":635.497542000,"transcript_setup_ms":0.004166000,"commit_ms":1742.600125000,"bus_ms":1901.526584000,"constraints_ms":452.859375000,"claim_prep_ms":0.022875000,"reduction_ms":2.094542000,"pcs_open_ms":1127.792625000,"finalize_ms":0.004000000,"internal_total_ms":6298.559500000,"internal_residual_ms":0.023458000}
RESULT {"action":"prove","cycles":7591107,"counts":[6025928, 1565046, 132, 0, 1, 0],"cells":7585562,"mem_used":7585562,"log_mem":23,"committed":182455228,"proof_bytes":831168,"assembly_ms":519.975,"prove_including_execute_ms":6389.258,"verify_ms":148.117,"negative_checks_ms":85.840,"wrong_public_rejected":true,"mutated_proof_rejected":true}
ok

test result: ok. 1 passed; 0 failed; 0 ignored; 0 measured; 4 filtered out; finished in 7.14s

        7.28 real        31.61 user        10.95 sys
         39390117888  maximum resident set size
                   0  average shared memory size
                   0  average unshared data size
                   0  average unshared stack size
             3259471  page reclaims
                   0  page faults
                   0  swaps
                   0  block input operations
                   0  block output operations
                   0  messages sent
                   0  messages received
                   0  signals received
                   0  voluntary context switches
              141510  involuntary context switches
        565968602538  instructions retired
        179189608428  cycles elapsed
         39381512584  peak memory footprint
