
running 1 test
test real_state_bench::real_state_benchmark ... PHASES {"profile_schema":1,"scope":"cpu_prove_before_logging_and_local_drops","execute_ms":770.284375000,"build_ms":768.703834000,"transcript_setup_ms":0.004333000,"commit_ms":1734.292791000,"bus_ms":2052.041458000,"constraints_ms":432.719958000,"claim_prep_ms":0.015208000,"reduction_ms":2.225375000,"pcs_open_ms":1147.766625000,"finalize_ms":0.003875000,"internal_total_ms":6908.081250000,"internal_residual_ms":0.023418000}
RESULT {"action":"prove","cycles":8462089,"counts":[6722637, 1739319, 132, 0, 1, 0],"cells":8456073,"mem_used":8456073,"log_mem":24,"committed":207621052,"proof_bytes":835712,"assembly_ms":1032.855,"prove_including_execute_ms":7038.501,"verify_ms":293.335,"negative_checks_ms":168.676,"wrong_public_rejected":true,"mutated_proof_rejected":true}
ok

test result: ok. 1 passed; 0 failed; 0 ignored; 0 measured; 4 filtered out; finished in 8.54s

        8.67 real        33.64 user        11.38 sys
         43509628928  maximum resident set size
                   0  average shared memory size
                   0  average unshared data size
                   0  average unshared stack size
             3405583  page reclaims
                   0  page faults
                   0  swaps
                   0  block input operations
                   0  block output operations
                   0  messages sent
                   0  messages received
                   0  signals received
                   3  voluntary context switches
              159500  involuntary context switches
        603016533706  instructions retired
        190026061507  cycles elapsed
         43499093312  peak memory footprint
