
running 1 test
test real_state_bench::real_state_benchmark ... PHASES {"profile_schema":1,"scope":"cpu_prove_before_logging_and_local_drops","execute_ms":762.168333000,"build_ms":757.646084000,"transcript_setup_ms":0.004167000,"commit_ms":1724.174875000,"bus_ms":2036.324375000,"constraints_ms":434.371167000,"claim_prep_ms":0.036167000,"reduction_ms":2.324042000,"pcs_open_ms":1194.915625000,"finalize_ms":0.005250000,"internal_total_ms":6912.005583000,"internal_residual_ms":0.035498000}
RESULT {"action":"prove","cycles":8575525,"counts":[6663941, 1911451, 132, 0, 1, 0],"cells":8569724,"mem_used":8569724,"log_mem":24,"committed":207621052,"proof_bytes":834016,"assembly_ms":1030.566,"prove_including_execute_ms":7046.695,"verify_ms":290.405,"negative_checks_ms":176.697,"wrong_public_rejected":true,"mutated_proof_rejected":true}
ok

test result: ok. 1 passed; 0 failed; 0 ignored; 0 measured; 4 filtered out; finished in 8.55s

        8.68 real        33.57 user        11.23 sys
         44101451776  maximum resident set size
                   0  average shared memory size
                   0  average unshared data size
                   0  average unshared stack size
             3405109  page reclaims
                   0  page faults
                   0  swaps
                   0  block input operations
                   0  block output operations
                   0  messages sent
                   0  messages received
                   0  signals received
                   4  voluntary context switches
              167595  involuntary context switches
        603058500718  instructions retired
        189048394177  cycles elapsed
         44101418808  peak memory footprint
