
running 1 test
test real_state_bench::real_state_benchmark ... PHASES {"profile_schema":1,"scope":"cpu_prove_before_logging_and_local_drops","execute_ms":773.136084000,"build_ms":763.202000000,"transcript_setup_ms":0.004208000,"commit_ms":1729.789375000,"bus_ms":2037.067416000,"constraints_ms":438.748667000,"claim_prep_ms":0.031375000,"reduction_ms":2.021208000,"pcs_open_ms":1277.306916000,"finalize_ms":0.005250000,"internal_total_ms":7021.346042000,"internal_residual_ms":0.033543000}
RESULT {"action":"prove","cycles":8482697,"counts":[6592617, 1889947, 132, 0, 1, 0],"cells":8476896,"mem_used":8476896,"log_mem":24,"committed":207621052,"proof_bytes":836384,"assembly_ms":1041.521,"prove_including_execute_ms":7174.770,"verify_ms":292.628,"negative_checks_ms":170.041,"wrong_public_rejected":true,"mutated_proof_rejected":true}
ok

test result: ok. 1 passed; 0 failed; 0 ignored; 0 measured; 4 filtered out; finished in 8.68s

        8.82 real        33.44 user        11.38 sys
         44464832512  maximum resident set size
                   0  average shared memory size
                   0  average unshared data size
                   0  average unshared stack size
             3531709  page reclaims
                   0  page faults
                   0  swaps
                   0  block input operations
                   0  block output operations
                   0  messages sent
                   0  messages received
                   0  signals received
                   3  voluntary context switches
              148875  involuntary context switches
        603172766477  instructions retired
        189252109967  cycles elapsed
         44777963824  peak memory footprint
