
running 1 test
test real_state_bench::real_state_benchmark ... PHASES {"profile_schema":1,"scope":"cpu_prove_before_logging_and_local_drops","execute_ms":430.632833000,"build_ms":633.759875000,"transcript_setup_ms":0.004917000,"commit_ms":1736.826416000,"bus_ms":1903.731375000,"constraints_ms":438.023416000,"claim_prep_ms":0.020000000,"reduction_ms":2.124333000,"pcs_open_ms":1070.391083000,"finalize_ms":0.004625000,"internal_total_ms":6215.543333000,"internal_residual_ms":0.024460000}
RESULT {"action":"prove","cycles":7498510,"counts":[5954835, 1543542, 132, 0, 1, 0],"cells":7492965,"mem_used":7492965,"log_mem":23,"committed":182455228,"proof_bytes":834752,"assembly_ms":527.649,"prove_including_execute_ms":6315.154,"verify_ms":147.873,"negative_checks_ms":89.909,"wrong_public_rejected":true,"mutated_proof_rejected":true}
ok

test result: ok. 1 passed; 0 failed; 0 ignored; 0 measured; 4 filtered out; finished in 7.08s

        7.22 real        31.49 user        10.73 sys
         40518287360  maximum resident set size
                   0  average shared memory size
                   0  average unshared data size
                   0  average unshared stack size
             3210860  page reclaims
                   0  page faults
                   0  swaps
                   0  block input operations
                   0  block output operations
                   0  messages sent
                   0  messages received
                   0  signals received
                   3  voluntary context switches
              133766  involuntary context switches
        565320663084  instructions retired
        177950312714  cycles elapsed
         40518497440  peak memory footprint
