
running 1 test
test real_state_bench::real_state_benchmark ... PHASES {"profile_schema":1,"scope":"cpu_prove_before_logging_and_local_drops","execute_ms":774.249375000,"build_ms":777.281833000,"transcript_setup_ms":0.004667000,"commit_ms":1754.559209000,"bus_ms":2033.005959000,"constraints_ms":425.306209000,"claim_prep_ms":0.023458000,"reduction_ms":2.320750000,"pcs_open_ms":1379.777375000,"finalize_ms":0.005209000,"internal_total_ms":7146.559334000,"internal_residual_ms":0.025290000}
RESULT {"action":"prove","cycles":8462089,"counts":[6722637, 1739319, 132, 0, 1, 0],"cells":8456073,"mem_used":8456073,"log_mem":24,"committed":207621052,"proof_bytes":835712,"assembly_ms":1035.360,"prove_including_execute_ms":7298.110,"verify_ms":329.106,"negative_checks_ms":172.921,"wrong_public_rejected":true,"mutated_proof_rejected":true}
ok

test result: ok. 1 passed; 0 failed; 0 ignored; 0 measured; 4 filtered out; finished in 8.84s

        8.98 real        33.63 user        11.76 sys
         44227985408  maximum resident set size
                   0  average shared memory size
                   0  average unshared data size
                   0  average unshared stack size
             3564873  page reclaims
                   0  page faults
                   0  swaps
                   0  block input operations
                   0  block output operations
                   0  messages sent
                   0  messages received
                   0  signals received
                   5  voluntary context switches
              176381  involuntary context switches
        604877152810  instructions retired
        191440435946  cycles elapsed
         45177651912  peak memory footprint
