
running 1 test
test real_state_bench::real_state_benchmark ... PHASES {"profile_schema":1,"scope":"cpu_prove_before_logging_and_local_drops","execute_ms":765.734625000,"build_ms":759.970625000,"transcript_setup_ms":0.004167000,"commit_ms":1749.740875000,"bus_ms":2030.969500000,"constraints_ms":429.922750000,"claim_prep_ms":0.021500000,"reduction_ms":2.180917000,"pcs_open_ms":1305.241875000,"finalize_ms":0.006500000,"internal_total_ms":7043.818291000,"internal_residual_ms":0.024957000}
RESULT {"action":"prove","cycles":8560191,"counts":[6797891, 1762167, 132, 0, 1, 0],"cells":8554175,"mem_used":8554175,"log_mem":24,"committed":207621052,"proof_bytes":834080,"assembly_ms":1036.640,"prove_including_execute_ms":7192.886,"verify_ms":322.023,"negative_checks_ms":168.131,"wrong_public_rejected":true,"mutated_proof_rejected":true}
ok

test result: ok. 1 passed; 0 failed; 0 ignored; 0 measured; 4 filtered out; finished in 8.72s

        8.84 real        33.67 user        11.74 sys
         44454395904  maximum resident set size
                   0  average shared memory size
                   0  average unshared data size
                   0  average unshared stack size
             3627383  page reclaims
                   0  page faults
                   0  swaps
                   0  block input operations
                   0  block output operations
                   0  messages sent
                   0  messages received
                   0  signals received
                   3  voluntary context switches
              166781  involuntary context switches
        604976338824  instructions retired
        191851897209  cycles elapsed
         44774359224  peak memory footprint
