
running 1 test
test real_state_bench::real_state_benchmark ... PHASES {"profile_schema":1,"scope":"cpu_prove_before_logging_and_local_drops","execute_ms":437.414875000,"build_ms":644.510417000,"transcript_setup_ms":0.004792000,"commit_ms":1763.647417000,"bus_ms":1889.170333000,"constraints_ms":444.670209000,"claim_prep_ms":0.026041000,"reduction_ms":2.535292000,"pcs_open_ms":1073.397334000,"finalize_ms":0.003625000,"internal_total_ms":6255.401292000,"internal_residual_ms":0.020957000}
RESULT {"action":"prove","cycles":7498510,"counts":[5954835, 1543542, 132, 0, 1, 0],"cells":7492965,"mem_used":7492965,"log_mem":23,"committed":182455228,"proof_bytes":834752,"assembly_ms":527.802,"prove_including_execute_ms":6354.414,"verify_ms":155.790,"negative_checks_ms":87.753,"wrong_public_rejected":true,"mutated_proof_rejected":true}
ok

test result: ok. 1 passed; 0 failed; 0 ignored; 0 measured; 4 filtered out; finished in 7.13s

        7.26 real        31.54 user        10.71 sys
         39621754880  maximum resident set size
                   0  average shared memory size
                   0  average unshared data size
                   0  average unshared stack size
             3214008  page reclaims
                   0  page faults
                   0  swaps
                   0  block input operations
                   0  block output operations
                   0  messages sent
                   0  messages received
                   0  signals received
                   2  voluntary context switches
              140869  involuntary context switches
        565177940946  instructions retired
        178175888038  cycles elapsed
         39613805152  peak memory footprint
