
running 1 test
test real_state_bench::real_state_benchmark ... PHASES {"profile_schema":1,"scope":"cpu_prove_before_logging_and_local_drops","execute_ms":785.992750000,"build_ms":774.584917000,"transcript_setup_ms":0.004042000,"commit_ms":1761.169500000,"bus_ms":2056.552041000,"constraints_ms":431.350833000,"claim_prep_ms":0.019916000,"reduction_ms":2.330042000,"pcs_open_ms":1249.113250000,"finalize_ms":0.005584000,"internal_total_ms":7061.144708000,"internal_residual_ms":0.021833000}
RESULT {"action":"prove","cycles":8575525,"counts":[6663941, 1911451, 132, 0, 1, 0],"cells":8569724,"mem_used":8569724,"log_mem":24,"committed":207621052,"proof_bytes":834016,"assembly_ms":1045.732,"prove_including_execute_ms":7197.196,"verify_ms":294.675,"negative_checks_ms":173.829,"wrong_public_rejected":true,"mutated_proof_rejected":true}
ok

test result: ok. 1 passed; 0 failed; 0 ignored; 0 measured; 4 filtered out; finished in 8.71s

        8.85 real        33.64 user        11.79 sys
         43870175232  maximum resident set size
                   0  average shared memory size
                   0  average unshared data size
                   0  average unshared stack size
             3428533  page reclaims
                   0  page faults
                   0  swaps
                   0  block input operations
                   0  block output operations
                   0  messages sent
                   0  messages received
                   0  signals received
                   4  voluntary context switches
              160825  involuntary context switches
        604146194867  instructions retired
        191753039891  cycles elapsed
         43878809400  peak memory footprint
