
running 1 test
test real_state_bench::real_state_benchmark ... PHASES {"profile_schema":1,"scope":"cpu_prove_before_logging_and_local_drops","execute_ms":777.141917000,"build_ms":793.309709000,"transcript_setup_ms":0.004417000,"commit_ms":1746.382500000,"bus_ms":2029.090083000,"constraints_ms":422.067542000,"claim_prep_ms":0.024292000,"reduction_ms":2.613459000,"pcs_open_ms":1131.398792000,"finalize_ms":0.006166000,"internal_total_ms":6902.064458000,"internal_residual_ms":0.025581000}
RESULT {"action":"prove","cycles":8482697,"counts":[6592617, 1889947, 132, 0, 1, 0],"cells":8476896,"mem_used":8476896,"log_mem":24,"committed":207621052,"proof_bytes":836384,"assembly_ms":1046.505,"prove_including_execute_ms":7026.335,"verify_ms":290.722,"negative_checks_ms":168.999,"wrong_public_rejected":true,"mutated_proof_rejected":true}
ok

test result: ok. 1 passed; 0 failed; 0 ignored; 0 measured; 4 filtered out; finished in 8.54s

        8.67 real        33.65 user        11.40 sys
         43463524352  maximum resident set size
                   0  average shared memory size
                   0  average unshared data size
                   0  average unshared stack size
             3403857  page reclaims
                   0  page faults
                   0  swaps
                   0  block input operations
                   0  block output operations
                   0  messages sent
                   0  messages received
                   0  signals received
                   3  voluntary context switches
              154529  involuntary context switches
        602196616332  instructions retired
        190103996764  cycles elapsed
         43460771112  peak memory footprint
