
running 1 test
test real_state_bench::real_state_benchmark ... PHASES {"profile_schema":1,"scope":"cpu_prove_before_logging_and_local_drops","execute_ms":430.484791000,"build_ms":633.005459000,"transcript_setup_ms":0.004250000,"commit_ms":1762.939333000,"bus_ms":1913.227875000,"constraints_ms":430.001875000,"claim_prep_ms":0.019333000,"reduction_ms":2.221583000,"pcs_open_ms":1126.474791000,"finalize_ms":0.003750000,"internal_total_ms":6298.419209000,"internal_residual_ms":0.036169000}
RESULT {"action":"prove","cycles":7498510,"counts":[5954835, 1543542, 132, 0, 1, 0],"cells":7492965,"mem_used":7492965,"log_mem":23,"committed":182455228,"proof_bytes":834752,"assembly_ms":527.107,"prove_including_execute_ms":6409.786,"verify_ms":149.328,"negative_checks_ms":90.954,"wrong_public_rejected":true,"mutated_proof_rejected":true}
ok

test result: ok. 1 passed; 0 failed; 0 ignored; 0 measured; 4 filtered out; finished in 7.18s

        7.31 real        31.67 user        11.07 sys
         39987904512  maximum resident set size
                   0  average shared memory size
                   0  average unshared data size
                   0  average unshared stack size
             3255897  page reclaims
                   0  page faults
                   0  swaps
                   0  block input operations
                   0  block output operations
                   0  messages sent
                   0  messages received
                   0  signals received
                   3  voluntary context switches
              150884  involuntary context switches
        566037963269  instructions retired
        180125883303  cycles elapsed
         39984231368  peak memory footprint
