
running 1 test
test real_state_bench::real_state_benchmark ... PHASES {"profile_schema":1,"scope":"cpu_prove_before_logging_and_local_drops","execute_ms":768.710875000,"build_ms":761.445417000,"transcript_setup_ms":0.003917000,"commit_ms":1734.454750000,"bus_ms":2042.519875000,"constraints_ms":432.898458000,"claim_prep_ms":0.018209000,"reduction_ms":2.133834000,"pcs_open_ms":1155.834334000,"finalize_ms":0.006042000,"internal_total_ms":6898.060334000,"internal_residual_ms":0.034623000}
RESULT {"action":"prove","cycles":8482697,"counts":[6592617, 1889947, 132, 0, 1, 0],"cells":8476896,"mem_used":8476896,"log_mem":24,"committed":207621052,"proof_bytes":836384,"assembly_ms":1028.775,"prove_including_execute_ms":7029.181,"verify_ms":291.728,"negative_checks_ms":168.872,"wrong_public_rejected":true,"mutated_proof_rejected":true}
ok

test result: ok. 1 passed; 0 failed; 0 ignored; 0 measured; 4 filtered out; finished in 8.52s

        8.66 real        33.66 user        11.40 sys
         44209209344  maximum resident set size
                   0  average shared memory size
                   0  average unshared data size
                   0  average unshared stack size
             3402987  page reclaims
                   0  page faults
                   0  swaps
                   0  block input operations
                   0  block output operations
                   0  messages sent
                   0  messages received
                   0  signals received
                   1  voluntary context switches
              154024  involuntary context switches
        601811224645  instructions retired
        189989567972  cycles elapsed
         44195889000  peak memory footprint
