
running 1 test
test real_state_bench::real_state_benchmark ... PHASES {"profile_schema":1,"scope":"cpu_prove_before_logging_and_local_drops","execute_ms":784.433666000,"build_ms":765.238750000,"transcript_setup_ms":0.004792000,"commit_ms":1758.128916000,"bus_ms":2054.736792000,"constraints_ms":402.516833000,"claim_prep_ms":0.019083000,"reduction_ms":1.977042000,"pcs_open_ms":1567.944375000,"finalize_ms":0.018625000,"internal_total_ms":7335.040500000,"internal_residual_ms":0.021626000}
RESULT {"action":"prove","cycles":8560191,"counts":[6797891, 1762167, 132, 0, 1, 0],"cells":8554175,"mem_used":8554175,"log_mem":24,"committed":207621052,"proof_bytes":834080,"assembly_ms":1033.911,"prove_including_execute_ms":7477.831,"verify_ms":370.756,"negative_checks_ms":167.083,"wrong_public_rejected":true,"mutated_proof_rejected":true}
ok

test result: ok. 1 passed; 0 failed; 0 ignored; 0 measured; 4 filtered out; finished in 9.05s

        9.23 real        33.75 user        11.93 sys
         44228460544  maximum resident set size
                   0  average shared memory size
                   0  average unshared data size
                   0  average unshared stack size
             3408283  page reclaims
                   0  page faults
                   0  swaps
                   0  block input operations
                   0  block output operations
                   0  messages sent
                   0  messages received
                   0  signals received
                   3  voluntary context switches
              143047  involuntary context switches
        605522367296  instructions retired
        192963797713  cycles elapsed
         44893798512  peak memory footprint
