
running 1 test
test real_state_bench::real_state_benchmark ... PHASES {"profile_schema":1,"scope":"cpu_prove_before_logging_and_local_drops","execute_ms":774.087500000,"build_ms":766.451792000,"transcript_setup_ms":0.004625000,"commit_ms":1739.830125000,"bus_ms":2049.816292000,"constraints_ms":436.519917000,"claim_prep_ms":0.023541000,"reduction_ms":2.181375000,"pcs_open_ms":1111.584541000,"finalize_ms":0.005625000,"internal_total_ms":6880.537875000,"internal_residual_ms":0.032542000}
RESULT {"action":"prove","cycles":8575525,"counts":[6663941, 1911451, 132, 0, 1, 0],"cells":8569724,"mem_used":8569724,"log_mem":24,"committed":207621052,"proof_bytes":834016,"assembly_ms":1032.538,"prove_including_execute_ms":7035.176,"verify_ms":297.611,"negative_checks_ms":172.628,"wrong_public_rejected":true,"mutated_proof_rejected":true}
ok

test result: ok. 1 passed; 0 failed; 0 ignored; 0 measured; 4 filtered out; finished in 8.54s

        8.68 real        33.49 user        11.44 sys
         44046467072  maximum resident set size
                   0  average shared memory size
                   0  average unshared data size
                   0  average unshared stack size
             3531797  page reclaims
                   0  page faults
                   0  swaps
                   0  block input operations
                   0  block output operations
                   0  messages sent
                   0  messages received
                   0  signals received
                   3  voluntary context switches
              143358  involuntary context switches
        603165918056  instructions retired
        189742455993  cycles elapsed
         44064653088  peak memory footprint
