
running 1 test
test real_state_bench::real_state_benchmark ... PHASES {"profile_schema":1,"scope":"cpu_prove_before_logging_and_local_drops","execute_ms":747.140833000,"build_ms":758.032334000,"transcript_setup_ms":0.004459000,"commit_ms":1763.921833000,"bus_ms":2039.970250000,"constraints_ms":446.083792000,"claim_prep_ms":0.020042000,"reduction_ms":2.256375000,"pcs_open_ms":1147.492000000,"finalize_ms":0.003916000,"internal_total_ms":6904.956917000,"internal_residual_ms":0.031083000}
RESULT {"action":"prove","cycles":8462089,"counts":[6722637, 1739319, 132, 0, 1, 0],"cells":8456073,"mem_used":8456073,"log_mem":24,"committed":207621052,"proof_bytes":835712,"assembly_ms":1030.227,"prove_including_execute_ms":7036.411,"verify_ms":292.532,"negative_checks_ms":181.504,"wrong_public_rejected":true,"mutated_proof_rejected":true}
ok

test result: ok. 1 passed; 0 failed; 0 ignored; 0 measured; 4 filtered out; finished in 8.54s

        8.68 real        33.81 user        11.34 sys
         43510415360  maximum resident set size
                   0  average shared memory size
                   0  average unshared data size
                   0  average unshared stack size
             3405983  page reclaims
                   0  page faults
                   0  swaps
                   0  block input operations
                   0  block output operations
                   0  messages sent
                   0  messages received
                   0  signals received
                   3  voluntary context switches
              154926  involuntary context switches
        603111969680  instructions retired
        190455055725  cycles elapsed
         43499322760  peak memory footprint
