
running 1 test
test real_state_bench::real_state_benchmark ... PHASES {"profile_schema":1,"scope":"cpu_prove_before_logging_and_local_drops","execute_ms":436.382000000,"build_ms":652.966334000,"transcript_setup_ms":0.004292000,"commit_ms":1736.739708000,"bus_ms":1916.782792000,"constraints_ms":425.166416000,"claim_prep_ms":0.022250000,"reduction_ms":2.331500000,"pcs_open_ms":1169.117667000,"finalize_ms":0.011625000,"internal_total_ms":6339.545084000,"internal_residual_ms":0.020500000}
RESULT {"action":"prove","cycles":7591107,"counts":[6025928, 1565046, 132, 0, 1, 0],"cells":7585562,"mem_used":7585562,"log_mem":23,"committed":182455228,"proof_bytes":831168,"assembly_ms":532.801,"prove_including_execute_ms":6448.998,"verify_ms":147.822,"negative_checks_ms":93.211,"wrong_public_rejected":true,"mutated_proof_rejected":true}
ok

test result: ok. 1 passed; 0 failed; 0 ignored; 0 measured; 4 filtered out; finished in 7.23s

        7.37 real        31.62 user        11.35 sys
         40711192576  maximum resident set size
                   0  average shared memory size
                   0  average unshared data size
                   0  average unshared stack size
             3292078  page reclaims
                   0  page faults
                   0  swaps
                   0  block input operations
                   0  block output operations
                   0  messages sent
                   0  messages received
                   0  signals received
                   3  voluntary context switches
              152749  involuntary context switches
        566746838079  instructions retired
        181098949373  cycles elapsed
         40715334912  peak memory footprint
