
running 1 test
test real_state_bench::real_state_benchmark ... PHASES {"profile_schema":1,"scope":"cpu_prove_before_logging_and_local_drops","execute_ms":841.149625000,"build_ms":693.544875000,"transcript_setup_ms":0.004042000,"commit_ms":1767.431208000,"bus_ms":2060.993125000,"constraints_ms":427.565125000,"claim_prep_ms":0.020667000,"reduction_ms":2.881166000,"pcs_open_ms":1131.076167000,"finalize_ms":0.008458000,"internal_total_ms":6924.700959000,"internal_residual_ms":0.026501000}
RESULT {"action":"prove","cycles":8482697,"counts":[6592617, 1889947, 132, 0, 1, 0],"cells":8476896,"mem_used":8476896,"log_mem":24,"committed":207621052,"proof_bytes":836384,"assembly_ms":1034.166,"prove_including_execute_ms":7032.974,"verify_ms":300.221,"negative_checks_ms":174.916,"wrong_public_rejected":true,"mutated_proof_rejected":true}
ok

test result: ok. 1 passed; 0 failed; 0 ignored; 0 measured; 4 filtered out; finished in 8.55s

        8.98 real        34.30 user        10.72 sys
         44083118080  maximum resident set size
                   0  average shared memory size
                   0  average unshared data size
                   0  average unshared stack size
             3414141  page reclaims
                   0  page faults
                   0  swaps
                   0  block input operations
                   0  block output operations
                   0  messages sent
                   0  messages received
                   0  signals received
                   1  voluntary context switches
              176964  involuntary context switches
        601443321462  instructions retired
        190678828945  cycles elapsed
         44102876960  peak memory footprint
