
running 1 test
test real_state_bench::real_state_benchmark ... PHASES {"profile_schema":1,"scope":"cpu_prove_before_logging_and_local_drops","execute_ms":799.586458000,"build_ms":702.298166000,"transcript_setup_ms":0.004708000,"commit_ms":1801.632833000,"bus_ms":2168.636875000,"constraints_ms":461.696208000,"claim_prep_ms":0.028334000,"reduction_ms":3.687416000,"pcs_open_ms":1168.880666000,"finalize_ms":0.006625000,"internal_total_ms":7106.485417000,"internal_residual_ms":0.027128000}
RESULT {"action":"prove","cycles":8462089,"counts":[6722637, 1739319, 132, 0, 1, 0],"cells":8456073,"mem_used":8456073,"log_mem":24,"committed":207621052,"proof_bytes":835712,"assembly_ms":1044.860,"prove_including_execute_ms":7219.859,"verify_ms":317.899,"negative_checks_ms":186.349,"wrong_public_rejected":true,"mutated_proof_rejected":true}
ok

test result: ok. 1 passed; 0 failed; 0 ignored; 0 measured; 4 filtered out; finished in 8.77s

        8.87 real        35.69 user        11.01 sys
         44142198784  maximum resident set size
                   0  average shared memory size
                   0  average unshared data size
                   0  average unshared stack size
             3416150  page reclaims
                   0  page faults
                   0  swaps
                   0  block input operations
                   0  block output operations
                   0  messages sent
                   0  messages received
                   0  signals received
                   0  voluntary context switches
              180259  involuntary context switches
        602272528869  instructions retired
        193152173636  cycles elapsed
         44161793608  peak memory footprint
