
running 1 test
test real_state_bench::real_state_benchmark ... PHASES {"profile_schema":1,"scope":"cpu_prove_before_logging_and_local_drops","execute_ms":434.150625000,"build_ms":593.105167000,"transcript_setup_ms":0.004167000,"commit_ms":1892.271792000,"bus_ms":2020.841875000,"constraints_ms":461.483375000,"claim_prep_ms":0.021750000,"reduction_ms":2.234750000,"pcs_open_ms":1152.637875000,"finalize_ms":0.004541000,"internal_total_ms":6556.777042000,"internal_residual_ms":0.021125000}
RESULT {"action":"prove","cycles":7498510,"counts":[5954835, 1543542, 132, 0, 1, 0],"cells":7492965,"mem_used":7492965,"log_mem":23,"committed":182455228,"proof_bytes":834752,"assembly_ms":520.722,"prove_including_execute_ms":6673.427,"verify_ms":160.432,"negative_checks_ms":97.153,"wrong_public_rejected":true,"mutated_proof_rejected":true}
ok

test result: ok. 1 passed; 0 failed; 0 ignored; 0 measured; 4 filtered out; finished in 7.45s

        7.54 real        34.18 user        10.91 sys
         41415688192  maximum resident set size
                   0  average shared memory size
                   0  average unshared data size
                   0  average unshared stack size
             3207852  page reclaims
                   0  page faults
                   0  swaps
                   0  block input operations
                   0  block output operations
                   0  messages sent
                   0  messages received
                   0  signals received
                   0  voluntary context switches
              172063  involuntary context switches
        565931781491  instructions retired
        183183666445  cycles elapsed
         41433970424  peak memory footprint
