
running 1 test
test real_state_bench::real_state_benchmark ... PHASES {"profile_schema":1,"scope":"cpu_prove_before_logging_and_local_drops","execute_ms":424.141459000,"build_ms":596.325000000,"transcript_setup_ms":0.005292000,"commit_ms":1907.484417000,"bus_ms":2080.328084000,"constraints_ms":468.699834000,"claim_prep_ms":0.016000000,"reduction_ms":2.398500000,"pcs_open_ms":1183.199291000,"finalize_ms":0.005375000,"internal_total_ms":6662.623250000,"internal_residual_ms":0.019998000}
RESULT {"action":"prove","cycles":7498510,"counts":[5954835, 1543542, 132, 0, 1, 0],"cells":7492965,"mem_used":7492965,"log_mem":23,"committed":182455228,"proof_bytes":834752,"assembly_ms":519.848,"prove_including_execute_ms":6779.497,"verify_ms":161.244,"negative_checks_ms":102.251,"wrong_public_rejected":true,"mutated_proof_rejected":true}
ok

test result: ok. 1 passed; 0 failed; 0 ignored; 0 measured; 4 filtered out; finished in 7.56s

        7.66 real        34.52 user        11.03 sys
         41417195520  maximum resident set size
                   0  average shared memory size
                   0  average unshared data size
                   0  average unshared stack size
             3208135  page reclaims
                   0  page faults
                   0  swaps
                   0  block input operations
                   0  block output operations
                   0  messages sent
                   0  messages received
                   0  signals received
                   0  voluntary context switches
              191204  involuntary context switches
        566135020981  instructions retired
        184845950179  cycles elapsed
         41435494160  peak memory footprint
