
running 1 test
test real_state_bench::real_state_benchmark ... PHASES {"profile_schema":1,"scope":"cpu_prove_before_logging_and_local_drops","execute_ms":750.293917000,"build_ms":708.167750000,"transcript_setup_ms":0.004542000,"commit_ms":1939.305042000,"bus_ms":2223.769667000,"constraints_ms":425.403334000,"claim_prep_ms":0.025583000,"reduction_ms":2.178292000,"pcs_open_ms":1174.705625000,"finalize_ms":0.004834000,"internal_total_ms":7223.893375000,"internal_residual_ms":0.034789000}
RESULT {"action":"prove","cycles":8482697,"counts":[6592617, 1889947, 132, 0, 1, 0],"cells":8476896,"mem_used":8476896,"log_mem":24,"committed":207621052,"proof_bytes":836384,"assembly_ms":1009.317,"prove_including_execute_ms":7342.036,"verify_ms":324.493,"negative_checks_ms":185.907,"wrong_public_rejected":true,"mutated_proof_rejected":true}
ok

test result: ok. 1 passed; 0 failed; 0 ignored; 0 measured; 4 filtered out; finished in 8.86s

        8.97 real        36.77 user        11.28 sys
         44083576832  maximum resident set size
                   0  average shared memory size
                   0  average unshared data size
                   0  average unshared stack size
             3414169  page reclaims
                   0  page faults
                   0  swaps
                   0  block input operations
                   0  block output operations
                   0  messages sent
                   0  messages received
                   0  signals received
                   1  voluntary context switches
              186464  involuntary context switches
        601633400265  instructions retired
        193720105299  cycles elapsed
         44103319304  peak memory footprint
