
running 1 test
test real_state_bench::real_state_benchmark ... PHASES {"profile_schema":1,"scope":"cpu_prove_before_logging_and_local_drops","execute_ms":422.912958000,"build_ms":595.608583000,"transcript_setup_ms":0.004250000,"commit_ms":2196.675583000,"bus_ms":2327.234291000,"constraints_ms":446.738208000,"claim_prep_ms":0.022208000,"reduction_ms":2.181333000,"pcs_open_ms":1166.596291000,"finalize_ms":0.005417000,"internal_total_ms":7158.000209000,"internal_residual_ms":0.021087000}
RESULT {"action":"prove","cycles":7498510,"counts":[5954835, 1543542, 132, 0, 1, 0],"cells":7492965,"mem_used":7492965,"log_mem":23,"committed":182455228,"proof_bytes":834752,"assembly_ms":522.630,"prove_including_execute_ms":7280.047,"verify_ms":166.333,"negative_checks_ms":102.730,"wrong_public_rejected":true,"mutated_proof_rejected":true}
ok

test result: ok. 1 passed; 0 failed; 0 ignored; 0 measured; 4 filtered out; finished in 8.07s

        8.17 real        38.04 user        11.78 sys
         41414443008  maximum resident set size
                   0  average shared memory size
                   0  average unshared data size
                   0  average unshared stack size
             3208124  page reclaims
                   0  page faults
                   0  swaps
                   0  block input operations
                   0  block output operations
                   0  messages sent
                   0  messages received
                   0  signals received
                   0  voluntary context switches
              187652  involuntary context switches
        566575413172  instructions retired
        182676924644  cycles elapsed
         41432725240  peak memory footprint
