
running 1 test
test real_state_bench::real_state_benchmark ... PHASES {"profile_schema":1,"scope":"cpu_prove_before_logging_and_local_drops","execute_ms":798.827541000,"build_ms":708.853375000,"transcript_setup_ms":0.004333000,"commit_ms":2099.575250000,"bus_ms":2377.527334000,"constraints_ms":435.658000000,"claim_prep_ms":0.022375000,"reduction_ms":2.202750000,"pcs_open_ms":1180.581958000,"finalize_ms":0.006500000,"internal_total_ms":7603.279500000,"internal_residual_ms":0.020084000}
RESULT {"action":"prove","cycles":8462089,"counts":[6722637, 1739319, 132, 0, 1, 0],"cells":8456073,"mem_used":8456073,"log_mem":24,"committed":207621052,"proof_bytes":835712,"assembly_ms":1030.604,"prove_including_execute_ms":7720.184,"verify_ms":330.126,"negative_checks_ms":192.004,"wrong_public_rejected":true,"mutated_proof_rejected":true}
ok

test result: ok. 1 passed; 0 failed; 0 ignored; 0 measured; 4 filtered out; finished in 9.27s

        9.38 real        38.79 user        11.34 sys
         44144377856  maximum resident set size
                   0  average shared memory size
                   0  average unshared data size
                   0  average unshared stack size
             3415940  page reclaims
                   0  page faults
                   0  swaps
                   0  block input operations
                   0  block output operations
                   0  messages sent
                   0  messages received
                   0  signals received
                   0  voluntary context switches
              193335  involuntary context switches
        602723602748  instructions retired
        191287809852  cycles elapsed
         44163972680  peak memory footprint
