
running 1 test
test real_state_bench::real_state_benchmark ... PHASES {"profile_schema":1,"scope":"cpu_prove_before_logging_and_local_drops","execute_ms":422.501458000,"build_ms":590.289250000,"transcript_setup_ms":0.004666000,"commit_ms":2250.970708000,"bus_ms":2335.007166000,"constraints_ms":433.443333000,"claim_prep_ms":0.020750000,"reduction_ms":2.185584000,"pcs_open_ms":1129.592083000,"finalize_ms":0.004917000,"internal_total_ms":7164.039750000,"internal_residual_ms":0.019835000}
RESULT {"action":"prove","cycles":7498510,"counts":[5954835, 1543542, 132, 0, 1, 0],"cells":7492965,"mem_used":7492965,"log_mem":23,"committed":182455228,"proof_bytes":834752,"assembly_ms":519.063,"prove_including_execute_ms":7287.938,"verify_ms":170.361,"negative_checks_ms":99.324,"wrong_public_rejected":true,"mutated_proof_rejected":true}
ok

test result: ok. 1 passed; 0 failed; 0 ignored; 0 measured; 4 filtered out; finished in 8.08s

        8.17 real        38.15 user        11.71 sys
         41415868416  maximum resident set size
                   0  average shared memory size
                   0  average unshared data size
                   0  average unshared stack size
             3207829  page reclaims
                   0  page faults
                   0  swaps
                   0  block input operations
                   0  block output operations
                   0  messages sent
                   0  messages received
                   0  signals received
                   0  voluntary context switches
              184685  involuntary context switches
        566090728205  instructions retired
        180313023939  cycles elapsed
         41434183464  peak memory footprint
