
running 1 test
test real_state_bench::real_state_benchmark ... PHASES {"profile_schema":1,"scope":"cpu_prove_before_logging_and_local_drops","execute_ms":803.888625000,"build_ms":710.139583000,"transcript_setup_ms":0.004292000,"commit_ms":2065.005666000,"bus_ms":2525.266042000,"constraints_ms":428.133875000,"claim_prep_ms":0.024083000,"reduction_ms":2.184625000,"pcs_open_ms":1164.671417000,"finalize_ms":0.006875000,"internal_total_ms":7699.351250000,"internal_residual_ms":0.026167000}
RESULT {"action":"prove","cycles":8482697,"counts":[6592617, 1889947, 132, 0, 1, 0],"cells":8476896,"mem_used":8476896,"log_mem":24,"committed":207621052,"proof_bytes":836384,"assembly_ms":1021.868,"prove_including_execute_ms":7818.294,"verify_ms":336.560,"negative_checks_ms":182.676,"wrong_public_rejected":true,"mutated_proof_rejected":true}
ok

test result: ok. 1 passed; 0 failed; 0 ignored; 0 measured; 4 filtered out; finished in 9.36s

        9.47 real        38.84 user        11.79 sys
         44080119808  maximum resident set size
                   0  average shared memory size
                   0  average unshared data size
                   0  average unshared stack size
             3414026  page reclaims
                   0  page faults
                   0  swaps
                   0  block input operations
                   0  block output operations
                   0  messages sent
                   0  messages received
                   0  signals received
                   0  voluntary context switches
              184571  involuntary context switches
        601612203950  instructions retired
        191054656719  cycles elapsed
         44099829464  peak memory footprint
