
running 1 test
test real_state_bench::real_state_benchmark ... PHASES {"profile_schema":1,"scope":"cpu_prove_before_logging_and_local_drops","execute_ms":799.585333000,"build_ms":713.801209000,"transcript_setup_ms":0.004209000,"commit_ms":2113.941042000,"bus_ms":2447.290750000,"constraints_ms":430.195375000,"claim_prep_ms":0.022500000,"reduction_ms":2.379208000,"pcs_open_ms":1164.695916000,"finalize_ms":0.006667000,"internal_total_ms":7671.945666000,"internal_residual_ms":0.023457000}
RESULT {"action":"prove","cycles":8482697,"counts":[6592617, 1889947, 132, 0, 1, 0],"cells":8476896,"mem_used":8476896,"log_mem":24,"committed":207621052,"proof_bytes":836384,"assembly_ms":1022.430,"prove_including_execute_ms":7789.485,"verify_ms":336.209,"negative_checks_ms":192.614,"wrong_public_rejected":true,"mutated_proof_rejected":true}
ok

test result: ok. 1 passed; 0 failed; 0 ignored; 0 measured; 4 filtered out; finished in 9.34s

        9.45 real        39.21 user        11.90 sys
         44083183616  maximum resident set size
                   0  average shared memory size
                   0  average unshared data size
                   0  average unshared stack size
             3414268  page reclaims
                   0  page faults
                   0  swaps
                   0  block input operations
                   0  block output operations
                   0  messages sent
                   0  messages received
                   0  signals received
                   1  voluntary context switches
              187205  involuntary context switches
        601931743682  instructions retired
        192205199073  cycles elapsed
         44102876864  peak memory footprint
