
running 1 test
test real_state_bench::real_state_benchmark ... PHASES {"profile_schema":1,"scope":"cpu_prove_before_logging_and_local_drops","execute_ms":799.274958000,"build_ms":706.640500000,"transcript_setup_ms":0.004542000,"commit_ms":2131.145500000,"bus_ms":2474.980250000,"constraints_ms":428.672667000,"claim_prep_ms":0.024250000,"reduction_ms":2.151792000,"pcs_open_ms":1148.449500000,"finalize_ms":0.005208000,"internal_total_ms":7691.372209000,"internal_residual_ms":0.023042000}
RESULT {"action":"prove","cycles":8462089,"counts":[6722637, 1739319, 132, 0, 1, 0],"cells":8456073,"mem_used":8456073,"log_mem":24,"committed":207621052,"proof_bytes":835712,"assembly_ms":1023.114,"prove_including_execute_ms":7810.436,"verify_ms":331.927,"negative_checks_ms":184.000,"wrong_public_rejected":true,"mutated_proof_rejected":true}
ok

test result: ok. 1 passed; 0 failed; 0 ignored; 0 measured; 4 filtered out; finished in 9.35s

        9.46 real        38.98 user        11.65 sys
         44144328704  maximum resident set size
                   0  average shared memory size
                   0  average unshared data size
                   0  average unshared stack size
             3415885  page reclaims
                   0  page faults
                   0  swaps
                   0  block input operations
                   0  block output operations
                   0  messages sent
                   0  messages received
                   0  signals received
                   0  voluntary context switches
              187705  involuntary context switches
        602633152855  instructions retired
        190963589448  cycles elapsed
         44163907120  peak memory footprint
