
running 1 test
test real_state_bench::real_state_benchmark ... PHASES {"profile_schema":1,"scope":"cpu_prove_before_logging_and_local_drops","execute_ms":426.816625000,"build_ms":592.311875000,"transcript_setup_ms":0.005333000,"commit_ms":2276.742458000,"bus_ms":2333.962125000,"constraints_ms":420.396833000,"claim_prep_ms":0.018833000,"reduction_ms":2.214459000,"pcs_open_ms":1131.090417000,"finalize_ms":0.005625000,"internal_total_ms":7183.587666000,"internal_residual_ms":0.023083000}
RESULT {"action":"prove","cycles":7498510,"counts":[5954835, 1543542, 132, 0, 1, 0],"cells":7492965,"mem_used":7492965,"log_mem":23,"committed":182455228,"proof_bytes":834752,"assembly_ms":520.554,"prove_including_execute_ms":7307.708,"verify_ms":167.236,"negative_checks_ms":100.482,"wrong_public_rejected":true,"mutated_proof_rejected":true}
ok

test result: ok. 1 passed; 0 failed; 0 ignored; 0 measured; 4 filtered out; finished in 8.10s

        8.19 real        38.25 user        11.68 sys
         41413394432  maximum resident set size
                   0  average shared memory size
                   0  average unshared data size
                   0  average unshared stack size
             3207791  page reclaims
                   0  page faults
                   0  swaps
                   0  block input operations
                   0  block output operations
                   0  messages sent
                   0  messages received
                   0  signals received
                   1  voluntary context switches
              194476  involuntary context switches
        566622800860  instructions retired
        180641674901  cycles elapsed
         41431693072  peak memory footprint
