
running 1 test
test real_state_bench::real_state_benchmark ... PHASES {"profile_schema":1,"scope":"cpu_prove_before_logging_and_local_drops","execute_ms":418.579000000,"build_ms":600.438625000,"transcript_setup_ms":0.004166000,"commit_ms":2368.793917000,"bus_ms":2530.439583000,"constraints_ms":432.106000000,"claim_prep_ms":0.018834000,"reduction_ms":2.493375000,"pcs_open_ms":1188.846583000,"finalize_ms":0.005417000,"internal_total_ms":7541.745708000,"internal_residual_ms":0.020208000}
RESULT {"action":"prove","cycles":7498510,"counts":[5954835, 1543542, 132, 0, 1, 0],"cells":7492965,"mem_used":7492965,"log_mem":23,"committed":182455228,"proof_bytes":834752,"assembly_ms":520.356,"prove_including_execute_ms":7664.471,"verify_ms":169.920,"negative_checks_ms":102.711,"wrong_public_rejected":true,"mutated_proof_rejected":true}
ok

test result: ok. 1 passed; 0 failed; 0 ignored; 0 measured; 4 filtered out; finished in 8.46s

        8.55 real        39.55 user        12.14 sys
         41411198976  maximum resident set size
                   0  average shared memory size
                   0  average unshared data size
                   0  average unshared stack size
             3207890  page reclaims
                   0  page faults
                   0  swaps
                   0  block input operations
                   0  block output operations
                   0  messages sent
                   0  messages received
                   0  signals received
                   1  voluntary context switches
              237597  involuntary context switches
        567872808093  instructions retired
        183255165544  cycles elapsed
         41429497616  peak memory footprint
