
running 1 test
test real_state_bench::real_state_benchmark ... PHASES {"profile_schema":1,"scope":"cpu_prove_before_logging_and_local_drops","execute_ms":807.248500000,"build_ms":721.954917000,"transcript_setup_ms":0.005708000,"commit_ms":2239.603375000,"bus_ms":2485.189500000,"constraints_ms":433.578417000,"claim_prep_ms":0.020459000,"reduction_ms":2.330750000,"pcs_open_ms":1157.526667000,"finalize_ms":0.004541000,"internal_total_ms":7847.484458000,"internal_residual_ms":0.021624000}
RESULT {"action":"prove","cycles":8462089,"counts":[6722637, 1739319, 132, 0, 1, 0],"cells":8456073,"mem_used":8456073,"log_mem":24,"committed":207621052,"proof_bytes":835712,"assembly_ms":1025.310,"prove_including_execute_ms":7957.345,"verify_ms":312.847,"negative_checks_ms":179.469,"wrong_public_rejected":true,"mutated_proof_rejected":true}
ok

test result: ok. 1 passed; 0 failed; 0 ignored; 0 measured; 4 filtered out; finished in 9.48s

        9.58 real        39.80 user        11.89 sys
         44140019712  maximum resident set size
                   0  average shared memory size
                   0  average unshared data size
                   0  average unshared stack size
             3415859  page reclaims
                   0  page faults
                   0  swaps
                   0  block input operations
                   0  block output operations
                   0  messages sent
                   0  messages received
                   0  signals received
                   2  voluntary context switches
              220534  involuntary context switches
        603423815831  instructions retired
        193787484957  cycles elapsed
         44159696576  peak memory footprint
