
running 1 test
test real_state_bench::real_state_benchmark ... PHASES {"profile_schema":1,"scope":"cpu_prove_before_logging_and_local_drops","execute_ms":785.724541000,"build_ms":707.233167000,"transcript_setup_ms":0.004500000,"commit_ms":1902.868667000,"bus_ms":2178.794916000,"constraints_ms":425.272125000,"claim_prep_ms":0.017958000,"reduction_ms":2.157333000,"pcs_open_ms":1073.034084000,"finalize_ms":0.008167000,"internal_total_ms":7075.139625000,"internal_residual_ms":0.024167000}
RESULT {"action":"prove","cycles":8462089,"counts":[6722637, 1739319, 132, 0, 1, 0],"cells":8456073,"mem_used":8456073,"log_mem":24,"committed":207621052,"proof_bytes":835712,"assembly_ms":1018.504,"prove_including_execute_ms":7180.528,"verify_ms":299.373,"negative_checks_ms":171.373,"wrong_public_rejected":true,"mutated_proof_rejected":true}
ok

test result: ok. 1 passed; 0 failed; 0 ignored; 0 measured; 4 filtered out; finished in 8.67s

        8.78 real        36.06 user        10.77 sys
         44143378432  maximum resident set size
                   0  average shared memory size
                   0  average unshared data size
                   0  average unshared stack size
             3415848  page reclaims
                   0  page faults
                   0  swaps
                   0  block input operations
                   0  block output operations
                   0  messages sent
                   0  messages received
                   0  signals received
                   1  voluntary context switches
              157307  involuntary context switches
        601313109764  instructions retired
        190317666181  cycles elapsed
         44163071704  peak memory footprint
