
running 1 test
test real_state_bench::real_state_benchmark ... PHASES {"profile_schema":1,"scope":"cpu_prove_before_logging_and_local_drops","execute_ms":420.079625000,"build_ms":585.880500000,"transcript_setup_ms":0.004958000,"commit_ms":2031.406916000,"bus_ms":2146.994334000,"constraints_ms":403.758542000,"claim_prep_ms":0.025166000,"reduction_ms":2.067375000,"pcs_open_ms":1112.393750000,"finalize_ms":0.004375000,"internal_total_ms":6702.635666000,"internal_residual_ms":0.020125000}
RESULT {"action":"prove","cycles":7498510,"counts":[5954835, 1543542, 132, 0, 1, 0],"cells":7492965,"mem_used":7492965,"log_mem":23,"committed":182455228,"proof_bytes":834752,"assembly_ms":517.292,"prove_including_execute_ms":6811.707,"verify_ms":157.811,"negative_checks_ms":96.594,"wrong_public_rejected":true,"mutated_proof_rejected":true}
ok

test result: ok. 1 passed; 0 failed; 0 ignored; 0 measured; 4 filtered out; finished in 7.59s

        7.67 real        35.77 user        11.07 sys
         41413935104  maximum resident set size
                   0  average shared memory size
                   0  average unshared data size
                   0  average unshared stack size
             3208206  page reclaims
                   0  page faults
                   0  swaps
                   0  block input operations
                   0  block output operations
                   0  messages sent
                   0  messages received
                   0  signals received
                   0  voluntary context switches
              189697  involuntary context switches
        565250850755  instructions retired
        182090094796  cycles elapsed
         41432217336  peak memory footprint
