
running 1 test
test real_state_bench::real_state_benchmark ... PHASES {"profile_schema":1,"scope":"cpu_prove_before_logging_and_local_drops","execute_ms":705.200917000,"build_ms":692.662417000,"transcript_setup_ms":0.004250000,"commit_ms":1794.164875000,"bus_ms":2073.442875000,"constraints_ms":403.770625000,"claim_prep_ms":0.025208000,"reduction_ms":2.274041000,"pcs_open_ms":1102.826125000,"finalize_ms":0.005041000,"internal_total_ms":6774.397792000,"internal_residual_ms":0.021418000}
RESULT {"action":"prove","cycles":8482697,"counts":[6592617, 1889947, 132, 0, 1, 0],"cells":8476896,"mem_used":8476896,"log_mem":24,"committed":207621052,"proof_bytes":836384,"assembly_ms":1005.556,"prove_including_execute_ms":6875.572,"verify_ms":305.216,"negative_checks_ms":172.557,"wrong_public_rejected":true,"mutated_proof_rejected":true}
ok

test result: ok. 1 passed; 0 failed; 0 ignored; 0 measured; 4 filtered out; finished in 8.36s

        8.47 real        34.55 user        10.72 sys
         44082987008  maximum resident set size
                   0  average shared memory size
                   0  average unshared data size
                   0  average unshared stack size
             3414037  page reclaims
                   0  page faults
                   0  swaps
                   0  block input operations
                   0  block output operations
                   0  messages sent
                   0  messages received
                   0  signals received
                   0  voluntary context switches
              165042  involuntary context switches
        600678029599  instructions retired
        188390140893  cycles elapsed
         44102696664  peak memory footprint
