
running 1 test
test real_state_bench::real_state_benchmark ... PHASES {"profile_schema":1,"scope":"cpu_prove_before_logging_and_local_drops","execute_ms":747.874083000,"build_ms":724.090417000,"transcript_setup_ms":0.004292000,"commit_ms":1931.561666000,"bus_ms":2282.984792000,"constraints_ms":429.220209000,"claim_prep_ms":0.020917000,"reduction_ms":2.394417000,"pcs_open_ms":1140.038292000,"finalize_ms":0.006625000,"internal_total_ms":7258.219584000,"internal_residual_ms":0.023874000}
RESULT {"action":"prove","cycles":8482697,"counts":[6592617, 1889947, 132, 0, 1, 0],"cells":8476896,"mem_used":8476896,"log_mem":24,"committed":207621052,"proof_bytes":836384,"assembly_ms":1028.452,"prove_including_execute_ms":7371.631,"verify_ms":309.913,"negative_checks_ms":184.846,"wrong_public_rejected":true,"mutated_proof_rejected":true}
ok

test result: ok. 1 passed; 0 failed; 0 ignored; 0 measured; 4 filtered out; finished in 8.90s

        9.01 real        36.21 user        11.44 sys
         44080332800  maximum resident set size
                   0  average shared memory size
                   0  average unshared data size
                   0  average unshared stack size
             3413906  page reclaims
                   0  page faults
                   0  swaps
                   0  block input operations
                   0  block output operations
                   0  messages sent
                   0  messages received
                   0  signals received
                   0  voluntary context switches
              224687  involuntary context switches
        601993692534  instructions retired
        195385751791  cycles elapsed
         44100058864  peak memory footprint
