
running 1 test
test real_state_bench::real_state_benchmark ... PHASES {"profile_schema":1,"scope":"cpu_prove_before_logging_and_local_drops","execute_ms":798.029041000,"build_ms":717.170334000,"transcript_setup_ms":0.005000000,"commit_ms":1954.211292000,"bus_ms":2208.697250000,"constraints_ms":427.434125000,"claim_prep_ms":0.024000000,"reduction_ms":2.633541000,"pcs_open_ms":1133.974417000,"finalize_ms":0.007667000,"internal_total_ms":7242.212042000,"internal_residual_ms":0.025375000}
RESULT {"action":"prove","cycles":8462089,"counts":[6722637, 1739319, 132, 0, 1, 0],"cells":8456073,"mem_used":8456073,"log_mem":24,"committed":207621052,"proof_bytes":835712,"assembly_ms":1027.486,"prove_including_execute_ms":7339.982,"verify_ms":295.497,"negative_checks_ms":178.813,"wrong_public_rejected":true,"mutated_proof_rejected":true}
ok

test result: ok. 1 passed; 0 failed; 0 ignored; 0 measured; 4 filtered out; finished in 8.84s

        8.95 real        36.48 user        11.24 sys
         44143788032  maximum resident set size
                   0  average shared memory size
                   0  average unshared data size
                   0  average unshared stack size
             3415896  page reclaims
                   0  page faults
                   0  swaps
                   0  block input operations
                   0  block output operations
                   0  messages sent
                   0  messages received
                   0  signals received
                   0  voluntary context switches
              204122  involuntary context switches
        602184425760  instructions retired
        193147733169  cycles elapsed
         44163464896  peak memory footprint
