
running 1 test
test real_state_bench::real_state_benchmark ... PHASES {"profile_schema":1,"scope":"cpu_prove_before_logging_and_local_drops","execute_ms":415.175291000,"build_ms":579.267292000,"transcript_setup_ms":0.004666000,"commit_ms":1854.910417000,"bus_ms":1960.729625000,"constraints_ms":407.830625000,"claim_prep_ms":0.015584000,"reduction_ms":2.277334000,"pcs_open_ms":1064.192042000,"finalize_ms":0.004750000,"internal_total_ms":6284.426833000,"internal_residual_ms":0.019207000}
RESULT {"action":"prove","cycles":7498510,"counts":[5954835, 1543542, 132, 0, 1, 0],"cells":7492965,"mem_used":7492965,"log_mem":23,"committed":182455228,"proof_bytes":834752,"assembly_ms":511.740,"prove_including_execute_ms":6391.031,"verify_ms":153.492,"negative_checks_ms":90.931,"wrong_public_rejected":true,"mutated_proof_rejected":true}
ok

test result: ok. 1 passed; 0 failed; 0 ignored; 0 measured; 4 filtered out; finished in 7.15s

        7.24 real        32.82 user        10.43 sys
         41410871296  maximum resident set size
                   0  average shared memory size
                   0  average unshared data size
                   0  average unshared stack size
             3207834  page reclaims
                   0  page faults
                   0  swaps
                   0  block input operations
                   0  block output operations
                   0  messages sent
                   0  messages received
                   0  signals received
                   1  voluntary context switches
              165751  involuntary context switches
        564942197937  instructions retired
        177452006939  cycles elapsed
         41429169936  peak memory footprint
