
running 1 test
test real_state_bench::real_state_benchmark ... PHASES {"profile_schema":1,"scope":"cpu_prove_before_logging_and_local_drops","execute_ms":416.694541000,"build_ms":567.550250000,"transcript_setup_ms":0.003916000,"commit_ms":1908.487542000,"bus_ms":1983.166750000,"constraints_ms":403.237791000,"claim_prep_ms":0.020750000,"reduction_ms":2.255166000,"pcs_open_ms":1059.659666000,"finalize_ms":0.005416000,"internal_total_ms":6341.102958000,"internal_residual_ms":0.021170000}
RESULT {"action":"prove","cycles":7498510,"counts":[5954835, 1543542, 132, 0, 1, 0],"cells":7492965,"mem_used":7492965,"log_mem":23,"committed":182455228,"proof_bytes":834752,"assembly_ms":521.053,"prove_including_execute_ms":6443.242,"verify_ms":149.853,"negative_checks_ms":89.507,"wrong_public_rejected":true,"mutated_proof_rejected":true}
ok

test result: ok. 1 passed; 0 failed; 0 ignored; 0 measured; 4 filtered out; finished in 7.21s

        7.29 real        33.72 user        10.34 sys
         41411018752  maximum resident set size
                   0  average shared memory size
                   0  average unshared data size
                   0  average unshared stack size
             3207738  page reclaims
                   0  page faults
                   0  swaps
                   0  block input operations
                   0  block output operations
                   0  messages sent
                   0  messages received
                   0  signals received
                   0  voluntary context switches
              169601  involuntary context switches
        564854614852  instructions retired
        178797653191  cycles elapsed
         41429300984  peak memory footprint
