
running 1 test
test real_state_bench::real_state_benchmark ... PHASES {"profile_schema":1,"scope":"cpu_prove_before_logging_and_local_drops","execute_ms":719.322292000,"build_ms":707.445708000,"transcript_setup_ms":0.004542000,"commit_ms":1743.657167000,"bus_ms":2035.245834000,"constraints_ms":389.988334000,"claim_prep_ms":0.015000000,"reduction_ms":2.231334000,"pcs_open_ms":1074.716500000,"finalize_ms":0.009125000,"internal_total_ms":6672.659000000,"internal_residual_ms":0.023164000}
RESULT {"action":"prove","cycles":8462089,"counts":[6722637, 1739319, 132, 0, 1, 0],"cells":8456073,"mem_used":8456073,"log_mem":24,"committed":207621052,"proof_bytes":835712,"assembly_ms":1020.926,"prove_including_execute_ms":6764.633,"verify_ms":297.163,"negative_checks_ms":182.821,"wrong_public_rejected":true,"mutated_proof_rejected":true}
ok

test result: ok. 1 passed; 0 failed; 0 ignored; 0 measured; 4 filtered out; finished in 8.27s

        8.37 real        34.22 user        10.46 sys
         44102729728  maximum resident set size
                   0  average shared memory size
                   0  average unshared data size
                   0  average unshared stack size
             3413637  page reclaims
                   0  page faults
                   0  swaps
                   0  block input operations
                   0  block output operations
                   0  messages sent
                   0  messages received
                   0  signals received
                   0  voluntary context switches
              145196  involuntary context switches
        600559349291  instructions retired
        188827363494  cycles elapsed
         44122340960  peak memory footprint
