
running 1 test
test real_state_bench::real_state_benchmark ... PHASES {"profile_schema":1,"scope":"cpu_prove_before_logging_and_local_drops","execute_ms":721.415750000,"build_ms":708.068792000,"transcript_setup_ms":0.004417000,"commit_ms":1776.183583000,"bus_ms":2080.792166000,"constraints_ms":434.765416000,"claim_prep_ms":0.015500000,"reduction_ms":2.113125000,"pcs_open_ms":1133.802292000,"finalize_ms":0.009166000,"internal_total_ms":6857.191500000,"internal_residual_ms":0.021293000}
RESULT {"action":"prove","cycles":8462089,"counts":[6722637, 1739319, 132, 0, 1, 0],"cells":8456073,"mem_used":8456073,"log_mem":24,"committed":207621052,"proof_bytes":835712,"assembly_ms":1006.086,"prove_including_execute_ms":6953.465,"verify_ms":294.547,"negative_checks_ms":190.526,"wrong_public_rejected":true,"mutated_proof_rejected":true}
ok

test result: ok. 1 passed; 0 failed; 0 ignored; 0 measured; 4 filtered out; finished in 8.45s

        8.56 real        34.53 user        10.79 sys
         44142133248  maximum resident set size
                   0  average shared memory size
                   0  average unshared data size
                   0  average unshared stack size
             3416165  page reclaims
                   0  page faults
                   0  swaps
                   0  block input operations
                   0  block output operations
                   0  messages sent
                   0  messages received
                   0  signals received
                   0  voluntary context switches
              184316  involuntary context switches
        601718818209  instructions retired
        191619530469  cycles elapsed
         44161810112  peak memory footprint
