
running 1 test
test real_state_bench::real_state_benchmark ... PHASES {"profile_schema":1,"scope":"cpu_prove_before_logging_and_local_drops","execute_ms":429.938375000,"build_ms":583.860250000,"transcript_setup_ms":0.004750000,"commit_ms":1923.368875000,"bus_ms":2004.205333000,"constraints_ms":415.003583000,"claim_prep_ms":0.021042000,"reduction_ms":2.474542000,"pcs_open_ms":1118.403333000,"finalize_ms":0.005083000,"internal_total_ms":6477.311792000,"internal_residual_ms":0.026626000}
RESULT {"action":"prove","cycles":7498510,"counts":[5954835, 1543542, 132, 0, 1, 0],"cells":7492965,"mem_used":7492965,"log_mem":23,"committed":182455228,"proof_bytes":834752,"assembly_ms":510.696,"prove_including_execute_ms":6591.842,"verify_ms":153.478,"negative_checks_ms":97.338,"wrong_public_rejected":true,"mutated_proof_rejected":true}
ok

test result: ok. 1 passed; 0 failed; 0 ignored; 0 measured; 4 filtered out; finished in 7.35s

        7.45 real        34.45 user        10.72 sys
         41414508544  maximum resident set size
                   0  average shared memory size
                   0  average unshared data size
                   0  average unshared stack size
             3208001  page reclaims
                   0  page faults
                   0  swaps
                   0  block input operations
                   0  block output operations
                   0  messages sent
                   0  messages received
                   0  signals received
                   0  voluntary context switches
              167823  involuntary context switches
        564675563778  instructions retired
        183131369758  cycles elapsed
         41432790776  peak memory footprint
