
running 1 test
test real_state_bench::real_state_benchmark ... PHASES {"profile_schema":1,"scope":"cpu_prove_before_logging_and_local_drops","execute_ms":771.255500000,"build_ms":694.647958000,"transcript_setup_ms":0.004542000,"commit_ms":1895.018541000,"bus_ms":2187.451750000,"constraints_ms":427.031709000,"claim_prep_ms":0.019459000,"reduction_ms":2.254042000,"pcs_open_ms":1152.293250000,"finalize_ms":0.006667000,"internal_total_ms":7130.011041000,"internal_residual_ms":0.027623000}
RESULT {"action":"prove","cycles":8482697,"counts":[6592617, 1889947, 132, 0, 1, 0],"cells":8476896,"mem_used":8476896,"log_mem":24,"committed":207621052,"proof_bytes":836384,"assembly_ms":1020.792,"prove_including_execute_ms":7236.367,"verify_ms":306.087,"negative_checks_ms":183.015,"wrong_public_rejected":true,"mutated_proof_rejected":true}
ok

test result: ok. 1 passed; 0 failed; 0 ignored; 0 measured; 4 filtered out; finished in 8.75s

        8.86 real        36.37 user        11.11 sys
         44083003392  maximum resident set size
                   0  average shared memory size
                   0  average unshared data size
                   0  average unshared stack size
             3413852  page reclaims
                   0  page faults
                   0  swaps
                   0  block input operations
                   0  block output operations
                   0  messages sent
                   0  messages received
                   0  signals received
                   0  voluntary context switches
              177942  involuntary context switches
        601483917850  instructions retired
        194494901965  cycles elapsed
         44102696640  peak memory footprint
