
running 1 test
test real_state_bench::real_state_benchmark ... PHASES {"profile_schema":1,"scope":"cpu_prove_before_logging_and_local_drops","execute_ms":771.848584000,"build_ms":700.625125000,"transcript_setup_ms":0.004209000,"commit_ms":1849.076792000,"bus_ms":2092.078292000,"constraints_ms":432.444625000,"claim_prep_ms":0.019542000,"reduction_ms":2.437667000,"pcs_open_ms":1099.007834000,"finalize_ms":0.005667000,"internal_total_ms":6947.574250000,"internal_residual_ms":0.025913000}
RESULT {"action":"prove","cycles":8462089,"counts":[6722637, 1739319, 132, 0, 1, 0],"cells":8456073,"mem_used":8456073,"log_mem":24,"committed":207621052,"proof_bytes":835712,"assembly_ms":1019.575,"prove_including_execute_ms":7048.035,"verify_ms":297.508,"negative_checks_ms":180.544,"wrong_public_rejected":true,"mutated_proof_rejected":true}
ok

test result: ok. 1 passed; 0 failed; 0 ignored; 0 measured; 4 filtered out; finished in 8.55s

        8.65 real        35.18 user        10.71 sys
         44144066560  maximum resident set size
                   0  average shared memory size
                   0  average unshared data size
                   0  average unshared stack size
             3415870  page reclaims
                   0  page faults
                   0  swaps
                   0  block input operations
                   0  block output operations
                   0  messages sent
                   0  messages received
                   0  signals received
                   0  voluntary context switches
              165996  involuntary context switches
        601738831258  instructions retired
        191095118186  cycles elapsed
         44163677792  peak memory footprint
