
running 1 test
test real_state_bench::real_state_benchmark ... PHASES {"profile_schema":1,"scope":"cpu_prove_before_logging_and_local_drops","execute_ms":766.765084000,"build_ms":696.903875000,"transcript_setup_ms":0.003917000,"commit_ms":1822.884750000,"bus_ms":2098.940708000,"constraints_ms":421.571084000,"claim_prep_ms":0.021792000,"reduction_ms":2.221583000,"pcs_open_ms":1100.378041000,"finalize_ms":0.005083000,"internal_total_ms":6909.718500000,"internal_residual_ms":0.022583000}
RESULT {"action":"prove","cycles":8482697,"counts":[6592617, 1889947, 132, 0, 1, 0],"cells":8476896,"mem_used":8476896,"log_mem":24,"committed":207621052,"proof_bytes":836384,"assembly_ms":1021.573,"prove_including_execute_ms":7011.491,"verify_ms":296.209,"negative_checks_ms":177.269,"wrong_public_rejected":true,"mutated_proof_rejected":true}
ok

test result: ok. 1 passed; 0 failed; 0 ignored; 0 measured; 4 filtered out; finished in 8.51s

        8.61 real        35.05 user        10.73 sys
         44085624832  maximum resident set size
                   0  average shared memory size
                   0  average unshared data size
                   0  average unshared stack size
             3414109  page reclaims
                   0  page faults
                   0  swaps
                   0  block input operations
                   0  block output operations
                   0  messages sent
                   0  messages received
                   0  signals received
                   2  voluntary context switches
              157991  involuntary context switches
        601062876193  instructions retired
        191503475152  cycles elapsed
         44105367304  peak memory footprint
