
running 1 test
test real_state_bench::real_state_benchmark ... PHASES {"profile_schema":1,"scope":"cpu_prove_before_logging_and_local_drops","execute_ms":768.181083000,"build_ms":702.440708000,"transcript_setup_ms":0.005333000,"commit_ms":1818.197083000,"bus_ms":2095.291083000,"constraints_ms":412.161750000,"claim_prep_ms":0.020083000,"reduction_ms":2.221291000,"pcs_open_ms":1097.379542000,"finalize_ms":0.004625000,"internal_total_ms":6895.925458000,"internal_residual_ms":0.022877000}
RESULT {"action":"prove","cycles":8482697,"counts":[6592617, 1889947, 132, 0, 1, 0],"cells":8476896,"mem_used":8476896,"log_mem":24,"committed":207621052,"proof_bytes":836384,"assembly_ms":1020.634,"prove_including_execute_ms":6995.136,"verify_ms":296.830,"negative_checks_ms":175.339,"wrong_public_rejected":true,"mutated_proof_rejected":true}
ok

test result: ok. 1 passed; 0 failed; 0 ignored; 0 measured; 4 filtered out; finished in 8.49s

        8.59 real        35.05 user        10.87 sys
         44081954816  maximum resident set size
                   0  average shared memory size
                   0  average unshared data size
                   0  average unshared stack size
             3413879  page reclaims
                   0  page faults
                   0  swaps
                   0  block input operations
                   0  block output operations
                   0  messages sent
                   0  messages received
                   0  signals received
                   0  voluntary context switches
              157496  involuntary context switches
        600476955367  instructions retired
        191913543521  cycles elapsed
         44101680880  peak memory footprint
