
running 1 test
test real_state_bench::real_state_benchmark ... PHASES {"profile_schema":1,"scope":"cpu_prove_before_logging_and_local_drops","execute_ms":767.518083000,"build_ms":703.225458000,"transcript_setup_ms":0.009625000,"commit_ms":1800.596875000,"bus_ms":2116.000750000,"constraints_ms":421.906625000,"claim_prep_ms":0.021583000,"reduction_ms":2.326583000,"pcs_open_ms":1119.813292000,"finalize_ms":0.007292000,"internal_total_ms":6931.451084000,"internal_residual_ms":0.024918000}
RESULT {"action":"prove","cycles":8462089,"counts":[6722637, 1739319, 132, 0, 1, 0],"cells":8456073,"mem_used":8456073,"log_mem":24,"committed":207621052,"proof_bytes":835712,"assembly_ms":1022.391,"prove_including_execute_ms":7034.682,"verify_ms":300.674,"negative_checks_ms":186.015,"wrong_public_rejected":true,"mutated_proof_rejected":true}
ok

test result: ok. 1 passed; 0 failed; 0 ignored; 0 measured; 4 filtered out; finished in 8.55s

        8.65 real        35.22 user        10.87 sys
         44143411200  maximum resident set size
                   0  average shared memory size
                   0  average unshared data size
                   0  average unshared stack size
             3415851  page reclaims
                   0  page faults
                   0  swaps
                   0  block input operations
                   0  block output operations
                   0  messages sent
                   0  messages received
                   0  signals received
                   0  voluntary context switches
              164053  involuntary context switches
        601498787082  instructions retired
        192858122792  cycles elapsed
         44163120880  peak memory footprint
