
running 1 test
test real_state_bench::real_state_benchmark ... PHASES {"profile_schema":1,"scope":"cpu_prove_before_logging_and_local_drops","execute_ms":419.548042000,"build_ms":574.113834000,"transcript_setup_ms":0.004542000,"commit_ms":1920.958208000,"bus_ms":1998.259875000,"constraints_ms":418.357833000,"claim_prep_ms":0.021833000,"reduction_ms":2.367000000,"pcs_open_ms":1110.349167000,"finalize_ms":0.004458000,"internal_total_ms":6444.004958000,"internal_residual_ms":0.020166000}
RESULT {"action":"prove","cycles":7498510,"counts":[5954835, 1543542, 132, 0, 1, 0],"cells":7492965,"mem_used":7492965,"log_mem":23,"committed":182455228,"proof_bytes":834752,"assembly_ms":517.271,"prove_including_execute_ms":6554.204,"verify_ms":167.772,"negative_checks_ms":97.994,"wrong_public_rejected":true,"mutated_proof_rejected":true}
ok

test result: ok. 1 passed; 0 failed; 0 ignored; 0 measured; 4 filtered out; finished in 7.34s

        7.43 real        34.36 user        10.66 sys
         41411739648  maximum resident set size
                   0  average shared memory size
                   0  average unshared data size
                   0  average unshared stack size
             3207889  page reclaims
                   0  page faults
                   0  swaps
                   0  block input operations
                   0  block output operations
                   0  messages sent
                   0  messages received
                   0  signals received
                   0  voluntary context switches
              163969  involuntary context switches
        565105470655  instructions retired
        182016469741  cycles elapsed
         41430005472  peak memory footprint
