
running 1 test
test real_state_bench::real_state_benchmark ... PHASES {"profile_schema":1,"scope":"cpu_prove_before_logging_and_local_drops","execute_ms":785.635000000,"build_ms":713.747000000,"transcript_setup_ms":0.005666000,"commit_ms":1859.352375000,"bus_ms":2072.997834000,"constraints_ms":404.536417000,"claim_prep_ms":0.020167000,"reduction_ms":2.264500000,"pcs_open_ms":1029.089708000,"finalize_ms":0.007958000,"internal_total_ms":6867.679667000,"internal_residual_ms":0.023042000}
RESULT {"action":"prove","cycles":8462089,"counts":[6722637, 1739319, 132, 0, 1, 0],"cells":8456073,"mem_used":8456073,"log_mem":24,"committed":207621052,"proof_bytes":835712,"assembly_ms":1021.947,"prove_including_execute_ms":6966.276,"verify_ms":291.868,"negative_checks_ms":165.868,"wrong_public_rejected":true,"mutated_proof_rejected":true}
ok

test result: ok. 1 passed; 0 failed; 0 ignored; 0 measured; 4 filtered out; finished in 8.45s

        8.55 real        34.92 user        10.42 sys
         44143738880  maximum resident set size
                   0  average shared memory size
                   0  average unshared data size
                   0  average unshared stack size
             3415603  page reclaims
                   0  page faults
                   0  swaps
                   0  block input operations
                   0  block output operations
                   0  messages sent
                   0  messages received
                   0  signals received
                   0  voluntary context switches
              163416  involuntary context switches
        601091124167  instructions retired
        188455703379  cycles elapsed
         44163432152  peak memory footprint
