
running 1 test
test real_state_bench::real_state_benchmark ... PHASES {"profile_schema":1,"scope":"cpu_prove_before_logging_and_local_drops","execute_ms":406.478375000,"build_ms":567.766333000,"transcript_setup_ms":0.003625000,"commit_ms":1810.598084000,"bus_ms":1907.584500000,"constraints_ms":423.061000000,"claim_prep_ms":0.017375000,"reduction_ms":2.129083000,"pcs_open_ms":1085.953625000,"finalize_ms":0.004458000,"internal_total_ms":6203.619083000,"internal_residual_ms":0.022625000}
RESULT {"action":"prove","cycles":7498510,"counts":[5954835, 1543542, 132, 0, 1, 0],"cells":7492965,"mem_used":7492965,"log_mem":23,"committed":182455228,"proof_bytes":834752,"assembly_ms":509.027,"prove_including_execute_ms":6309.471,"verify_ms":150.311,"negative_checks_ms":93.864,"wrong_public_rejected":true,"mutated_proof_rejected":true}
ok

test result: ok. 1 passed; 0 failed; 0 ignored; 0 measured; 4 filtered out; finished in 7.06s

        7.15 real        32.80 user        10.13 sys
         41416556544  maximum resident set size
                   0  average shared memory size
                   0  average unshared data size
                   0  average unshared stack size
             3208372  page reclaims
                   0  page faults
                   0  swaps
                   0  block input operations
                   0  block output operations
                   0  messages sent
                   0  messages received
                   0  signals received
                   0  voluntary context switches
              152101  involuntary context switches
        564755390034  instructions retired
        178728717462  cycles elapsed
         41434838776  peak memory footprint
