
running 1 test
test real_state_bench::real_state_benchmark ... PHASES {"profile_schema":1,"scope":"cpu_prove_before_logging_and_local_drops","execute_ms":722.971458000,"build_ms":687.004917000,"transcript_setup_ms":0.003959000,"commit_ms":1731.676125000,"bus_ms":2053.466750000,"constraints_ms":418.815625000,"claim_prep_ms":0.014333000,"reduction_ms":2.201792000,"pcs_open_ms":1093.373541000,"finalize_ms":0.004583000,"internal_total_ms":6709.555666000,"internal_residual_ms":0.022583000}
RESULT {"action":"prove","cycles":8482697,"counts":[6592617, 1889947, 132, 0, 1, 0],"cells":8476896,"mem_used":8476896,"log_mem":24,"committed":207621052,"proof_bytes":836384,"assembly_ms":1005.509,"prove_including_execute_ms":6803.212,"verify_ms":292.737,"negative_checks_ms":173.420,"wrong_public_rejected":true,"mutated_proof_rejected":true}
ok

test result: ok. 1 passed; 0 failed; 0 ignored; 0 measured; 4 filtered out; finished in 8.28s

        8.38 real        33.95 user        10.64 sys
         44100288512  maximum resident set size
                   0  average shared memory size
                   0  average unshared data size
                   0  average unshared stack size
             3412804  page reclaims
                   0  page faults
                   0  swaps
                   0  block input operations
                   0  block output operations
                   0  messages sent
                   0  messages received
                   0  signals received
                   2  voluntary context switches
              158364  involuntary context switches
        600494128427  instructions retired
        188686221373  cycles elapsed
         44120063752  peak memory footprint
