
running 1 test
test real_state_bench::real_state_benchmark ... PHASES {"profile_schema":1,"scope":"cpu_prove_before_logging_and_local_drops","execute_ms":712.529334000,"build_ms":694.621667000,"transcript_setup_ms":0.003541000,"commit_ms":1765.575667000,"bus_ms":2032.082000000,"constraints_ms":399.935458000,"claim_prep_ms":0.016375000,"reduction_ms":2.088583000,"pcs_open_ms":1083.605875000,"finalize_ms":0.004333000,"internal_total_ms":6690.483750000,"internal_residual_ms":0.020917000}
RESULT {"action":"prove","cycles":8462089,"counts":[6722637, 1739319, 132, 0, 1, 0],"cells":8456073,"mem_used":8456073,"log_mem":24,"committed":207621052,"proof_bytes":835712,"assembly_ms":1003.915,"prove_including_execute_ms":6786.902,"verify_ms":294.813,"negative_checks_ms":175.407,"wrong_public_rejected":true,"mutated_proof_rejected":true}
ok

test result: ok. 1 passed; 0 failed; 0 ignored; 0 measured; 4 filtered out; finished in 8.26s

        8.36 real        33.96 user        10.40 sys
         44138643456  maximum resident set size
                   0  average shared memory size
                   0  average unshared data size
                   0  average unshared stack size
             3415579  page reclaims
                   0  page faults
                   0  swaps
                   0  block input operations
                   0  block output operations
                   0  messages sent
                   0  messages received
                   0  signals received
                   0  voluntary context switches
              156042  involuntary context switches
        601422387692  instructions retired
        187786017748  cycles elapsed
         44158303912  peak memory footprint
