
running 1 test
test real_state_bench::real_state_benchmark ... PHASES {"profile_schema":1,"scope":"cpu_prove_before_logging_and_local_drops","execute_ms":720.173417000,"build_ms":692.760042000,"transcript_setup_ms":0.004500000,"commit_ms":1736.591250000,"bus_ms":2031.360583000,"constraints_ms":416.079541000,"claim_prep_ms":0.019042000,"reduction_ms":2.935291000,"pcs_open_ms":1083.652208000,"finalize_ms":0.008000000,"internal_total_ms":6683.610209000,"internal_residual_ms":0.026335000}
RESULT {"action":"prove","cycles":8462089,"counts":[6722637, 1739319, 132, 0, 1, 0],"cells":8456073,"mem_used":8456073,"log_mem":24,"committed":207621052,"proof_bytes":835712,"assembly_ms":1005.698,"prove_including_execute_ms":6778.282,"verify_ms":292.940,"negative_checks_ms":170.248,"wrong_public_rejected":true,"mutated_proof_rejected":true}
ok

test result: ok. 1 passed; 0 failed; 0 ignored; 0 measured; 4 filtered out; finished in 8.25s

        8.35 real        34.09 user        10.33 sys
         44142559232  maximum resident set size
                   0  average shared memory size
                   0  average unshared data size
                   0  average unshared stack size
             3415909  page reclaims
                   0  page faults
                   0  swaps
                   0  block input operations
                   0  block output operations
                   0  messages sent
                   0  messages received
                   0  signals received
                   0  voluntary context switches
              154017  involuntary context switches
        601209705363  instructions retired
        187963634850  cycles elapsed
         44162285320  peak memory footprint
