
running 1 test
test real_state_bench::real_state_benchmark ... PHASES {"profile_schema":1,"scope":"cpu_prove_before_logging_and_local_drops","execute_ms":729.290625000,"build_ms":708.459792000,"transcript_setup_ms":0.004334000,"commit_ms":1768.746959000,"bus_ms":2041.924750000,"constraints_ms":447.384333000,"claim_prep_ms":0.020625000,"reduction_ms":2.020333000,"pcs_open_ms":1082.695666000,"finalize_ms":0.004708000,"internal_total_ms":6780.585042000,"internal_residual_ms":0.032917000}
RESULT {"action":"prove","cycles":8482697,"counts":[6592617, 1889947, 132, 0, 1, 0],"cells":8476896,"mem_used":8476896,"log_mem":24,"committed":207621052,"proof_bytes":836384,"assembly_ms":1008.151,"prove_including_execute_ms":6877.418,"verify_ms":296.960,"negative_checks_ms":181.056,"wrong_public_rejected":true,"mutated_proof_rejected":true}
ok

test result: ok. 1 passed; 0 failed; 0 ignored; 0 measured; 4 filtered out; finished in 8.37s

        8.47 real        34.07 user        10.75 sys
         44084772864  maximum resident set size
                   0  average shared memory size
                   0  average unshared data size
                   0  average unshared stack size
             3414230  page reclaims
                   0  page faults
                   0  swaps
                   0  block input operations
                   0  block output operations
                   0  messages sent
                   0  messages received
                   0  signals received
                   0  voluntary context switches
              161612  involuntary context switches
        600614636987  instructions retired
        189797981484  cycles elapsed
         44104498928  peak memory footprint
