
running 1 test
test real_state_bench::real_state_benchmark ... PHASES {"profile_schema":1,"scope":"cpu_prove_before_logging_and_local_drops","execute_ms":408.783125000,"build_ms":595.064792000,"transcript_setup_ms":0.004334000,"commit_ms":1725.279375000,"bus_ms":1912.466916000,"constraints_ms":410.604167000,"claim_prep_ms":0.021417000,"reduction_ms":2.163125000,"pcs_open_ms":1051.092792000,"finalize_ms":0.005125000,"internal_total_ms":6105.506125000,"internal_residual_ms":0.020957000}
RESULT {"action":"prove","cycles":7498510,"counts":[5954835, 1543542, 132, 0, 1, 0],"cells":7492965,"mem_used":7492965,"log_mem":23,"committed":182455228,"proof_bytes":834752,"assembly_ms":513.669,"prove_including_execute_ms":6208.686,"verify_ms":148.706,"negative_checks_ms":97.236,"wrong_public_rejected":true,"mutated_proof_rejected":true}
ok

test result: ok. 1 passed; 0 failed; 0 ignored; 0 measured; 4 filtered out; finished in 6.97s

        7.06 real        31.37 user        10.20 sys
         41410428928  maximum resident set size
                   0  average shared memory size
                   0  average unshared data size
                   0  average unshared stack size
             3207689  page reclaims
                   0  page faults
                   0  swaps
                   0  block input operations
                   0  block output operations
                   0  messages sent
                   0  messages received
                   0  signals received
                   0  voluntary context switches
              144919  involuntary context switches
        564842076137  instructions retired
        176554270571  cycles elapsed
         41428711160  peak memory footprint
