
running 1 test
test real_state_bench::real_state_benchmark ... PHASES {"profile_schema":1,"scope":"cpu_prove_before_logging_and_local_drops","execute_ms":729.297875000,"build_ms":710.249083000,"transcript_setup_ms":0.004583000,"commit_ms":1774.095708000,"bus_ms":2076.489334000,"constraints_ms":414.114000000,"claim_prep_ms":0.016500000,"reduction_ms":2.074000000,"pcs_open_ms":1114.692333000,"finalize_ms":0.008583000,"internal_total_ms":6821.064792000,"internal_residual_ms":0.022793000}
RESULT {"action":"prove","cycles":8462089,"counts":[6722637, 1739319, 132, 0, 1, 0],"cells":8456073,"mem_used":8456073,"log_mem":24,"committed":207621052,"proof_bytes":835712,"assembly_ms":1009.954,"prove_including_execute_ms":6921.678,"verify_ms":302.621,"negative_checks_ms":180.695,"wrong_public_rejected":true,"mutated_proof_rejected":true}
ok

test result: ok. 1 passed; 0 failed; 0 ignored; 0 measured; 4 filtered out; finished in 8.42s

        8.52 real        34.53 user        10.80 sys
         44144558080  maximum resident set size
                   0  average shared memory size
                   0  average unshared data size
                   0  average unshared stack size
             3415742  page reclaims
                   0  page faults
                   0  swaps
                   0  block input operations
                   0  block output operations
                   0  messages sent
                   0  messages received
                   0  signals received
                   0  voluntary context switches
              164823  involuntary context switches
        601930666729  instructions retired
        192052273415  cycles elapsed
         44164234944  peak memory footprint
