
running 1 test
test real_state_bench::real_state_benchmark ... PHASES {"profile_schema":1,"scope":"cpu_prove_before_logging_and_local_drops","execute_ms":739.084208000,"build_ms":697.376000000,"transcript_setup_ms":0.003917000,"commit_ms":1753.445084000,"bus_ms":2051.411833000,"constraints_ms":432.763542000,"claim_prep_ms":0.019459000,"reduction_ms":2.261459000,"pcs_open_ms":1042.284917000,"finalize_ms":0.004500000,"internal_total_ms":6718.678333000,"internal_residual_ms":0.023414000}
RESULT {"action":"prove","cycles":8462089,"counts":[6722637, 1739319, 132, 0, 1, 0],"cells":8456073,"mem_used":8456073,"log_mem":24,"committed":207621052,"proof_bytes":835712,"assembly_ms":1024.776,"prove_including_execute_ms":6822.154,"verify_ms":295.932,"negative_checks_ms":167.939,"wrong_public_rejected":true,"mutated_proof_rejected":true}
ok

test result: ok. 1 passed; 0 failed; 0 ignored; 0 measured; 4 filtered out; finished in 8.31s

        8.42 real        34.02 user        10.16 sys
         44141477888  maximum resident set size
                   0  average shared memory size
                   0  average unshared data size
                   0  average unshared stack size
             3415882  page reclaims
                   0  page faults
                   0  swaps
                   0  block input operations
                   0  block output operations
                   0  messages sent
                   0  messages received
                   0  signals received
                   0  voluntary context switches
              144219  involuntary context switches
        601059266643  instructions retired
        187032703026  cycles elapsed
         44161154752  peak memory footprint
