
running 1 test
test real_state_bench::real_state_benchmark ... PHASES {"profile_schema":1,"scope":"cpu_prove_before_logging_and_local_drops","execute_ms":736.937042000,"build_ms":714.229958000,"transcript_setup_ms":0.004041000,"commit_ms":1823.548584000,"bus_ms":2086.319750000,"constraints_ms":415.680917000,"claim_prep_ms":0.021917000,"reduction_ms":2.351083000,"pcs_open_ms":1133.098584000,"finalize_ms":0.004750000,"internal_total_ms":6912.225500000,"internal_residual_ms":0.028874000}
RESULT {"action":"prove","cycles":8482697,"counts":[6592617, 1889947, 132, 0, 1, 0],"cells":8476896,"mem_used":8476896,"log_mem":24,"committed":207621052,"proof_bytes":836384,"assembly_ms":1016.415,"prove_including_execute_ms":7017.248,"verify_ms":297.800,"negative_checks_ms":185.316,"wrong_public_rejected":true,"mutated_proof_rejected":true}
ok

test result: ok. 1 passed; 0 failed; 0 ignored; 0 measured; 4 filtered out; finished in 8.52s

        8.63 real        34.98 user        11.10 sys
         44124831744  maximum resident set size
                   0  average shared memory size
                   0  average unshared data size
                   0  average unshared stack size
             3416523  page reclaims
                   0  page faults
                   0  swaps
                   0  block input operations
                   0  block output operations
                   0  messages sent
                   0  messages received
                   0  signals received
                   1  voluntary context switches
              179996  involuntary context switches
        601502150683  instructions retired
        195008178702  cycles elapsed
         44144541424  peak memory footprint
