
running 1 test
test real_state_bench::real_state_benchmark ... PHASES {"profile_schema":1,"scope":"cpu_prove_before_logging_and_local_drops","execute_ms":780.666250000,"build_ms":700.255584000,"transcript_setup_ms":0.004875000,"commit_ms":1866.427583000,"bus_ms":2151.612375000,"constraints_ms":412.547541000,"claim_prep_ms":0.021000000,"reduction_ms":2.093833000,"pcs_open_ms":1133.389750000,"finalize_ms":0.007791000,"internal_total_ms":7047.049625000,"internal_residual_ms":0.023043000}
RESULT {"action":"prove","cycles":8462089,"counts":[6722637, 1739319, 132, 0, 1, 0],"cells":8456073,"mem_used":8456073,"log_mem":24,"committed":207621052,"proof_bytes":835712,"assembly_ms":1032.822,"prove_including_execute_ms":7147.545,"verify_ms":300.741,"negative_checks_ms":182.803,"wrong_public_rejected":true,"mutated_proof_rejected":true}
ok

test result: ok. 1 passed; 0 failed; 0 ignored; 0 measured; 4 filtered out; finished in 8.67s

        8.77 real        35.52 user        11.08 sys
         44139560960  maximum resident set size
                   0  average shared memory size
                   0  average unshared data size
                   0  average unshared stack size
             3415975  page reclaims
                   0  page faults
                   0  swaps
                   0  block input operations
                   0  block output operations
                   0  messages sent
                   0  messages received
                   0  signals received
                   0  voluntary context switches
              189383  involuntary context switches
        601993966900  instructions retired
        195435022292  cycles elapsed
         44159254232  peak memory footprint
