
running 1 test
test real_state_bench::real_state_benchmark ... PHASES {"profile_schema":1,"scope":"cpu_prove_before_logging_and_local_drops","execute_ms":427.949958000,"build_ms":586.147625000,"transcript_setup_ms":0.004334000,"commit_ms":1911.481292000,"bus_ms":1975.346375000,"constraints_ms":418.996833000,"claim_prep_ms":0.014209000,"reduction_ms":2.491334000,"pcs_open_ms":1098.438334000,"finalize_ms":0.005125000,"internal_total_ms":6420.897833000,"internal_residual_ms":0.022414000}
RESULT {"action":"prove","cycles":7498510,"counts":[5954835, 1543542, 132, 0, 1, 0],"cells":7492965,"mem_used":7492965,"log_mem":23,"committed":182455228,"proof_bytes":834752,"assembly_ms":516.019,"prove_including_execute_ms":6529.061,"verify_ms":151.848,"negative_checks_ms":97.496,"wrong_public_rejected":true,"mutated_proof_rejected":true}
ok

test result: ok. 1 passed; 0 failed; 0 ignored; 0 measured; 4 filtered out; finished in 7.30s

        7.39 real        33.73 user        10.65 sys
         41414131712  maximum resident set size
                   0  average shared memory size
                   0  average unshared data size
                   0  average unshared stack size
             3207924  page reclaims
                   0  page faults
                   0  swaps
                   0  block input operations
                   0  block output operations
                   0  messages sent
                   0  messages received
                   0  signals received
                   1  voluntary context switches
              160144  involuntary context switches
        564927488018  instructions retired
        182475333648  cycles elapsed
         41432413944  peak memory footprint
