
running 1 test
test real_state_bench::real_state_benchmark ... PHASES {"profile_schema":1,"scope":"cpu_prove_before_logging_and_local_drops","execute_ms":795.512750000,"build_ms":702.262875000,"transcript_setup_ms":0.004500000,"commit_ms":1859.509083000,"bus_ms":2123.795625000,"constraints_ms":423.775458000,"claim_prep_ms":0.021208000,"reduction_ms":2.409417000,"pcs_open_ms":1111.095250000,"finalize_ms":0.006833000,"internal_total_ms":7018.415167000,"internal_residual_ms":0.022168000}
RESULT {"action":"prove","cycles":8482697,"counts":[6592617, 1889947, 132, 0, 1, 0],"cells":8476896,"mem_used":8476896,"log_mem":24,"committed":207621052,"proof_bytes":836384,"assembly_ms":1023.451,"prove_including_execute_ms":7120.485,"verify_ms":297.472,"negative_checks_ms":177.782,"wrong_public_rejected":true,"mutated_proof_rejected":true}
ok

test result: ok. 1 passed; 0 failed; 0 ignored; 0 measured; 4 filtered out; finished in 8.62s

        8.73 real        35.47 user        10.75 sys
         44083478528  maximum resident set size
                   0  average shared memory size
                   0  average unshared data size
                   0  average unshared stack size
             3413957  page reclaims
                   0  page faults
                   0  swaps
                   0  block input operations
                   0  block output operations
                   0  messages sent
                   0  messages received
                   0  signals received
                   0  voluntary context switches
              160543  involuntary context switches
        601015756748  instructions retired
        191620725120  cycles elapsed
         44103204592  peak memory footprint
