
running 1 test
test real_state_bench::real_state_benchmark ... PHASES {"profile_schema":1,"scope":"cpu_prove_before_logging_and_local_drops","execute_ms":798.747667000,"build_ms":695.617750000,"transcript_setup_ms":0.004417000,"commit_ms":1828.841750000,"bus_ms":2150.011334000,"constraints_ms":399.660000000,"claim_prep_ms":0.020000000,"reduction_ms":2.475750000,"pcs_open_ms":1159.914958000,"finalize_ms":0.005791000,"internal_total_ms":7035.321583000,"internal_residual_ms":0.022166000}
RESULT {"action":"prove","cycles":8462089,"counts":[6722637, 1739319, 132, 0, 1, 0],"cells":8456073,"mem_used":8456073,"log_mem":24,"committed":207621052,"proof_bytes":835712,"assembly_ms":1025.369,"prove_including_execute_ms":7134.788,"verify_ms":297.802,"negative_checks_ms":189.758,"wrong_public_rejected":true,"mutated_proof_rejected":true}
ok

test result: ok. 1 passed; 0 failed; 0 ignored; 0 measured; 4 filtered out; finished in 8.65s

        8.76 real        35.26 user        11.05 sys
         44144754688  maximum resident set size
                   0  average shared memory size
                   0  average unshared data size
                   0  average unshared stack size
             3416285  page reclaims
                   0  page faults
                   0  swaps
                   0  block input operations
                   0  block output operations
                   0  messages sent
                   0  messages received
                   0  signals received
                   0  voluntary context switches
              190971  involuntary context switches
        602372902133  instructions retired
        192942206904  cycles elapsed
         44164349512  peak memory footprint
