
running 1 test
test real_state_bench::real_state_benchmark ... PHASES {"profile_schema":1,"scope":"cpu_prove_before_logging_and_local_drops","execute_ms":448.728667000,"build_ms":602.019334000,"transcript_setup_ms":0.006041000,"commit_ms":1891.665208000,"bus_ms":1926.282375000,"constraints_ms":397.892000000,"claim_prep_ms":0.016000000,"reduction_ms":2.096791000,"pcs_open_ms":1002.238792000,"finalize_ms":0.004334000,"internal_total_ms":6270.969750000,"internal_residual_ms":0.020208000}
RESULT {"action":"prove","cycles":7498510,"counts":[5954835, 1543542, 132, 0, 1, 0],"cells":7492965,"mem_used":7492965,"log_mem":23,"committed":182455228,"proof_bytes":834752,"assembly_ms":528.270,"prove_including_execute_ms":6366.002,"verify_ms":147.835,"negative_checks_ms":92.031,"wrong_public_rejected":true,"mutated_proof_rejected":true}
ok

test result: ok. 1 passed; 0 failed; 0 ignored; 0 measured; 4 filtered out; finished in 7.14s

        7.22 real        33.13 user        10.03 sys
         41413689344  maximum resident set size
                   0  average shared memory size
                   0  average unshared data size
                   0  average unshared stack size
             3207742  page reclaims
                   0  page faults
                   0  swaps
                   0  block input operations
                   0  block output operations
                   0  messages sent
                   0  messages received
                   0  signals received
                   1  voluntary context switches
              151395  involuntary context switches
        563678719562  instructions retired
        178298389005  cycles elapsed
         41432020800  peak memory footprint
