
running 1 test
test real_state_bench::real_state_benchmark ... PHASES {"profile_schema":1,"scope":"cpu_prove_before_logging_and_local_drops","execute_ms":724.368833000,"build_ms":689.466209000,"transcript_setup_ms":0.004500000,"commit_ms":1744.958917000,"bus_ms":2044.978417000,"constraints_ms":422.390542000,"claim_prep_ms":0.019041000,"reduction_ms":2.120958000,"pcs_open_ms":1128.159125000,"finalize_ms":0.003916000,"internal_total_ms":6756.493625000,"internal_residual_ms":0.023167000}
RESULT {"action":"prove","cycles":8482697,"counts":[6592617, 1889947, 132, 0, 1, 0],"cells":8476896,"mem_used":8476896,"log_mem":24,"committed":207621052,"proof_bytes":836384,"assembly_ms":1005.008,"prove_including_execute_ms":6852.296,"verify_ms":293.662,"negative_checks_ms":177.696,"wrong_public_rejected":true,"mutated_proof_rejected":true}
ok

test result: ok. 1 passed; 0 failed; 0 ignored; 0 measured; 4 filtered out; finished in 8.33s

        8.43 real        34.13 user        10.70 sys
         44083281920  maximum resident set size
                   0  average shared memory size
                   0  average unshared data size
                   0  average unshared stack size
             3414049  page reclaims
                   0  page faults
                   0  swaps
                   0  block input operations
                   0  block output operations
                   0  messages sent
                   0  messages received
                   0  signals received
                   0  voluntary context switches
              157955  involuntary context switches
        601263930198  instructions retired
        189567010097  cycles elapsed
         44102975168  peak memory footprint
