
running 1 test
test real_state_bench::real_state_benchmark ... PHASES {"profile_schema":1,"scope":"cpu_prove_before_logging_and_local_drops","execute_ms":722.703541000,"build_ms":726.578542000,"transcript_setup_ms":0.004458000,"commit_ms":1800.561792000,"bus_ms":2077.965917000,"constraints_ms":456.653917000,"claim_prep_ms":0.019500000,"reduction_ms":2.595125000,"pcs_open_ms":1165.168958000,"finalize_ms":0.006125000,"internal_total_ms":6952.304167000,"internal_residual_ms":0.046292000}
RESULT {"action":"prove","cycles":8482697,"counts":[6592617, 1889947, 132, 0, 1, 0],"cells":8476896,"mem_used":8476896,"log_mem":24,"committed":207621052,"proof_bytes":836384,"assembly_ms":1001.860,"prove_including_execute_ms":7051.674,"verify_ms":298.615,"negative_checks_ms":184.474,"wrong_public_rejected":true,"mutated_proof_rejected":true}
ok

test result: ok. 1 passed; 0 failed; 0 ignored; 0 measured; 4 filtered out; finished in 8.54s

        8.64 real        34.81 user        11.07 sys
         44081971200  maximum resident set size
                   0  average shared memory size
                   0  average unshared data size
                   0  average unshared stack size
             3413878  page reclaims
                   0  page faults
                   0  swaps
                   0  block input operations
                   0  block output operations
                   0  messages sent
                   0  messages received
                   0  signals received
                   0  voluntary context switches
              203010  involuntary context switches
        601283025035  instructions retired
        194412088329  cycles elapsed
         44101680856  peak memory footprint
