
running 1 test
test real_state_bench::real_state_benchmark ... PHASES {"profile_schema":1,"scope":"cpu_prove_before_logging_and_local_drops","execute_ms":809.119166000,"build_ms":749.489708000,"transcript_setup_ms":0.004708000,"commit_ms":1823.492125000,"bus_ms":2090.874375000,"constraints_ms":420.172292000,"claim_prep_ms":0.022417000,"reduction_ms":2.260625000,"pcs_open_ms":1080.653333000,"finalize_ms":0.009333000,"internal_total_ms":6976.127542000,"internal_residual_ms":0.029460000}
RESULT {"action":"prove","cycles":8462089,"counts":[6722637, 1739319, 132, 0, 1, 0],"cells":8456073,"mem_used":8456073,"log_mem":24,"committed":207621052,"proof_bytes":835712,"assembly_ms":1048.920,"prove_including_execute_ms":7078.283,"verify_ms":298.981,"negative_checks_ms":176.816,"wrong_public_rejected":true,"mutated_proof_rejected":true}
ok

test result: ok. 1 passed; 0 failed; 0 ignored; 0 measured; 4 filtered out; finished in 8.60s

        8.71 real        34.90 user        10.99 sys
         44141871104  maximum resident set size
                   0  average shared memory size
                   0  average unshared data size
                   0  average unshared stack size
             3415798  page reclaims
                   0  page faults
                   0  swaps
                   0  block input operations
                   0  block output operations
                   0  messages sent
                   0  messages received
                   0  signals received
                   1  voluntary context switches
              173458  involuntary context switches
        601655892888  instructions retired
        194270555172  cycles elapsed
         44161465928  peak memory footprint
