
running 1 test
test real_state_bench::real_state_benchmark ... PHASES {"profile_schema":1,"scope":"cpu_prove_before_logging_and_local_drops","execute_ms":433.079500000,"build_ms":584.365500000,"transcript_setup_ms":0.004333000,"commit_ms":1814.794083000,"bus_ms":1960.519333000,"constraints_ms":443.435625000,"claim_prep_ms":0.017167000,"reduction_ms":2.571333000,"pcs_open_ms":1135.463250000,"finalize_ms":0.004958000,"internal_total_ms":6374.277417000,"internal_residual_ms":0.022335000}
RESULT {"action":"prove","cycles":7498510,"counts":[5954835, 1543542, 132, 0, 1, 0],"cells":7492965,"mem_used":7492965,"log_mem":23,"committed":182455228,"proof_bytes":834752,"assembly_ms":518.746,"prove_including_execute_ms":6488.079,"verify_ms":155.116,"negative_checks_ms":98.127,"wrong_public_rejected":true,"mutated_proof_rejected":true}
ok

test result: ok. 1 passed; 0 failed; 0 ignored; 0 measured; 4 filtered out; finished in 7.26s

        7.36 real        33.37 user        10.67 sys
         41614934016  maximum resident set size
                   0  average shared memory size
                   0  average unshared data size
                   0  average unshared stack size
             3220571  page reclaims
                   0  page faults
                   0  swaps
                   0  block input operations
                   0  block output operations
                   0  messages sent
                   0  messages received
                   0  signals received
                   1  voluntary context switches
              175493  involuntary context switches
        565084581027  instructions retired
        184489075312  cycles elapsed
         41633380328  peak memory footprint
