
running 1 test
test real_state_bench::real_state_benchmark ... PHASES {"profile_schema":1,"scope":"cpu_prove_before_logging_and_local_drops","execute_ms":788.258083000,"build_ms":689.687375000,"transcript_setup_ms":0.004834000,"commit_ms":1811.599667000,"bus_ms":2095.739584000,"constraints_ms":418.871250000,"claim_prep_ms":0.016083000,"reduction_ms":2.121708000,"pcs_open_ms":1029.389542000,"finalize_ms":0.006459000,"internal_total_ms":6835.718166000,"internal_residual_ms":0.023581000}
RESULT {"action":"prove","cycles":8482697,"counts":[6592617, 1889947, 132, 0, 1, 0],"cells":8476896,"mem_used":8476896,"log_mem":24,"committed":207621052,"proof_bytes":836384,"assembly_ms":1021.698,"prove_including_execute_ms":6929.312,"verify_ms":286.149,"negative_checks_ms":166.880,"wrong_public_rejected":true,"mutated_proof_rejected":true}
ok

test result: ok. 1 passed; 0 failed; 0 ignored; 0 measured; 4 filtered out; finished in 8.41s

        8.50 real        34.41 user        10.58 sys
         44080365568  maximum resident set size
                   0  average shared memory size
                   0  average unshared data size
                   0  average unshared stack size
             3413777  page reclaims
                   0  page faults
                   0  swaps
                   0  block input operations
                   0  block output operations
                   0  messages sent
                   0  messages received
                   0  signals received
                   0  voluntary context switches
              168394  involuntary context switches
        601133151241  instructions retired
        189401465156  cycles elapsed
         44100108040  peak memory footprint
