
running 1 test
test real_state_bench::real_state_benchmark ... PHASES {"profile_schema":1,"scope":"cpu_prove_before_logging_and_local_drops","execute_ms":736.508000000,"build_ms":717.438334000,"transcript_setup_ms":0.003708000,"commit_ms":1775.956083000,"bus_ms":2084.564000000,"constraints_ms":416.843667000,"claim_prep_ms":0.017833000,"reduction_ms":2.572125000,"pcs_open_ms":1125.271292000,"finalize_ms":0.006500000,"internal_total_ms":6859.209375000,"internal_residual_ms":0.027833000}
RESULT {"action":"prove","cycles":8462089,"counts":[6722637, 1739319, 132, 0, 1, 0],"cells":8456073,"mem_used":8456073,"log_mem":24,"committed":207621052,"proof_bytes":835712,"assembly_ms":1019.103,"prove_including_execute_ms":6962.887,"verify_ms":300.848,"negative_checks_ms":182.898,"wrong_public_rejected":true,"mutated_proof_rejected":true}
ok

test result: ok. 1 passed; 0 failed; 0 ignored; 0 measured; 4 filtered out; finished in 8.47s

        8.58 real        34.49 user        10.93 sys
         44137299968  maximum resident set size
                   0  average shared memory size
                   0  average unshared data size
                   0  average unshared stack size
             3415909  page reclaims
                   0  page faults
                   0  swaps
                   0  block input operations
                   0  block output operations
                   0  messages sent
                   0  messages received
                   0  signals received
                   2  voluntary context switches
              176837  involuntary context switches
        601556772756  instructions retired
        192012276708  cycles elapsed
         44156976832  peak memory footprint
