
running 1 test
test real_state_bench::real_state_benchmark ... PHASES {"profile_schema":1,"scope":"cpu_prove_before_logging_and_local_drops","execute_ms":441.209583000,"build_ms":587.413416000,"transcript_setup_ms":0.004209000,"commit_ms":1926.451583000,"bus_ms":2008.223791000,"constraints_ms":410.780625000,"claim_prep_ms":0.018834000,"reduction_ms":2.148833000,"pcs_open_ms":1055.911041000,"finalize_ms":0.004750000,"internal_total_ms":6432.186417000,"internal_residual_ms":0.019752000}
RESULT {"action":"prove","cycles":7498510,"counts":[5954835, 1543542, 132, 0, 1, 0],"cells":7492965,"mem_used":7492965,"log_mem":23,"committed":182455228,"proof_bytes":834752,"assembly_ms":526.582,"prove_including_execute_ms":6542.291,"verify_ms":149.383,"negative_checks_ms":93.075,"wrong_public_rejected":true,"mutated_proof_rejected":true}
ok

test result: ok. 1 passed; 0 failed; 0 ignored; 0 measured; 4 filtered out; finished in 7.31s

        7.41 real        33.86 user        10.52 sys
         41415770112  maximum resident set size
                   0  average shared memory size
                   0  average unshared data size
                   0  average unshared stack size
             3207994  page reclaims
                   0  page faults
                   0  swaps
                   0  block input operations
                   0  block output operations
                   0  messages sent
                   0  messages received
                   0  signals received
                   2  voluntary context switches
              182460  involuntary context switches
        565257209435  instructions retired
        183018070300  cycles elapsed
         41434085160  peak memory footprint
