
running 1 test
test real_state_bench::real_state_benchmark ... PHASES {"profile_schema":1,"scope":"cpu_prove_before_logging_and_local_drops","execute_ms":429.012042000,"build_ms":581.153375000,"transcript_setup_ms":0.004084000,"commit_ms":1982.598333000,"bus_ms":2107.250917000,"constraints_ms":427.484083000,"claim_prep_ms":0.026917000,"reduction_ms":2.245791000,"pcs_open_ms":1145.643208000,"finalize_ms":0.004167000,"internal_total_ms":6675.445208000,"internal_residual_ms":0.022291000}
RESULT {"action":"prove","cycles":7498510,"counts":[5954835, 1543542, 132, 0, 1, 0],"cells":7492965,"mem_used":7492965,"log_mem":23,"committed":182455228,"proof_bytes":834752,"assembly_ms":518.546,"prove_including_execute_ms":6791.136,"verify_ms":152.396,"negative_checks_ms":97.136,"wrong_public_rejected":true,"mutated_proof_rejected":true}
ok

test result: ok. 1 passed; 0 failed; 0 ignored; 0 measured; 4 filtered out; finished in 7.56s

        7.66 real        34.82 user        11.13 sys
         41416441856  maximum resident set size
                   0  average shared memory size
                   0  average unshared data size
                   0  average unshared stack size
             3208185  page reclaims
                   0  page faults
                   0  swaps
                   0  block input operations
                   0  block output operations
                   0  messages sent
                   0  messages received
                   0  signals received
                   0  voluntary context switches
              193620  involuntary context switches
        565465013831  instructions retired
        185725423362  cycles elapsed
         41434724088  peak memory footprint
