
running 1 test
test real_state_bench::real_state_benchmark ... PHASES {"profile_schema":1,"scope":"cpu_prove_before_logging_and_local_drops","execute_ms":794.370917000,"build_ms":733.959333000,"transcript_setup_ms":0.004250000,"commit_ms":1864.383875000,"bus_ms":2141.500833000,"constraints_ms":425.815834000,"claim_prep_ms":0.017875000,"reduction_ms":3.064625000,"pcs_open_ms":1130.308541000,"finalize_ms":0.009792000,"internal_total_ms":7093.459500000,"internal_residual_ms":0.023625000}
RESULT {"action":"prove","cycles":8462089,"counts":[6722637, 1739319, 132, 0, 1, 0],"cells":8456073,"mem_used":8456073,"log_mem":24,"committed":207621052,"proof_bytes":835712,"assembly_ms":1031.088,"prove_including_execute_ms":7194.110,"verify_ms":301.880,"negative_checks_ms":184.640,"wrong_public_rejected":true,"mutated_proof_rejected":true}
ok

test result: ok. 1 passed; 0 failed; 0 ignored; 0 measured; 4 filtered out; finished in 8.71s

        8.82 real        35.69 user        10.94 sys
         44143755264  maximum resident set size
                   0  average shared memory size
                   0  average unshared data size
                   0  average unshared stack size
             3416010  page reclaims
                   0  page faults
                   0  swaps
                   0  block input operations
                   0  block output operations
                   0  messages sent
                   0  messages received
                   0  signals received
                   0  voluntary context switches
              190220  involuntary context switches
        601780539259  instructions retired
        194941630739  cycles elapsed
         44163317272  peak memory footprint
