
running 1 test
test real_state_bench::real_state_benchmark ... PHASES {"profile_schema":1,"scope":"cpu_prove_before_logging_and_local_drops","execute_ms":759.903958000,"build_ms":722.494334000,"transcript_setup_ms":0.005167000,"commit_ms":1829.332916000,"bus_ms":2044.563541000,"constraints_ms":459.315333000,"claim_prep_ms":0.015500000,"reduction_ms":2.474250000,"pcs_open_ms":1114.873208000,"finalize_ms":0.004458000,"internal_total_ms":6933.005000000,"internal_residual_ms":0.022335000}
RESULT {"action":"prove","cycles":8482697,"counts":[6592617, 1889947, 132, 0, 1, 0],"cells":8476896,"mem_used":8476896,"log_mem":24,"committed":207621052,"proof_bytes":836384,"assembly_ms":1025.067,"prove_including_execute_ms":7030.189,"verify_ms":292.977,"negative_checks_ms":179.262,"wrong_public_rejected":true,"mutated_proof_rejected":true}
ok

test result: ok. 1 passed; 0 failed; 0 ignored; 0 measured; 4 filtered out; finished in 8.53s

        8.63 real        34.73 user        10.81 sys
         44119654400  maximum resident set size
                   0  average shared memory size
                   0  average unshared data size
                   0  average unshared stack size
             3416276  page reclaims
                   0  page faults
                   0  swaps
                   0  block input operations
                   0  block output operations
                   0  messages sent
                   0  messages received
                   0  signals received
                   0  voluntary context switches
              193924  involuntary context switches
        601410477043  instructions retired
        192728889632  cycles elapsed
         44139347672  peak memory footprint
