
running 1 test
test real_state_bench::real_state_benchmark ... PHASES {"profile_schema":1,"scope":"cpu_prove_before_logging_and_local_drops","execute_ms":725.431833000,"build_ms":700.358958000,"transcript_setup_ms":0.004291000,"commit_ms":1805.132958000,"bus_ms":2096.665125000,"constraints_ms":431.363000000,"claim_prep_ms":0.018167000,"reduction_ms":2.305250000,"pcs_open_ms":1121.061000000,"finalize_ms":0.004833000,"internal_total_ms":6882.370625000,"internal_residual_ms":0.025210000}
RESULT {"action":"prove","cycles":8482697,"counts":[6592617, 1889947, 132, 0, 1, 0],"cells":8476896,"mem_used":8476896,"log_mem":24,"committed":207621052,"proof_bytes":836384,"assembly_ms":1009.583,"prove_including_execute_ms":6981.173,"verify_ms":295.505,"negative_checks_ms":178.501,"wrong_public_rejected":true,"mutated_proof_rejected":true}
ok

test result: ok. 1 passed; 0 failed; 0 ignored; 0 measured; 4 filtered out; finished in 8.47s

        8.57 real        34.73 user        11.00 sys
         44080201728  maximum resident set size
                   0  average shared memory size
                   0  average unshared data size
                   0  average unshared stack size
             3413575  page reclaims
                   0  page faults
                   0  swaps
                   0  block input operations
                   0  block output operations
                   0  messages sent
                   0  messages received
                   0  signals received
                   0  voluntary context switches
              190911  involuntary context switches
        601620654555  instructions retired
        193561429901  cycles elapsed
         44099927792  peak memory footprint
