
running 1 test
test real_state_bench::real_state_benchmark ... PHASES {"profile_schema":1,"scope":"cpu_prove_before_logging_and_local_drops","execute_ms":408.411166000,"build_ms":577.029583000,"transcript_setup_ms":0.004541000,"commit_ms":1739.686125000,"bus_ms":1899.939625000,"constraints_ms":421.152541000,"claim_prep_ms":0.018208000,"reduction_ms":2.354542000,"pcs_open_ms":1086.462334000,"finalize_ms":0.004584000,"internal_total_ms":6135.087833000,"internal_residual_ms":0.024584000}
RESULT {"action":"prove","cycles":7498510,"counts":[5954835, 1543542, 132, 0, 1, 0],"cells":7492965,"mem_used":7492965,"log_mem":23,"committed":182455228,"proof_bytes":834752,"assembly_ms":511.712,"prove_including_execute_ms":6242.033,"verify_ms":148.829,"negative_checks_ms":95.911,"wrong_public_rejected":true,"mutated_proof_rejected":true}
ok

test result: ok. 1 passed; 0 failed; 0 ignored; 0 measured; 4 filtered out; finished in 7.00s

        7.09 real        31.74 user        10.26 sys
         41413197824  maximum resident set size
                   0  average shared memory size
                   0  average unshared data size
                   0  average unshared stack size
             3207709  page reclaims
                   0  page faults
                   0  swaps
                   0  block input operations
                   0  block output operations
                   0  messages sent
                   0  messages received
                   0  signals received
                   0  voluntary context switches
              155818  involuntary context switches
        564858250351  instructions retired
        178468297331  cycles elapsed
         41431480056  peak memory footprint
