
running 1 test
test real_state_bench::real_state_benchmark ... PHASES {"profile_schema":1,"scope":"cpu_prove_before_logging_and_local_drops","execute_ms":740.491958000,"build_ms":749.715375000,"transcript_setup_ms":0.004709000,"commit_ms":1854.723625000,"bus_ms":2088.623125000,"constraints_ms":439.383708000,"claim_prep_ms":0.022250000,"reduction_ms":2.341583000,"pcs_open_ms":1090.947416000,"finalize_ms":0.005042000,"internal_total_ms":6966.281083000,"internal_residual_ms":0.022292000}
RESULT {"action":"prove","cycles":8462089,"counts":[6722637, 1739319, 132, 0, 1, 0],"cells":8456073,"mem_used":8456073,"log_mem":24,"committed":207621052,"proof_bytes":835712,"assembly_ms":1008.755,"prove_including_execute_ms":7072.274,"verify_ms":297.640,"negative_checks_ms":170.316,"wrong_public_rejected":true,"mutated_proof_rejected":true}
ok

test result: ok. 1 passed; 0 failed; 0 ignored; 0 measured; 4 filtered out; finished in 8.55s

        8.66 real        34.69 user        10.95 sys
         44140183552  maximum resident set size
                   0  average shared memory size
                   0  average unshared data size
                   0  average unshared stack size
             3415840  page reclaims
                   0  page faults
                   0  swaps
                   0  block input operations
                   0  block output operations
                   0  messages sent
                   0  messages received
                   0  signals received
                   1  voluntary context switches
              216198  involuntary context switches
        602343224391  instructions retired
        193991946481  cycles elapsed
         44159876824  peak memory footprint
