
running 1 test
test real_state_bench::real_state_benchmark ... PHASES {"profile_schema":1,"scope":"cpu_prove_before_logging_and_local_drops","execute_ms":406.120334000,"build_ms":605.140083000,"transcript_setup_ms":0.004125000,"commit_ms":1769.022167000,"bus_ms":1882.244416000,"constraints_ms":403.731625000,"claim_prep_ms":0.017625000,"reduction_ms":2.025250000,"pcs_open_ms":1008.146208000,"finalize_ms":0.005250000,"internal_total_ms":6076.477333000,"internal_residual_ms":0.020250000}
RESULT {"action":"prove","cycles":7498510,"counts":[5954835, 1543542, 132, 0, 1, 0],"cells":7492965,"mem_used":7492965,"log_mem":23,"committed":182455228,"proof_bytes":834752,"assembly_ms":513.061,"prove_including_execute_ms":6176.529,"verify_ms":147.054,"negative_checks_ms":89.050,"wrong_public_rejected":true,"mutated_proof_rejected":true}
ok

test result: ok. 1 passed; 0 failed; 0 ignored; 0 measured; 4 filtered out; finished in 6.93s

        7.01 real        31.41 user         9.83 sys
         41412526080  maximum resident set size
                   0  average shared memory size
                   0  average unshared data size
                   0  average unshared stack size
             3207664  page reclaims
                   0  page faults
                   0  swaps
                   0  block input operations
                   0  block output operations
                   0  messages sent
                   0  messages received
                   0  signals received
                   0  voluntary context switches
              142088  involuntary context switches
        564344164647  instructions retired
        175408165638  cycles elapsed
         41430808312  peak memory footprint
