
running 1 test
test real_state_bench::real_state_benchmark ... PHASES {"profile_schema":1,"scope":"cpu_prove_before_logging_and_local_drops","execute_ms":719.125875000,"build_ms":699.837917000,"transcript_setup_ms":0.004167000,"commit_ms":1753.482417000,"bus_ms":2057.250417000,"constraints_ms":422.035834000,"claim_prep_ms":0.023125000,"reduction_ms":2.116542000,"pcs_open_ms":1048.077959000,"finalize_ms":0.003959000,"internal_total_ms":6701.978208000,"internal_residual_ms":0.019996000}
RESULT {"action":"prove","cycles":8462089,"counts":[6722637, 1739319, 132, 0, 1, 0],"cells":8456073,"mem_used":8456073,"log_mem":24,"committed":207621052,"proof_bytes":835712,"assembly_ms":1012.146,"prove_including_execute_ms":6795.921,"verify_ms":289.463,"negative_checks_ms":169.399,"wrong_public_rejected":true,"mutated_proof_rejected":true}
ok

test result: ok. 1 passed; 0 failed; 0 ignored; 0 measured; 4 filtered out; finished in 8.27s

        8.37 real        33.77 user        10.20 sys
         44143493120  maximum resident set size
                   0  average shared memory size
                   0  average unshared data size
                   0  average unshared stack size
             3415977  page reclaims
                   0  page faults
                   0  swaps
                   0  block input operations
                   0  block output operations
                   0  messages sent
                   0  messages received
                   0  signals received
                   0  voluntary context switches
              142879  involuntary context switches
        601287390417  instructions retired
        185865764399  cycles elapsed
         44163120760  peak memory footprint
