
running 1 test
test real_state_bench::real_state_benchmark ... PHASES {"profile_schema":1,"scope":"cpu_prove_before_logging_and_local_drops","execute_ms":748.857125000,"build_ms":701.857292000,"transcript_setup_ms":0.004375000,"commit_ms":1730.703458000,"bus_ms":2036.468583000,"constraints_ms":406.374000000,"claim_prep_ms":0.016084000,"reduction_ms":2.304584000,"pcs_open_ms":1081.768583000,"finalize_ms":0.004500000,"internal_total_ms":6708.384584000,"internal_residual_ms":0.026000000}
RESULT {"action":"prove","cycles":8462089,"counts":[6722637, 1739319, 132, 0, 1, 0],"cells":8456073,"mem_used":8456073,"log_mem":24,"committed":207621052,"proof_bytes":835712,"assembly_ms":998.456,"prove_including_execute_ms":6799.942,"verify_ms":292.863,"negative_checks_ms":175.456,"wrong_public_rejected":true,"mutated_proof_rejected":true}
ok

test result: ok. 1 passed; 0 failed; 0 ignored; 0 measured; 4 filtered out; finished in 8.27s

        8.37 real        33.99 user        10.31 sys
         44136644608  maximum resident set size
                   0  average shared memory size
                   0  average unshared data size
                   0  average unshared stack size
             3415799  page reclaims
                   0  page faults
                   0  swaps
                   0  block input operations
                   0  block output operations
                   0  messages sent
                   0  messages received
                   0  signals received
                   1  voluntary context switches
              150032  involuntary context switches
        600814389727  instructions retired
        187167952453  cycles elapsed
         44156337880  peak memory footprint
