
running 1 test
test real_state_bench::real_state_benchmark ... PHASES {"profile_schema":1,"scope":"cpu_prove_before_logging_and_local_drops","execute_ms":397.396375000,"build_ms":568.554291000,"transcript_setup_ms":0.003958000,"commit_ms":1767.474167000,"bus_ms":1915.004708000,"constraints_ms":402.452958000,"claim_prep_ms":0.016750000,"reduction_ms":2.208625000,"pcs_open_ms":1011.471083000,"finalize_ms":0.004291000,"internal_total_ms":6064.611667000,"internal_residual_ms":0.024461000}
RESULT {"action":"prove","cycles":7498510,"counts":[5954835, 1543542, 132, 0, 1, 0],"cells":7492965,"mem_used":7492965,"log_mem":23,"committed":182455228,"proof_bytes":834752,"assembly_ms":513.934,"prove_including_execute_ms":6159.110,"verify_ms":146.650,"negative_checks_ms":88.921,"wrong_public_rejected":true,"mutated_proof_rejected":true}
ok

test result: ok. 1 passed; 0 failed; 0 ignored; 0 measured; 4 filtered out; finished in 6.91s

        6.99 real        31.77 user         9.83 sys
         41411100672  maximum resident set size
                   0  average shared memory size
                   0  average unshared data size
                   0  average unshared stack size
             3207637  page reclaims
                   0  page faults
                   0  swaps
                   0  block input operations
                   0  block output operations
                   0  messages sent
                   0  messages received
                   0  signals received
                   0  voluntary context switches
              150547  involuntary context switches
        563981007115  instructions retired
        175978146265  cycles elapsed
         41429350088  peak memory footprint
