
running 1 test
test real_state_bench::real_state_benchmark ... PHASES {"profile_schema":1,"scope":"cpu_prove_before_logging_and_local_drops","execute_ms":703.488250000,"build_ms":714.675542000,"transcript_setup_ms":0.004000000,"commit_ms":1746.688250000,"bus_ms":2055.717084000,"constraints_ms":382.908917000,"claim_prep_ms":0.020958000,"reduction_ms":2.688583000,"pcs_open_ms":1067.819000000,"finalize_ms":0.006833000,"internal_total_ms":6674.039083000,"internal_residual_ms":0.021666000}
RESULT {"action":"prove","cycles":8482697,"counts":[6592617, 1889947, 132, 0, 1, 0],"cells":8476896,"mem_used":8476896,"log_mem":24,"committed":207621052,"proof_bytes":836384,"assembly_ms":1019.124,"prove_including_execute_ms":6766.244,"verify_ms":293.371,"negative_checks_ms":165.665,"wrong_public_rejected":true,"mutated_proof_rejected":true}
ok

test result: ok. 1 passed; 0 failed; 0 ignored; 0 measured; 4 filtered out; finished in 8.25s

        8.35 real        33.82 user        10.63 sys
         44080840704  maximum resident set size
                   0  average shared memory size
                   0  average unshared data size
                   0  average unshared stack size
             3413669  page reclaims
                   0  page faults
                   0  swaps
                   0  block input operations
                   0  block output operations
                   0  messages sent
                   0  messages received
                   0  signals received
                   0  voluntary context switches
              176782  involuntary context switches
        600382655351  instructions retired
        188027743358  cycles elapsed
         44100566768  peak memory footprint
