
running 1 test
test real_state_bench::real_state_benchmark ... PHASES {"profile_schema":1,"scope":"cpu_prove_before_logging_and_local_drops","execute_ms":709.003750000,"build_ms":704.401375000,"transcript_setup_ms":0.004083000,"commit_ms":1743.876000000,"bus_ms":2038.728375000,"constraints_ms":391.938209000,"claim_prep_ms":0.025208000,"reduction_ms":2.085833000,"pcs_open_ms":1025.899250000,"finalize_ms":0.005875000,"internal_total_ms":6615.989500000,"internal_residual_ms":0.021542000}
RESULT {"action":"prove","cycles":8482697,"counts":[6592617, 1889947, 132, 0, 1, 0],"cells":8476896,"mem_used":8476896,"log_mem":24,"committed":207621052,"proof_bytes":836384,"assembly_ms":1014.226,"prove_including_execute_ms":6709.454,"verify_ms":293.629,"negative_checks_ms":162.800,"wrong_public_rejected":true,"mutated_proof_rejected":true}
ok

test result: ok. 1 passed; 0 failed; 0 ignored; 0 measured; 4 filtered out; finished in 8.18s

        8.28 real        33.69 user        10.14 sys
         44085837824  maximum resident set size
                   0  average shared memory size
                   0  average unshared data size
                   0  average unshared stack size
             3413950  page reclaims
                   0  page faults
                   0  swaps
                   0  block input operations
                   0  block output operations
                   0  messages sent
                   0  messages received
                   0  signals received
                   0  voluntary context switches
              138356  involuntary context switches
        600052160888  instructions retired
        185750998603  cycles elapsed
         44105547480  peak memory footprint
