
running 1 test
test real_state_bench::real_state_benchmark ... PHASES {"profile_schema":1,"scope":"cpu_prove_before_logging_and_local_drops","execute_ms":407.065084000,"build_ms":572.888292000,"transcript_setup_ms":0.003583000,"commit_ms":1729.596291000,"bus_ms":1900.982375000,"constraints_ms":418.726875000,"claim_prep_ms":0.017708000,"reduction_ms":2.092750000,"pcs_open_ms":1020.174500000,"finalize_ms":0.004042000,"internal_total_ms":6051.571875000,"internal_residual_ms":0.020375000}
RESULT {"action":"prove","cycles":7498510,"counts":[5954835, 1543542, 132, 0, 1, 0],"cells":7492965,"mem_used":7492965,"log_mem":23,"committed":182455228,"proof_bytes":834752,"assembly_ms":512.185,"prove_including_execute_ms":6152.953,"verify_ms":147.439,"negative_checks_ms":87.038,"wrong_public_rejected":true,"mutated_proof_rejected":true}
ok

test result: ok. 1 passed; 0 failed; 0 ignored; 0 measured; 4 filtered out; finished in 6.90s

        6.99 real        31.71 user         9.93 sys
         41616179200  maximum resident set size
                   0  average shared memory size
                   0  average unshared data size
                   0  average unshared stack size
             3220098  page reclaims
                   0  page faults
                   0  swaps
                   0  block input operations
                   0  block output operations
                   0  messages sent
                   0  messages received
                   0  signals received
                   1  voluntary context switches
              147306  involuntary context switches
        564328243352  instructions retired
        176051344805  cycles elapsed
         41634527064  peak memory footprint
