
running 1 test
test real_state_bench::real_state_benchmark ... PHASES {"profile_schema":1,"scope":"cpu_prove_before_logging_and_local_drops","execute_ms":713.180708000,"build_ms":704.063375000,"transcript_setup_ms":0.004459000,"commit_ms":1736.403500000,"bus_ms":2038.847916000,"constraints_ms":419.524041000,"claim_prep_ms":0.014042000,"reduction_ms":2.120459000,"pcs_open_ms":1093.268250000,"finalize_ms":0.004875000,"internal_total_ms":6707.452208000,"internal_residual_ms":0.020583000}
RESULT {"action":"prove","cycles":8482697,"counts":[6592617, 1889947, 132, 0, 1, 0],"cells":8476896,"mem_used":8476896,"log_mem":24,"committed":207621052,"proof_bytes":836384,"assembly_ms":1010.330,"prove_including_execute_ms":6799.878,"verify_ms":291.920,"negative_checks_ms":169.897,"wrong_public_rejected":true,"mutated_proof_rejected":true}
ok

test result: ok. 1 passed; 0 failed; 0 ignored; 0 measured; 4 filtered out; finished in 8.27s

        8.37 real        33.76 user        10.68 sys
         44083003392  maximum resident set size
                   0  average shared memory size
                   0  average unshared data size
                   0  average unshared stack size
             3413829  page reclaims
                   0  page faults
                   0  swaps
                   0  block input operations
                   0  block output operations
                   0  messages sent
                   0  messages received
                   0  signals received
                   0  voluntary context switches
              158269  involuntary context switches
        600372681665  instructions retired
        187891433068  cycles elapsed
         44102729456  peak memory footprint
