
running 1 test
test real_state_bench::real_state_benchmark ... PHASES {"profile_schema":1,"scope":"cpu_prove_before_logging_and_local_drops","execute_ms":699.160250000,"build_ms":682.995250000,"transcript_setup_ms":0.004666000,"commit_ms":1744.462250000,"bus_ms":2048.387750000,"constraints_ms":430.867417000,"claim_prep_ms":0.024375000,"reduction_ms":2.292041000,"pcs_open_ms":1036.148375000,"finalize_ms":0.004500000,"internal_total_ms":6644.369000000,"internal_residual_ms":0.022126000}
RESULT {"action":"prove","cycles":8462089,"counts":[6722637, 1739319, 132, 0, 1, 0],"cells":8456073,"mem_used":8456073,"log_mem":24,"committed":207621052,"proof_bytes":835712,"assembly_ms":1002.586,"prove_including_execute_ms":6735.959,"verify_ms":289.250,"negative_checks_ms":162.156,"wrong_public_rejected":true,"mutated_proof_rejected":true}
ok

test result: ok. 1 passed; 0 failed; 0 ignored; 0 measured; 4 filtered out; finished in 8.19s

        8.29 real        33.63 user        10.16 sys
         44139593728  maximum resident set size
                   0  average shared memory size
                   0  average unshared data size
                   0  average unshared stack size
             3415561  page reclaims
                   0  page faults
                   0  swaps
                   0  block input operations
                   0  block output operations
                   0  messages sent
                   0  messages received
                   0  signals received
                   0  voluntary context switches
              134925  involuntary context switches
        601279822459  instructions retired
        185340897458  cycles elapsed
         44159188552  peak memory footprint
