
running 1 test
test real_state_bench::real_state_benchmark ... PHASES {"profile_schema":1,"scope":"cpu_prove_before_logging_and_local_drops","execute_ms":403.084750000,"build_ms":564.056959000,"transcript_setup_ms":0.004084000,"commit_ms":1709.953250000,"bus_ms":1905.945500000,"constraints_ms":416.534833000,"claim_prep_ms":0.017959000,"reduction_ms":2.036000000,"pcs_open_ms":1064.164750000,"finalize_ms":0.003250000,"internal_total_ms":6065.822083000,"internal_residual_ms":0.020748000}
RESULT {"action":"prove","cycles":7498510,"counts":[5954835, 1543542, 132, 0, 1, 0],"cells":7492965,"mem_used":7492965,"log_mem":23,"committed":182455228,"proof_bytes":834752,"assembly_ms":506.109,"prove_including_execute_ms":6167.814,"verify_ms":147.403,"negative_checks_ms":94.693,"wrong_public_rejected":true,"mutated_proof_rejected":true}
ok

test result: ok. 1 passed; 0 failed; 0 ignored; 0 measured; 4 filtered out; finished in 6.92s

        7.00 real        31.32 user        10.15 sys
         41415163904  maximum resident set size
                   0  average shared memory size
                   0  average unshared data size
                   0  average unshared stack size
             3208152  page reclaims
                   0  page faults
                   0  swaps
                   0  block input operations
                   0  block output operations
                   0  messages sent
                   0  messages received
                   0  signals received
                   0  voluntary context switches
              137719  involuntary context switches
        565033385836  instructions retired
        176250219077  cycles elapsed
         41433462544  peak memory footprint
