
running 1 test
test real_state_bench::real_state_benchmark ... PHASES {"profile_schema":1,"scope":"cpu_prove_before_logging_and_local_drops","execute_ms":701.763375000,"build_ms":685.280916000,"transcript_setup_ms":0.004542000,"commit_ms":1750.819583000,"bus_ms":2028.900333000,"constraints_ms":421.792875000,"claim_prep_ms":0.017125000,"reduction_ms":2.058583000,"pcs_open_ms":1095.898750000,"finalize_ms":0.003958000,"internal_total_ms":6686.579542000,"internal_residual_ms":0.039502000}
RESULT {"action":"prove","cycles":8462089,"counts":[6722637, 1739319, 132, 0, 1, 0],"cells":8456073,"mem_used":8456073,"log_mem":24,"committed":207621052,"proof_bytes":835712,"assembly_ms":1006.589,"prove_including_execute_ms":6784.753,"verify_ms":298.337,"negative_checks_ms":177.635,"wrong_public_rejected":true,"mutated_proof_rejected":true}
ok

test result: ok. 1 passed; 0 failed; 0 ignored; 0 measured; 4 filtered out; finished in 8.27s

        8.37 real        34.25 user        10.28 sys
         44139315200  maximum resident set size
                   0  average shared memory size
                   0  average unshared data size
                   0  average unshared stack size
             3415838  page reclaims
                   0  page faults
                   0  swaps
                   0  block input operations
                   0  block output operations
                   0  messages sent
                   0  messages received
                   0  signals received
                   1  voluntary context switches
              159575  involuntary context switches
        601556060998  instructions retired
        188293253555  cycles elapsed
         44159008472  peak memory footprint
