
running 1 test
test real_state_bench::real_state_benchmark ... PHASES {"profile_schema":1,"scope":"cpu_prove_before_logging_and_local_drops","execute_ms":719.345042000,"build_ms":696.230125000,"transcript_setup_ms":0.004666000,"commit_ms":1744.482083000,"bus_ms":2061.311958000,"constraints_ms":404.455542000,"claim_prep_ms":0.013833000,"reduction_ms":2.136416000,"pcs_open_ms":1077.854291000,"finalize_ms":0.005500000,"internal_total_ms":6705.860125000,"internal_residual_ms":0.020669000}
RESULT {"action":"prove","cycles":8462089,"counts":[6722637, 1739319, 132, 0, 1, 0],"cells":8456073,"mem_used":8456073,"log_mem":24,"committed":207621052,"proof_bytes":835712,"assembly_ms":1001.943,"prove_including_execute_ms":6798.973,"verify_ms":294.635,"negative_checks_ms":179.391,"wrong_public_rejected":true,"mutated_proof_rejected":true}
ok

test result: ok. 1 passed; 0 failed; 0 ignored; 0 measured; 4 filtered out; finished in 8.28s

        8.38 real        33.99 user        10.56 sys
         44140756992  maximum resident set size
                   0  average shared memory size
                   0  average unshared data size
                   0  average unshared stack size
             3416050  page reclaims
                   0  page faults
                   0  swaps
                   0  block input operations
                   0  block output operations
                   0  messages sent
                   0  messages received
                   0  signals received
                   0  voluntary context switches
              144514  involuntary context switches
        601106919208  instructions retired
        188298297160  cycles elapsed
         44160351816  peak memory footprint
