
running 1 test
test real_state_bench::real_state_benchmark ... PHASES {"profile_schema":1,"scope":"cpu_prove_before_logging_and_local_drops","execute_ms":412.762667000,"build_ms":561.177542000,"transcript_setup_ms":0.004292000,"commit_ms":1732.509250000,"bus_ms":1895.134792000,"constraints_ms":404.443792000,"claim_prep_ms":0.019917000,"reduction_ms":2.046500000,"pcs_open_ms":1014.146208000,"finalize_ms":0.003583000,"internal_total_ms":6022.268833000,"internal_residual_ms":0.020290000}
RESULT {"action":"prove","cycles":7498510,"counts":[5954835, 1543542, 132, 0, 1, 0],"cells":7492965,"mem_used":7492965,"log_mem":23,"committed":182455228,"proof_bytes":834752,"assembly_ms":507.247,"prove_including_execute_ms":6129.747,"verify_ms":148.481,"negative_checks_ms":91.656,"wrong_public_rejected":true,"mutated_proof_rejected":true}
ok

test result: ok. 1 passed; 0 failed; 0 ignored; 0 measured; 4 filtered out; finished in 6.88s

        6.97 real        31.68 user         9.95 sys
         41417555968  maximum resident set size
                   0  average shared memory size
                   0  average unshared data size
                   0  average unshared stack size
             3208096  page reclaims
                   0  page faults
                   0  swaps
                   0  block input operations
                   0  block output operations
                   0  messages sent
                   0  messages received
                   0  signals received
                   0  voluntary context switches
              138673  involuntary context switches
        564156381315  instructions retired
        176028763196  cycles elapsed
         41435871016  peak memory footprint
