
running 1 test
test real_state_bench::real_state_benchmark ... PHASES {"profile_schema":1,"scope":"cpu_prove_before_logging_and_local_drops","execute_ms":722.963667000,"build_ms":701.688458000,"transcript_setup_ms":0.004583000,"commit_ms":1803.369375000,"bus_ms":2064.867500000,"constraints_ms":406.750334000,"claim_prep_ms":0.017125000,"reduction_ms":2.023708000,"pcs_open_ms":1010.274416000,"finalize_ms":0.004084000,"internal_total_ms":6711.989084000,"internal_residual_ms":0.025834000}
RESULT {"action":"prove","cycles":8482697,"counts":[6592617, 1889947, 132, 0, 1, 0],"cells":8476896,"mem_used":8476896,"log_mem":24,"committed":207621052,"proof_bytes":836384,"assembly_ms":1006.485,"prove_including_execute_ms":6803.803,"verify_ms":290.303,"negative_checks_ms":162.930,"wrong_public_rejected":true,"mutated_proof_rejected":true}
ok

test result: ok. 1 passed; 0 failed; 0 ignored; 0 measured; 4 filtered out; finished in 8.27s

        8.36 real        34.38 user        10.11 sys
         44082708480  maximum resident set size
                   0  average shared memory size
                   0  average unshared data size
                   0  average unshared stack size
             3413662  page reclaims
                   0  page faults
                   0  swaps
                   0  block input operations
                   0  block output operations
                   0  messages sent
                   0  messages received
                   0  signals received
                   0  voluntary context switches
              135369  involuntary context switches
        599777528460  instructions retired
        185622745986  cycles elapsed
         44102418136  peak memory footprint
