
running 1 test
test real_state_bench::real_state_benchmark ... PHASES {"profile_schema":1,"scope":"cpu_prove_before_logging_and_local_drops","execute_ms":712.519916000,"build_ms":684.358375000,"transcript_setup_ms":0.004209000,"commit_ms":1769.917375000,"bus_ms":2039.058917000,"constraints_ms":400.662500000,"claim_prep_ms":0.021708000,"reduction_ms":2.195791000,"pcs_open_ms":1004.476417000,"finalize_ms":0.005208000,"internal_total_ms":6613.243292000,"internal_residual_ms":0.022876000}
RESULT {"action":"prove","cycles":8462089,"counts":[6722637, 1739319, 132, 0, 1, 0],"cells":8456073,"mem_used":8456073,"log_mem":24,"committed":207621052,"proof_bytes":835712,"assembly_ms":1006.260,"prove_including_execute_ms":6702.371,"verify_ms":286.981,"negative_checks_ms":166.997,"wrong_public_rejected":true,"mutated_proof_rejected":true}
ok

test result: ok. 1 passed; 0 failed; 0 ignored; 0 measured; 4 filtered out; finished in 8.16s

        8.26 real        33.56 user        10.14 sys
         44142313472  maximum resident set size
                   0  average shared memory size
                   0  average unshared data size
                   0  average unshared stack size
             3416049  page reclaims
                   0  page faults
                   0  swaps
                   0  block input operations
                   0  block output operations
                   0  messages sent
                   0  messages received
                   0  signals received
                   0  voluntary context switches
              136393  involuntary context switches
        600512263432  instructions retired
        185055510188  cycles elapsed
         44161990336  peak memory footprint
