
running 1 test
test real_state_bench::real_state_benchmark ... PHASES {"profile_schema":1,"scope":"cpu_prove_before_logging_and_local_drops","execute_ms":702.171917000,"build_ms":695.195750000,"transcript_setup_ms":0.004208000,"commit_ms":1746.454958000,"bus_ms":2059.229125000,"constraints_ms":400.086917000,"claim_prep_ms":0.014667000,"reduction_ms":2.228250000,"pcs_open_ms":1031.879750000,"finalize_ms":0.004666000,"internal_total_ms":6637.291208000,"internal_residual_ms":0.021000000}
RESULT {"action":"prove","cycles":8482697,"counts":[6592617, 1889947, 132, 0, 1, 0],"cells":8476896,"mem_used":8476896,"log_mem":24,"committed":207621052,"proof_bytes":836384,"assembly_ms":998.868,"prove_including_execute_ms":6729.433,"verify_ms":289.070,"negative_checks_ms":163.836,"wrong_public_rejected":true,"mutated_proof_rejected":true}
ok

test result: ok. 1 passed; 0 failed; 0 ignored; 0 measured; 4 filtered out; finished in 8.18s

        8.28 real        33.82 user        10.26 sys
         44083134464  maximum resident set size
                   0  average shared memory size
                   0  average unshared data size
                   0  average unshared stack size
             3413810  page reclaims
                   0  page faults
                   0  swaps
                   0  block input operations
                   0  block output operations
                   0  messages sent
                   0  messages received
                   0  signals received
                   0  voluntary context switches
              141243  involuntary context switches
        600184634942  instructions retired
        187114342752  cycles elapsed
         44102860528  peak memory footprint
