
running 1 test
test real_state_bench::real_state_benchmark ... PHASES {"profile_schema":1,"scope":"cpu_prove_before_logging_and_local_drops","execute_ms":394.777000000,"build_ms":576.934125000,"transcript_setup_ms":0.004125000,"commit_ms":1716.811166000,"bus_ms":1918.752333000,"constraints_ms":395.271666000,"claim_prep_ms":0.015500000,"reduction_ms":2.258708000,"pcs_open_ms":1064.055209000,"finalize_ms":0.004042000,"internal_total_ms":6068.903584000,"internal_residual_ms":0.019710000}
RESULT {"action":"prove","cycles":7498510,"counts":[5954835, 1543542, 132, 0, 1, 0],"cells":7492965,"mem_used":7492965,"log_mem":23,"committed":182455228,"proof_bytes":834752,"assembly_ms":506.744,"prove_including_execute_ms":6168.510,"verify_ms":154.539,"negative_checks_ms":95.063,"wrong_public_rejected":true,"mutated_proof_rejected":true}
ok

test result: ok. 1 passed; 0 failed; 0 ignored; 0 measured; 4 filtered out; finished in 6.93s

        7.01 real        31.90 user        10.38 sys
         41404121088  maximum resident set size
                   0  average shared memory size
                   0  average unshared data size
                   0  average unshared stack size
             3207244  page reclaims
                   0  page faults
                   0  swaps
                   0  block input operations
                   0  block output operations
                   0  messages sent
                   0  messages received
                   0  signals received
                   0  voluntary context switches
              145722  involuntary context switches
        564450066425  instructions retired
        178434915019  cycles elapsed
         41422452544  peak memory footprint
