
running 1 test
test real_state_bench::real_state_benchmark ... PHASES {"profile_schema":1,"scope":"cpu_prove_before_logging_and_local_drops","execute_ms":718.272750000,"build_ms":686.221000000,"transcript_setup_ms":0.004000000,"commit_ms":1734.964000000,"bus_ms":2023.627750000,"constraints_ms":427.279875000,"claim_prep_ms":0.018666000,"reduction_ms":2.128375000,"pcs_open_ms":1051.202291000,"finalize_ms":0.005875000,"internal_total_ms":6643.748042000,"internal_residual_ms":0.023460000}
RESULT {"action":"prove","cycles":8482697,"counts":[6592617, 1889947, 132, 0, 1, 0],"cells":8476896,"mem_used":8476896,"log_mem":24,"committed":207621052,"proof_bytes":836384,"assembly_ms":1015.359,"prove_including_execute_ms":6736.352,"verify_ms":288.114,"negative_checks_ms":166.269,"wrong_public_rejected":true,"mutated_proof_rejected":true}
ok

test result: ok. 1 passed; 0 failed; 0 ignored; 0 measured; 4 filtered out; finished in 8.21s

        8.30 real        33.68 user        10.33 sys
         44083642368  maximum resident set size
                   0  average shared memory size
                   0  average unshared data size
                   0  average unshared stack size
             3413774  page reclaims
                   0  page faults
                   0  swaps
                   0  block input operations
                   0  block output operations
                   0  messages sent
                   0  messages received
                   0  signals received
                   0  voluntary context switches
              140781  involuntary context switches
        600324615498  instructions retired
        186133323636  cycles elapsed
         44103352024  peak memory footprint
