
running 1 test
test real_state_bench::real_state_benchmark ... PHASES {"profile_schema":1,"scope":"cpu_prove_before_logging_and_local_drops","execute_ms":690.087375000,"build_ms":675.144833000,"transcript_setup_ms":0.004250000,"commit_ms":1735.514333000,"bus_ms":2069.599375000,"constraints_ms":411.820250000,"claim_prep_ms":0.018041000,"reduction_ms":2.219708000,"pcs_open_ms":1127.192125000,"finalize_ms":0.003666000,"internal_total_ms":6711.627208000,"internal_residual_ms":0.023252000}
RESULT {"action":"prove","cycles":8462089,"counts":[6722637, 1739319, 132, 0, 1, 0],"cells":8456073,"mem_used":8456073,"log_mem":24,"committed":207621052,"proof_bytes":835712,"assembly_ms":1013.018,"prove_including_execute_ms":6811.397,"verify_ms":299.347,"negative_checks_ms":184.839,"wrong_public_rejected":true,"mutated_proof_rejected":true}
ok

test result: ok. 1 passed; 0 failed; 0 ignored; 0 measured; 4 filtered out; finished in 8.31s

        8.42 real        34.40 user        10.49 sys
         44139577344  maximum resident set size
                   0  average shared memory size
                   0  average unshared data size
                   0  average unshared stack size
             3415890  page reclaims
                   0  page faults
                   0  swaps
                   0  block input operations
                   0  block output operations
                   0  messages sent
                   0  messages received
                   0  signals received
                   2  voluntary context switches
              154706  involuntary context switches
        601064089161  instructions retired
        189758577788  cycles elapsed
         44159237800  peak memory footprint
