
running 1 test
test real_state_bench::real_state_benchmark ... PHASES {"profile_schema":1,"scope":"cpu_prove_before_logging_and_local_drops","execute_ms":429.717417000,"build_ms":584.941666000,"transcript_setup_ms":0.004250000,"commit_ms":1750.485250000,"bus_ms":1921.471250000,"constraints_ms":400.982834000,"claim_prep_ms":0.020542000,"reduction_ms":2.263541000,"pcs_open_ms":1072.708291000,"finalize_ms":0.004042000,"internal_total_ms":6162.621542000,"internal_residual_ms":0.022459000}
RESULT {"action":"prove","cycles":7498510,"counts":[5954835, 1543542, 132, 0, 1, 0],"cells":7492965,"mem_used":7492965,"log_mem":23,"committed":182455228,"proof_bytes":834752,"assembly_ms":517.912,"prove_including_execute_ms":6265.031,"verify_ms":147.687,"negative_checks_ms":95.276,"wrong_public_rejected":true,"mutated_proof_rejected":true}
ok

test result: ok. 1 passed; 0 failed; 0 ignored; 0 measured; 4 filtered out; finished in 7.03s

        7.12 real        31.97 user        10.22 sys
         41417359360  maximum resident set size
                   0  average shared memory size
                   0  average unshared data size
                   0  average unshared stack size
             3208021  page reclaims
                   0  page faults
                   0  swaps
                   0  block input operations
                   0  block output operations
                   0  messages sent
                   0  messages received
                   0  signals received
                   0  voluntary context switches
              165907  involuntary context switches
        565049582129  instructions retired
        178477968581  cycles elapsed
         41435608776  peak memory footprint
