
running 1 test
test real_state_bench::real_state_benchmark ... PHASES {"profile_schema":1,"scope":"cpu_prove_before_logging_and_local_drops","execute_ms":725.449917000,"build_ms":681.593625000,"transcript_setup_ms":0.004208000,"commit_ms":1897.715792000,"bus_ms":2074.114334000,"constraints_ms":393.116750000,"claim_prep_ms":0.019792000,"reduction_ms":2.076000000,"pcs_open_ms":1005.507208000,"finalize_ms":0.006250000,"internal_total_ms":6779.624375000,"internal_residual_ms":0.020499000}
RESULT {"action":"prove","cycles":8462089,"counts":[6722637, 1739319, 132, 0, 1, 0],"cells":8456073,"mem_used":8456073,"log_mem":24,"committed":207621052,"proof_bytes":835712,"assembly_ms":1020.656,"prove_including_execute_ms":6869.689,"verify_ms":295.797,"negative_checks_ms":162.930,"wrong_public_rejected":true,"mutated_proof_rejected":true}
ok

test result: ok. 1 passed; 0 failed; 0 ignored; 0 measured; 4 filtered out; finished in 8.35s

        8.45 real        35.13 user        10.15 sys
         44142821376  maximum resident set size
                   0  average shared memory size
                   0  average unshared data size
                   0  average unshared stack size
             3415721  page reclaims
                   0  page faults
                   0  swaps
                   0  block input operations
                   0  block output operations
                   0  messages sent
                   0  messages received
                   0  signals received
                   2  voluntary context switches
              154560  involuntary context switches
        600858414398  instructions retired
        185899578933  cycles elapsed
         44162514648  peak memory footprint
