
running 1 test
test real_state_bench::real_state_benchmark ... PHASES {"profile_schema":1,"scope":"cpu_prove_before_logging_and_local_drops","execute_ms":411.366041000,"build_ms":601.684458000,"transcript_setup_ms":0.004375000,"commit_ms":1825.238125000,"bus_ms":1962.854458000,"constraints_ms":419.458541000,"claim_prep_ms":0.020417000,"reduction_ms":2.136750000,"pcs_open_ms":1061.487583000,"finalize_ms":0.005000000,"internal_total_ms":6284.272375000,"internal_residual_ms":0.016627000}
RESULT {"action":"prove","cycles":7498510,"counts":[5954835, 1543542, 132, 0, 1, 0],"cells":7492965,"mem_used":7492965,"log_mem":23,"committed":182455228,"proof_bytes":834752,"assembly_ms":513.978,"prove_including_execute_ms":6392.953,"verify_ms":157.322,"negative_checks_ms":94.006,"wrong_public_rejected":true,"mutated_proof_rejected":true}
ok

test result: ok. 1 passed; 0 failed; 0 ignored; 0 measured; 4 filtered out; finished in 7.16s

        7.25 real        32.76 user        10.55 sys
         41292627968  maximum resident set size
                   0  average shared memory size
                   0  average unshared data size
                   0  average unshared stack size
             3205850  page reclaims
                   0  page faults
                   0  swaps
                   0  block input operations
                   0  block output operations
                   0  messages sent
                   0  messages received
                   0  signals received
                   0  voluntary context switches
              158851  involuntary context switches
        564709514872  instructions retired
        183692579519  cycles elapsed
         41310959424  peak memory footprint
