
running 1 test
test real_state_bench::real_state_benchmark ... PHASES {"profile_schema":1,"scope":"cpu_prove_before_logging_and_local_drops","execute_ms":796.594542000,"build_ms":701.479125000,"transcript_setup_ms":0.004625000,"commit_ms":1789.324000000,"bus_ms":2085.217042000,"constraints_ms":418.562625000,"claim_prep_ms":0.018209000,"reduction_ms":2.243167000,"pcs_open_ms":1117.398750000,"finalize_ms":0.006542000,"internal_total_ms":6910.874875000,"internal_residual_ms":0.026248000}
RESULT {"action":"prove","cycles":8482697,"counts":[6592617, 1889947, 132, 0, 1, 0],"cells":8476896,"mem_used":8476896,"log_mem":24,"committed":207621052,"proof_bytes":836384,"assembly_ms":1024.968,"prove_including_execute_ms":7010.395,"verify_ms":298.017,"negative_checks_ms":183.761,"wrong_public_rejected":true,"mutated_proof_rejected":true}
ok

test result: ok. 1 passed; 0 failed; 0 ignored; 0 measured; 4 filtered out; finished in 8.52s

        8.63 real        34.79 user        10.76 sys
         44080873472  maximum resident set size
                   0  average shared memory size
                   0  average unshared data size
                   0  average unshared stack size
             3413824  page reclaims
                   0  page faults
                   0  swaps
                   0  block input operations
                   0  block output operations
                   0  messages sent
                   0  messages received
                   0  signals received
                   0  voluntary context switches
              154483  involuntary context switches
        600627267824  instructions retired
        192832524941  cycles elapsed
         44100599536  peak memory footprint
