
running 1 test
test real_state_bench::real_state_benchmark ... PHASES {"profile_schema":1,"scope":"cpu_prove_before_logging_and_local_drops","execute_ms":785.119833000,"build_ms":709.612250000,"transcript_setup_ms":0.004542000,"commit_ms":1790.111250000,"bus_ms":2064.733750000,"constraints_ms":438.567458000,"claim_prep_ms":0.016750000,"reduction_ms":2.650750000,"pcs_open_ms":1128.176334000,"finalize_ms":0.009125000,"internal_total_ms":6919.025625000,"internal_residual_ms":0.023583000}
RESULT {"action":"prove","cycles":8462089,"counts":[6722637, 1739319, 132, 0, 1, 0],"cells":8456073,"mem_used":8456073,"log_mem":24,"committed":207621052,"proof_bytes":835712,"assembly_ms":1030.445,"prove_including_execute_ms":7020.137,"verify_ms":301.692,"negative_checks_ms":186.324,"wrong_public_rejected":true,"mutated_proof_rejected":true}
ok

test result: ok. 1 passed; 0 failed; 0 ignored; 0 measured; 4 filtered out; finished in 8.54s

        8.65 real        35.06 user        10.84 sys
         44141051904  maximum resident set size
                   0  average shared memory size
                   0  average unshared data size
                   0  average unshared stack size
             3415929  page reclaims
                   0  page faults
                   0  swaps
                   0  block input operations
                   0  block output operations
                   0  messages sent
                   0  messages received
                   0  signals received
                   1  voluntary context switches
              161656  involuntary context switches
        601554970884  instructions retired
        194078920599  cycles elapsed
         44160745176  peak memory footprint
