
running 1 test
test real_state_bench::real_state_benchmark ... PHASES {"profile_schema":1,"scope":"cpu_prove_before_logging_and_local_drops","execute_ms":430.544333000,"build_ms":581.708209000,"transcript_setup_ms":0.004334000,"commit_ms":1784.478750000,"bus_ms":1946.667292000,"constraints_ms":420.926917000,"claim_prep_ms":0.018542000,"reduction_ms":2.098542000,"pcs_open_ms":1111.491833000,"finalize_ms":0.004541000,"internal_total_ms":6277.963833000,"internal_residual_ms":0.020540000}
RESULT {"action":"prove","cycles":7498510,"counts":[5954835, 1543542, 132, 0, 1, 0],"cells":7492965,"mem_used":7492965,"log_mem":23,"committed":182455228,"proof_bytes":834752,"assembly_ms":520.730,"prove_including_execute_ms":6387.792,"verify_ms":152.252,"negative_checks_ms":96.241,"wrong_public_rejected":true,"mutated_proof_rejected":true}
ok

test result: ok. 1 passed; 0 failed; 0 ignored; 0 measured; 4 filtered out; finished in 7.16s

        7.26 real        32.70 user        10.63 sys
         41413394432  maximum resident set size
                   0  average shared memory size
                   0  average unshared data size
                   0  average unshared stack size
             3207747  page reclaims
                   0  page faults
                   0  swaps
                   0  block input operations
                   0  block output operations
                   0  messages sent
                   0  messages received
                   0  signals received
                   0  voluntary context switches
              159513  involuntary context switches
        565064925755  instructions retired
        183256482588  cycles elapsed
         41431676664  peak memory footprint
