
running 1 test
test real_state_bench::real_state_benchmark ... PHASES {"profile_schema":1,"scope":"cpu_prove_before_logging_and_local_drops","execute_ms":431.572042000,"build_ms":580.136667000,"transcript_setup_ms":0.004250000,"commit_ms":1764.366750000,"bus_ms":1915.933791000,"constraints_ms":425.368500000,"claim_prep_ms":0.019916000,"reduction_ms":2.324417000,"pcs_open_ms":1066.591042000,"finalize_ms":0.005333000,"internal_total_ms":6186.344833000,"internal_residual_ms":0.022125000}
RESULT {"action":"prove","cycles":7498510,"counts":[5954835, 1543542, 132, 0, 1, 0],"cells":7492965,"mem_used":7492965,"log_mem":23,"committed":182455228,"proof_bytes":834752,"assembly_ms":516.311,"prove_including_execute_ms":6296.433,"verify_ms":149.870,"negative_checks_ms":95.371,"wrong_public_rejected":true,"mutated_proof_rejected":true}
ok

test result: ok. 1 passed; 0 failed; 0 ignored; 0 measured; 4 filtered out; finished in 7.06s

        7.15 real        31.96 user        10.31 sys
         41413492736  maximum resident set size
                   0  average shared memory size
                   0  average unshared data size
                   0  average unshared stack size
             3207862  page reclaims
                   0  page faults
                   0  swaps
                   0  block input operations
                   0  block output operations
                   0  messages sent
                   0  messages received
                   0  signals received
                   0  voluntary context switches
              147538  involuntary context switches
        564854447560  instructions retired
        179415737224  cycles elapsed
         41431807784  peak memory footprint
