
running 1 test
test real_state_bench::real_state_benchmark ... PHASES {"profile_schema":1,"scope":"cpu_prove_before_logging_and_local_drops","execute_ms":795.979208000,"build_ms":716.616417000,"transcript_setup_ms":0.004541000,"commit_ms":1801.558125000,"bus_ms":2083.286542000,"constraints_ms":440.215084000,"claim_prep_ms":0.017542000,"reduction_ms":2.263125000,"pcs_open_ms":1119.149167000,"finalize_ms":0.007000000,"internal_total_ms":6959.120042000,"internal_residual_ms":0.023291000}
RESULT {"action":"prove","cycles":8482697,"counts":[6592617, 1889947, 132, 0, 1, 0],"cells":8476896,"mem_used":8476896,"log_mem":24,"committed":207621052,"proof_bytes":836384,"assembly_ms":1027.276,"prove_including_execute_ms":7059.476,"verify_ms":303.102,"negative_checks_ms":180.207,"wrong_public_rejected":true,"mutated_proof_rejected":true}
ok

test result: ok. 1 passed; 0 failed; 0 ignored; 0 measured; 4 filtered out; finished in 8.57s

        8.68 real        35.00 user        10.95 sys
         44082528256  maximum resident set size
                   0  average shared memory size
                   0  average unshared data size
                   0  average unshared stack size
             3413820  page reclaims
                   0  page faults
                   0  swaps
                   0  block input operations
                   0  block output operations
                   0  messages sent
                   0  messages received
                   0  signals received
                   0  voluntary context switches
              169347  involuntary context switches
        601941400324  instructions retired
        194071168862  cycles elapsed
         44102237912  peak memory footprint
