
running 1 test
test real_state_bench::real_state_benchmark ... PHASES {"profile_schema":1,"scope":"cpu_prove_before_logging_and_local_drops","execute_ms":431.797583000,"build_ms":582.243583000,"transcript_setup_ms":0.004417000,"commit_ms":1816.142000000,"bus_ms":1940.365750000,"constraints_ms":430.133250000,"claim_prep_ms":0.023333000,"reduction_ms":2.192458000,"pcs_open_ms":1071.816750000,"finalize_ms":0.005542000,"internal_total_ms":6274.750333000,"internal_residual_ms":0.025667000}
RESULT {"action":"prove","cycles":7498510,"counts":[5954835, 1543542, 132, 0, 1, 0],"cells":7492965,"mem_used":7492965,"log_mem":23,"committed":182455228,"proof_bytes":834752,"assembly_ms":511.511,"prove_including_execute_ms":6384.074,"verify_ms":151.992,"negative_checks_ms":96.229,"wrong_public_rejected":true,"mutated_proof_rejected":true}
ok

test result: ok. 1 passed; 0 failed; 0 ignored; 0 measured; 4 filtered out; finished in 7.15s

        7.24 real        32.60 user        10.48 sys
         41415983104  maximum resident set size
                   0  average shared memory size
                   0  average unshared data size
                   0  average unshared stack size
             3207984  page reclaims
                   0  page faults
                   0  swaps
                   0  block input operations
                   0  block output operations
                   0  messages sent
                   0  messages received
                   0  signals received
                   0  voluntary context switches
              162285  involuntary context switches
        564899711368  instructions retired
        182105498552  cycles elapsed
         41434298152  peak memory footprint
