
running 1 test
test real_state_bench::real_state_benchmark ... PHASES {"profile_schema":1,"scope":"cpu_prove_before_logging_and_local_drops","execute_ms":797.144959000,"build_ms":704.693125000,"transcript_setup_ms":0.004833000,"commit_ms":1793.068792000,"bus_ms":2063.497459000,"constraints_ms":421.283750000,"claim_prep_ms":0.023125000,"reduction_ms":2.283667000,"pcs_open_ms":1116.249708000,"finalize_ms":0.005916000,"internal_total_ms":6898.280000000,"internal_residual_ms":0.024666000}
RESULT {"action":"prove","cycles":8482697,"counts":[6592617, 1889947, 132, 0, 1, 0],"cells":8476896,"mem_used":8476896,"log_mem":24,"committed":207621052,"proof_bytes":836384,"assembly_ms":1026.761,"prove_including_execute_ms":7000.763,"verify_ms":298.680,"negative_checks_ms":182.193,"wrong_public_rejected":true,"mutated_proof_rejected":true}
ok

test result: ok. 1 passed; 0 failed; 0 ignored; 0 measured; 4 filtered out; finished in 8.51s

        8.62 real        34.84 user        10.78 sys
         44085329920  maximum resident set size
                   0  average shared memory size
                   0  average unshared data size
                   0  average unshared stack size
             3413930  page reclaims
                   0  page faults
                   0  swaps
                   0  block input operations
                   0  block output operations
                   0  messages sent
                   0  messages received
                   0  signals received
                   0  voluntary context switches
              164764  involuntary context switches
        601004341606  instructions retired
        192837504472  cycles elapsed
         44105023168  peak memory footprint
