
running 1 test
test real_state_bench::real_state_benchmark ... PHASES {"profile_schema":1,"scope":"cpu_prove_before_logging_and_local_drops","execute_ms":430.445708000,"build_ms":580.962041000,"transcript_setup_ms":0.004500000,"commit_ms":1816.089166000,"bus_ms":1933.807667000,"constraints_ms":428.808875000,"claim_prep_ms":0.016917000,"reduction_ms":2.267209000,"pcs_open_ms":1126.701292000,"finalize_ms":0.004416000,"internal_total_ms":6319.129333000,"internal_residual_ms":0.021542000}
RESULT {"action":"prove","cycles":7498510,"counts":[5954835, 1543542, 132, 0, 1, 0],"cells":7492965,"mem_used":7492965,"log_mem":23,"committed":182455228,"proof_bytes":834752,"assembly_ms":521.714,"prove_including_execute_ms":6428.095,"verify_ms":150.523,"negative_checks_ms":95.043,"wrong_public_rejected":true,"mutated_proof_rejected":true}
ok

test result: ok. 1 passed; 0 failed; 0 ignored; 0 measured; 4 filtered out; finished in 7.20s

        7.29 real        32.70 user        10.64 sys
         41413558272  maximum resident set size
                   0  average shared memory size
                   0  average unshared data size
                   0  average unshared stack size
             3207725  page reclaims
                   0  page faults
                   0  swaps
                   0  block input operations
                   0  block output operations
                   0  messages sent
                   0  messages received
                   0  signals received
                   0  voluntary context switches
              178151  involuntary context switches
        565612966445  instructions retired
        183124391441  cycles elapsed
         41431840504  peak memory footprint
