
running 1 test
test real_state_bench::real_state_benchmark ... PHASES {"profile_schema":1,"scope":"cpu_prove_before_logging_and_local_drops","execute_ms":779.610208000,"build_ms":708.976458000,"transcript_setup_ms":0.004250000,"commit_ms":1808.920750000,"bus_ms":2066.994667000,"constraints_ms":431.243958000,"claim_prep_ms":0.020708000,"reduction_ms":2.161667000,"pcs_open_ms":1152.069459000,"finalize_ms":0.004166000,"internal_total_ms":6950.028167000,"internal_residual_ms":0.021876000}
RESULT {"action":"prove","cycles":8462089,"counts":[6722637, 1739319, 132, 0, 1, 0],"cells":8456073,"mem_used":8456073,"log_mem":24,"committed":207621052,"proof_bytes":835712,"assembly_ms":1033.017,"prove_including_execute_ms":7053.490,"verify_ms":302.951,"negative_checks_ms":177.314,"wrong_public_rejected":true,"mutated_proof_rejected":true}
ok

test result: ok. 1 passed; 0 failed; 0 ignored; 0 measured; 4 filtered out; finished in 8.57s

        8.68 real        34.92 user        11.03 sys
         44237078528  maximum resident set size
                   0  average shared memory size
                   0  average unshared data size
                   0  average unshared stack size
             3411957  page reclaims
                   0  page faults
                   0  swaps
                   0  block input operations
                   0  block output operations
                   0  messages sent
                   0  messages received
                   0  signals received
                   0  voluntary context switches
              163870  involuntary context switches
        601793229204  instructions retired
        194244764848  cycles elapsed
         44256837432  peak memory footprint
