
running 1 test
test real_state_bench::real_state_benchmark ... PHASES {"profile_schema":1,"scope":"cpu_prove_before_logging_and_local_drops","execute_ms":443.047458000,"build_ms":580.384833000,"transcript_setup_ms":0.004666000,"commit_ms":1787.454208000,"bus_ms":1937.903416000,"constraints_ms":427.786792000,"claim_prep_ms":0.022458000,"reduction_ms":2.218500000,"pcs_open_ms":1128.500833000,"finalize_ms":0.004333000,"internal_total_ms":6307.355083000,"internal_residual_ms":0.027586000}
RESULT {"action":"prove","cycles":7498510,"counts":[5954835, 1543542, 132, 0, 1, 0],"cells":7492965,"mem_used":7492965,"log_mem":23,"committed":182455228,"proof_bytes":834752,"assembly_ms":521.922,"prove_including_execute_ms":6418.149,"verify_ms":152.489,"negative_checks_ms":94.980,"wrong_public_rejected":true,"mutated_proof_rejected":true}
ok

test result: ok. 1 passed; 0 failed; 0 ignored; 0 measured; 4 filtered out; finished in 7.19s

        7.29 real        33.05 user        10.65 sys
         41413672960  maximum resident set size
                   0  average shared memory size
                   0  average unshared data size
                   0  average unshared stack size
             3208025  page reclaims
                   0  page faults
                   0  swaps
                   0  block input operations
                   0  block output operations
                   0  messages sent
                   0  messages received
                   0  signals received
                   0  voluntary context switches
              163144  involuntary context switches
        565122518524  instructions retired
        184202940778  cycles elapsed
         41431955192  peak memory footprint
