
running 1 test
test real_state_bench::real_state_benchmark ... PHASES {"profile_schema":1,"scope":"cpu_prove_before_logging_and_local_drops","execute_ms":804.174125000,"build_ms":703.540166000,"transcript_setup_ms":0.005042000,"commit_ms":1797.434875000,"bus_ms":2084.665875000,"constraints_ms":428.350459000,"claim_prep_ms":0.017792000,"reduction_ms":2.169291000,"pcs_open_ms":1129.675541000,"finalize_ms":0.003959000,"internal_total_ms":6950.062000000,"internal_residual_ms":0.024875000}
RESULT {"action":"prove","cycles":8462089,"counts":[6722637, 1739319, 132, 0, 1, 0],"cells":8456073,"mem_used":8456073,"log_mem":24,"committed":207621052,"proof_bytes":835712,"assembly_ms":1028.207,"prove_including_execute_ms":7051.215,"verify_ms":301.271,"negative_checks_ms":183.430,"wrong_public_rejected":true,"mutated_proof_rejected":true}
ok

test result: ok. 1 passed; 0 failed; 0 ignored; 0 measured; 4 filtered out; finished in 8.57s

        8.68 real        35.13 user        10.83 sys
         44137840640  maximum resident set size
                   0  average shared memory size
                   0  average unshared data size
                   0  average unshared stack size
             3415913  page reclaims
                   0  page faults
                   0  swaps
                   0  block input operations
                   0  block output operations
                   0  messages sent
                   0  messages received
                   0  signals received
                   2  voluntary context switches
              170829  involuntary context switches
        601548875639  instructions retired
        194141746852  cycles elapsed
         44157517504  peak memory footprint
