
running 1 test
test real_state_bench::real_state_benchmark ... PHASES {"profile_schema":1,"scope":"cpu_prove_before_logging_and_local_drops","execute_ms":798.402334000,"build_ms":704.749333000,"transcript_setup_ms":0.004542000,"commit_ms":1824.999709000,"bus_ms":2080.642667000,"constraints_ms":418.662792000,"claim_prep_ms":0.020750000,"reduction_ms":2.197542000,"pcs_open_ms":1116.331875000,"finalize_ms":0.003709000,"internal_total_ms":6946.041750000,"internal_residual_ms":0.026497000}
RESULT {"action":"prove","cycles":8482697,"counts":[6592617, 1889947, 132, 0, 1, 0],"cells":8476896,"mem_used":8476896,"log_mem":24,"committed":207621052,"proof_bytes":836384,"assembly_ms":1025.570,"prove_including_execute_ms":7048.887,"verify_ms":301.225,"negative_checks_ms":180.340,"wrong_public_rejected":true,"mutated_proof_rejected":true}
ok

test result: ok. 1 passed; 0 failed; 0 ignored; 0 measured; 4 filtered out; finished in 8.56s

        8.67 real        34.96 user        11.05 sys
         44085084160  maximum resident set size
                   0  average shared memory size
                   0  average unshared data size
                   0  average unshared stack size
             3414052  page reclaims
                   0  page faults
                   0  swaps
                   0  block input operations
                   0  block output operations
                   0  messages sent
                   0  messages received
                   0  signals received
                   0  voluntary context switches
              163246  involuntary context switches
        600753909841  instructions retired
        194287834892  cycles elapsed
         44104826632  peak memory footprint
