
running 1 test
test real_state_bench::real_state_benchmark ... PHASES {"profile_schema":1,"scope":"cpu_prove_before_logging_and_local_drops","execute_ms":432.077333000,"build_ms":580.836792000,"transcript_setup_ms":0.004666000,"commit_ms":1800.962625000,"bus_ms":1926.653500000,"constraints_ms":428.078959000,"claim_prep_ms":0.017000000,"reduction_ms":2.165750000,"pcs_open_ms":1107.840167000,"finalize_ms":0.004250000,"internal_total_ms":6278.667167000,"internal_residual_ms":0.026125000}
RESULT {"action":"prove","cycles":7498510,"counts":[5954835, 1543542, 132, 0, 1, 0],"cells":7492965,"mem_used":7492965,"log_mem":23,"committed":182455228,"proof_bytes":834752,"assembly_ms":521.833,"prove_including_execute_ms":6392.534,"verify_ms":152.843,"negative_checks_ms":95.389,"wrong_public_rejected":true,"mutated_proof_rejected":true}
ok

test result: ok. 1 passed; 0 failed; 0 ignored; 0 measured; 4 filtered out; finished in 7.16s

        7.26 real        32.76 user        10.46 sys
         41410707456  maximum resident set size
                   0  average shared memory size
                   0  average unshared data size
                   0  average unshared stack size
             3207768  page reclaims
                   0  page faults
                   0  swaps
                   0  block input operations
                   0  block output operations
                   0  messages sent
                   0  messages received
                   0  signals received
                   0  voluntary context switches
              164681  involuntary context switches
        565452608615  instructions retired
        182404686697  cycles elapsed
         41428989688  peak memory footprint
