
running 1 test
test real_state_bench::real_state_benchmark ... PHASES {"profile_schema":1,"scope":"cpu_prove_before_logging_and_local_drops","execute_ms":782.353458000,"build_ms":712.518542000,"transcript_setup_ms":0.004500000,"commit_ms":1821.370000000,"bus_ms":2089.082000000,"constraints_ms":426.517917000,"claim_prep_ms":0.020917000,"reduction_ms":2.178791000,"pcs_open_ms":1112.471167000,"finalize_ms":0.004208000,"internal_total_ms":6946.547334000,"internal_residual_ms":0.025834000}
RESULT {"action":"prove","cycles":8462089,"counts":[6722637, 1739319, 132, 0, 1, 0],"cells":8456073,"mem_used":8456073,"log_mem":24,"committed":207621052,"proof_bytes":835712,"assembly_ms":1026.650,"prove_including_execute_ms":7047.763,"verify_ms":299.415,"negative_checks_ms":176.721,"wrong_public_rejected":true,"mutated_proof_rejected":true}
ok

test result: ok. 1 passed; 0 failed; 0 ignored; 0 measured; 4 filtered out; finished in 8.55s

        8.66 real        35.00 user        10.94 sys
         44234326016  maximum resident set size
                   0  average shared memory size
                   0  average unshared data size
                   0  average unshared stack size
             3411698  page reclaims
                   0  page faults
                   0  swaps
                   0  block input operations
                   0  block output operations
                   0  messages sent
                   0  messages received
                   0  signals received
                   0  voluntary context switches
              161916  involuntary context switches
        601378995023  instructions retired
        194005931880  cycles elapsed
         44253970064  peak memory footprint
