
running 1 test
test real_state_bench::real_state_benchmark ... PHASES {"profile_schema":1,"scope":"cpu_prove_before_logging_and_local_drops","execute_ms":799.927500000,"build_ms":703.341042000,"transcript_setup_ms":0.004375000,"commit_ms":1779.968250000,"bus_ms":2081.015625000,"constraints_ms":424.672250000,"claim_prep_ms":0.019500000,"reduction_ms":2.196750000,"pcs_open_ms":1100.862834000,"finalize_ms":0.005417000,"internal_total_ms":6892.039375000,"internal_residual_ms":0.025832000}
RESULT {"action":"prove","cycles":8482697,"counts":[6592617, 1889947, 132, 0, 1, 0],"cells":8476896,"mem_used":8476896,"log_mem":24,"committed":207621052,"proof_bytes":836384,"assembly_ms":1026.943,"prove_including_execute_ms":6995.458,"verify_ms":297.167,"negative_checks_ms":180.115,"wrong_public_rejected":true,"mutated_proof_rejected":true}
ok

test result: ok. 1 passed; 0 failed; 0 ignored; 0 measured; 4 filtered out; finished in 8.50s

        8.61 real        34.83 user        10.67 sys
         44081790976  maximum resident set size
                   0  average shared memory size
                   0  average unshared data size
                   0  average unshared stack size
             3413827  page reclaims
                   0  page faults
                   0  swaps
                   0  block input operations
                   0  block output operations
                   0  messages sent
                   0  messages received
                   0  signals received
                   0  voluntary context switches
              158103  involuntary context switches
        600918742784  instructions retired
        192234243485  cycles elapsed
         44101517040  peak memory footprint
