
running 1 test
test real_state_bench::real_state_benchmark ... PHASES {"profile_schema":1,"scope":"cpu_prove_before_logging_and_local_drops","execute_ms":782.290291000,"build_ms":713.759833000,"transcript_setup_ms":0.004375000,"commit_ms":1778.867292000,"bus_ms":2071.904875000,"constraints_ms":430.465125000,"claim_prep_ms":0.017292000,"reduction_ms":2.331458000,"pcs_open_ms":1109.628917000,"finalize_ms":0.009500000,"internal_total_ms":6889.301375000,"internal_residual_ms":0.022417000}
RESULT {"action":"prove","cycles":8462089,"counts":[6722637, 1739319, 132, 0, 1, 0],"cells":8456073,"mem_used":8456073,"log_mem":24,"committed":207621052,"proof_bytes":835712,"assembly_ms":1029.891,"prove_including_execute_ms":6989.564,"verify_ms":300.264,"negative_checks_ms":184.655,"wrong_public_rejected":true,"mutated_proof_rejected":true}
ok

test result: ok. 1 passed; 0 failed; 0 ignored; 0 measured; 4 filtered out; finished in 8.51s

        8.61 real        34.92 user        10.79 sys
         44142182400  maximum resident set size
                   0  average shared memory size
                   0  average unshared data size
                   0  average unshared stack size
             3416125  page reclaims
                   0  page faults
                   0  swaps
                   0  block input operations
                   0  block output operations
                   0  messages sent
                   0  messages received
                   0  signals received
                   0  voluntary context switches
              154059  involuntary context switches
        601468622845  instructions retired
        193043590041  cycles elapsed
         44161760816  peak memory footprint
