
running 1 test
test real_state_bench::real_state_benchmark ... PHASES {"profile_schema":1,"scope":"cpu_prove_before_logging_and_local_drops","execute_ms":805.682958000,"build_ms":703.492000000,"transcript_setup_ms":0.004375000,"commit_ms":1793.468541000,"bus_ms":2083.490917000,"constraints_ms":419.337083000,"claim_prep_ms":0.021709000,"reduction_ms":2.441750000,"pcs_open_ms":1125.405792000,"finalize_ms":0.006042000,"internal_total_ms":6933.380667000,"internal_residual_ms":0.029500000}
RESULT {"action":"prove","cycles":8482697,"counts":[6592617, 1889947, 132, 0, 1, 0],"cells":8476896,"mem_used":8476896,"log_mem":24,"committed":207621052,"proof_bytes":836384,"assembly_ms":1028.892,"prove_including_execute_ms":7035.118,"verify_ms":302.287,"negative_checks_ms":182.002,"wrong_public_rejected":true,"mutated_proof_rejected":true}
ok

test result: ok. 1 passed; 0 failed; 0 ignored; 0 measured; 4 filtered out; finished in 8.55s

        8.66 real        35.10 user        10.89 sys
         44088786944  maximum resident set size
                   0  average shared memory size
                   0  average unshared data size
                   0  average unshared stack size
             3414623  page reclaims
                   0  page faults
                   0  swaps
                   0  block input operations
                   0  block output operations
                   0  messages sent
                   0  messages received
                   0  signals received
                   0  voluntary context switches
              168161  involuntary context switches
        600547472654  instructions retired
        194024483348  cycles elapsed
         44108513008  peak memory footprint
