
running 1 test
test real_state_bench::real_state_benchmark ... PHASES {"profile_schema":1,"scope":"cpu_prove_before_logging_and_local_drops","execute_ms":795.020125000,"build_ms":699.706458000,"transcript_setup_ms":0.004333000,"commit_ms":1795.999875000,"bus_ms":2084.626792000,"constraints_ms":423.848708000,"claim_prep_ms":0.016667000,"reduction_ms":2.125583000,"pcs_open_ms":1071.655459000,"finalize_ms":0.005542000,"internal_total_ms":6873.032625000,"internal_residual_ms":0.023083000}
RESULT {"action":"prove","cycles":8462089,"counts":[6722637, 1739319, 132, 0, 1, 0],"cells":8456073,"mem_used":8456073,"log_mem":24,"committed":207621052,"proof_bytes":835712,"assembly_ms":1038.456,"prove_including_execute_ms":6975.089,"verify_ms":298.830,"negative_checks_ms":176.497,"wrong_public_rejected":true,"mutated_proof_rejected":true}
ok

test result: ok. 1 passed; 0 failed; 0 ignored; 0 measured; 4 filtered out; finished in 8.49s

        8.60 real        34.78 user        10.50 sys
         44142149632  maximum resident set size
                   0  average shared memory size
                   0  average unshared data size
                   0  average unshared stack size
             3415898  page reclaims
                   0  page faults
                   0  swaps
                   0  block input operations
                   0  block output operations
                   0  messages sent
                   0  messages received
                   0  signals received
                   0  voluntary context switches
              154773  involuntary context switches
        601172665995  instructions retired
        191227756970  cycles elapsed
         44161744456  peak memory footprint
