
running 1 test
test real_state_bench::real_state_benchmark ... PHASES {"profile_schema":1,"scope":"cpu_prove_before_logging_and_local_drops","execute_ms":442.298500000,"build_ms":583.220709000,"transcript_setup_ms":0.004375000,"commit_ms":1783.292708000,"bus_ms":1941.322917000,"constraints_ms":431.532666000,"claim_prep_ms":0.024292000,"reduction_ms":2.156000000,"pcs_open_ms":1099.994625000,"finalize_ms":0.004500000,"internal_total_ms":6283.873709000,"internal_residual_ms":0.022417000}
RESULT {"action":"prove","cycles":7498510,"counts":[5954835, 1543542, 132, 0, 1, 0],"cells":7492965,"mem_used":7492965,"log_mem":23,"committed":182455228,"proof_bytes":834752,"assembly_ms":521.912,"prove_including_execute_ms":6393.895,"verify_ms":152.218,"negative_checks_ms":94.897,"wrong_public_rejected":true,"mutated_proof_rejected":true}
ok

test result: ok. 1 passed; 0 failed; 0 ignored; 0 measured; 4 filtered out; finished in 7.16s

        7.26 real        32.70 user        10.56 sys
         41414967296  maximum resident set size
                   0  average shared memory size
                   0  average unshared data size
                   0  average unshared stack size
             3208163  page reclaims
                   0  page faults
                   0  swaps
                   0  block input operations
                   0  block output operations
                   0  messages sent
                   0  messages received
                   0  signals received
                   0  voluntary context switches
              162500  involuntary context switches
        565308766180  instructions retired
        182612701335  cycles elapsed
         41433216712  peak memory footprint
