
running 1 test
test real_state_bench::real_state_benchmark ... PHASES {"profile_schema":1,"scope":"cpu_prove_before_logging_and_local_drops","execute_ms":799.759709000,"build_ms":727.318333000,"transcript_setup_ms":0.004375000,"commit_ms":1780.385000000,"bus_ms":2101.922917000,"constraints_ms":416.606584000,"claim_prep_ms":0.019000000,"reduction_ms":2.156375000,"pcs_open_ms":1111.587875000,"finalize_ms":0.004792000,"internal_total_ms":6939.787041000,"internal_residual_ms":0.022081000}
RESULT {"action":"prove","cycles":8482697,"counts":[6592617, 1889947, 132, 0, 1, 0],"cells":8476896,"mem_used":8476896,"log_mem":24,"committed":207621052,"proof_bytes":836384,"assembly_ms":1027.391,"prove_including_execute_ms":7041.559,"verify_ms":298.914,"negative_checks_ms":176.464,"wrong_public_rejected":true,"mutated_proof_rejected":true}
ok

test result: ok. 1 passed; 0 failed; 0 ignored; 0 measured; 4 filtered out; finished in 8.55s

        8.65 real        34.79 user        11.05 sys
         44083937280  maximum resident set size
                   0  average shared memory size
                   0  average unshared data size
                   0  average unshared stack size
             3413751  page reclaims
                   0  page faults
                   0  swaps
                   0  block input operations
                   0  block output operations
                   0  messages sent
                   0  messages received
                   0  signals received
                   0  voluntary context switches
              166020  involuntary context switches
        601034571573  instructions retired
        193585888862  cycles elapsed
         44103663344  peak memory footprint
