
running 1 test
test real_state_bench::real_state_benchmark ... PHASES {"profile_schema":1,"scope":"cpu_prove_before_logging_and_local_drops","execute_ms":800.011459000,"build_ms":713.902208000,"transcript_setup_ms":0.005000000,"commit_ms":1819.919417000,"bus_ms":2072.355250000,"constraints_ms":423.124584000,"claim_prep_ms":0.014875000,"reduction_ms":1.983833000,"pcs_open_ms":1149.887833000,"finalize_ms":0.004209000,"internal_total_ms":6981.234541000,"internal_residual_ms":0.025873000}
RESULT {"action":"prove","cycles":8462089,"counts":[6722637, 1739319, 132, 0, 1, 0],"cells":8456073,"mem_used":8456073,"log_mem":24,"committed":207621052,"proof_bytes":835712,"assembly_ms":1032.351,"prove_including_execute_ms":7085.558,"verify_ms":304.094,"negative_checks_ms":189.235,"wrong_public_rejected":true,"mutated_proof_rejected":true}
ok

test result: ok. 1 passed; 0 failed; 0 ignored; 0 measured; 4 filtered out; finished in 8.61s

        8.72 real        35.19 user        10.83 sys
         44139921408  maximum resident set size
                   0  average shared memory size
                   0  average unshared data size
                   0  average unshared stack size
             3415831  page reclaims
                   0  page faults
                   0  swaps
                   0  block input operations
                   0  block output operations
                   0  messages sent
                   0  messages received
                   0  signals received
                   1  voluntary context switches
              171198  involuntary context switches
        601574187293  instructions retired
        194297358436  cycles elapsed
         44159499824  peak memory footprint
