
running 1 test
test real_state_bench::real_state_benchmark ... PHASES {"profile_schema":1,"scope":"cpu_prove_before_logging_and_local_drops","execute_ms":802.371209000,"build_ms":712.348375000,"transcript_setup_ms":0.004458000,"commit_ms":1793.709791000,"bus_ms":2093.570208000,"constraints_ms":429.188416000,"claim_prep_ms":0.017709000,"reduction_ms":2.229917000,"pcs_open_ms":1147.225625000,"finalize_ms":0.007125000,"internal_total_ms":6980.696250000,"internal_residual_ms":0.023417000}
RESULT {"action":"prove","cycles":8482697,"counts":[6592617, 1889947, 132, 0, 1, 0],"cells":8476896,"mem_used":8476896,"log_mem":24,"committed":207621052,"proof_bytes":836384,"assembly_ms":1027.051,"prove_including_execute_ms":7084.464,"verify_ms":300.844,"negative_checks_ms":181.878,"wrong_public_rejected":true,"mutated_proof_rejected":true}
ok

test result: ok. 1 passed; 0 failed; 0 ignored; 0 measured; 4 filtered out; finished in 8.60s

        8.70 real        35.11 user        11.19 sys
         44084412416  maximum resident set size
                   0  average shared memory size
                   0  average unshared data size
                   0  average unshared stack size
             3414054  page reclaims
                   0  page faults
                   0  swaps
                   0  block input operations
                   0  block output operations
                   0  messages sent
                   0  messages received
                   0  signals received
                   0  voluntary context switches
              168293  involuntary context switches
        601000354309  instructions retired
        195313102486  cycles elapsed
         44104122072  peak memory footprint
