
running 1 test
test real_state_bench::real_state_benchmark ... PHASES {"profile_schema":1,"scope":"cpu_prove_before_logging_and_local_drops","execute_ms":435.526042000,"build_ms":578.375833000,"transcript_setup_ms":0.004208000,"commit_ms":1812.692125000,"bus_ms":1947.662792000,"constraints_ms":423.264875000,"claim_prep_ms":0.014500000,"reduction_ms":2.274209000,"pcs_open_ms":1111.685750000,"finalize_ms":0.007792000,"internal_total_ms":6311.531000000,"internal_residual_ms":0.022874000}
RESULT {"action":"prove","cycles":7498510,"counts":[5954835, 1543542, 132, 0, 1, 0],"cells":7492965,"mem_used":7492965,"log_mem":23,"committed":182455228,"proof_bytes":834752,"assembly_ms":521.565,"prove_including_execute_ms":6419.755,"verify_ms":150.637,"negative_checks_ms":96.849,"wrong_public_rejected":true,"mutated_proof_rejected":true}
ok

test result: ok. 1 passed; 0 failed; 0 ignored; 0 measured; 4 filtered out; finished in 7.19s

        7.28 real        32.94 user        10.58 sys
         41423618048  maximum resident set size
                   0  average shared memory size
                   0  average unshared data size
                   0  average unshared stack size
             3208718  page reclaims
                   0  page faults
                   0  swaps
                   0  block input operations
                   0  block output operations
                   0  messages sent
                   0  messages received
                   0  signals received
                   0  voluntary context switches
              168501  involuntary context switches
        565348066562  instructions retired
        183481561132  cycles elapsed
         41441916688  peak memory footprint
