
running 1 test
test real_state_bench::real_state_benchmark ... PHASES {"profile_schema":1,"scope":"cpu_prove_before_logging_and_local_drops","execute_ms":772.810500000,"build_ms":690.233208000,"transcript_setup_ms":0.004458000,"commit_ms":1811.158792000,"bus_ms":2076.247292000,"constraints_ms":413.280583000,"claim_prep_ms":0.019334000,"reduction_ms":2.266125000,"pcs_open_ms":1130.321708000,"finalize_ms":0.003667000,"internal_total_ms":6896.364917000,"internal_residual_ms":0.019250000}
RESULT {"action":"prove","cycles":8482697,"counts":[6592617, 1889947, 132, 0, 1, 0],"cells":8476896,"mem_used":8476896,"log_mem":24,"committed":207621052,"proof_bytes":836384,"assembly_ms":1030.261,"prove_including_execute_ms":6996.657,"verify_ms":301.149,"negative_checks_ms":180.012,"wrong_public_rejected":true,"mutated_proof_rejected":true}
ok

test result: ok. 1 passed; 0 failed; 0 ignored; 0 measured; 4 filtered out; finished in 8.51s

        8.62 real        35.23 user        10.87 sys
         44280741888  maximum resident set size
                   0  average shared memory size
                   0  average unshared data size
                   0  average unshared stack size
             3414251  page reclaims
                   0  page faults
                   0  swaps
                   0  block input operations
                   0  block output operations
                   0  messages sent
                   0  messages received
                   0  signals received
                   0  voluntary context switches
              174327  involuntary context switches
        601231406369  instructions retired
        194663210453  cycles elapsed
         44300582808  peak memory footprint
