
running 1 test
test real_state_bench::real_state_benchmark ... PHASES {"profile_schema":1,"scope":"cpu_prove_before_logging_and_local_drops","execute_ms":783.851000000,"build_ms":701.227250000,"transcript_setup_ms":0.004250000,"commit_ms":1781.179833000,"bus_ms":2077.916958000,"constraints_ms":421.767375000,"claim_prep_ms":0.019709000,"reduction_ms":2.127291000,"pcs_open_ms":1121.967375000,"finalize_ms":0.005334000,"internal_total_ms":6890.087750000,"internal_residual_ms":0.021375000}
RESULT {"action":"prove","cycles":8462089,"counts":[6722637, 1739319, 132, 0, 1, 0],"cells":8456073,"mem_used":8456073,"log_mem":24,"committed":207621052,"proof_bytes":835712,"assembly_ms":1023.758,"prove_including_execute_ms":6990.068,"verify_ms":298.701,"negative_checks_ms":188.687,"wrong_public_rejected":true,"mutated_proof_rejected":true}
ok

test result: ok. 1 passed; 0 failed; 0 ignored; 0 measured; 4 filtered out; finished in 8.50s

        8.61 real        35.10 user        10.76 sys
         44212453376  maximum resident set size
                   0  average shared memory size
                   0  average unshared data size
                   0  average unshared stack size
             3416198  page reclaims
                   0  page faults
                   0  swaps
                   0  block input operations
                   0  block output operations
                   0  messages sent
                   0  messages received
                   0  signals received
                   1  voluntary context switches
              158028  involuntary context switches
        601146239982  instructions retired
        193329377975  cycles elapsed
         44232163080  peak memory footprint
