
running 1 test
test real_state_bench::real_state_benchmark ... PHASES {"profile_schema":1,"scope":"cpu_prove_before_logging_and_local_drops","execute_ms":432.848542000,"build_ms":576.447125000,"transcript_setup_ms":0.005000000,"commit_ms":1779.379250000,"bus_ms":1923.636250000,"constraints_ms":426.617584000,"claim_prep_ms":0.014667000,"reduction_ms":2.315666000,"pcs_open_ms":1105.662375000,"finalize_ms":0.004000000,"internal_total_ms":6246.953500000,"internal_residual_ms":0.023041000}
RESULT {"action":"prove","cycles":7498510,"counts":[5954835, 1543542, 132, 0, 1, 0],"cells":7492965,"mem_used":7492965,"log_mem":23,"committed":182455228,"proof_bytes":834752,"assembly_ms":520.402,"prove_including_execute_ms":6356.073,"verify_ms":152.470,"negative_checks_ms":96.112,"wrong_public_rejected":true,"mutated_proof_rejected":true}
ok

test result: ok. 1 passed; 0 failed; 0 ignored; 0 measured; 4 filtered out; finished in 7.13s

        7.22 real        32.78 user        10.40 sys
         41410166784  maximum resident set size
                   0  average shared memory size
                   0  average unshared data size
                   0  average unshared stack size
             3207700  page reclaims
                   0  page faults
                   0  swaps
                   0  block input operations
                   0  block output operations
                   0  messages sent
                   0  messages received
                   0  signals received
                   0  voluntary context switches
              153036  involuntary context switches
        564708427175  instructions retired
        182215027240  cycles elapsed
         41428449016  peak memory footprint
