
running 1 test
test real_state_bench::real_state_benchmark ... PHASES {"profile_schema":1,"scope":"cpu_prove_before_logging_and_local_drops","execute_ms":792.697041000,"build_ms":698.153625000,"transcript_setup_ms":0.004709000,"commit_ms":1785.955125000,"bus_ms":2070.207416000,"constraints_ms":419.716625000,"claim_prep_ms":0.020042000,"reduction_ms":2.438916000,"pcs_open_ms":1068.340166000,"finalize_ms":0.005833000,"internal_total_ms":6837.566458000,"internal_residual_ms":0.026960000}
RESULT {"action":"prove","cycles":8482697,"counts":[6592617, 1889947, 132, 0, 1, 0],"cells":8476896,"mem_used":8476896,"log_mem":24,"committed":207621052,"proof_bytes":836384,"assembly_ms":1035.300,"prove_including_execute_ms":6937.885,"verify_ms":298.461,"negative_checks_ms":173.101,"wrong_public_rejected":true,"mutated_proof_rejected":true}
ok

test result: ok. 1 passed; 0 failed; 0 ignored; 0 measured; 4 filtered out; finished in 8.45s

        8.55 real        34.69 user        10.50 sys
         44081872896  maximum resident set size
                   0  average shared memory size
                   0  average unshared data size
                   0  average unshared stack size
             3413884  page reclaims
                   0  page faults
                   0  swaps
                   0  block input operations
                   0  block output operations
                   0  messages sent
                   0  messages received
                   0  signals received
                   0  voluntary context switches
              151993  involuntary context switches
        600195960338  instructions retired
        190775040281  cycles elapsed
         44101615368  peak memory footprint
