
running 1 test
test real_state_bench::real_state_benchmark ... PHASES {"profile_schema":1,"scope":"cpu_prove_before_logging_and_local_drops","execute_ms":783.109500000,"build_ms":702.844583000,"transcript_setup_ms":0.004500000,"commit_ms":1810.058375000,"bus_ms":2066.400792000,"constraints_ms":442.661625000,"claim_prep_ms":0.017042000,"reduction_ms":2.221667000,"pcs_open_ms":1117.891166000,"finalize_ms":0.005208000,"internal_total_ms":6925.239250000,"internal_residual_ms":0.024792000}
RESULT {"action":"prove","cycles":8462089,"counts":[6722637, 1739319, 132, 0, 1, 0],"cells":8456073,"mem_used":8456073,"log_mem":24,"committed":207621052,"proof_bytes":835712,"assembly_ms":1031.299,"prove_including_execute_ms":7027.239,"verify_ms":299.519,"negative_checks_ms":185.073,"wrong_public_rejected":true,"mutated_proof_rejected":true}
ok

test result: ok. 1 passed; 0 failed; 0 ignored; 0 measured; 4 filtered out; finished in 8.54s

        8.65 real        34.92 user        10.58 sys
         44137758720  maximum resident set size
                   0  average shared memory size
                   0  average unshared data size
                   0  average unshared stack size
             3415591  page reclaims
                   0  page faults
                   0  swaps
                   0  block input operations
                   0  block output operations
                   0  messages sent
                   0  messages received
                   0  signals received
                   1  voluntary context switches
              158992  involuntary context switches
        601944381650  instructions retired
        192253651650  cycles elapsed
         44157468400  peak memory footprint
