
running 1 test
test real_state_bench::real_state_benchmark ... PHASES {"profile_schema":1,"scope":"cpu_prove_before_logging_and_local_drops","execute_ms":430.400542000,"build_ms":580.517125000,"transcript_setup_ms":0.004708000,"commit_ms":1811.367042000,"bus_ms":1963.253875000,"constraints_ms":423.408250000,"claim_prep_ms":0.019792000,"reduction_ms":2.153208000,"pcs_open_ms":1150.749125000,"finalize_ms":0.004500000,"internal_total_ms":6361.902375000,"internal_residual_ms":0.024208000}
RESULT {"action":"prove","cycles":7498510,"counts":[5954835, 1543542, 132, 0, 1, 0],"cells":7492965,"mem_used":7492965,"log_mem":23,"committed":182455228,"proof_bytes":834752,"assembly_ms":510.975,"prove_including_execute_ms":6472.492,"verify_ms":150.281,"negative_checks_ms":97.163,"wrong_public_rejected":true,"mutated_proof_rejected":true}
ok

test result: ok. 1 passed; 0 failed; 0 ignored; 0 measured; 4 filtered out; finished in 7.23s

        7.33 real        32.90 user        10.91 sys
         41414688768  maximum resident set size
                   0  average shared memory size
                   0  average unshared data size
                   0  average unshared stack size
             3208016  page reclaims
                   0  page faults
                   0  swaps
                   0  block input operations
                   0  block output operations
                   0  messages sent
                   0  messages received
                   0  signals received
                   0  voluntary context switches
              179096  involuntary context switches
        565556545367  instructions retired
        184849885475  cycles elapsed
         41432954592  peak memory footprint
