
running 1 test
test real_state_bench::real_state_benchmark ... PHASES {"profile_schema":1,"scope":"cpu_prove_before_logging_and_local_drops","execute_ms":787.488625000,"build_ms":704.666875000,"transcript_setup_ms":0.004417000,"commit_ms":1792.074292000,"bus_ms":2086.513084000,"constraints_ms":431.396833000,"claim_prep_ms":0.022583000,"reduction_ms":2.134417000,"pcs_open_ms":1112.628792000,"finalize_ms":0.006750000,"internal_total_ms":6916.964083000,"internal_residual_ms":0.027415000}
RESULT {"action":"prove","cycles":8482697,"counts":[6592617, 1889947, 132, 0, 1, 0],"cells":8476896,"mem_used":8476896,"log_mem":24,"committed":207621052,"proof_bytes":836384,"assembly_ms":1024.104,"prove_including_execute_ms":7018.477,"verify_ms":299.908,"negative_checks_ms":188.735,"wrong_public_rejected":true,"mutated_proof_rejected":true}
ok

test result: ok. 1 passed; 0 failed; 0 ignored; 0 measured; 4 filtered out; finished in 8.54s

        8.64 real        34.97 user        10.88 sys
         44085673984  maximum resident set size
                   0  average shared memory size
                   0  average unshared data size
                   0  average unshared stack size
             3414309  page reclaims
                   0  page faults
                   0  swaps
                   0  block input operations
                   0  block output operations
                   0  messages sent
                   0  messages received
                   0  signals received
                   1  voluntary context switches
              158178  involuntary context switches
        600766847346  instructions retired
        193491876747  cycles elapsed
         44105416456  peak memory footprint
