
running 1 test
test real_state_bench::real_state_benchmark ... PHASES {"profile_schema":1,"scope":"cpu_prove_before_logging_and_local_drops","execute_ms":430.768709000,"build_ms":579.825458000,"transcript_setup_ms":0.005167000,"commit_ms":1803.960250000,"bus_ms":1924.997625000,"constraints_ms":431.689750000,"claim_prep_ms":0.023208000,"reduction_ms":2.081708000,"pcs_open_ms":1118.208667000,"finalize_ms":0.004291000,"internal_total_ms":6291.596083000,"internal_residual_ms":0.031250000}
RESULT {"action":"prove","cycles":7498510,"counts":[5954835, 1543542, 132, 0, 1, 0],"cells":7492965,"mem_used":7492965,"log_mem":23,"committed":182455228,"proof_bytes":834752,"assembly_ms":521.130,"prove_including_execute_ms":6401.065,"verify_ms":152.581,"negative_checks_ms":98.633,"wrong_public_rejected":true,"mutated_proof_rejected":true}
ok

test result: ok. 1 passed; 0 failed; 0 ignored; 0 measured; 4 filtered out; finished in 7.18s

        7.27 real        32.83 user        10.51 sys
         41416605696  maximum resident set size
                   0  average shared memory size
                   0  average unshared data size
                   0  average unshared stack size
             3207973  page reclaims
                   0  page faults
                   0  swaps
                   0  block input operations
                   0  block output operations
                   0  messages sent
                   0  messages received
                   0  signals received
                   1  voluntary context switches
              159764  involuntary context switches
        564905612566  instructions retired
        182809425799  cycles elapsed
         41434887928  peak memory footprint
