
running 1 test
test real_state_bench::real_state_benchmark ... PHASES {"profile_schema":1,"scope":"cpu_prove_before_logging_and_local_drops","execute_ms":784.504416000,"build_ms":724.031833000,"transcript_setup_ms":0.005042000,"commit_ms":1808.533167000,"bus_ms":2074.568167000,"constraints_ms":424.118833000,"claim_prep_ms":0.017541000,"reduction_ms":2.276667000,"pcs_open_ms":1113.535209000,"finalize_ms":0.004417000,"internal_total_ms":6931.620625000,"internal_residual_ms":0.025333000}
RESULT {"action":"prove","cycles":8462089,"counts":[6722637, 1739319, 132, 0, 1, 0],"cells":8456073,"mem_used":8456073,"log_mem":24,"committed":207621052,"proof_bytes":835712,"assembly_ms":1033.279,"prove_including_execute_ms":7032.505,"verify_ms":299.464,"negative_checks_ms":177.811,"wrong_public_rejected":true,"mutated_proof_rejected":true}
ok

test result: ok. 1 passed; 0 failed; 0 ignored; 0 measured; 4 filtered out; finished in 8.54s

        8.65 real        34.99 user        10.84 sys
         44139511808  maximum resident set size
                   0  average shared memory size
                   0  average unshared data size
                   0  average unshared stack size
             3415937  page reclaims
                   0  page faults
                   0  swaps
                   0  block input operations
                   0  block output operations
                   0  messages sent
                   0  messages received
                   0  signals received
                   0  voluntary context switches
              159163  involuntary context switches
        601366137929  instructions retired
        193517700980  cycles elapsed
         44159237896  peak memory footprint
