
running 1 test
test real_state_bench::real_state_benchmark ... PHASES {"profile_schema":1,"scope":"cpu_prove_before_logging_and_local_drops","execute_ms":790.896541000,"build_ms":728.869542000,"transcript_setup_ms":0.004375000,"commit_ms":1802.033750000,"bus_ms":2100.788791000,"constraints_ms":421.712917000,"claim_prep_ms":0.015875000,"reduction_ms":2.445291000,"pcs_open_ms":1112.773666000,"finalize_ms":0.004750000,"internal_total_ms":6959.569542000,"internal_residual_ms":0.024044000}
RESULT {"action":"prove","cycles":8462089,"counts":[6722637, 1739319, 132, 0, 1, 0],"cells":8456073,"mem_used":8456073,"log_mem":24,"committed":207621052,"proof_bytes":835712,"assembly_ms":1026.303,"prove_including_execute_ms":7060.736,"verify_ms":299.144,"negative_checks_ms":176.837,"wrong_public_rejected":true,"mutated_proof_rejected":true}
ok

test result: ok. 1 passed; 0 failed; 0 ignored; 0 measured; 4 filtered out; finished in 8.56s

        8.67 real        35.00 user        10.93 sys
         44144459776  maximum resident set size
                   0  average shared memory size
                   0  average unshared data size
                   0  average unshared stack size
             3415715  page reclaims
                   0  page faults
                   0  swaps
                   0  block input operations
                   0  block output operations
                   0  messages sent
                   0  messages received
                   0  signals received
                   0  voluntary context switches
              161951  involuntary context switches
        601497979450  instructions retired
        193919330619  cycles elapsed
         44164185864  peak memory footprint
