
running 1 test
test real_state_bench::real_state_benchmark ... PHASES {"profile_schema":1,"scope":"cpu_prove_before_logging_and_local_drops","execute_ms":802.526625000,"build_ms":704.524584000,"transcript_setup_ms":0.004875000,"commit_ms":1868.278625000,"bus_ms":2097.462208000,"constraints_ms":435.161458000,"claim_prep_ms":0.019709000,"reduction_ms":2.155292000,"pcs_open_ms":1125.014750000,"finalize_ms":0.006667000,"internal_total_ms":7035.174125000,"internal_residual_ms":0.019332000}
RESULT {"action":"prove","cycles":8482697,"counts":[6592617, 1889947, 132, 0, 1, 0],"cells":8476896,"mem_used":8476896,"log_mem":24,"committed":207621052,"proof_bytes":836384,"assembly_ms":1031.349,"prove_including_execute_ms":7137.080,"verify_ms":301.485,"negative_checks_ms":192.771,"wrong_public_rejected":true,"mutated_proof_rejected":true}
ok

test result: ok. 1 passed; 0 failed; 0 ignored; 0 measured; 4 filtered out; finished in 8.66s

        8.77 real        36.03 user        10.93 sys
         44081872896  maximum resident set size
                   0  average shared memory size
                   0  average unshared data size
                   0  average unshared stack size
             3413943  page reclaims
                   0  page faults
                   0  swaps
                   0  block input operations
                   0  block output operations
                   0  messages sent
                   0  messages received
                   0  signals received
                   3  voluntary context switches
              164036  involuntary context switches
        600911634947  instructions retired
        194335972718  cycles elapsed
         44101598960  peak memory footprint
