
running 1 test
test real_state_bench::real_state_benchmark ... PHASES {"profile_schema":1,"scope":"cpu_prove_before_logging_and_local_drops","execute_ms":433.755458000,"build_ms":579.804708000,"transcript_setup_ms":0.004583000,"commit_ms":1783.204916000,"bus_ms":1931.513916000,"constraints_ms":429.765875000,"claim_prep_ms":0.018291000,"reduction_ms":2.016417000,"pcs_open_ms":1100.439708000,"finalize_ms":0.004875000,"internal_total_ms":6260.550167000,"internal_residual_ms":0.021420000}
RESULT {"action":"prove","cycles":7498510,"counts":[5954835, 1543542, 132, 0, 1, 0],"cells":7492965,"mem_used":7492965,"log_mem":23,"committed":182455228,"proof_bytes":834752,"assembly_ms":522.911,"prove_including_execute_ms":6369.533,"verify_ms":151.812,"negative_checks_ms":97.074,"wrong_public_rejected":true,"mutated_proof_rejected":true}
ok

test result: ok. 1 passed; 0 failed; 0 ignored; 0 measured; 4 filtered out; finished in 7.14s

        7.24 real        32.77 user        10.46 sys
         41413132288  maximum resident set size
                   0  average shared memory size
                   0  average unshared data size
                   0  average unshared stack size
             3207670  page reclaims
                   0  page faults
                   0  swaps
                   0  block input operations
                   0  block output operations
                   0  messages sent
                   0  messages received
                   0  signals received
                   0  voluntary context switches
              154748  involuntary context switches
        565288444519  instructions retired
        182336380929  cycles elapsed
         41431414520  peak memory footprint
