
running 1 test
test real_state_bench::real_state_benchmark ... PHASES {"profile_schema":1,"scope":"cpu_prove_before_logging_and_local_drops","execute_ms":431.392459000,"build_ms":590.529083000,"transcript_setup_ms":0.004083000,"commit_ms":1792.193042000,"bus_ms":1935.790167000,"constraints_ms":431.113917000,"claim_prep_ms":0.015792000,"reduction_ms":2.154458000,"pcs_open_ms":1111.378125000,"finalize_ms":0.004459000,"internal_total_ms":6294.595041000,"internal_residual_ms":0.019456000}
RESULT {"action":"prove","cycles":7498510,"counts":[5954835, 1543542, 132, 0, 1, 0],"cells":7492965,"mem_used":7492965,"log_mem":23,"committed":182455228,"proof_bytes":834752,"assembly_ms":522.702,"prove_including_execute_ms":6404.902,"verify_ms":158.428,"negative_checks_ms":94.769,"wrong_public_rejected":true,"mutated_proof_rejected":true}
ok

test result: ok. 1 passed; 0 failed; 0 ignored; 0 measured; 4 filtered out; finished in 7.18s

        7.28 real        32.80 user        10.67 sys
         41294217216  maximum resident set size
                   0  average shared memory size
                   0  average unshared data size
                   0  average unshared stack size
             3206038  page reclaims
                   0  page faults
                   0  swaps
                   0  block input operations
                   0  block output operations
                   0  messages sent
                   0  messages received
                   0  signals received
                   0  voluntary context switches
              157614  involuntary context switches
        565044780052  instructions retired
        183432074250  cycles elapsed
         41312417408  peak memory footprint
