
running 1 test
test real_state_bench::real_state_benchmark ... PHASES {"profile_schema":1,"scope":"cpu_prove_before_logging_and_local_drops","execute_ms":797.706708000,"build_ms":707.460708000,"transcript_setup_ms":0.004667000,"commit_ms":1813.136334000,"bus_ms":2080.686458000,"constraints_ms":423.756958000,"claim_prep_ms":0.021042000,"reduction_ms":2.157292000,"pcs_open_ms":1116.869541000,"finalize_ms":0.006209000,"internal_total_ms":6941.826250000,"internal_residual_ms":0.020333000}
RESULT {"action":"prove","cycles":8482697,"counts":[6592617, 1889947, 132, 0, 1, 0],"cells":8476896,"mem_used":8476896,"log_mem":24,"committed":207621052,"proof_bytes":836384,"assembly_ms":1043.757,"prove_including_execute_ms":7044.035,"verify_ms":301.747,"negative_checks_ms":185.537,"wrong_public_rejected":true,"mutated_proof_rejected":true}
ok

test result: ok. 1 passed; 0 failed; 0 ignored; 0 measured; 4 filtered out; finished in 8.58s

        8.68 real        35.00 user        10.95 sys
         44082593792  maximum resident set size
                   0  average shared memory size
                   0  average unshared data size
                   0  average unshared stack size
             3414090  page reclaims
                   0  page faults
                   0  swaps
                   0  block input operations
                   0  block output operations
                   0  messages sent
                   0  messages received
                   0  signals received
                   0  voluntary context switches
              159930  involuntary context switches
        600251637667  instructions retired
        194052926923  cycles elapsed
         44102352672  peak memory footprint
