
running 1 test
test real_state_bench::real_state_benchmark ... PHASES {"profile_schema":1,"scope":"cpu_prove_before_logging_and_local_drops","execute_ms":429.555667000,"build_ms":583.489791000,"transcript_setup_ms":0.004708000,"commit_ms":1831.585916000,"bus_ms":1932.604791000,"constraints_ms":407.446791000,"claim_prep_ms":0.019334000,"reduction_ms":2.246375000,"pcs_open_ms":1086.934625000,"finalize_ms":0.004250000,"internal_total_ms":6273.914458000,"internal_residual_ms":0.022210000}
RESULT {"action":"prove","cycles":7498510,"counts":[5954835, 1543542, 132, 0, 1, 0],"cells":7492965,"mem_used":7492965,"log_mem":23,"committed":182455228,"proof_bytes":834752,"assembly_ms":514.574,"prove_including_execute_ms":6374.954,"verify_ms":151.583,"negative_checks_ms":96.722,"wrong_public_rejected":true,"mutated_proof_rejected":true}
ok

test result: ok. 1 passed; 0 failed; 0 ignored; 0 measured; 4 filtered out; finished in 7.14s

        7.23 real        32.93 user        10.53 sys
         41414983680  maximum resident set size
                   0  average shared memory size
                   0  average unshared data size
                   0  average unshared stack size
             3208009  page reclaims
                   0  page faults
                   0  swaps
                   0  block input operations
                   0  block output operations
                   0  messages sent
                   0  messages received
                   0  signals received
                   1  voluntary context switches
              158062  involuntary context switches
        564539906104  instructions retired
        183311476828  cycles elapsed
         41433265912  peak memory footprint
