
running 1 test
test real_state_bench::real_state_benchmark ... PHASES {"profile_schema":1,"scope":"cpu_prove_before_logging_and_local_drops","execute_ms":778.182875000,"build_ms":707.176917000,"transcript_setup_ms":0.004625000,"commit_ms":1800.746833000,"bus_ms":2086.677125000,"constraints_ms":428.876333000,"claim_prep_ms":0.017125000,"reduction_ms":2.254125000,"pcs_open_ms":1128.810208000,"finalize_ms":0.004458000,"internal_total_ms":6932.773208000,"internal_residual_ms":0.022584000}
RESULT {"action":"prove","cycles":8462089,"counts":[6722637, 1739319, 132, 0, 1, 0],"cells":8456073,"mem_used":8456073,"log_mem":24,"committed":207621052,"proof_bytes":835712,"assembly_ms":1013.960,"prove_including_execute_ms":7035.880,"verify_ms":299.423,"negative_checks_ms":183.499,"wrong_public_rejected":true,"mutated_proof_rejected":true}
ok

test result: ok. 1 passed; 0 failed; 0 ignored; 0 measured; 4 filtered out; finished in 8.53s

        8.64 real        35.26 user        10.89 sys
         44139397120  maximum resident set size
                   0  average shared memory size
                   0  average unshared data size
                   0  average unshared stack size
             3415975  page reclaims
                   0  page faults
                   0  swaps
                   0  block input operations
                   0  block output operations
                   0  messages sent
                   0  messages received
                   0  signals received
                   1  voluntary context switches
              166325  involuntary context switches
        601373482425  instructions retired
        194549217079  cycles elapsed
         44159073984  peak memory footprint
