
running 1 test
test real_state_bench::real_state_benchmark ... PHASES {"profile_schema":1,"scope":"cpu_prove_before_logging_and_local_drops","execute_ms":769.465334000,"build_ms":708.662416000,"transcript_setup_ms":0.004667000,"commit_ms":1786.288166000,"bus_ms":2064.275041000,"constraints_ms":424.318334000,"claim_prep_ms":0.019625000,"reduction_ms":2.543750000,"pcs_open_ms":1112.356125000,"finalize_ms":0.006750000,"internal_total_ms":6867.961667000,"internal_residual_ms":0.021459000}
RESULT {"action":"prove","cycles":8482697,"counts":[6592617, 1889947, 132, 0, 1, 0],"cells":8476896,"mem_used":8476896,"log_mem":24,"committed":207621052,"proof_bytes":836384,"assembly_ms":1019.548,"prove_including_execute_ms":6970.251,"verify_ms":299.050,"negative_checks_ms":183.290,"wrong_public_rejected":true,"mutated_proof_rejected":true}
ok

test result: ok. 1 passed; 0 failed; 0 ignored; 0 measured; 4 filtered out; finished in 8.47s

        8.58 real        34.94 user        10.68 sys
         44078956544  maximum resident set size
                   0  average shared memory size
                   0  average unshared data size
                   0  average unshared stack size
             3413389  page reclaims
                   0  page faults
                   0  swaps
                   0  block input operations
                   0  block output operations
                   0  messages sent
                   0  messages received
                   0  signals received
                   1  voluntary context switches
              162360  involuntary context switches
        600522054609  instructions retired
        192572615685  cycles elapsed
         44098649792  peak memory footprint
