
running 1 test
test real_state_bench::real_state_benchmark ... PHASES {"profile_schema":1,"scope":"cpu_prove_before_logging_and_local_drops","execute_ms":783.904209000,"build_ms":702.370292000,"transcript_setup_ms":0.004167000,"commit_ms":1796.558000000,"bus_ms":2069.793792000,"constraints_ms":412.219667000,"claim_prep_ms":0.021416000,"reduction_ms":2.540417000,"pcs_open_ms":1123.840333000,"finalize_ms":0.004125000,"internal_total_ms":6891.284833000,"internal_residual_ms":0.028415000}
RESULT {"action":"prove","cycles":8462089,"counts":[6722637, 1739319, 132, 0, 1, 0],"cells":8456073,"mem_used":8456073,"log_mem":24,"committed":207621052,"proof_bytes":835712,"assembly_ms":1023.654,"prove_including_execute_ms":6994.618,"verify_ms":307.784,"negative_checks_ms":187.962,"wrong_public_rejected":true,"mutated_proof_rejected":true}
ok

test result: ok. 1 passed; 0 failed; 0 ignored; 0 measured; 4 filtered out; finished in 8.52s

        8.63 real        35.26 user        10.80 sys
         44142444544  maximum resident set size
                   0  average shared memory size
                   0  average unshared data size
                   0  average unshared stack size
             3416093  page reclaims
                   0  page faults
                   0  swaps
                   0  block input operations
                   0  block output operations
                   0  messages sent
                   0  messages received
                   0  signals received
                   0  voluntary context switches
              158191  involuntary context switches
        601449058410  instructions retired
        193938204098  cycles elapsed
         44162088592  peak memory footprint
