
running 1 test
test real_state_bench::real_state_benchmark ... PHASES {"profile_schema":1,"scope":"cpu_prove_before_logging_and_local_drops","execute_ms":427.667041000,"build_ms":605.128750000,"transcript_setup_ms":0.004125000,"commit_ms":1788.581375000,"bus_ms":1930.275125000,"constraints_ms":426.732250000,"claim_prep_ms":0.014459000,"reduction_ms":2.139750000,"pcs_open_ms":1108.683333000,"finalize_ms":0.004750000,"internal_total_ms":6289.252625000,"internal_residual_ms":0.021667000}
RESULT {"action":"prove","cycles":7498510,"counts":[5954835, 1543542, 132, 0, 1, 0],"cells":7492965,"mem_used":7492965,"log_mem":23,"committed":182455228,"proof_bytes":834752,"assembly_ms":509.385,"prove_including_execute_ms":6399.902,"verify_ms":151.086,"negative_checks_ms":97.147,"wrong_public_rejected":true,"mutated_proof_rejected":true}
ok

test result: ok. 1 passed; 0 failed; 0 ignored; 0 measured; 4 filtered out; finished in 7.16s

        7.26 real        32.80 user        10.55 sys
         41612836864  maximum resident set size
                   0  average shared memory size
                   0  average unshared data size
                   0  average unshared stack size
             3220207  page reclaims
                   0  page faults
                   0  swaps
                   0  block input operations
                   0  block output operations
                   0  messages sent
                   0  messages received
                   0  signals received
                   1  voluntary context switches
              154164  involuntary context switches
        564805067040  instructions retired
        182799868867  cycles elapsed
         41631201136  peak memory footprint
