
running 1 test
test real_state_bench::real_state_benchmark ... PHASES {"profile_schema":1,"scope":"cpu_prove_before_logging_and_local_drops","execute_ms":422.795250000,"build_ms":582.127417000,"transcript_setup_ms":0.003833000,"commit_ms":1798.183416000,"bus_ms":1952.307125000,"constraints_ms":429.917750000,"claim_prep_ms":0.018875000,"reduction_ms":2.238542000,"pcs_open_ms":1076.708125000,"finalize_ms":0.004666000,"internal_total_ms":6264.329583000,"internal_residual_ms":0.024584000}
RESULT {"action":"prove","cycles":7498510,"counts":[5954835, 1543542, 132, 0, 1, 0],"cells":7492965,"mem_used":7492965,"log_mem":23,"committed":182455228,"proof_bytes":834752,"assembly_ms":511.309,"prove_including_execute_ms":6374.652,"verify_ms":149.742,"negative_checks_ms":93.799,"wrong_public_rejected":true,"mutated_proof_rejected":true}
ok

test result: ok. 1 passed; 0 failed; 0 ignored; 0 measured; 4 filtered out; finished in 7.13s

        7.23 real        32.25 user        10.47 sys
         41412542464  maximum resident set size
                   0  average shared memory size
                   0  average unshared data size
                   0  average unshared stack size
             3207705  page reclaims
                   0  page faults
                   0  swaps
                   0  block input operations
                   0  block output operations
                   0  messages sent
                   0  messages received
                   0  signals received
                   0  voluntary context switches
              156046  involuntary context switches
        565184010198  instructions retired
        180809221973  cycles elapsed
         41430808288  peak memory footprint
