
running 1 test
test real_state_bench::real_state_benchmark ... PHASES {"profile_schema":1,"scope":"cpu_prove_before_logging_and_local_drops","execute_ms":784.855625000,"build_ms":717.240000000,"transcript_setup_ms":0.005042000,"commit_ms":1798.134250000,"bus_ms":2100.002125000,"constraints_ms":433.221792000,"claim_prep_ms":0.015583000,"reduction_ms":2.343917000,"pcs_open_ms":1105.787125000,"finalize_ms":0.004750000,"internal_total_ms":6941.640042000,"internal_residual_ms":0.029833000}
RESULT {"action":"prove","cycles":8462089,"counts":[6722637, 1739319, 132, 0, 1, 0],"cells":8456073,"mem_used":8456073,"log_mem":24,"committed":207621052,"proof_bytes":835712,"assembly_ms":1009.611,"prove_including_execute_ms":7042.672,"verify_ms":297.624,"negative_checks_ms":184.452,"wrong_public_rejected":true,"mutated_proof_rejected":true}
ok

test result: ok. 1 passed; 0 failed; 0 ignored; 0 measured; 4 filtered out; finished in 8.54s

        8.65 real        34.91 user        11.14 sys
         44139872256  maximum resident set size
                   0  average shared memory size
                   0  average unshared data size
                   0  average unshared stack size
             3415722  page reclaims
                   0  page faults
                   0  swaps
                   0  block input operations
                   0  block output operations
                   0  messages sent
                   0  messages received
                   0  signals received
                   1  voluntary context switches
              163062  involuntary context switches
        601895460738  instructions retired
        194287168083  cycles elapsed
         44159450672  peak memory footprint
