
running 1 test
test real_state_bench::real_state_benchmark ... PHASES {"profile_schema":1,"scope":"cpu_prove_before_logging_and_local_drops","execute_ms":792.400708000,"build_ms":708.423209000,"transcript_setup_ms":0.004542000,"commit_ms":1791.437291000,"bus_ms":2092.756791000,"constraints_ms":422.996708000,"claim_prep_ms":0.025750000,"reduction_ms":2.176709000,"pcs_open_ms":1125.545625000,"finalize_ms":0.006917000,"internal_total_ms":6935.797250000,"internal_residual_ms":0.023000000}
RESULT {"action":"prove","cycles":8482697,"counts":[6592617, 1889947, 132, 0, 1, 0],"cells":8476896,"mem_used":8476896,"log_mem":24,"committed":207621052,"proof_bytes":836384,"assembly_ms":1031.335,"prove_including_execute_ms":7037.894,"verify_ms":301.313,"negative_checks_ms":182.903,"wrong_public_rejected":true,"mutated_proof_rejected":true}
ok

test result: ok. 1 passed; 0 failed; 0 ignored; 0 measured; 4 filtered out; finished in 8.56s

        8.66 real        34.97 user        10.93 sys
         44084822016  maximum resident set size
                   0  average shared memory size
                   0  average unshared data size
                   0  average unshared stack size
             3414019  page reclaims
                   0  page faults
                   0  swaps
                   0  block input operations
                   0  block output operations
                   0  messages sent
                   0  messages received
                   0  signals received
                   0  voluntary context switches
              164126  involuntary context switches
        600960355709  instructions retired
        193613244763  cycles elapsed
         44104515264  peak memory footprint
