
running 1 test
test real_state_bench::real_state_benchmark ... PHASES {"profile_schema":1,"scope":"cpu_prove_before_logging_and_local_drops","execute_ms":796.082292000,"build_ms":706.860334000,"transcript_setup_ms":0.003917000,"commit_ms":1796.823958000,"bus_ms":2077.260916000,"constraints_ms":419.898583000,"claim_prep_ms":0.016125000,"reduction_ms":2.273541000,"pcs_open_ms":1109.999708000,"finalize_ms":0.006583000,"internal_total_ms":6909.250417000,"internal_residual_ms":0.024460000}
RESULT {"action":"prove","cycles":8482697,"counts":[6592617, 1889947, 132, 0, 1, 0],"cells":8476896,"mem_used":8476896,"log_mem":24,"committed":207621052,"proof_bytes":836384,"assembly_ms":1028.250,"prove_including_execute_ms":7009.418,"verify_ms":297.610,"negative_checks_ms":180.407,"wrong_public_rejected":true,"mutated_proof_rejected":true}
ok

test result: ok. 1 passed; 0 failed; 0 ignored; 0 measured; 4 filtered out; finished in 8.52s

        8.63 real        34.91 user        10.73 sys
         44083249152  maximum resident set size
                   0  average shared memory size
                   0  average unshared data size
                   0  average unshared stack size
             3413693  page reclaims
                   0  page faults
                   0  swaps
                   0  block input operations
                   0  block output operations
                   0  messages sent
                   0  messages received
                   0  signals received
                   0  voluntary context switches
              161641  involuntary context switches
        600786977367  instructions retired
        192726561889  cycles elapsed
         44102991624  peak memory footprint
