
running 1 test
test real_state_bench::real_state_benchmark ... PHASES {"profile_schema":1,"scope":"cpu_prove_before_logging_and_local_drops","execute_ms":795.665375000,"build_ms":698.687833000,"transcript_setup_ms":0.004250000,"commit_ms":1848.061291000,"bus_ms":2093.206584000,"constraints_ms":418.777042000,"claim_prep_ms":0.021000000,"reduction_ms":2.361792000,"pcs_open_ms":1126.860958000,"finalize_ms":0.006250000,"internal_total_ms":6983.676250000,"internal_residual_ms":0.023875000}
RESULT {"action":"prove","cycles":8482697,"counts":[6592617, 1889947, 132, 0, 1, 0],"cells":8476896,"mem_used":8476896,"log_mem":24,"committed":207621052,"proof_bytes":836384,"assembly_ms":1035.903,"prove_including_execute_ms":7085.651,"verify_ms":301.882,"negative_checks_ms":185.506,"wrong_public_rejected":true,"mutated_proof_rejected":true}
ok

test result: ok. 1 passed; 0 failed; 0 ignored; 0 measured; 4 filtered out; finished in 8.61s

        8.72 real        35.82 user        10.77 sys
         44086706176  maximum resident set size
                   0  average shared memory size
                   0  average unshared data size
                   0  average unshared stack size
             3414002  page reclaims
                   0  page faults
                   0  swaps
                   0  block input operations
                   0  block output operations
                   0  messages sent
                   0  messages received
                   0  signals received
                   0  voluntary context switches
              159668  involuntary context switches
        600657584933  instructions retired
        193501256121  cycles elapsed
         44106415832  peak memory footprint
