
running 1 test
test real_state_bench::real_state_benchmark ... PHASES {"profile_schema":1,"scope":"cpu_prove_before_logging_and_local_drops","execute_ms":785.055458000,"build_ms":701.392750000,"transcript_setup_ms":0.004416000,"commit_ms":1781.503542000,"bus_ms":2069.084333000,"constraints_ms":422.694708000,"claim_prep_ms":0.018500000,"reduction_ms":2.173666000,"pcs_open_ms":1111.481708000,"finalize_ms":0.004625000,"internal_total_ms":6873.437833000,"internal_residual_ms":0.024127000}
RESULT {"action":"prove","cycles":8462089,"counts":[6722637, 1739319, 132, 0, 1, 0],"cells":8456073,"mem_used":8456073,"log_mem":24,"committed":207621052,"proof_bytes":835712,"assembly_ms":1040.113,"prove_including_execute_ms":6974.407,"verify_ms":297.255,"negative_checks_ms":177.079,"wrong_public_rejected":true,"mutated_proof_rejected":true}
ok

test result: ok. 1 passed; 0 failed; 0 ignored; 0 measured; 4 filtered out; finished in 8.49s

        8.60 real        34.94 user        10.60 sys
         44104515584  maximum resident set size
                   0  average shared memory size
                   0  average unshared data size
                   0  average unshared stack size
             3409981  page reclaims
                   0  page faults
                   0  swaps
                   0  block input operations
                   0  block output operations
                   0  messages sent
                   0  messages received
                   0  signals received
                   0  voluntary context switches
              158766  involuntary context switches
        601320013802  instructions retired
        192201896336  cycles elapsed
         44124094000  peak memory footprint
