
running 1 test
test real_state_bench::real_state_benchmark ... PHASES {"profile_schema":1,"scope":"cpu_prove_before_logging_and_local_drops","execute_ms":432.119916000,"build_ms":581.150916000,"transcript_setup_ms":0.004667000,"commit_ms":1801.364834000,"bus_ms":1940.346917000,"constraints_ms":431.977333000,"claim_prep_ms":0.016500000,"reduction_ms":2.357292000,"pcs_open_ms":1120.209333000,"finalize_ms":0.004208000,"internal_total_ms":6309.584709000,"internal_residual_ms":0.032793000}
RESULT {"action":"prove","cycles":7498510,"counts":[5954835, 1543542, 132, 0, 1, 0],"cells":7492965,"mem_used":7492965,"log_mem":23,"committed":182455228,"proof_bytes":834752,"assembly_ms":519.412,"prove_including_execute_ms":6417.681,"verify_ms":152.606,"negative_checks_ms":98.606,"wrong_public_rejected":true,"mutated_proof_rejected":true}
ok

test result: ok. 1 passed; 0 failed; 0 ignored; 0 measured; 4 filtered out; finished in 7.19s

        7.28 real        32.82 user        10.71 sys
         41412001792  maximum resident set size
                   0  average shared memory size
                   0  average unshared data size
                   0  average unshared stack size
             3207897  page reclaims
                   0  page faults
                   0  swaps
                   0  block input operations
                   0  block output operations
                   0  messages sent
                   0  messages received
                   0  signals received
                   0  voluntary context switches
              161899  involuntary context switches
        564930753901  instructions retired
        183600196968  cycles elapsed
         41430234800  peak memory footprint
