
running 1 test
test real_state_bench::real_state_benchmark ... PHASES {"profile_schema":1,"scope":"cpu_prove_before_logging_and_local_drops","execute_ms":431.466667000,"build_ms":587.632333000,"transcript_setup_ms":0.005083000,"commit_ms":1807.256666000,"bus_ms":1939.546667000,"constraints_ms":428.344125000,"claim_prep_ms":0.016750000,"reduction_ms":2.231666000,"pcs_open_ms":1113.231333000,"finalize_ms":0.004959000,"internal_total_ms":6309.757458000,"internal_residual_ms":0.021209000}
RESULT {"action":"prove","cycles":7498510,"counts":[5954835, 1543542, 132, 0, 1, 0],"cells":7492965,"mem_used":7492965,"log_mem":23,"committed":182455228,"proof_bytes":834752,"assembly_ms":518.978,"prove_including_execute_ms":6417.654,"verify_ms":158.424,"negative_checks_ms":98.010,"wrong_public_rejected":true,"mutated_proof_rejected":true}
ok

test result: ok. 1 passed; 0 failed; 0 ignored; 0 measured; 4 filtered out; finished in 7.19s

        7.29 real        32.83 user        10.64 sys
         41455009792  maximum resident set size
                   0  average shared memory size
                   0  average unshared data size
                   0  average unshared stack size
             3207897  page reclaims
                   0  page faults
                   0  swaps
                   0  block input operations
                   0  block output operations
                   0  messages sent
                   0  messages received
                   0  signals received
                   0  voluntary context switches
              156893  involuntary context switches
        564960636659  instructions retired
        183362169987  cycles elapsed
         41473275616  peak memory footprint
