
running 1 test
test real_state_bench::real_state_benchmark ... PHASES {"profile_schema":1,"scope":"cpu_prove_before_logging_and_local_drops","execute_ms":786.403208000,"build_ms":704.602125000,"transcript_setup_ms":0.004000000,"commit_ms":1919.440250000,"bus_ms":2099.618500000,"constraints_ms":413.793666000,"claim_prep_ms":0.020208000,"reduction_ms":2.195292000,"pcs_open_ms":1115.072959000,"finalize_ms":0.006084000,"internal_total_ms":7041.179458000,"internal_residual_ms":0.023166000}
RESULT {"action":"prove","cycles":8462089,"counts":[6722637, 1739319, 132, 0, 1, 0],"cells":8456073,"mem_used":8456073,"log_mem":24,"committed":207621052,"proof_bytes":835712,"assembly_ms":1030.984,"prove_including_execute_ms":7143.885,"verify_ms":303.490,"negative_checks_ms":186.836,"wrong_public_rejected":true,"mutated_proof_rejected":true}
ok

test result: ok. 1 passed; 0 failed; 0 ignored; 0 measured; 4 filtered out; finished in 8.67s

        8.77 real        36.04 user        10.80 sys
         44138741760  maximum resident set size
                   0  average shared memory size
                   0  average unshared data size
                   0  average unshared stack size
             3415614  page reclaims
                   0  page faults
                   0  swaps
                   0  block input operations
                   0  block output operations
                   0  messages sent
                   0  messages received
                   0  signals received
                   0  voluntary context switches
              161891  involuntary context switches
        601543248828  instructions retired
        193252475863  cycles elapsed
         44158418624  peak memory footprint
