
running 1 test
test real_state_bench::real_state_benchmark ... PHASES {"profile_schema":1,"scope":"cpu_prove_before_logging_and_local_drops","execute_ms":796.223875000,"build_ms":709.851167000,"transcript_setup_ms":0.004375000,"commit_ms":1793.084250000,"bus_ms":2079.034459000,"constraints_ms":427.207292000,"claim_prep_ms":0.021042000,"reduction_ms":2.104709000,"pcs_open_ms":1119.462792000,"finalize_ms":0.004291000,"internal_total_ms":6927.021583000,"internal_residual_ms":0.023331000}
RESULT {"action":"prove","cycles":8482697,"counts":[6592617, 1889947, 132, 0, 1, 0],"cells":8476896,"mem_used":8476896,"log_mem":24,"committed":207621052,"proof_bytes":836384,"assembly_ms":1024.451,"prove_including_execute_ms":7030.891,"verify_ms":298.615,"negative_checks_ms":186.144,"wrong_public_rejected":true,"mutated_proof_rejected":true}
ok

test result: ok. 1 passed; 0 failed; 0 ignored; 0 measured; 4 filtered out; finished in 8.54s

        8.65 real        34.88 user        10.89 sys
         44082298880  maximum resident set size
                   0  average shared memory size
                   0  average unshared data size
                   0  average unshared stack size
             3413809  page reclaims
                   0  page faults
                   0  swaps
                   0  block input operations
                   0  block output operations
                   0  messages sent
                   0  messages received
                   0  signals received
                   0  voluntary context switches
              160299  involuntary context switches
        600841165430  instructions retired
        193450380871  cycles elapsed
         44101975720  peak memory footprint
