
running 1 test
test real_state_bench::real_state_benchmark ... PHASES {"profile_schema":1,"scope":"cpu_prove_before_logging_and_local_drops","execute_ms":429.969958000,"build_ms":581.837417000,"transcript_setup_ms":0.004167000,"commit_ms":1794.496959000,"bus_ms":1936.842333000,"constraints_ms":429.499833000,"claim_prep_ms":0.034042000,"reduction_ms":2.131500000,"pcs_open_ms":1125.551667000,"finalize_ms":0.004375000,"internal_total_ms":6300.395458000,"internal_residual_ms":0.023207000}
RESULT {"action":"prove","cycles":7498510,"counts":[5954835, 1543542, 132, 0, 1, 0],"cells":7492965,"mem_used":7492965,"log_mem":23,"committed":182455228,"proof_bytes":834752,"assembly_ms":517.731,"prove_including_execute_ms":6408.877,"verify_ms":153.165,"negative_checks_ms":102.119,"wrong_public_rejected":true,"mutated_proof_rejected":true}
ok

test result: ok. 1 passed; 0 failed; 0 ignored; 0 measured; 4 filtered out; finished in 7.18s

        7.28 real        32.97 user        10.51 sys
         41414770688  maximum resident set size
                   0  average shared memory size
                   0  average unshared data size
                   0  average unshared stack size
             3208104  page reclaims
                   0  page faults
                   0  swaps
                   0  block input operations
                   0  block output operations
                   0  messages sent
                   0  messages received
                   0  signals received
                   0  voluntary context switches
              159693  involuntary context switches
        565039347450  instructions retired
        183319293256  cycles elapsed
         41433036512  peak memory footprint
