
running 1 test
test real_state_bench::real_state_benchmark ... PHASES {"profile_schema":1,"scope":"cpu_prove_before_logging_and_local_drops","execute_ms":786.617542000,"build_ms":717.193583000,"transcript_setup_ms":0.004416000,"commit_ms":1799.756708000,"bus_ms":2093.984583000,"constraints_ms":428.228125000,"claim_prep_ms":0.021875000,"reduction_ms":2.165459000,"pcs_open_ms":1125.226708000,"finalize_ms":0.005917000,"internal_total_ms":6953.228333000,"internal_residual_ms":0.023417000}
RESULT {"action":"prove","cycles":8482697,"counts":[6592617, 1889947, 132, 0, 1, 0],"cells":8476896,"mem_used":8476896,"log_mem":24,"committed":207621052,"proof_bytes":836384,"assembly_ms":1026.460,"prove_including_execute_ms":7056.102,"verify_ms":301.666,"negative_checks_ms":183.289,"wrong_public_rejected":true,"mutated_proof_rejected":true}
ok

test result: ok. 1 passed; 0 failed; 0 ignored; 0 measured; 4 filtered out; finished in 8.57s

        8.68 real        34.94 user        11.11 sys
         44082298880  maximum resident set size
                   0  average shared memory size
                   0  average unshared data size
                   0  average unshared stack size
             3413872  page reclaims
                   0  page faults
                   0  swaps
                   0  block input operations
                   0  block output operations
                   0  messages sent
                   0  messages received
                   0  signals received
                   1  voluntary context switches
              165704  involuntary context switches
        600875286298  instructions retired
        194291432603  cycles elapsed
         44102024944  peak memory footprint
