
running 1 test
test real_state_bench::real_state_benchmark ... PHASES {"profile_schema":1,"scope":"cpu_prove_before_logging_and_local_drops","execute_ms":788.549875000,"build_ms":711.546250000,"transcript_setup_ms":0.004416000,"commit_ms":1788.161250000,"bus_ms":2079.535292000,"constraints_ms":440.332417000,"claim_prep_ms":0.020208000,"reduction_ms":2.114791000,"pcs_open_ms":1134.602958000,"finalize_ms":0.006542000,"internal_total_ms":6944.900333000,"internal_residual_ms":0.026334000}
RESULT {"action":"prove","cycles":8462089,"counts":[6722637, 1739319, 132, 0, 1, 0],"cells":8456073,"mem_used":8456073,"log_mem":24,"committed":207621052,"proof_bytes":835712,"assembly_ms":1024.427,"prove_including_execute_ms":7046.705,"verify_ms":302.993,"negative_checks_ms":183.326,"wrong_public_rejected":true,"mutated_proof_rejected":true}
ok

test result: ok. 1 passed; 0 failed; 0 ignored; 0 measured; 4 filtered out; finished in 8.56s

        8.67 real        35.13 user        10.93 sys
         44145360896  maximum resident set size
                   0  average shared memory size
                   0  average unshared data size
                   0  average unshared stack size
             3416232  page reclaims
                   0  page faults
                   0  swaps
                   0  block input operations
                   0  block output operations
                   0  messages sent
                   0  messages received
                   0  signals received
                   0  voluntary context switches
              161770  involuntary context switches
        601659534118  instructions retired
        194429002834  cycles elapsed
         44165070576  peak memory footprint
