
running 1 test
test real_state_bench::real_state_benchmark ... PHASES {"profile_schema":1,"scope":"cpu_prove_before_logging_and_local_drops","execute_ms":428.024875000,"build_ms":578.412625000,"transcript_setup_ms":0.005167000,"commit_ms":1796.030000000,"bus_ms":1936.646333000,"constraints_ms":442.173083000,"claim_prep_ms":0.015833000,"reduction_ms":2.437333000,"pcs_open_ms":1119.997042000,"finalize_ms":0.005833000,"internal_total_ms":6303.769792000,"internal_residual_ms":0.021668000}
RESULT {"action":"prove","cycles":7498510,"counts":[5954835, 1543542, 132, 0, 1, 0],"cells":7492965,"mem_used":7492965,"log_mem":23,"committed":182455228,"proof_bytes":834752,"assembly_ms":521.189,"prove_including_execute_ms":6415.149,"verify_ms":168.528,"negative_checks_ms":96.828,"wrong_public_rejected":true,"mutated_proof_rejected":true}
ok

test result: ok. 1 passed; 0 failed; 0 ignored; 0 measured; 4 filtered out; finished in 7.20s

        7.30 real        32.82 user        10.58 sys
         41413558272  maximum resident set size
                   0  average shared memory size
                   0  average unshared data size
                   0  average unshared stack size
             3208008  page reclaims
                   0  page faults
                   0  swaps
                   0  block input operations
                   0  block output operations
                   0  messages sent
                   0  messages received
                   0  signals received
                   0  voluntary context switches
              159188  involuntary context switches
        565290995151  instructions retired
        183158920712  cycles elapsed
         41431791280  peak memory footprint
