
running 1 test
test real_state_bench::real_state_benchmark ... PHASES {"profile_schema":1,"scope":"cpu_prove_before_logging_and_local_drops","execute_ms":779.616917000,"build_ms":709.388333000,"transcript_setup_ms":0.004416000,"commit_ms":1828.537375000,"bus_ms":2083.426917000,"constraints_ms":426.028500000,"claim_prep_ms":0.020000000,"reduction_ms":2.153083000,"pcs_open_ms":1129.553292000,"finalize_ms":0.003958000,"internal_total_ms":6958.754834000,"internal_residual_ms":0.022043000}
RESULT {"action":"prove","cycles":8462089,"counts":[6722637, 1739319, 132, 0, 1, 0],"cells":8456073,"mem_used":8456073,"log_mem":24,"committed":207621052,"proof_bytes":835712,"assembly_ms":1027.932,"prove_including_execute_ms":7061.633,"verify_ms":296.223,"negative_checks_ms":178.455,"wrong_public_rejected":true,"mutated_proof_rejected":true}
ok

test result: ok. 1 passed; 0 failed; 0 ignored; 0 measured; 4 filtered out; finished in 8.57s

        8.68 real        34.88 user        10.86 sys
         44209373184  maximum resident set size
                   0  average shared memory size
                   0  average unshared data size
                   0  average unshared stack size
             3415830  page reclaims
                   0  page faults
                   0  swaps
                   0  block input operations
                   0  block output operations
                   0  messages sent
                   0  messages received
                   0  signals received
                   0  voluntary context switches
              173312  involuntary context switches
        602371127550  instructions retired
        192947053334  cycles elapsed
         44228951624  peak memory footprint
