
running 1 test
test real_state_bench::real_state_benchmark ... PHASES {"profile_schema":1,"scope":"cpu_prove_before_logging_and_local_drops","execute_ms":432.176167000,"build_ms":582.582958000,"transcript_setup_ms":0.004583000,"commit_ms":1798.282917000,"bus_ms":1943.579542000,"constraints_ms":431.171792000,"claim_prep_ms":0.018125000,"reduction_ms":2.014458000,"pcs_open_ms":1122.208375000,"finalize_ms":0.004250000,"internal_total_ms":6312.066166000,"internal_residual_ms":0.022999000}
RESULT {"action":"prove","cycles":7498510,"counts":[5954835, 1543542, 132, 0, 1, 0],"cells":7492965,"mem_used":7492965,"log_mem":23,"committed":182455228,"proof_bytes":834752,"assembly_ms":520.720,"prove_including_execute_ms":6422.964,"verify_ms":153.581,"negative_checks_ms":96.049,"wrong_public_rejected":true,"mutated_proof_rejected":true}
ok

test result: ok. 1 passed; 0 failed; 0 ignored; 0 measured; 4 filtered out; finished in 7.19s

        7.29 real        32.85 user        10.59 sys
         41416523776  maximum resident set size
                   0  average shared memory size
                   0  average unshared data size
                   0  average unshared stack size
             3208234  page reclaims
                   0  page faults
                   0  swaps
                   0  block input operations
                   0  block output operations
                   0  messages sent
                   0  messages received
                   0  signals received
                   0  voluntary context switches
              158501  involuntary context switches
        565211495774  instructions retired
        183293515741  cycles elapsed
         41434806008  peak memory footprint
