
running 1 test
test real_state_bench::real_state_benchmark ... PHASES {"profile_schema":1,"scope":"cpu_prove_before_logging_and_local_drops","execute_ms":794.677958000,"build_ms":711.091000000,"transcript_setup_ms":0.004250000,"commit_ms":1800.357584000,"bus_ms":2073.008792000,"constraints_ms":418.216292000,"claim_prep_ms":0.023875000,"reduction_ms":2.309084000,"pcs_open_ms":1126.755250000,"finalize_ms":0.005458000,"internal_total_ms":6926.473667000,"internal_residual_ms":0.024124000}
RESULT {"action":"prove","cycles":8482697,"counts":[6592617, 1889947, 132, 0, 1, 0],"cells":8476896,"mem_used":8476896,"log_mem":24,"committed":207621052,"proof_bytes":836384,"assembly_ms":1030.104,"prove_including_execute_ms":7028.420,"verify_ms":300.135,"negative_checks_ms":178.396,"wrong_public_rejected":true,"mutated_proof_rejected":true}
ok

test result: ok. 1 passed; 0 failed; 0 ignored; 0 measured; 4 filtered out; finished in 8.54s

        8.65 real        34.97 user        10.94 sys
         44099141632  maximum resident set size
                   0  average shared memory size
                   0  average unshared data size
                   0  average unshared stack size
             3412370  page reclaims
                   0  page faults
                   0  swaps
                   0  block input operations
                   0  block output operations
                   0  messages sent
                   0  messages received
                   0  signals received
                   0  voluntary context switches
              158398  involuntary context switches
        600623723114  instructions retired
        193664774562  cycles elapsed
         44118851288  peak memory footprint
