
running 1 test
test real_state_bench::real_state_benchmark ... PHASES {"profile_schema":1,"scope":"cpu_prove_before_logging_and_local_drops","execute_ms":434.958208000,"build_ms":601.220500000,"transcript_setup_ms":0.004792000,"commit_ms":1814.661625000,"bus_ms":1911.810042000,"constraints_ms":434.753083000,"claim_prep_ms":0.017625000,"reduction_ms":2.183208000,"pcs_open_ms":1116.968042000,"finalize_ms":0.005042000,"internal_total_ms":6316.607500000,"internal_residual_ms":0.025333000}
RESULT {"action":"prove","cycles":7498510,"counts":[5954835, 1543542, 132, 0, 1, 0],"cells":7492965,"mem_used":7492965,"log_mem":23,"committed":182455228,"proof_bytes":834752,"assembly_ms":521.524,"prove_including_execute_ms":6427.692,"verify_ms":151.995,"negative_checks_ms":98.217,"wrong_public_rejected":true,"mutated_proof_rejected":true}
ok

test result: ok. 1 passed; 0 failed; 0 ignored; 0 measured; 4 filtered out; finished in 7.20s

        7.30 real        32.73 user        10.64 sys
         41411723264  maximum resident set size
                   0  average shared memory size
                   0  average unshared data size
                   0  average unshared stack size
             3207651  page reclaims
                   0  page faults
                   0  swaps
                   0  block input operations
                   0  block output operations
                   0  messages sent
                   0  messages received
                   0  signals received
                   1  voluntary context switches
              156677  involuntary context switches
        565227076521  instructions retired
        181605146324  cycles elapsed
         41430038312  peak memory footprint
