
running 1 test
test real_state_bench::real_state_benchmark ... PHASES {"profile_schema":1,"scope":"cpu_prove_before_logging_and_local_drops","execute_ms":789.535833000,"build_ms":707.294042000,"transcript_setup_ms":0.004541000,"commit_ms":1804.349167000,"bus_ms":2071.424417000,"constraints_ms":486.297417000,"claim_prep_ms":0.014083000,"reduction_ms":2.159916000,"pcs_open_ms":1112.382708000,"finalize_ms":0.014042000,"internal_total_ms":6973.500416000,"internal_residual_ms":0.024250000}
RESULT {"action":"prove","cycles":8482697,"counts":[6592617, 1889947, 132, 0, 1, 0],"cells":8476896,"mem_used":8476896,"log_mem":24,"committed":207621052,"proof_bytes":836384,"assembly_ms":1025.191,"prove_including_execute_ms":7074.686,"verify_ms":300.197,"negative_checks_ms":178.070,"wrong_public_rejected":true,"mutated_proof_rejected":true}
ok

test result: ok. 1 passed; 0 failed; 0 ignored; 0 measured; 4 filtered out; finished in 8.58s

        8.69 real        34.94 user        10.80 sys
         44083707904  maximum resident set size
                   0  average shared memory size
                   0  average unshared data size
                   0  average unshared stack size
             3414142  page reclaims
                   0  page faults
                   0  swaps
                   0  block input operations
                   0  block output operations
                   0  messages sent
                   0  messages received
                   0  signals received
                   0  voluntary context switches
              167490  involuntary context switches
        601436540274  instructions retired
        193169236265  cycles elapsed
         44103417560  peak memory footprint
