
running 1 test
test real_state_bench::real_state_benchmark ... PHASES {"profile_schema":1,"scope":"cpu_prove_before_logging_and_local_drops","execute_ms":799.184125000,"build_ms":713.415291000,"transcript_setup_ms":0.004875000,"commit_ms":1809.904833000,"bus_ms":2087.499250000,"constraints_ms":426.515958000,"claim_prep_ms":0.018958000,"reduction_ms":2.404292000,"pcs_open_ms":1126.201917000,"finalize_ms":0.003875000,"internal_total_ms":6965.176875000,"internal_residual_ms":0.023501000}
RESULT {"action":"prove","cycles":8462089,"counts":[6722637, 1739319, 132, 0, 1, 0],"cells":8456073,"mem_used":8456073,"log_mem":24,"committed":207621052,"proof_bytes":835712,"assembly_ms":1028.331,"prove_including_execute_ms":7070.974,"verify_ms":301.478,"negative_checks_ms":187.787,"wrong_public_rejected":true,"mutated_proof_rejected":true}
ok

test result: ok. 1 passed; 0 failed; 0 ignored; 0 measured; 4 filtered out; finished in 8.59s

        8.70 real        35.16 user        10.77 sys
         44140331008  maximum resident set size
                   0  average shared memory size
                   0  average unshared data size
                   0  average unshared stack size
             3415880  page reclaims
                   0  page faults
                   0  swaps
                   0  block input operations
                   0  block output operations
                   0  messages sent
                   0  messages received
                   0  signals received
                   2  voluntary context switches
              160667  involuntary context switches
        601594438899  instructions retired
        193580194007  cycles elapsed
         44160040688  peak memory footprint
