
running 1 test
test real_state_bench::real_state_benchmark ... PHASES {"profile_schema":1,"scope":"cpu_prove_before_logging_and_local_drops","execute_ms":790.878083000,"build_ms":707.670625000,"transcript_setup_ms":0.005417000,"commit_ms":1790.518959000,"bus_ms":2103.143625000,"constraints_ms":444.923458000,"claim_prep_ms":0.021458000,"reduction_ms":2.277500000,"pcs_open_ms":1117.646083000,"finalize_ms":0.006291000,"internal_total_ms":6957.115250000,"internal_residual_ms":0.023751000}
RESULT {"action":"prove","cycles":8482697,"counts":[6592617, 1889947, 132, 0, 1, 0],"cells":8476896,"mem_used":8476896,"log_mem":24,"committed":207621052,"proof_bytes":836384,"assembly_ms":1030.817,"prove_including_execute_ms":7058.669,"verify_ms":301.067,"negative_checks_ms":183.261,"wrong_public_rejected":true,"mutated_proof_rejected":true}
ok

test result: ok. 1 passed; 0 failed; 0 ignored; 0 measured; 4 filtered out; finished in 8.58s

        8.69 real        34.93 user        10.92 sys
         44091146240  maximum resident set size
                   0  average shared memory size
                   0  average unshared data size
                   0  average unshared stack size
             3411404  page reclaims
                   0  page faults
                   0  swaps
                   0  block input operations
                   0  block output operations
                   0  messages sent
                   0  messages received
                   0  signals received
                   0  voluntary context switches
              169351  involuntary context switches
        601807772521  instructions retired
        193710776425  cycles elapsed
         44110806720  peak memory footprint
