
running 1 test
test real_state_bench::real_state_benchmark ... PHASES {"profile_schema":1,"scope":"cpu_prove_before_logging_and_local_drops","execute_ms":433.351666000,"build_ms":584.280958000,"transcript_setup_ms":0.004000000,"commit_ms":1805.696125000,"bus_ms":1962.908209000,"constraints_ms":428.807875000,"claim_prep_ms":0.021792000,"reduction_ms":2.261417000,"pcs_open_ms":1104.117875000,"finalize_ms":0.005041000,"internal_total_ms":6321.479458000,"internal_residual_ms":0.024500000}
RESULT {"action":"prove","cycles":7498510,"counts":[5954835, 1543542, 132, 0, 1, 0],"cells":7492965,"mem_used":7492965,"log_mem":23,"committed":182455228,"proof_bytes":834752,"assembly_ms":525.533,"prove_including_execute_ms":6431.913,"verify_ms":152.514,"negative_checks_ms":96.301,"wrong_public_rejected":true,"mutated_proof_rejected":true}
ok

test result: ok. 1 passed; 0 failed; 0 ignored; 0 measured; 4 filtered out; finished in 7.21s

        7.31 real        32.77 user        10.42 sys
         41414000640  maximum resident set size
                   0  average shared memory size
                   0  average unshared data size
                   0  average unshared stack size
             3207714  page reclaims
                   0  page faults
                   0  swaps
                   0  block input operations
                   0  block output operations
                   0  messages sent
                   0  messages received
                   0  signals received
                   0  voluntary context switches
              166472  involuntary context switches
        565158187617  instructions retired
        182277183196  cycles elapsed
         41432250056  peak memory footprint
