
running 1 test
test real_state_bench::real_state_benchmark ... PHASES {"profile_schema":1,"scope":"cpu_prove_before_logging_and_local_drops","execute_ms":432.248208000,"build_ms":583.420041000,"transcript_setup_ms":0.004333000,"commit_ms":1822.335917000,"bus_ms":1934.614625000,"constraints_ms":412.721459000,"claim_prep_ms":0.026167000,"reduction_ms":2.121125000,"pcs_open_ms":1098.865084000,"finalize_ms":0.004666000,"internal_total_ms":6286.383292000,"internal_residual_ms":0.021667000}
RESULT {"action":"prove","cycles":7498510,"counts":[5954835, 1543542, 132, 0, 1, 0],"cells":7492965,"mem_used":7492965,"log_mem":23,"committed":182455228,"proof_bytes":834752,"assembly_ms":523.003,"prove_including_execute_ms":6399.736,"verify_ms":151.996,"negative_checks_ms":96.935,"wrong_public_rejected":true,"mutated_proof_rejected":true}
ok

test result: ok. 1 passed; 0 failed; 0 ignored; 0 measured; 4 filtered out; finished in 7.17s

        7.27 real        32.80 user        10.58 sys
         41413738496  maximum resident set size
                   0  average shared memory size
                   0  average unshared data size
                   0  average unshared stack size
             3207894  page reclaims
                   0  page faults
                   0  swaps
                   0  block input operations
                   0  block output operations
                   0  messages sent
                   0  messages received
                   0  signals received
                   0  voluntary context switches
              158583  involuntary context switches
        564905108271  instructions retired
        183016388876  cycles elapsed
         41432020728  peak memory footprint
