
running 1 test
test real_state_bench::real_state_benchmark ... PHASES {"profile_schema":1,"scope":"cpu_prove_before_logging_and_local_drops","execute_ms":791.323542000,"build_ms":708.361125000,"transcript_setup_ms":0.004750000,"commit_ms":1793.069292000,"bus_ms":2076.977875000,"constraints_ms":424.367834000,"claim_prep_ms":0.016791000,"reduction_ms":2.176000000,"pcs_open_ms":1129.579416000,"finalize_ms":0.009667000,"internal_total_ms":6925.908917000,"internal_residual_ms":0.022625000}
RESULT {"action":"prove","cycles":8462089,"counts":[6722637, 1739319, 132, 0, 1, 0],"cells":8456073,"mem_used":8456073,"log_mem":24,"committed":207621052,"proof_bytes":835712,"assembly_ms":1030.924,"prove_including_execute_ms":7027.883,"verify_ms":301.624,"negative_checks_ms":185.820,"wrong_public_rejected":true,"mutated_proof_rejected":true}
ok

test result: ok. 1 passed; 0 failed; 0 ignored; 0 measured; 4 filtered out; finished in 8.55s

        8.66 real        35.00 user        10.91 sys
         44142592000  maximum resident set size
                   0  average shared memory size
                   0  average unshared data size
                   0  average unshared stack size
             3415933  page reclaims
                   0  page faults
                   0  swaps
                   0  block input operations
                   0  block output operations
                   0  messages sent
                   0  messages received
                   0  signals received
                   0  voluntary context switches
              163001  involuntary context switches
        601570957723  instructions retired
        193767213407  cycles elapsed
         44162318088  peak memory footprint
