
running 1 test
test real_state_bench::real_state_benchmark ... PHASES {"profile_schema":1,"scope":"cpu_prove_before_logging_and_local_drops","execute_ms":785.011792000,"build_ms":709.340583000,"transcript_setup_ms":0.004250000,"commit_ms":1799.209917000,"bus_ms":2092.426333000,"constraints_ms":431.754792000,"claim_prep_ms":0.020417000,"reduction_ms":2.124875000,"pcs_open_ms":1151.790375000,"finalize_ms":0.006083000,"internal_total_ms":6971.714708000,"internal_residual_ms":0.025291000}
RESULT {"action":"prove","cycles":8482697,"counts":[6592617, 1889947, 132, 0, 1, 0],"cells":8476896,"mem_used":8476896,"log_mem":24,"committed":207621052,"proof_bytes":836384,"assembly_ms":1030.424,"prove_including_execute_ms":7072.111,"verify_ms":299.284,"negative_checks_ms":184.773,"wrong_public_rejected":true,"mutated_proof_rejected":true}
ok

test result: ok. 1 passed; 0 failed; 0 ignored; 0 measured; 4 filtered out; finished in 8.59s

        8.70 real        34.92 user        11.25 sys
         44083920896  maximum resident set size
                   0  average shared memory size
                   0  average unshared data size
                   0  average unshared stack size
             3414012  page reclaims
                   0  page faults
                   0  swaps
                   0  block input operations
                   0  block output operations
                   0  messages sent
                   0  messages received
                   0  signals received
                   0  voluntary context switches
              166159  involuntary context switches
        601061755819  instructions retired
        194947063574  cycles elapsed
         44103646960  peak memory footprint
