
running 1 test
test real_state_bench::real_state_benchmark ... PHASES {"profile_schema":1,"scope":"cpu_prove_before_logging_and_local_drops","execute_ms":776.302250000,"build_ms":708.464708000,"transcript_setup_ms":0.005083000,"commit_ms":1800.367541000,"bus_ms":2099.767834000,"constraints_ms":426.414958000,"claim_prep_ms":0.019333000,"reduction_ms":2.351333000,"pcs_open_ms":1116.045500000,"finalize_ms":0.009708000,"internal_total_ms":6929.772084000,"internal_residual_ms":0.023836000}
RESULT {"action":"prove","cycles":8462089,"counts":[6722637, 1739319, 132, 0, 1, 0],"cells":8456073,"mem_used":8456073,"log_mem":24,"committed":207621052,"proof_bytes":835712,"assembly_ms":1029.627,"prove_including_execute_ms":7031.335,"verify_ms":297.224,"negative_checks_ms":178.861,"wrong_public_rejected":true,"mutated_proof_rejected":true}
ok

test result: ok. 1 passed; 0 failed; 0 ignored; 0 measured; 4 filtered out; finished in 8.54s

        8.65 real        34.93 user        11.13 sys
         44142428160  maximum resident set size
                   0  average shared memory size
                   0  average unshared data size
                   0  average unshared stack size
             3415872  page reclaims
                   0  page faults
                   0  swaps
                   0  block input operations
                   0  block output operations
                   0  messages sent
                   0  messages received
                   0  signals received
                   0  voluntary context switches
              164109  involuntary context switches
        601929273065  instructions retired
        194338098490  cycles elapsed
         44162088616  peak memory footprint
