
running 1 test
test real_state_bench::real_state_benchmark ... PHASES {"profile_schema":1,"scope":"cpu_prove_before_logging_and_local_drops","execute_ms":430.554042000,"build_ms":585.707041000,"transcript_setup_ms":0.004500000,"commit_ms":1878.542000000,"bus_ms":1937.061292000,"constraints_ms":434.241458000,"claim_prep_ms":0.020583000,"reduction_ms":2.173416000,"pcs_open_ms":1112.305667000,"finalize_ms":0.004459000,"internal_total_ms":6380.638209000,"internal_residual_ms":0.023751000}
RESULT {"action":"prove","cycles":7498510,"counts":[5954835, 1543542, 132, 0, 1, 0],"cells":7492965,"mem_used":7492965,"log_mem":23,"committed":182455228,"proof_bytes":834752,"assembly_ms":519.190,"prove_including_execute_ms":6493.045,"verify_ms":151.148,"negative_checks_ms":92.239,"wrong_public_rejected":true,"mutated_proof_rejected":true}
ok

test result: ok. 1 passed; 0 failed; 0 ignored; 0 measured; 4 filtered out; finished in 7.26s

        7.35 real        33.66 user        10.49 sys
         41413525504  maximum resident set size
                   0  average shared memory size
                   0  average unshared data size
                   0  average unshared stack size
             3207828  page reclaims
                   0  page faults
                   0  swaps
                   0  block input operations
                   0  block output operations
                   0  messages sent
                   0  messages received
                   0  signals received
                   0  voluntary context switches
              164018  involuntary context switches
        565540319657  instructions retired
        182676663963  cycles elapsed
         41431807736  peak memory footprint
