
running 1 test
test real_state_bench::real_state_benchmark ... PHASES {"profile_schema":1,"scope":"cpu_prove_before_logging_and_local_drops","execute_ms":797.377958000,"build_ms":710.875834000,"transcript_setup_ms":0.004125000,"commit_ms":1786.421958000,"bus_ms":2093.706041000,"constraints_ms":422.175417000,"claim_prep_ms":0.024125000,"reduction_ms":2.240000000,"pcs_open_ms":1099.836125000,"finalize_ms":0.006209000,"internal_total_ms":6912.688917000,"internal_residual_ms":0.021125000}
RESULT {"action":"prove","cycles":8482697,"counts":[6592617, 1889947, 132, 0, 1, 0],"cells":8476896,"mem_used":8476896,"log_mem":24,"committed":207621052,"proof_bytes":836384,"assembly_ms":1020.832,"prove_including_execute_ms":7012.762,"verify_ms":300.078,"negative_checks_ms":179.409,"wrong_public_rejected":true,"mutated_proof_rejected":true}
ok

test result: ok. 1 passed; 0 failed; 0 ignored; 0 measured; 4 filtered out; finished in 8.51s

        8.62 real        34.87 user        10.73 sys
         44086689792  maximum resident set size
                   0  average shared memory size
                   0  average unshared data size
                   0  average unshared stack size
             3414053  page reclaims
                   0  page faults
                   0  swaps
                   0  block input operations
                   0  block output operations
                   0  messages sent
                   0  messages received
                   0  signals received
                   0  voluntary context switches
              159608  involuntary context switches
        600982058845  instructions retired
        192585845576  cycles elapsed
         44106399448  peak memory footprint
