
running 1 test
test real_state_bench::real_state_benchmark ... PHASES {"profile_schema":1,"scope":"cpu_prove_before_logging_and_local_drops","execute_ms":438.092541000,"build_ms":584.381958000,"transcript_setup_ms":0.004416000,"commit_ms":1742.060000000,"bus_ms":1921.911708000,"constraints_ms":432.866000000,"claim_prep_ms":0.022583000,"reduction_ms":2.375375000,"pcs_open_ms":1107.713166000,"finalize_ms":0.004250000,"internal_total_ms":6229.451959000,"internal_residual_ms":0.019962000}
RESULT {"action":"prove","cycles":7498510,"counts":[5954835, 1543542, 132, 0, 1, 0],"cells":7492965,"mem_used":7492965,"log_mem":23,"committed":182455228,"proof_bytes":834752,"assembly_ms":522.269,"prove_including_execute_ms":6339.155,"verify_ms":151.577,"negative_checks_ms":96.639,"wrong_public_rejected":true,"mutated_proof_rejected":true}
ok

test result: ok. 1 passed; 0 failed; 0 ignored; 0 measured; 4 filtered out; finished in 7.11s

        7.21 real        32.17 user        10.55 sys
         41413623808  maximum resident set size
                   0  average shared memory size
                   0  average unshared data size
                   0  average unshared stack size
             3207711  page reclaims
                   0  page faults
                   0  swaps
                   0  block input operations
                   0  block output operations
                   0  messages sent
                   0  messages received
                   0  signals received
                   0  voluntary context switches
              145455  involuntary context switches
        564903286467  instructions retired
        181003382954  cycles elapsed
         41431922448  peak memory footprint
