
running 1 test
test real_state_bench::real_state_benchmark ... PHASES {"profile_schema":1,"scope":"cpu_prove_before_logging_and_local_drops","execute_ms":795.363958000,"build_ms":700.657292000,"transcript_setup_ms":0.004875000,"commit_ms":1818.394834000,"bus_ms":2069.929250000,"constraints_ms":419.102291000,"claim_prep_ms":0.032917000,"reduction_ms":2.388625000,"pcs_open_ms":1114.059792000,"finalize_ms":0.004875000,"internal_total_ms":6919.960958000,"internal_residual_ms":0.022249000}
RESULT {"action":"prove","cycles":8482697,"counts":[6592617, 1889947, 132, 0, 1, 0],"cells":8476896,"mem_used":8476896,"log_mem":24,"committed":207621052,"proof_bytes":836384,"assembly_ms":1030.381,"prove_including_execute_ms":7017.949,"verify_ms":298.905,"negative_checks_ms":179.106,"wrong_public_rejected":true,"mutated_proof_rejected":true}
ok

test result: ok. 1 passed; 0 failed; 0 ignored; 0 measured; 4 filtered out; finished in 8.53s

        8.64 real        34.90 user        10.68 sys
         44080414720  maximum resident set size
                   0  average shared memory size
                   0  average unshared data size
                   0  average unshared stack size
             3413583  page reclaims
                   0  page faults
                   0  swaps
                   0  block input operations
                   0  block output operations
                   0  messages sent
                   0  messages received
                   0  signals received
                   0  voluntary context switches
              156261  involuntary context switches
        600656007090  instructions retired
        192649527240  cycles elapsed
         44100124376  peak memory footprint
