
running 1 test
test real_state_bench::real_state_benchmark ... PHASES {"profile_schema":1,"scope":"cpu_prove_before_logging_and_local_drops","execute_ms":429.914500000,"build_ms":598.370459000,"transcript_setup_ms":0.004584000,"commit_ms":1776.508750000,"bus_ms":1916.042917000,"constraints_ms":421.169375000,"claim_prep_ms":0.036791000,"reduction_ms":2.118708000,"pcs_open_ms":1114.973667000,"finalize_ms":0.003792000,"internal_total_ms":6259.169209000,"internal_residual_ms":0.025666000}
RESULT {"action":"prove","cycles":7498510,"counts":[5954835, 1543542, 132, 0, 1, 0],"cells":7492965,"mem_used":7492965,"log_mem":23,"committed":182455228,"proof_bytes":834752,"assembly_ms":522.109,"prove_including_execute_ms":6370.224,"verify_ms":153.428,"negative_checks_ms":95.145,"wrong_public_rejected":true,"mutated_proof_rejected":true}
ok

test result: ok. 1 passed; 0 failed; 0 ignored; 0 measured; 4 filtered out; finished in 7.14s

        7.24 real        32.34 user        10.66 sys
         41415016448  maximum resident set size
                   0  average shared memory size
                   0  average unshared data size
                   0  average unshared stack size
             3208122  page reclaims
                   0  page faults
                   0  swaps
                   0  block input operations
                   0  block output operations
                   0  messages sent
                   0  messages received
                   0  signals received
                   0  voluntary context switches
              153877  involuntary context switches
        564846096913  instructions retired
        182169968991  cycles elapsed
         41433315088  peak memory footprint
