
running 1 test
test real_state_bench::real_state_benchmark ... PHASES {"profile_schema":1,"scope":"cpu_prove_before_logging_and_local_drops","execute_ms":795.699000000,"build_ms":710.512542000,"transcript_setup_ms":0.004750000,"commit_ms":1794.431792000,"bus_ms":2076.621000000,"constraints_ms":420.822458000,"claim_prep_ms":0.021125000,"reduction_ms":2.246125000,"pcs_open_ms":1113.682667000,"finalize_ms":0.003833000,"internal_total_ms":6914.068541000,"internal_residual_ms":0.023249000}
RESULT {"action":"prove","cycles":8482697,"counts":[6592617, 1889947, 132, 0, 1, 0],"cells":8476896,"mem_used":8476896,"log_mem":24,"committed":207621052,"proof_bytes":836384,"assembly_ms":1029.994,"prove_including_execute_ms":7016.539,"verify_ms":298.265,"negative_checks_ms":181.956,"wrong_public_rejected":true,"mutated_proof_rejected":true}
ok

test result: ok. 1 passed; 0 failed; 0 ignored; 0 measured; 4 filtered out; finished in 8.53s

        8.64 real        34.93 user        10.82 sys
         44082610176  maximum resident set size
                   0  average shared memory size
                   0  average unshared data size
                   0  average unshared stack size
             3413777  page reclaims
                   0  page faults
                   0  swaps
                   0  block input operations
                   0  block output operations
                   0  messages sent
                   0  messages received
                   0  signals received
                   1  voluntary context switches
              160067  involuntary context switches
        600298359655  instructions retired
        193149670725  cycles elapsed
         44102303424  peak memory footprint
