
running 1 test
test real_state_bench::real_state_benchmark ... PHASES {"profile_schema":1,"scope":"cpu_prove_before_logging_and_local_drops","execute_ms":430.986458000,"build_ms":579.401916000,"transcript_setup_ms":0.010250000,"commit_ms":1757.238083000,"bus_ms":1910.533125000,"constraints_ms":434.875292000,"claim_prep_ms":0.015500000,"reduction_ms":2.160791000,"pcs_open_ms":1114.122958000,"finalize_ms":0.010166000,"internal_total_ms":6229.375375000,"internal_residual_ms":0.020836000}
RESULT {"action":"prove","cycles":7498510,"counts":[5954835, 1543542, 132, 0, 1, 0],"cells":7492965,"mem_used":7492965,"log_mem":23,"committed":182455228,"proof_bytes":834752,"assembly_ms":519.450,"prove_including_execute_ms":6340.067,"verify_ms":152.806,"negative_checks_ms":93.983,"wrong_public_rejected":true,"mutated_proof_rejected":true}
ok

test result: ok. 1 passed; 0 failed; 0 ignored; 0 measured; 4 filtered out; finished in 7.11s

        7.20 real        32.26 user        10.36 sys
         41413459968  maximum resident set size
                   0  average shared memory size
                   0  average unshared data size
                   0  average unshared stack size
             3207762  page reclaims
                   0  page faults
                   0  swaps
                   0  block input operations
                   0  block output operations
                   0  messages sent
                   0  messages received
                   0  signals received
                   0  voluntary context switches
              152080  involuntary context switches
        565202772556  instructions retired
        180483263399  cycles elapsed
         41431758608  peak memory footprint
