
running 1 test
test real_state_bench::real_state_benchmark ... PHASES {"profile_schema":1,"scope":"cpu_prove_before_logging_and_local_drops","execute_ms":805.745042000,"build_ms":705.951292000,"transcript_setup_ms":0.004500000,"commit_ms":1856.282083000,"bus_ms":2115.425834000,"constraints_ms":432.232000000,"claim_prep_ms":0.022500000,"reduction_ms":2.046291000,"pcs_open_ms":1126.449958000,"finalize_ms":0.009167000,"internal_total_ms":7044.189542000,"internal_residual_ms":0.020875000}
RESULT {"action":"prove","cycles":8462089,"counts":[6722637, 1739319, 132, 0, 1, 0],"cells":8456073,"mem_used":8456073,"log_mem":24,"committed":207621052,"proof_bytes":835712,"assembly_ms":1030.065,"prove_including_execute_ms":7144.880,"verify_ms":301.974,"negative_checks_ms":184.611,"wrong_public_rejected":true,"mutated_proof_rejected":true}
ok

test result: ok. 1 passed; 0 failed; 0 ignored; 0 measured; 4 filtered out; finished in 8.66s

        8.77 real        35.90 user        10.96 sys
         44142690304  maximum resident set size
                   0  average shared memory size
                   0  average unshared data size
                   0  average unshared stack size
             3415989  page reclaims
                   0  page faults
                   0  swaps
                   0  block input operations
                   0  block output operations
                   0  messages sent
                   0  messages received
                   0  signals received
                   0  voluntary context switches
              168360  involuntary context switches
        601815080411  instructions retired
        194506763285  cycles elapsed
         44162268720  peak memory footprint
