
running 1 test
test real_state_bench::real_state_benchmark ... PHASES {"profile_schema":1,"scope":"cpu_prove_before_logging_and_local_drops","execute_ms":431.529083000,"build_ms":580.962084000,"transcript_setup_ms":0.004500000,"commit_ms":1792.306917000,"bus_ms":1930.064500000,"constraints_ms":466.990458000,"claim_prep_ms":0.015000000,"reduction_ms":2.292833000,"pcs_open_ms":1124.340500000,"finalize_ms":0.005459000,"internal_total_ms":6328.532458000,"internal_residual_ms":0.021124000}
RESULT {"action":"prove","cycles":7498510,"counts":[5954835, 1543542, 132, 0, 1, 0],"cells":7492965,"mem_used":7492965,"log_mem":23,"committed":182455228,"proof_bytes":834752,"assembly_ms":521.668,"prove_including_execute_ms":6439.759,"verify_ms":153.144,"negative_checks_ms":96.726,"wrong_public_rejected":true,"mutated_proof_rejected":true}
ok

test result: ok. 1 passed; 0 failed; 0 ignored; 0 measured; 4 filtered out; finished in 7.21s

        7.31 real        32.93 user        10.38 sys
         41413722112  maximum resident set size
                   0  average shared memory size
                   0  average unshared data size
                   0  average unshared stack size
             3207802  page reclaims
                   0  page faults
                   0  swaps
                   0  block input operations
                   0  block output operations
                   0  messages sent
                   0  messages received
                   0  signals received
                   1  voluntary context switches
              160597  involuntary context switches
        565111120415  instructions retired
        182419733585  cycles elapsed
         41432037160  peak memory footprint
