
running 1 test
test real_state_bench::real_state_benchmark ... PHASES {"profile_schema":1,"scope":"cpu_prove_before_logging_and_local_drops","execute_ms":801.705000000,"build_ms":710.879666000,"transcript_setup_ms":0.009625000,"commit_ms":1813.295083000,"bus_ms":2093.894333000,"constraints_ms":433.245750000,"claim_prep_ms":0.017250000,"reduction_ms":2.276625000,"pcs_open_ms":1127.635250000,"finalize_ms":0.004708000,"internal_total_ms":6982.985583000,"internal_residual_ms":0.022293000}
RESULT {"action":"prove","cycles":8482697,"counts":[6592617, 1889947, 132, 0, 1, 0],"cells":8476896,"mem_used":8476896,"log_mem":24,"committed":207621052,"proof_bytes":836384,"assembly_ms":1030.203,"prove_including_execute_ms":7085.681,"verify_ms":299.241,"negative_checks_ms":186.211,"wrong_public_rejected":true,"mutated_proof_rejected":true}
ok

test result: ok. 1 passed; 0 failed; 0 ignored; 0 measured; 4 filtered out; finished in 8.60s

        8.71 real        34.91 user        11.05 sys
         44083052544  maximum resident set size
                   0  average shared memory size
                   0  average unshared data size
                   0  average unshared stack size
             3413856  page reclaims
                   0  page faults
                   0  swaps
                   0  block input operations
                   0  block output operations
                   0  messages sent
                   0  messages received
                   0  signals received
                   2  voluntary context switches
              161822  involuntary context switches
        600945965461  instructions retired
        193884617855  cycles elapsed
         44102778608  peak memory footprint
