
running 1 test
test real_state_bench::real_state_benchmark ... PHASES {"profile_schema":1,"scope":"cpu_prove_before_logging_and_local_drops","execute_ms":795.000916000,"build_ms":729.865458000,"transcript_setup_ms":0.004625000,"commit_ms":1785.684083000,"bus_ms":2082.725584000,"constraints_ms":421.184333000,"claim_prep_ms":0.020625000,"reduction_ms":2.127292000,"pcs_open_ms":1117.475125000,"finalize_ms":0.004625000,"internal_total_ms":6934.116500000,"internal_residual_ms":0.023834000}
RESULT {"action":"prove","cycles":8462089,"counts":[6722637, 1739319, 132, 0, 1, 0],"cells":8456073,"mem_used":8456073,"log_mem":24,"committed":207621052,"proof_bytes":835712,"assembly_ms":1032.111,"prove_including_execute_ms":7037.595,"verify_ms":300.425,"negative_checks_ms":180.345,"wrong_public_rejected":true,"mutated_proof_rejected":true}
ok

test result: ok. 1 passed; 0 failed; 0 ignored; 0 measured; 4 filtered out; finished in 8.55s

        8.66 real        34.95 user        10.76 sys
         44141592576  maximum resident set size
                   0  average shared memory size
                   0  average unshared data size
                   0  average unshared stack size
             3415882  page reclaims
                   0  page faults
                   0  swaps
                   0  block input operations
                   0  block output operations
                   0  messages sent
                   0  messages received
                   0  signals received
                   0  voluntary context switches
              158816  involuntary context switches
        601697132440  instructions retired
        192853595105  cycles elapsed
         44161220216  peak memory footprint
