
running 1 test
test real_state_bench::real_state_benchmark ... PHASES {"profile_schema":1,"scope":"cpu_prove_before_logging_and_local_drops","execute_ms":792.914708000,"build_ms":733.910083000,"transcript_setup_ms":0.004458000,"commit_ms":1839.182750000,"bus_ms":2084.479083000,"constraints_ms":409.559959000,"claim_prep_ms":0.017708000,"reduction_ms":2.107375000,"pcs_open_ms":1115.737833000,"finalize_ms":0.006042000,"internal_total_ms":6977.941416000,"internal_residual_ms":0.021417000}
RESULT {"action":"prove","cycles":8482697,"counts":[6592617, 1889947, 132, 0, 1, 0],"cells":8476896,"mem_used":8476896,"log_mem":24,"committed":207621052,"proof_bytes":836384,"assembly_ms":1029.791,"prove_including_execute_ms":7079.384,"verify_ms":303.084,"negative_checks_ms":178.998,"wrong_public_rejected":true,"mutated_proof_rejected":true}
ok

test result: ok. 1 passed; 0 failed; 0 ignored; 0 measured; 4 filtered out; finished in 8.59s

        8.70 real        35.35 user        10.93 sys
         44079349760  maximum resident set size
                   0  average shared memory size
                   0  average unshared data size
                   0  average unshared stack size
             3413703  page reclaims
                   0  page faults
                   0  swaps
                   0  block input operations
                   0  block output operations
                   0  messages sent
                   0  messages received
                   0  signals received
                   0  voluntary context switches
              160310  involuntary context switches
        601266636023  instructions retired
        193470144019  cycles elapsed
         44099075848  peak memory footprint
