
running 1 test
test real_state_bench::real_state_benchmark ... PHASES {"profile_schema":1,"scope":"cpu_prove_before_logging_and_local_drops","execute_ms":787.355750000,"build_ms":696.909125000,"transcript_setup_ms":0.006250000,"commit_ms":1820.057458000,"bus_ms":2085.699291000,"constraints_ms":421.086167000,"claim_prep_ms":0.017500000,"reduction_ms":2.157958000,"pcs_open_ms":1137.230666000,"finalize_ms":0.013417000,"internal_total_ms":6950.556666000,"internal_residual_ms":0.023084000}
RESULT {"action":"prove","cycles":8462089,"counts":[6722637, 1739319, 132, 0, 1, 0],"cells":8456073,"mem_used":8456073,"log_mem":24,"committed":207621052,"proof_bytes":835712,"assembly_ms":1035.275,"prove_including_execute_ms":7062.464,"verify_ms":301.538,"negative_checks_ms":184.307,"wrong_public_rejected":true,"mutated_proof_rejected":true}
ok

test result: ok. 1 passed; 0 failed; 0 ignored; 0 measured; 4 filtered out; finished in 8.59s

        8.69 real        35.26 user        10.66 sys
         44140986368  maximum resident set size
                   0  average shared memory size
                   0  average unshared data size
                   0  average unshared stack size
             3415903  page reclaims
                   0  page faults
                   0  swaps
                   0  block input operations
                   0  block output operations
                   0  messages sent
                   0  messages received
                   0  signals received
                   0  voluntary context switches
              164589  involuntary context switches
        601468498419  instructions retired
        193614873289  cycles elapsed
         44160581192  peak memory footprint
