
running 1 test
test real_state_bench::real_state_benchmark ... PHASES {"profile_schema":1,"scope":"cpu_prove_before_logging_and_local_drops","execute_ms":431.444583000,"build_ms":572.895958000,"transcript_setup_ms":0.004417000,"commit_ms":1798.172292000,"bus_ms":1934.162667000,"constraints_ms":430.546625000,"claim_prep_ms":0.024459000,"reduction_ms":2.333792000,"pcs_open_ms":1117.505792000,"finalize_ms":0.004208000,"internal_total_ms":6287.118500000,"internal_residual_ms":0.023707000}
RESULT {"action":"prove","cycles":7498510,"counts":[5954835, 1543542, 132, 0, 1, 0],"cells":7492965,"mem_used":7492965,"log_mem":23,"committed":182455228,"proof_bytes":834752,"assembly_ms":519.035,"prove_including_execute_ms":6397.187,"verify_ms":153.872,"negative_checks_ms":97.168,"wrong_public_rejected":true,"mutated_proof_rejected":true}
ok

test result: ok. 1 passed; 0 failed; 0 ignored; 0 measured; 4 filtered out; finished in 7.17s

        7.27 real        32.82 user        10.46 sys
         41413525504  maximum resident set size
                   0  average shared memory size
                   0  average unshared data size
                   0  average unshared stack size
             3208052  page reclaims
                   0  page faults
                   0  swaps
                   0  block input operations
                   0  block output operations
                   0  messages sent
                   0  messages received
                   0  signals received
                   0  voluntary context switches
              160242  involuntary context switches
        565198031040  instructions retired
        182381155345  cycles elapsed
         41431840552  peak memory footprint
