
running 1 test
test real_state_bench::real_state_benchmark ... PHASES {"profile_schema":1,"scope":"cpu_prove_before_logging_and_local_drops","execute_ms":791.884792000,"build_ms":701.313167000,"transcript_setup_ms":0.005209000,"commit_ms":1805.320584000,"bus_ms":2089.755208000,"constraints_ms":443.012875000,"claim_prep_ms":0.021791000,"reduction_ms":2.386458000,"pcs_open_ms":1115.354792000,"finalize_ms":0.004500000,"internal_total_ms":6949.081208000,"internal_residual_ms":0.021832000}
RESULT {"action":"prove","cycles":8462089,"counts":[6722637, 1739319, 132, 0, 1, 0],"cells":8456073,"mem_used":8456073,"log_mem":24,"committed":207621052,"proof_bytes":835712,"assembly_ms":1031.909,"prove_including_execute_ms":7050.692,"verify_ms":299.660,"negative_checks_ms":180.257,"wrong_public_rejected":true,"mutated_proof_rejected":true}
ok

test result: ok. 1 passed; 0 failed; 0 ignored; 0 measured; 4 filtered out; finished in 8.56s

        8.67 real        34.91 user        10.86 sys
         44138250240  maximum resident set size
                   0  average shared memory size
                   0  average unshared data size
                   0  average unshared stack size
             3415807  page reclaims
                   0  page faults
                   0  swaps
                   0  block input operations
                   0  block output operations
                   0  messages sent
                   0  messages received
                   0  signals received
                   0  voluntary context switches
              160675  involuntary context switches
        601752788843  instructions retired
        193185367967  cycles elapsed
         44157943512  peak memory footprint
