
running 1 test
test real_state_bench::real_state_benchmark ... PHASES {"profile_schema":1,"scope":"cpu_prove_before_logging_and_local_drops","execute_ms":835.939000000,"build_ms":707.548875000,"transcript_setup_ms":0.004334000,"commit_ms":1857.747291000,"bus_ms":2083.239209000,"constraints_ms":431.450958000,"claim_prep_ms":0.017625000,"reduction_ms":2.467834000,"pcs_open_ms":1144.600209000,"finalize_ms":0.006834000,"internal_total_ms":7063.048458000,"internal_residual_ms":0.026289000}
RESULT {"action":"prove","cycles":8482697,"counts":[6592617, 1889947, 132, 0, 1, 0],"cells":8476896,"mem_used":8476896,"log_mem":24,"committed":207621052,"proof_bytes":836384,"assembly_ms":1027.423,"prove_including_execute_ms":7166.477,"verify_ms":304.163,"negative_checks_ms":188.114,"wrong_public_rejected":true,"mutated_proof_rejected":true}
ok

test result: ok. 1 passed; 0 failed; 0 ignored; 0 measured; 4 filtered out; finished in 8.69s

        8.80 real        35.66 user        10.82 sys
         44083150848  maximum resident set size
                   0  average shared memory size
                   0  average unshared data size
                   0  average unshared stack size
             3414209  page reclaims
                   0  page faults
                   0  swaps
                   0  block input operations
                   0  block output operations
                   0  messages sent
                   0  messages received
                   0  signals received
                   0  voluntary context switches
              165039  involuntary context switches
        600981075081  instructions retired
        193569312774  cycles elapsed
         44102893320  peak memory footprint
