
running 1 test
test real_state_bench::real_state_benchmark ... PHASES {"profile_schema":1,"scope":"cpu_prove_before_logging_and_local_drops","execute_ms":436.125416000,"build_ms":580.489792000,"transcript_setup_ms":0.004334000,"commit_ms":1787.140083000,"bus_ms":1933.987583000,"constraints_ms":428.435250000,"claim_prep_ms":0.022375000,"reduction_ms":2.174666000,"pcs_open_ms":1112.875667000,"finalize_ms":0.004000000,"internal_total_ms":6281.283375000,"internal_residual_ms":0.024209000}
RESULT {"action":"prove","cycles":7498510,"counts":[5954835, 1543542, 132, 0, 1, 0],"cells":7492965,"mem_used":7492965,"log_mem":23,"committed":182455228,"proof_bytes":834752,"assembly_ms":521.199,"prove_including_execute_ms":6395.436,"verify_ms":152.115,"negative_checks_ms":100.992,"wrong_public_rejected":true,"mutated_proof_rejected":true}
ok

test result: ok. 1 passed; 0 failed; 0 ignored; 0 measured; 4 filtered out; finished in 7.17s

        7.26 real        32.75 user        10.56 sys
         41415868416  maximum resident set size
                   0  average shared memory size
                   0  average unshared data size
                   0  average unshared stack size
             3208145  page reclaims
                   0  page faults
                   0  swaps
                   0  block input operations
                   0  block output operations
                   0  messages sent
                   0  messages received
                   0  signals received
                   0  voluntary context switches
              160921  involuntary context switches
        565163577120  instructions retired
        182681856744  cycles elapsed
         41434117832  peak memory footprint
