
running 1 test
test real_state_bench::real_state_benchmark ... PHASES {"profile_schema":1,"scope":"cpu_prove_before_logging_and_local_drops","execute_ms":435.481666000,"build_ms":580.355250000,"transcript_setup_ms":0.004250000,"commit_ms":1808.990083000,"bus_ms":1935.481083000,"constraints_ms":415.343666000,"claim_prep_ms":0.019625000,"reduction_ms":2.240166000,"pcs_open_ms":1128.979042000,"finalize_ms":0.004459000,"internal_total_ms":6306.926500000,"internal_residual_ms":0.027210000}
RESULT {"action":"prove","cycles":7498510,"counts":[5954835, 1543542, 132, 0, 1, 0],"cells":7492965,"mem_used":7492965,"log_mem":23,"committed":182455228,"proof_bytes":834752,"assembly_ms":518.109,"prove_including_execute_ms":6415.582,"verify_ms":150.294,"negative_checks_ms":96.891,"wrong_public_rejected":true,"mutated_proof_rejected":true}
ok

test result: ok. 1 passed; 0 failed; 0 ignored; 0 measured; 4 filtered out; finished in 7.18s

        7.28 real        32.85 user        10.65 sys
         41413672960  maximum resident set size
                   0  average shared memory size
                   0  average unshared data size
                   0  average unshared stack size
             3207786  page reclaims
                   0  page faults
                   0  swaps
                   0  block input operations
                   0  block output operations
                   0  messages sent
                   0  messages received
                   0  signals received
                   0  voluntary context switches
              157618  involuntary context switches
        564761441357  instructions retired
        183410336916  cycles elapsed
         41431922376  peak memory footprint
