
running 1 test
test real_state_bench::real_state_benchmark ... PHASES {"profile_schema":1,"scope":"cpu_prove_before_logging_and_local_drops","execute_ms":793.588625000,"build_ms":700.631167000,"transcript_setup_ms":0.004625000,"commit_ms":1785.268750000,"bus_ms":2073.464041000,"constraints_ms":443.116625000,"claim_prep_ms":0.014708000,"reduction_ms":2.195333000,"pcs_open_ms":1127.789250000,"finalize_ms":0.006125000,"internal_total_ms":6926.106042000,"internal_residual_ms":0.026793000}
RESULT {"action":"prove","cycles":8462089,"counts":[6722637, 1739319, 132, 0, 1, 0],"cells":8456073,"mem_used":8456073,"log_mem":24,"committed":207621052,"proof_bytes":835712,"assembly_ms":1031.967,"prove_including_execute_ms":7026.543,"verify_ms":299.464,"negative_checks_ms":175.435,"wrong_public_rejected":true,"mutated_proof_rejected":true}
ok

test result: ok. 1 passed; 0 failed; 0 ignored; 0 measured; 4 filtered out; finished in 8.54s

        8.64 real        34.94 user        10.70 sys
         44140871680  maximum resident set size
                   0  average shared memory size
                   0  average unshared data size
                   0  average unshared stack size
             3415871  page reclaims
                   0  page faults
                   0  swaps
                   0  block input operations
                   0  block output operations
                   0  messages sent
                   0  messages received
                   0  signals received
                   0  voluntary context switches
              160336  involuntary context switches
        601575511906  instructions retired
        192460397033  cycles elapsed
         44160466504  peak memory footprint
