
running 1 test
test real_state_bench::real_state_benchmark ... PHASES {"profile_schema":1,"scope":"cpu_prove_before_logging_and_local_drops","execute_ms":805.065416000,"build_ms":700.800584000,"transcript_setup_ms":0.004333000,"commit_ms":1786.655666000,"bus_ms":2093.129083000,"constraints_ms":422.230541000,"claim_prep_ms":0.024208000,"reduction_ms":2.207166000,"pcs_open_ms":1110.099875000,"finalize_ms":0.005708000,"internal_total_ms":6920.246084000,"internal_residual_ms":0.023504000}
RESULT {"action":"prove","cycles":8482697,"counts":[6592617, 1889947, 132, 0, 1, 0],"cells":8476896,"mem_used":8476896,"log_mem":24,"committed":207621052,"proof_bytes":836384,"assembly_ms":1026.173,"prove_including_execute_ms":7022.701,"verify_ms":299.992,"negative_checks_ms":184.593,"wrong_public_rejected":true,"mutated_proof_rejected":true}
ok

test result: ok. 1 passed; 0 failed; 0 ignored; 0 measured; 4 filtered out; finished in 8.54s

        8.64 real        34.86 user        10.84 sys
         44083871744  maximum resident set size
                   0  average shared memory size
                   0  average unshared data size
                   0  average unshared stack size
             3413847  page reclaims
                   0  page faults
                   0  swaps
                   0  block input operations
                   0  block output operations
                   0  messages sent
                   0  messages received
                   0  signals received
                   0  voluntary context switches
              158012  involuntary context switches
        600606028371  instructions retired
        192976757581  cycles elapsed
         44103581400  peak memory footprint
