
running 1 test
test real_state_bench::real_state_benchmark ... PHASES {"profile_schema":1,"scope":"cpu_prove_before_logging_and_local_drops","execute_ms":795.510875000,"build_ms":706.996333000,"transcript_setup_ms":0.004833000,"commit_ms":1801.431875000,"bus_ms":2081.704542000,"constraints_ms":418.823583000,"claim_prep_ms":0.024750000,"reduction_ms":3.264750000,"pcs_open_ms":1117.678917000,"finalize_ms":0.004584000,"internal_total_ms":6925.469625000,"internal_residual_ms":0.024583000}
RESULT {"action":"prove","cycles":8462089,"counts":[6722637, 1739319, 132, 0, 1, 0],"cells":8456073,"mem_used":8456073,"log_mem":24,"committed":207621052,"proof_bytes":835712,"assembly_ms":1029.996,"prove_including_execute_ms":7027.567,"verify_ms":297.195,"negative_checks_ms":172.140,"wrong_public_rejected":true,"mutated_proof_rejected":true}
ok

test result: ok. 1 passed; 0 failed; 0 ignored; 0 measured; 4 filtered out; finished in 8.53s

        8.64 real        34.84 user        10.89 sys
         44138381312  maximum resident set size
                   0  average shared memory size
                   0  average unshared data size
                   0  average unshared stack size
             3415718  page reclaims
                   0  page faults
                   0  swaps
                   0  block input operations
                   0  block output operations
                   0  messages sent
                   0  messages received
                   0  signals received
                   0  voluntary context switches
              165081  involuntary context switches
        601640107883  instructions retired
        193106608247  cycles elapsed
         44158058176  peak memory footprint
