
running 1 test
test real_state_bench::real_state_benchmark ... PHASES {"profile_schema":1,"scope":"cpu_prove_before_logging_and_local_drops","execute_ms":796.627625000,"build_ms":702.564417000,"transcript_setup_ms":0.005833000,"commit_ms":1845.280417000,"bus_ms":2085.363458000,"constraints_ms":425.195875000,"claim_prep_ms":0.019083000,"reduction_ms":2.259791000,"pcs_open_ms":1119.819042000,"finalize_ms":0.004041000,"internal_total_ms":6977.159833000,"internal_residual_ms":0.020251000}
RESULT {"action":"prove","cycles":8482697,"counts":[6592617, 1889947, 132, 0, 1, 0],"cells":8476896,"mem_used":8476896,"log_mem":24,"committed":207621052,"proof_bytes":836384,"assembly_ms":1040.303,"prove_including_execute_ms":7079.626,"verify_ms":299.002,"negative_checks_ms":184.025,"wrong_public_rejected":true,"mutated_proof_rejected":true}
ok

test result: ok. 1 passed; 0 failed; 0 ignored; 0 measured; 4 filtered out; finished in 8.60s

        8.72 real        35.37 user        10.93 sys
         44084330496  maximum resident set size
                   0  average shared memory size
                   0  average unshared data size
                   0  average unshared stack size
             3413963  page reclaims
                   0  page faults
                   0  swaps
                   0  block input operations
                   0  block output operations
                   0  messages sent
                   0  messages received
                   0  signals received
                   1  voluntary context switches
              158796  involuntary context switches
        601228823722  instructions retired
        193614643714  cycles elapsed
         44104040152  peak memory footprint
