
running 1 test
test real_state_bench::real_state_benchmark ... PHASES {"profile_schema":1,"scope":"cpu_prove_before_logging_and_local_drops","execute_ms":441.764625000,"build_ms":583.521583000,"transcript_setup_ms":0.004792000,"commit_ms":1769.836334000,"bus_ms":1936.940084000,"constraints_ms":430.400208000,"claim_prep_ms":0.018875000,"reduction_ms":2.471209000,"pcs_open_ms":1090.569167000,"finalize_ms":0.004875000,"internal_total_ms":6255.554708000,"internal_residual_ms":0.022956000}
RESULT {"action":"prove","cycles":7498510,"counts":[5954835, 1543542, 132, 0, 1, 0],"cells":7492965,"mem_used":7492965,"log_mem":23,"committed":182455228,"proof_bytes":834752,"assembly_ms":522.456,"prove_including_execute_ms":6364.231,"verify_ms":150.149,"negative_checks_ms":95.886,"wrong_public_rejected":true,"mutated_proof_rejected":true}
ok

test result: ok. 1 passed; 0 failed; 0 ignored; 0 measured; 4 filtered out; finished in 7.13s

        7.23 real        32.14 user        10.66 sys
         41412902912  maximum resident set size
                   0  average shared memory size
                   0  average unshared data size
                   0  average unshared stack size
             3207835  page reclaims
                   0  page faults
                   0  swaps
                   0  block input operations
                   0  block output operations
                   0  messages sent
                   0  messages received
                   0  signals received
                   0  voluntary context switches
              145957  involuntary context switches
        564995205040  instructions retired
        181222442087  cycles elapsed
         41431185144  peak memory footprint
