
running 1 test
test real_state_bench::real_state_benchmark ... PHASES {"profile_schema":1,"scope":"cpu_prove_before_logging_and_local_drops","execute_ms":792.317875000,"build_ms":706.649916000,"transcript_setup_ms":0.004208000,"commit_ms":1785.673083000,"bus_ms":2104.479583000,"constraints_ms":432.302000000,"claim_prep_ms":0.023709000,"reduction_ms":2.377875000,"pcs_open_ms":1150.617959000,"finalize_ms":0.003958000,"internal_total_ms":6974.473625000,"internal_residual_ms":0.023459000}
RESULT {"action":"prove","cycles":8462089,"counts":[6722637, 1739319, 132, 0, 1, 0],"cells":8456073,"mem_used":8456073,"log_mem":24,"committed":207621052,"proof_bytes":835712,"assembly_ms":1032.446,"prove_including_execute_ms":7077.765,"verify_ms":298.541,"negative_checks_ms":179.514,"wrong_public_rejected":true,"mutated_proof_rejected":true}
ok

test result: ok. 1 passed; 0 failed; 0 ignored; 0 measured; 4 filtered out; finished in 8.59s

        8.70 real        34.99 user        10.89 sys
         44141772800  maximum resident set size
                   0  average shared memory size
                   0  average unshared data size
                   0  average unshared stack size
             3415986  page reclaims
                   0  page faults
                   0  swaps
                   0  block input operations
                   0  block output operations
                   0  messages sent
                   0  messages received
                   0  signals received
                   2  voluntary context switches
              161025  involuntary context switches
        601906663965  instructions retired
        193506376305  cycles elapsed
         44161351216  peak memory footprint
