
running 1 test
test real_state_bench::real_state_benchmark ... PHASES {"profile_schema":1,"scope":"cpu_prove_before_logging_and_local_drops","execute_ms":433.043167000,"build_ms":579.655875000,"transcript_setup_ms":0.004750000,"commit_ms":1795.526709000,"bus_ms":1972.574292000,"constraints_ms":419.443833000,"claim_prep_ms":0.024583000,"reduction_ms":2.255291000,"pcs_open_ms":1102.698875000,"finalize_ms":0.005208000,"internal_total_ms":6305.259958000,"internal_residual_ms":0.027375000}
RESULT {"action":"prove","cycles":7498510,"counts":[5954835, 1543542, 132, 0, 1, 0],"cells":7492965,"mem_used":7492965,"log_mem":23,"committed":182455228,"proof_bytes":834752,"assembly_ms":519.261,"prove_including_execute_ms":6414.391,"verify_ms":150.696,"negative_checks_ms":96.144,"wrong_public_rejected":true,"mutated_proof_rejected":true}
ok

test result: ok. 1 passed; 0 failed; 0 ignored; 0 measured; 4 filtered out; finished in 7.18s

        7.28 real        32.84 user        10.59 sys
         41415835648  maximum resident set size
                   0  average shared memory size
                   0  average unshared data size
                   0  average unshared stack size
             3207916  page reclaims
                   0  page faults
                   0  swaps
                   0  block input operations
                   0  block output operations
                   0  messages sent
                   0  messages received
                   0  signals received
                   0  voluntary context switches
              164054  involuntary context switches
        564843180117  instructions retired
        183155650951  cycles elapsed
         41434150696  peak memory footprint
