
running 1 test
test real_state_bench::real_state_benchmark ... PHASES {"profile_schema":1,"scope":"cpu_prove_before_logging_and_local_drops","execute_ms":795.597709000,"build_ms":703.688500000,"transcript_setup_ms":0.004333000,"commit_ms":1806.602208000,"bus_ms":2067.798458000,"constraints_ms":421.531125000,"claim_prep_ms":0.019500000,"reduction_ms":2.292459000,"pcs_open_ms":1116.862500000,"finalize_ms":0.005167000,"internal_total_ms":6914.426916000,"internal_residual_ms":0.024957000}
RESULT {"action":"prove","cycles":8462089,"counts":[6722637, 1739319, 132, 0, 1, 0],"cells":8456073,"mem_used":8456073,"log_mem":24,"committed":207621052,"proof_bytes":835712,"assembly_ms":1030.806,"prove_including_execute_ms":7016.809,"verify_ms":299.875,"negative_checks_ms":176.172,"wrong_public_rejected":true,"mutated_proof_rejected":true}
ok

test result: ok. 1 passed; 0 failed; 0 ignored; 0 measured; 4 filtered out; finished in 8.53s

        8.64 real        34.98 user        10.74 sys
         44142624768  maximum resident set size
                   0  average shared memory size
                   0  average unshared data size
                   0  average unshared stack size
             3416117  page reclaims
                   0  page faults
                   0  swaps
                   0  block input operations
                   0  block output operations
                   0  messages sent
                   0  messages received
                   0  signals received
                   2  voluntary context switches
              161093  involuntary context switches
        601647682867  instructions retired
        192887685834  cycles elapsed
         44162186776  peak memory footprint
