
running 1 test
test real_state_bench::real_state_benchmark ... PHASES {"profile_schema":1,"scope":"cpu_prove_before_logging_and_local_drops","execute_ms":435.308709000,"build_ms":586.802334000,"transcript_setup_ms":0.004375000,"commit_ms":1799.573375000,"bus_ms":1957.843666000,"constraints_ms":436.018334000,"claim_prep_ms":0.025708000,"reduction_ms":2.109000000,"pcs_open_ms":1108.354292000,"finalize_ms":0.005000000,"internal_total_ms":6326.062500000,"internal_residual_ms":0.017707000}
RESULT {"action":"prove","cycles":7498510,"counts":[5954835, 1543542, 132, 0, 1, 0],"cells":7492965,"mem_used":7492965,"log_mem":23,"committed":182455228,"proof_bytes":834752,"assembly_ms":521.845,"prove_including_execute_ms":6435.619,"verify_ms":151.763,"negative_checks_ms":97.882,"wrong_public_rejected":true,"mutated_proof_rejected":true}
ok

test result: ok. 1 passed; 0 failed; 0 ignored; 0 measured; 4 filtered out; finished in 7.21s

        7.30 real        32.91 user        10.64 sys
         41429270528  maximum resident set size
                   0  average shared memory size
                   0  average unshared data size
                   0  average unshared stack size
             3207973  page reclaims
                   0  page faults
                   0  swaps
                   0  block input operations
                   0  block output operations
                   0  messages sent
                   0  messages received
                   0  signals received
                   1  voluntary context switches
              172709  involuntary context switches
        565401744343  instructions retired
        183639768116  cycles elapsed
         41447618392  peak memory footprint
