
running 1 test
test real_state_bench::real_state_benchmark ... PHASES {"profile_schema":1,"scope":"cpu_prove_before_logging_and_local_drops","execute_ms":807.064125000,"build_ms":700.399792000,"transcript_setup_ms":0.004750000,"commit_ms":1867.897666000,"bus_ms":2085.021334000,"constraints_ms":447.274834000,"claim_prep_ms":0.026292000,"reduction_ms":2.129417000,"pcs_open_ms":1130.980834000,"finalize_ms":0.004792000,"internal_total_ms":7040.825333000,"internal_residual_ms":0.021497000}
RESULT {"action":"prove","cycles":8482697,"counts":[6592617, 1889947, 132, 0, 1, 0],"cells":8476896,"mem_used":8476896,"log_mem":24,"committed":207621052,"proof_bytes":836384,"assembly_ms":1029.349,"prove_including_execute_ms":7144.030,"verify_ms":304.891,"negative_checks_ms":185.691,"wrong_public_rejected":true,"mutated_proof_rejected":true}
ok

test result: ok. 1 passed; 0 failed; 0 ignored; 0 measured; 4 filtered out; finished in 8.67s

        8.77 real        35.49 user        11.07 sys
         44082249728  maximum resident set size
                   0  average shared memory size
                   0  average unshared data size
                   0  average unshared stack size
             3414181  page reclaims
                   0  page faults
                   0  swaps
                   0  block input operations
                   0  block output operations
                   0  messages sent
                   0  messages received
                   0  signals received
                   0  voluntary context switches
              171408  involuntary context switches
        601369546993  instructions retired
        194823679295  cycles elapsed
         44101992200  peak memory footprint
