
running 1 test
test real_state_bench::real_state_benchmark ... PHASES {"profile_schema":1,"scope":"cpu_prove_before_logging_and_local_drops","execute_ms":788.959042000,"build_ms":706.935000000,"transcript_setup_ms":0.003959000,"commit_ms":1785.625583000,"bus_ms":2094.789166000,"constraints_ms":435.334292000,"claim_prep_ms":0.016375000,"reduction_ms":2.280458000,"pcs_open_ms":1104.511500000,"finalize_ms":0.004125000,"internal_total_ms":6918.485292000,"internal_residual_ms":0.025792000}
RESULT {"action":"prove","cycles":8462089,"counts":[6722637, 1739319, 132, 0, 1, 0],"cells":8456073,"mem_used":8456073,"log_mem":24,"committed":207621052,"proof_bytes":835712,"assembly_ms":1028.545,"prove_including_execute_ms":7017.068,"verify_ms":303.487,"negative_checks_ms":179.179,"wrong_public_rejected":true,"mutated_proof_rejected":true}
ok

test result: ok. 1 passed; 0 failed; 0 ignored; 0 measured; 4 filtered out; finished in 8.53s

        8.64 real        35.00 user        10.89 sys
         44145442816  maximum resident set size
                   0  average shared memory size
                   0  average unshared data size
                   0  average unshared stack size
             3415855  page reclaims
                   0  page faults
                   0  swaps
                   0  block input operations
                   0  block output operations
                   0  messages sent
                   0  messages received
                   0  signals received
                   0  voluntary context switches
              159212  involuntary context switches
        601405854050  instructions retired
        193124320855  cycles elapsed
         44165152496  peak memory footprint
