
running 1 test
test real_state_bench::real_state_benchmark ... PHASES {"profile_schema":1,"scope":"cpu_prove_before_logging_and_local_drops","execute_ms":432.351000000,"build_ms":576.109542000,"transcript_setup_ms":0.003917000,"commit_ms":1822.082083000,"bus_ms":1934.381083000,"constraints_ms":428.693416000,"claim_prep_ms":0.020500000,"reduction_ms":2.408084000,"pcs_open_ms":1115.999209000,"finalize_ms":0.004625000,"internal_total_ms":6312.073000000,"internal_residual_ms":0.019541000}
RESULT {"action":"prove","cycles":7498510,"counts":[5954835, 1543542, 132, 0, 1, 0],"cells":7492965,"mem_used":7492965,"log_mem":23,"committed":182455228,"proof_bytes":834752,"assembly_ms":520.645,"prove_including_execute_ms":6422.440,"verify_ms":152.434,"negative_checks_ms":97.794,"wrong_public_rejected":true,"mutated_proof_rejected":true}
ok

test result: ok. 1 passed; 0 failed; 0 ignored; 0 measured; 4 filtered out; finished in 7.19s

        7.29 real        32.88 user        10.73 sys
         41413787648  maximum resident set size
                   0  average shared memory size
                   0  average unshared data size
                   0  average unshared stack size
             3207956  page reclaims
                   0  page faults
                   0  swaps
                   0  block input operations
                   0  block output operations
                   0  messages sent
                   0  messages received
                   0  signals received
                   0  voluntary context switches
              164576  involuntary context switches
        565278644152  instructions retired
        183947014056  cycles elapsed
         41432086288  peak memory footprint
