
running 1 test
test real_state_bench::real_state_benchmark ... PHASES {"profile_schema":1,"scope":"cpu_prove_before_logging_and_local_drops","execute_ms":792.165542000,"build_ms":707.872792000,"transcript_setup_ms":0.004625000,"commit_ms":1844.105666000,"bus_ms":2080.530209000,"constraints_ms":427.930542000,"claim_prep_ms":0.017500000,"reduction_ms":2.240042000,"pcs_open_ms":1118.828500000,"finalize_ms":0.006583000,"internal_total_ms":6973.726333000,"internal_residual_ms":0.024332000}
RESULT {"action":"prove","cycles":8462089,"counts":[6722637, 1739319, 132, 0, 1, 0],"cells":8456073,"mem_used":8456073,"log_mem":24,"committed":207621052,"proof_bytes":835712,"assembly_ms":1027.014,"prove_including_execute_ms":7075.715,"verify_ms":298.410,"negative_checks_ms":176.427,"wrong_public_rejected":true,"mutated_proof_rejected":true}
ok

test result: ok. 1 passed; 0 failed; 0 ignored; 0 measured; 4 filtered out; finished in 8.58s

        8.69 real        35.23 user        10.78 sys
         44142215168  maximum resident set size
                   0  average shared memory size
                   0  average unshared data size
                   0  average unshared stack size
             3415740  page reclaims
                   0  page faults
                   0  swaps
                   0  block input operations
                   0  block output operations
                   0  messages sent
                   0  messages received
                   0  signals received
                   0  voluntary context switches
              170455  involuntary context switches
        601937364309  instructions retired
        192433727257  cycles elapsed
         44161777176  peak memory footprint
