
running 1 test
test real_state_bench::real_state_benchmark ... PHASES {"profile_schema":1,"scope":"cpu_prove_before_logging_and_local_drops","execute_ms":431.547458000,"build_ms":577.225625000,"transcript_setup_ms":0.004625000,"commit_ms":1793.412333000,"bus_ms":1940.135375000,"constraints_ms":439.893750000,"claim_prep_ms":0.019667000,"reduction_ms":2.100167000,"pcs_open_ms":1114.771625000,"finalize_ms":0.005250000,"internal_total_ms":6299.137750000,"internal_residual_ms":0.021875000}
RESULT {"action":"prove","cycles":7498510,"counts":[5954835, 1543542, 132, 0, 1, 0],"cells":7492965,"mem_used":7492965,"log_mem":23,"committed":182455228,"proof_bytes":834752,"assembly_ms":525.348,"prove_including_execute_ms":6409.698,"verify_ms":152.786,"negative_checks_ms":97.233,"wrong_public_rejected":true,"mutated_proof_rejected":true}
ok

test result: ok. 1 passed; 0 failed; 0 ignored; 0 measured; 4 filtered out; finished in 7.19s

        7.28 real        32.76 user        10.52 sys
         41411198976  maximum resident set size
                   0  average shared memory size
                   0  average unshared data size
                   0  average unshared stack size
             3207815  page reclaims
                   0  page faults
                   0  swaps
                   0  block input operations
                   0  block output operations
                   0  messages sent
                   0  messages received
                   0  signals received
                   0  voluntary context switches
              160075  involuntary context switches
        564855957333  instructions retired
        182363322693  cycles elapsed
         41429497616  peak memory footprint
