
running 1 test
test real_state_bench::real_state_benchmark ... PHASES {"profile_schema":1,"scope":"cpu_prove_before_logging_and_local_drops","execute_ms":776.718458000,"build_ms":690.749042000,"transcript_setup_ms":0.004500000,"commit_ms":1819.599584000,"bus_ms":2077.951792000,"constraints_ms":426.621375000,"claim_prep_ms":0.021583000,"reduction_ms":2.380792000,"pcs_open_ms":1132.375959000,"finalize_ms":0.005625000,"internal_total_ms":6926.454792000,"internal_residual_ms":0.026082000}
RESULT {"action":"prove","cycles":8482697,"counts":[6592617, 1889947, 132, 0, 1, 0],"cells":8476896,"mem_used":8476896,"log_mem":24,"committed":207621052,"proof_bytes":836384,"assembly_ms":1021.508,"prove_including_execute_ms":7027.386,"verify_ms":301.386,"negative_checks_ms":185.319,"wrong_public_rejected":true,"mutated_proof_rejected":true}
ok

test result: ok. 1 passed; 0 failed; 0 ignored; 0 measured; 4 filtered out; finished in 8.54s

        8.65 real        35.22 user        10.91 sys
         44296896512  maximum resident set size
                   0  average shared memory size
                   0  average unshared data size
                   0  average unshared stack size
             3412129  page reclaims
                   0  page faults
                   0  swaps
                   0  block input operations
                   0  block output operations
                   0  messages sent
                   0  messages received
                   0  signals received
                   1  voluntary context switches
              169952  involuntary context switches
        600729955835  instructions retired
        194592311270  cycles elapsed
         44316721024  peak memory footprint
