
running 1 test
test real_state_bench::real_state_benchmark ... PHASES {"profile_schema":1,"scope":"cpu_prove_before_logging_and_local_drops","execute_ms":1016.779167000,"build_ms":2928.734750000,"transcript_setup_ms":0.055917000,"commit_ms":4951.506750000,"bus_ms":9708.477250000,"constraints_ms":441.772833000,"claim_prep_ms":0.202208000,"reduction_ms":24.681375000,"pcs_open_ms":6093.835125000,"finalize_ms":0.072625000,"internal_total_ms":25166.158958000,"internal_residual_ms":0.040958000}
RESULT {"action":"prove","cycles":8575525,"counts":[6663941, 1911451, 132, 0, 1, 0],"cells":8569724,"mem_used":8569724,"log_mem":24,"committed":207621052,"proof_bytes":834016,"assembly_ms":1050.264,"prove_including_execute_ms":25400.810,"verify_ms":864.141,"negative_checks_ms":198.944,"wrong_public_rejected":true,"mutated_proof_rejected":true}
ok

test result: ok. 1 passed; 0 failed; 0 ignored; 0 measured; 4 filtered out; finished in 27.52s

       28.30 real        41.52 user        67.81 sys
         12967985152  maximum resident set size
                   0  average shared memory size
                   0  average unshared data size
                   0  average unshared stack size
             8464420  page reclaims
                  83  page faults
                   0  swaps
                   0  block input operations
                   0  block output operations
                   0  messages sent
                   0  messages received
                   0  signals received
                1474  voluntary context switches
             1724811  involuntary context switches
        676051826408  instructions retired
        443590061864  cycles elapsed
         36498549136  peak memory footprint
