
running 1 test
test real_state_bench::real_state_benchmark ... PHASES {"profile_schema":1,"scope":"cpu_prove_before_logging_and_local_drops","execute_ms":816.197417000,"build_ms":1790.989459000,"transcript_setup_ms":0.004000000,"commit_ms":4568.790250000,"bus_ms":8035.736208000,"constraints_ms":528.725875000,"claim_prep_ms":0.055333000,"reduction_ms":15.401458000,"pcs_open_ms":5700.096791000,"finalize_ms":0.028125000,"internal_total_ms":21456.048334000,"internal_residual_ms":0.023418000}
RESULT {"action":"prove","cycles":8482697,"counts":[6592617, 1889947, 132, 0, 1, 0],"cells":8476896,"mem_used":8476896,"log_mem":24,"committed":207621052,"proof_bytes":836384,"assembly_ms":1105.951,"prove_including_execute_ms":21682.959,"verify_ms":776.534,"negative_checks_ms":230.563,"wrong_public_rejected":true,"mutated_proof_rejected":true}
ok

test result: ok. 1 passed; 0 failed; 0 ignored; 0 measured; 4 filtered out; finished in 23.80s

       24.84 real        37.67 user        52.16 sys
         16301948928  maximum resident set size
                   0  average shared memory size
                   0  average unshared data size
                   0  average unshared stack size
             7545226  page reclaims
                  18  page faults
                   0  swaps
                   0  block input operations
                   0  block output operations
                   0  messages sent
                   0  messages received
                   0  signals received
                   8  voluntary context switches
             1283832  involuntary context switches
        657611875670  instructions retired
        376812280775  cycles elapsed
         37175946168  peak memory footprint
