
running 1 test
test real_state_bench::real_state_benchmark ... PHASES {"profile_schema":1,"scope":"cpu_prove_before_logging_and_local_drops","execute_ms":876.260875000,"build_ms":847.448834000,"transcript_setup_ms":0.009583000,"commit_ms":3765.468459000,"bus_ms":8399.728958000,"constraints_ms":628.019667000,"claim_prep_ms":1.218250000,"reduction_ms":30.574958000,"pcs_open_ms":6626.722833000,"finalize_ms":0.248666000,"internal_total_ms":21175.723458000,"internal_residual_ms":0.022375000}
RESULT {"action":"prove","cycles":8560191,"counts":[6797891, 1762167, 132, 0, 1, 0],"cells":8554175,"mem_used":8554175,"log_mem":24,"committed":207621052,"proof_bytes":834080,"assembly_ms":1039.237,"prove_including_execute_ms":21405.505,"verify_ms":1041.583,"negative_checks_ms":222.257,"wrong_public_rejected":true,"mutated_proof_rejected":true}
ok

test result: ok. 1 passed; 0 failed; 0 ignored; 0 measured; 4 filtered out; finished in 23.71s

       24.44 real        42.45 user        49.07 sys
         23725129728  maximum resident set size
                   0  average shared memory size
                   0  average unshared data size
                   0  average unshared stack size
             7155206  page reclaims
                   0  page faults
                   0  swaps
                   0  block input operations
                   0  block output operations
                   0  messages sent
                   0  messages received
                   0  signals received
                2984  voluntary context switches
             1255030  involuntary context switches
        658861643871  instructions retired
        357389114086  cycles elapsed
         38400651104  peak memory footprint
