
running 1 test
test real_state_bench::real_state_benchmark ... PHASES {"profile_schema":1,"scope":"cpu_prove_before_logging_and_local_drops","execute_ms":515.141584000,"build_ms":723.209583000,"transcript_setup_ms":0.005000000,"commit_ms":3042.684709000,"bus_ms":8076.223667000,"constraints_ms":435.991333000,"claim_prep_ms":0.057166000,"reduction_ms":15.916292000,"pcs_open_ms":5060.304542000,"finalize_ms":0.037666000,"internal_total_ms":17869.601708000,"internal_residual_ms":0.030166000}
RESULT {"action":"prove","cycles":7498510,"counts":[5954835, 1543542, 132, 0, 1, 0],"cells":7492965,"mem_used":7492965,"log_mem":23,"committed":182455228,"proof_bytes":834752,"assembly_ms":585.627,"prove_including_execute_ms":18103.082,"verify_ms":492.047,"negative_checks_ms":122.981,"wrong_public_rejected":true,"mutated_proof_rejected":true}
ok

test result: ok. 1 passed; 0 failed; 0 ignored; 0 measured; 4 filtered out; finished in 19.31s

       20.01 real        44.36 user        36.13 sys
         23459414016  maximum resident set size
                   0  average shared memory size
                   0  average unshared data size
                   0  average unshared stack size
             5390574  page reclaims
                   0  page faults
                   0  swaps
                   0  block input operations
                   0  block output operations
                   0  messages sent
                   0  messages received
                   0  signals received
                   7  voluntary context switches
              879213  involuntary context switches
        599243143147  instructions retired
        295160790310  cycles elapsed
         34210865800  peak memory footprint
