
running 1 test
test real_state_bench::real_state_benchmark ... PHASES {"profile_schema":1,"scope":"cpu_prove_before_logging_and_local_drops","execute_ms":552.881458000,"build_ms":773.410916000,"transcript_setup_ms":0.004583000,"commit_ms":2981.570000000,"bus_ms":7416.313167000,"constraints_ms":449.157667000,"claim_prep_ms":0.068792000,"reduction_ms":15.950416000,"pcs_open_ms":3815.659000000,"finalize_ms":0.008708000,"internal_total_ms":16005.056167000,"internal_residual_ms":0.031460000}
RESULT {"action":"prove","cycles":7591107,"counts":[6025928, 1565046, 132, 0, 1, 0],"cells":7585562,"mem_used":7585562,"log_mem":23,"committed":182455228,"proof_bytes":831168,"assembly_ms":537.643,"prove_including_execute_ms":16260.803,"verify_ms":462.579,"negative_checks_ms":123.428,"wrong_public_rejected":true,"mutated_proof_rejected":true}
ok

test result: ok. 1 passed; 0 failed; 0 ignored; 0 measured; 4 filtered out; finished in 17.39s

       18.12 real        45.24 user        33.70 sys
         24050712576  maximum resident set size
                   0  average shared memory size
                   0  average unshared data size
                   0  average unshared stack size
             5015674  page reclaims
                   0  page faults
                   0  swaps
                   0  block input operations
                   0  block output operations
                   0  messages sent
                   0  messages received
                   0  signals received
                   3  voluntary context switches
              730309  involuntary context switches
        594630976306  instructions retired
        282098382483  cycles elapsed
         37204781864  peak memory footprint
