
running 1 test
test real_state_bench::real_state_benchmark ... PHASES {"profile_schema":1,"scope":"cpu_prove_before_logging_and_local_drops","execute_ms":1117.407000000,"build_ms":912.562333000,"transcript_setup_ms":0.004500000,"commit_ms":2949.782542000,"bus_ms":7237.015791000,"constraints_ms":1172.720750000,"claim_prep_ms":0.036292000,"reduction_ms":8.729041000,"pcs_open_ms":5058.499625000,"finalize_ms":0.013542000,"internal_total_ms":18456.801709000,"internal_residual_ms":0.030293000}
RESULT {"action":"prove","cycles":8462089,"counts":[6722637, 1739319, 132, 0, 1, 0],"cells":8456073,"mem_used":8456073,"log_mem":24,"committed":207621052,"proof_bytes":835712,"assembly_ms":1036.049,"prove_including_execute_ms":18699.608,"verify_ms":764.775,"negative_checks_ms":225.813,"wrong_public_rejected":true,"mutated_proof_rejected":true}
ok

test result: ok. 1 passed; 0 failed; 0 ignored; 0 measured; 4 filtered out; finished in 20.73s

       21.34 real        47.71 user        33.43 sys
         27420000256  maximum resident set size
                   0  average shared memory size
                   0  average unshared data size
                   0  average unshared stack size
             5417465  page reclaims
                   0  page faults
                   0  swaps
                   0  block input operations
                   0  block output operations
                   0  messages sent
                   0  messages received
                   0  signals received
                   3  voluntary context switches
              668940  involuntary context switches
        634610464331  instructions retired
        291093359834  cycles elapsed
         40359458024  peak memory footprint
