
running 1 test
test real_state_bench::real_state_benchmark ... PHASES {"profile_schema":1,"scope":"cpu_prove_before_logging_and_local_drops","execute_ms":975.919125000,"build_ms":847.595125000,"transcript_setup_ms":0.004417000,"commit_ms":3520.449416000,"bus_ms":13271.955625000,"constraints_ms":1650.170292000,"claim_prep_ms":0.043166000,"reduction_ms":15.053041000,"pcs_open_ms":5753.116250000,"finalize_ms":0.021583000,"internal_total_ms":26034.355667000,"internal_residual_ms":0.027627000}
RESULT {"action":"prove","cycles":8560191,"counts":[6797891, 1762167, 132, 0, 1, 0],"cells":8554175,"mem_used":8554175,"log_mem":24,"committed":207621052,"proof_bytes":834080,"assembly_ms":1068.424,"prove_including_execute_ms":26182.802,"verify_ms":1386.956,"negative_checks_ms":180.615,"wrong_public_rejected":true,"mutated_proof_rejected":true}
ok

test result: ok. 1 passed; 0 failed; 0 ignored; 0 measured; 4 filtered out; finished in 28.82s

       29.16 real        42.06 user        41.59 sys
         23859691520  maximum resident set size
                   0  average shared memory size
                   0  average unshared data size
                   0  average unshared stack size
             6492770  page reclaims
                   0  page faults
                   0  swaps
                   0  block input operations
                   0  block output operations
                   0  messages sent
                   0  messages received
                   0  signals received
               13834  voluntary context switches
             1305294  involuntary context switches
        653133951292  instructions retired
        321000417272  cycles elapsed
         36604045760  peak memory footprint
