
running 1 test
test real_state_bench::real_state_benchmark ... PHASES {"profile_schema":1,"scope":"cpu_prove_before_logging_and_local_drops","execute_ms":1955.116709000,"build_ms":3706.555208000,"transcript_setup_ms":0.345917000,"commit_ms":7115.191417000,"bus_ms":11321.161125000,"constraints_ms":614.896375000,"claim_prep_ms":0.221375000,"reduction_ms":28.261292000,"pcs_open_ms":7492.311209000,"finalize_ms":0.043125000,"internal_total_ms":32234.243917000,"internal_residual_ms":0.140165000}
RESULT {"action":"prove","cycles":8575525,"counts":[6663941, 1911451, 132, 0, 1, 0],"cells":8569724,"mem_used":8569724,"log_mem":24,"committed":207621052,"proof_bytes":834016,"assembly_ms":1507.821,"prove_including_execute_ms":32533.897,"verify_ms":988.066,"negative_checks_ms":290.087,"wrong_public_rejected":true,"mutated_proof_rejected":true}
ok

test result: ok. 1 passed; 0 failed; 0 ignored; 0 measured; 4 filtered out; finished in 35.32s

       36.71 real        55.97 user        77.63 sys
         13668761600  maximum resident set size
                   0  average shared memory size
                   0  average unshared data size
                   0  average unshared stack size
             8298034  page reclaims
                  76  page faults
                   0  swaps
                   0  block input operations
                   0  block output operations
                   0  messages sent
                   0  messages received
                   0  signals received
                 126  voluntary context switches
             1799403  involuntary context switches
        677165019099  instructions retired
        420777870215  cycles elapsed
         38059650672  peak memory footprint
