
running 1 test
test real_state_bench::real_state_benchmark ... PHASES {"profile_schema":1,"scope":"cpu_prove_before_logging_and_local_drops","execute_ms":982.207125000,"build_ms":1015.056709000,"transcript_setup_ms":0.006417000,"commit_ms":4311.517833000,"bus_ms":10217.784125000,"constraints_ms":775.835041000,"claim_prep_ms":0.040917000,"reduction_ms":16.151042000,"pcs_open_ms":5471.991542000,"finalize_ms":0.037458000,"internal_total_ms":22790.652334000,"internal_residual_ms":0.024125000}
RESULT {"action":"prove","cycles":8482697,"counts":[6592617, 1889947, 132, 0, 1, 0],"cells":8476896,"mem_used":8476896,"log_mem":24,"committed":207621052,"proof_bytes":836384,"assembly_ms":1306.240,"prove_including_execute_ms":23131.955,"verify_ms":1020.237,"negative_checks_ms":262.201,"wrong_public_rejected":true,"mutated_proof_rejected":true}
ok

test result: ok. 1 passed; 0 failed; 0 ignored; 0 measured; 4 filtered out; finished in 25.72s

       26.63 real        54.42 user        48.82 sys
         24203395072  maximum resident set size
                   0  average shared memory size
                   0  average unshared data size
                   0  average unshared stack size
             6119503  page reclaims
                  19  page faults
                   0  swaps
                   0  block input operations
                   0  block output operations
                   0  messages sent
                   0  messages received
                   0  signals received
                   6  voluntary context switches
             1015616  involuntary context switches
        645249768692  instructions retired
        321334210186  cycles elapsed
         41481730000  peak memory footprint
