
running 1 test
test real_state_bench::real_state_benchmark ... PHASES {"profile_schema":1,"scope":"cpu_prove_before_logging_and_local_drops","execute_ms":962.538792000,"build_ms":1011.361792000,"transcript_setup_ms":0.004834000,"commit_ms":3566.105875000,"bus_ms":8144.635333000,"constraints_ms":991.163584000,"claim_prep_ms":0.033167000,"reduction_ms":9.670000000,"pcs_open_ms":6464.676166000,"finalize_ms":0.028958000,"internal_total_ms":21150.247250000,"internal_residual_ms":0.028749000}
RESULT {"action":"prove","cycles":8560191,"counts":[6797891, 1762167, 132, 0, 1, 0],"cells":8554175,"mem_used":8554175,"log_mem":24,"committed":207621052,"proof_bytes":834080,"assembly_ms":1352.781,"prove_including_execute_ms":21492.526,"verify_ms":1040.860,"negative_checks_ms":287.599,"wrong_public_rejected":true,"mutated_proof_rejected":true}
ok

test result: ok. 1 passed; 0 failed; 0 ignored; 0 measured; 4 filtered out; finished in 24.18s

       25.14 real        54.30 user        41.83 sys
         28266577920  maximum resident set size
                   0  average shared memory size
                   0  average unshared data size
                   0  average unshared stack size
             5552500  page reclaims
                   0  page faults
                   0  swaps
                   0  block input operations
                   0  block output operations
                   0  messages sent
                   0  messages received
                   0  signals received
                   4  voluntary context switches
              709756  involuntary context switches
        635353068555  instructions retired
        296345330453  cycles elapsed
         39665037920  peak memory footprint
