
running 1 test
test real_state_bench::real_state_benchmark ... PHASES {"profile_schema":1,"scope":"cpu_prove_before_logging_and_local_drops","execute_ms":578.426333000,"build_ms":819.328750000,"transcript_setup_ms":0.004791000,"commit_ms":3583.301208000,"bus_ms":5258.381875000,"constraints_ms":1427.391167000,"claim_prep_ms":0.050500000,"reduction_ms":9.922417000,"pcs_open_ms":4788.267834000,"finalize_ms":0.025209000,"internal_total_ms":16465.122625000,"internal_residual_ms":0.022541000}
RESULT {"action":"prove","cycles":7498510,"counts":[5954835, 1543542, 132, 0, 1, 0],"cells":7492965,"mem_used":7492965,"log_mem":23,"committed":182455228,"proof_bytes":834752,"assembly_ms":766.573,"prove_including_execute_ms":16773.479,"verify_ms":594.276,"negative_checks_ms":139.765,"wrong_public_rejected":true,"mutated_proof_rejected":true}
ok

test result: ok. 1 passed; 0 failed; 0 ignored; 0 measured; 4 filtered out; finished in 18.28s

       19.18 real        51.47 user        31.13 sys
         23859494912  maximum resident set size
                   0  average shared memory size
                   0  average unshared data size
                   0  average unshared stack size
             4511163  page reclaims
                   0  page faults
                   0  swaps
                   0  block input operations
                   0  block output operations
                   0  messages sent
                   0  messages received
                   0  signals received
                   6  voluntary context switches
              549546  involuntary context switches
        586261150493  instructions retired
        253250398462  cycles elapsed
         41435133712  peak memory footprint
