
running 1 test
test real_state_bench::real_state_benchmark ... PHASES {"profile_schema":1,"scope":"cpu_prove_before_logging_and_local_drops","execute_ms":564.230208000,"build_ms":794.297125000,"transcript_setup_ms":0.005625000,"commit_ms":3525.976875000,"bus_ms":7000.972000000,"constraints_ms":1090.124458000,"claim_prep_ms":0.043875000,"reduction_ms":12.407458000,"pcs_open_ms":5594.114250000,"finalize_ms":0.022208000,"internal_total_ms":18582.219542000,"internal_residual_ms":0.025460000}
RESULT {"action":"prove","cycles":7591107,"counts":[6025928, 1565046, 132, 0, 1, 0],"cells":7585562,"mem_used":7585562,"log_mem":23,"committed":182455228,"proof_bytes":831168,"assembly_ms":748.623,"prove_including_execute_ms":18895.640,"verify_ms":591.788,"negative_checks_ms":149.435,"wrong_public_rejected":true,"mutated_proof_rejected":true}
ok

test result: ok. 1 passed; 0 failed; 0 ignored; 0 measured; 4 filtered out; finished in 20.39s

       21.26 real        50.94 user        33.02 sys
         26815070208  maximum resident set size
                   0  average shared memory size
                   0  average unshared data size
                   0  average unshared stack size
             4954180  page reclaims
                   0  page faults
                   0  swaps
                   0  block input operations
                   0  block output operations
                   0  messages sent
                   0  messages received
                   0  signals received
                   6  voluntary context switches
              579300  involuntary context switches
        591759744392  instructions retired
        253868592183  cycles elapsed
         37229538520  peak memory footprint
