
running 1 test
test real_state_bench::real_state_benchmark ... PHASES {"profile_schema":1,"scope":"cpu_prove_before_logging_and_local_drops","execute_ms":958.325666000,"build_ms":959.792875000,"transcript_setup_ms":0.004917000,"commit_ms":5149.481916000,"bus_ms":10244.600791000,"constraints_ms":1542.344125000,"claim_prep_ms":0.041416000,"reduction_ms":8.684250000,"pcs_open_ms":6259.548209000,"finalize_ms":0.050833000,"internal_total_ms":25122.900917000,"internal_residual_ms":0.025919000}
RESULT {"action":"prove","cycles":8462089,"counts":[6722637, 1739319, 132, 0, 1, 0],"cells":8456073,"mem_used":8456073,"log_mem":24,"committed":207621052,"proof_bytes":835712,"assembly_ms":1320.663,"prove_including_execute_ms":25437.523,"verify_ms":937.015,"negative_checks_ms":251.084,"wrong_public_rejected":true,"mutated_proof_rejected":true}
ok

test result: ok. 1 passed; 0 failed; 0 ignored; 0 measured; 4 filtered out; finished in 27.95s

       29.05 real        53.19 user        53.18 sys
         23175413760  maximum resident set size
                   0  average shared memory size
                   0  average unshared data size
                   0  average unshared stack size
             7086288  page reclaims
                   0  page faults
                   0  swaps
                   0  block input operations
                   0  block output operations
                   0  messages sent
                   0  messages received
                   0  signals received
                   9  voluntary context switches
             1015628  involuntary context switches
        655093007394  instructions retired
        341773350511  cycles elapsed
         44082396792  peak memory footprint
