
running 1 test
test real_state_bench::real_state_benchmark ... PHASES {"profile_schema":1,"scope":"cpu_prove_before_logging_and_local_drops","execute_ms":953.680708000,"build_ms":970.552625000,"transcript_setup_ms":0.005542000,"commit_ms":3514.376708000,"bus_ms":8617.190417000,"constraints_ms":514.008583000,"claim_prep_ms":0.077542000,"reduction_ms":10.983334000,"pcs_open_ms":6365.733250000,"finalize_ms":0.007708000,"internal_total_ms":20946.646417000,"internal_residual_ms":0.030000000}
RESULT {"action":"prove","cycles":8560191,"counts":[6797891, 1762167, 132, 0, 1, 0],"cells":8554175,"mem_used":8554175,"log_mem":24,"committed":207621052,"proof_bytes":834080,"assembly_ms":1254.573,"prove_including_execute_ms":21211.629,"verify_ms":978.687,"negative_checks_ms":260.959,"wrong_public_rejected":true,"mutated_proof_rejected":true}
ok

test result: ok. 1 passed; 0 failed; 0 ignored; 0 measured; 4 filtered out; finished in 23.71s

       24.61 real        53.56 user        43.70 sys
         28074868736  maximum resident set size
                   0  average shared memory size
                   0  average unshared data size
                   0  average unshared stack size
             5820685  page reclaims
                   0  page faults
                   0  swaps
                   0  block input operations
                   0  block output operations
                   0  messages sent
                   0  messages received
                   0  signals received
                   6  voluntary context switches
              730341  involuntary context switches
        634163126574  instructions retired
        305636524374  cycles elapsed
         38444035720  peak memory footprint
