
running 1 test
test real_state_bench::real_state_benchmark ... PHASES {"profile_schema":1,"scope":"cpu_prove_before_logging_and_local_drops","execute_ms":604.651458000,"build_ms":811.013750000,"transcript_setup_ms":0.006583000,"commit_ms":3470.273916000,"bus_ms":5584.800625000,"constraints_ms":1297.087250000,"claim_prep_ms":0.034209000,"reduction_ms":13.827917000,"pcs_open_ms":5130.549834000,"finalize_ms":0.027042000,"internal_total_ms":16912.300084000,"internal_residual_ms":0.027500000}
RESULT {"action":"prove","cycles":7498510,"counts":[5954835, 1543542, 132, 0, 1, 0],"cells":7492965,"mem_used":7492965,"log_mem":23,"committed":182455228,"proof_bytes":834752,"assembly_ms":791.857,"prove_including_execute_ms":17198.936,"verify_ms":582.463,"negative_checks_ms":140.311,"wrong_public_rejected":true,"mutated_proof_rejected":true}
ok

test result: ok. 1 passed; 0 failed; 0 ignored; 0 measured; 4 filtered out; finished in 18.72s

       19.54 real        49.75 user        31.11 sys
         24017321984  maximum resident set size
                   0  average shared memory size
                   0  average unshared data size
                   0  average unshared stack size
             4706383  page reclaims
                   0  page faults
                   0  swaps
                   0  block input operations
                   0  block output operations
                   0  messages sent
                   0  messages received
                   0  signals received
                   6  voluntary context switches
              552187  involuntary context switches
        587891690350  instructions retired
        255655796178  cycles elapsed
         41434330944  peak memory footprint
