
running 1 test
test real_state_bench::real_state_benchmark ... PHASES {"profile_schema":1,"scope":"cpu_prove_before_logging_and_local_drops","execute_ms":903.125292000,"build_ms":1003.145042000,"transcript_setup_ms":0.006084000,"commit_ms":5661.230750000,"bus_ms":10573.668750000,"constraints_ms":606.625708000,"claim_prep_ms":0.049417000,"reduction_ms":11.840750000,"pcs_open_ms":7606.529584000,"finalize_ms":0.016667000,"internal_total_ms":26366.272708000,"internal_residual_ms":0.034664000}
RESULT {"action":"prove","cycles":8462089,"counts":[6722637, 1739319, 132, 0, 1, 0],"cells":8456073,"mem_used":8456073,"log_mem":24,"committed":207621052,"proof_bytes":835712,"assembly_ms":1347.281,"prove_including_execute_ms":26670.703,"verify_ms":1010.397,"negative_checks_ms":274.718,"wrong_public_rejected":true,"mutated_proof_rejected":true}
ok

test result: ok. 1 passed; 0 failed; 0 ignored; 0 measured; 4 filtered out; finished in 29.31s

       30.62 real        52.12 user        63.13 sys
         23400742912  maximum resident set size
                   0  average shared memory size
                   0  average unshared data size
                   0  average unshared stack size
             7369292  page reclaims
                   9  page faults
                   0  swaps
                   0  block input operations
                   0  block output operations
                   0  messages sent
                   0  messages received
                   0  signals received
                  12  voluntary context switches
             1338332  involuntary context switches
        661550871732  instructions retired
        378940799255  cycles elapsed
         40196928504  peak memory footprint
