
running 1 test
test real_state_bench::real_state_benchmark ... PHASES {"profile_schema":1,"scope":"cpu_prove_before_logging_and_local_drops","execute_ms":980.107834000,"build_ms":1019.350875000,"transcript_setup_ms":0.004959000,"commit_ms":4238.275625000,"bus_ms":14055.007750000,"constraints_ms":1204.820583000,"claim_prep_ms":0.061458000,"reduction_ms":12.197500000,"pcs_open_ms":7467.761417000,"finalize_ms":0.080625000,"internal_total_ms":28977.701875000,"internal_residual_ms":0.033249000}
RESULT {"action":"prove","cycles":8482697,"counts":[6592617, 1889947, 132, 0, 1, 0],"cells":8476896,"mem_used":8476896,"log_mem":24,"committed":207621052,"proof_bytes":836384,"assembly_ms":1278.321,"prove_including_execute_ms":29279.049,"verify_ms":1309.328,"negative_checks_ms":285.748,"wrong_public_rejected":true,"mutated_proof_rejected":true}
ok

test result: ok. 1 passed; 0 failed; 0 ignored; 0 measured; 4 filtered out; finished in 32.16s

       33.27 real        54.47 user        68.62 sys
         24034476032  maximum resident set size
                   0  average shared memory size
                   0  average unshared data size
                   0  average unshared stack size
             6947013  page reclaims
                   7  page faults
                   0  swaps
                   0  block input operations
                   0  block output operations
                   0  messages sent
                   0  messages received
                   0  signals received
                1482  voluntary context switches
             1533315  involuntary context switches
        663066025241  instructions retired
        392301046684  cycles elapsed
         36942981832  peak memory footprint
