
running 1 test
test real_state_bench::real_state_benchmark ... PHASES {"profile_schema":1,"scope":"cpu_prove_before_logging_and_local_drops","execute_ms":525.326125000,"build_ms":854.476625000,"transcript_setup_ms":0.005125000,"commit_ms":4501.542583000,"bus_ms":11603.434208000,"constraints_ms":801.821250000,"claim_prep_ms":0.155000000,"reduction_ms":19.181500000,"pcs_open_ms":5235.731417000,"finalize_ms":0.033500000,"internal_total_ms":23541.728917000,"internal_residual_ms":0.021584000}
RESULT {"action":"prove","cycles":7591107,"counts":[6025928, 1565046, 132, 0, 1, 0],"cells":7585562,"mem_used":7585562,"log_mem":23,"committed":182455228,"proof_bytes":831168,"assembly_ms":709.908,"prove_including_execute_ms":23850.287,"verify_ms":568.538,"negative_checks_ms":145.599,"wrong_public_rejected":true,"mutated_proof_rejected":true}
ok

test result: ok. 1 passed; 0 failed; 0 ignored; 0 measured; 4 filtered out; finished in 25.28s

       26.30 real        52.17 user        58.55 sys
         21809512448  maximum resident set size
                   0  average shared memory size
                   0  average unshared data size
                   0  average unshared stack size
             5965565  page reclaims
                   0  page faults
                   0  swaps
                   0  block input operations
                   0  block output operations
                   0  messages sent
                   0  messages received
                   0  signals received
                  10  voluntary context switches
             1169110  involuntary context switches
        611176668447  instructions retired
        350433478668  cycles elapsed
         34232328864  peak memory footprint
