
running 1 test
test real_state_bench::real_state_benchmark ... PHASES {"profile_schema":1,"scope":"cpu_prove_before_logging_and_local_drops","execute_ms":982.296833000,"build_ms":1049.746084000,"transcript_setup_ms":0.015000000,"commit_ms":5623.840334000,"bus_ms":11855.353458000,"constraints_ms":444.087625000,"claim_prep_ms":0.046500000,"reduction_ms":26.159125000,"pcs_open_ms":8729.640417000,"finalize_ms":0.042959000,"internal_total_ms":28711.259166000,"internal_residual_ms":0.030831000}
RESULT {"action":"prove","cycles":8575525,"counts":[6663941, 1911451, 132, 0, 1, 0],"cells":8569724,"mem_used":8569724,"log_mem":24,"committed":207621052,"proof_bytes":834016,"assembly_ms":1125.727,"prove_including_execute_ms":29067.070,"verify_ms":1241.049,"negative_checks_ms":296.074,"wrong_public_rejected":true,"mutated_proof_rejected":true}
ok

test result: ok. 1 passed; 0 failed; 0 ignored; 0 measured; 4 filtered out; finished in 31.74s

       33.01 real        54.70 user        66.08 sys
         21883224064  maximum resident set size
                   0  average shared memory size
                   0  average unshared data size
                   0  average unshared stack size
             7463606  page reclaims
                   2  page faults
                   0  swaps
                   0  block input operations
                   0  block output operations
                   0  messages sent
                   0  messages received
                   0  signals received
                  35  voluntary context switches
             1377567  involuntary context switches
        662629645150  instructions retired
        378072306569  cycles elapsed
         40083289104  peak memory footprint
