
running 1 test
test real_state_bench::real_state_benchmark ... PHASES {"profile_schema":1,"scope":"cpu_prove_before_logging_and_local_drops","execute_ms":1045.460875000,"build_ms":1059.852375000,"transcript_setup_ms":0.005458000,"commit_ms":4250.268208000,"bus_ms":13053.766875000,"constraints_ms":564.335167000,"claim_prep_ms":0.083083000,"reduction_ms":16.231792000,"pcs_open_ms":8450.884458000,"finalize_ms":0.038333000,"internal_total_ms":28440.950125000,"internal_residual_ms":0.023501000}
RESULT {"action":"prove","cycles":8575525,"counts":[6663941, 1911451, 132, 0, 1, 0],"cells":8569724,"mem_used":8569724,"log_mem":24,"committed":207621052,"proof_bytes":834016,"assembly_ms":1503.744,"prove_including_execute_ms":28716.083,"verify_ms":1812.656,"negative_checks_ms":255.110,"wrong_public_rejected":true,"mutated_proof_rejected":true}
ok

test result: ok. 1 passed; 0 failed; 0 ignored; 0 measured; 4 filtered out; finished in 32.29s

       33.08 real        54.17 user        64.10 sys
         25208832000  maximum resident set size
                   0  average shared memory size
                   0  average unshared data size
                   0  average unshared stack size
             6952983  page reclaims
                   7  page faults
                   0  swaps
                   0  block input operations
                   0  block output operations
                   0  messages sent
                   0  messages received
                   0  signals received
               11722  voluntary context switches
             1352537  involuntary context switches
        659728244221  instructions retired
        371347037858  cycles elapsed
         40173499384  peak memory footprint
