
running 1 test
test real_state_bench::real_state_benchmark ... PHASES {"profile_schema":1,"scope":"cpu_prove_before_logging_and_local_drops","execute_ms":495.938917000,"build_ms":749.063583000,"transcript_setup_ms":0.004791000,"commit_ms":3762.491666000,"bus_ms":7696.882833000,"constraints_ms":1038.525792000,"claim_prep_ms":0.052041000,"reduction_ms":20.691042000,"pcs_open_ms":7403.178708000,"finalize_ms":0.057708000,"internal_total_ms":21166.911667000,"internal_residual_ms":0.024586000}
RESULT {"action":"prove","cycles":7498510,"counts":[5954835, 1543542, 132, 0, 1, 0],"cells":7492965,"mem_used":7492965,"log_mem":23,"committed":182455228,"proof_bytes":834752,"assembly_ms":592.814,"prove_including_execute_ms":21466.780,"verify_ms":615.928,"negative_checks_ms":155.818,"wrong_public_rejected":true,"mutated_proof_rejected":true}
ok

test result: ok. 1 passed; 0 failed; 0 ignored; 0 measured; 4 filtered out; finished in 22.83s

       23.79 real        51.78 user        41.82 sys
         25252298752  maximum resident set size
                   0  average shared memory size
                   0  average unshared data size
                   0  average unshared stack size
             5504923  page reclaims
                   6  page faults
                   0  swaps
                   0  block input operations
                   0  block output operations
                   0  messages sent
                   0  messages received
                   0  signals received
                   6  voluntary context switches
              837353  involuntary context switches
        599099376646  instructions retired
        289003044823  cycles elapsed
         34330518536  peak memory footprint
