
running 1 test
test real_state_bench::real_state_benchmark ... PHASES {"profile_schema":1,"scope":"cpu_prove_before_logging_and_local_drops","execute_ms":724.436000000,"build_ms":921.284208000,"transcript_setup_ms":0.005333000,"commit_ms":4028.626834000,"bus_ms":11125.976541000,"constraints_ms":1405.353333000,"claim_prep_ms":0.043042000,"reduction_ms":11.744459000,"pcs_open_ms":5869.493125000,"finalize_ms":0.026292000,"internal_total_ms":24087.016875000,"internal_residual_ms":0.027708000}
RESULT {"action":"prove","cycles":7591107,"counts":[6025928, 1565046, 132, 0, 1, 0],"cells":7585562,"mem_used":7585562,"log_mem":23,"committed":182455228,"proof_bytes":831168,"assembly_ms":809.115,"prove_including_execute_ms":24290.472,"verify_ms":522.755,"negative_checks_ms":92.642,"wrong_public_rejected":true,"mutated_proof_rejected":true}
ok

test result: ok. 1 passed; 0 failed; 0 ignored; 0 measured; 4 filtered out; finished in 25.72s

       26.51 real        51.65 user        48.01 sys
         22849863680  maximum resident set size
                   0  average shared memory size
                   0  average unshared data size
                   0  average unshared stack size
             5781516  page reclaims
                   0  page faults
                   0  swaps
                   0  block input operations
                   0  block output operations
                   0  messages sent
                   0  messages received
                   0  signals received
                   7  voluntary context switches
              999091  involuntary context switches
        605183619277  instructions retired
        307042660268  cycles elapsed
         34316083992  peak memory footprint
