
running 1 test
test real_state_bench::real_state_benchmark ... PHASES {"profile_schema":1,"scope":"cpu_prove_before_logging_and_local_drops","execute_ms":856.704750000,"build_ms":881.205292000,"transcript_setup_ms":0.004875000,"commit_ms":5039.925125000,"bus_ms":13585.385500000,"constraints_ms":692.256292000,"claim_prep_ms":0.043917000,"reduction_ms":12.892459000,"pcs_open_ms":7696.633459000,"finalize_ms":0.027875000,"internal_total_ms":28765.104708000,"internal_residual_ms":0.025164000}
RESULT {"action":"prove","cycles":8560191,"counts":[6797891, 1762167, 132, 0, 1, 0],"cells":8554175,"mem_used":8554175,"log_mem":24,"committed":207621052,"proof_bytes":834080,"assembly_ms":1049.357,"prove_including_execute_ms":29013.264,"verify_ms":865.716,"negative_checks_ms":255.896,"wrong_public_rejected":true,"mutated_proof_rejected":true}
ok

test result: ok. 1 passed; 0 failed; 0 ignored; 0 measured; 4 filtered out; finished in 31.19s

       32.18 real        54.64 user        70.77 sys
         23195992064  maximum resident set size
                   0  average shared memory size
                   0  average unshared data size
                   0  average unshared stack size
             7311143  page reclaims
                   0  page faults
                   0  swaps
                   0  block input operations
                   0  block output operations
                   0  messages sent
                   0  messages received
                   0  signals received
                   7  voluntary context switches
             1401000  involuntary context switches
        663814184229  instructions retired
        399283693062  cycles elapsed
         37088422576  peak memory footprint
