
running 1 test
test real_state_bench::real_state_benchmark ... PHASES {"profile_schema":1,"scope":"cpu_prove_before_logging_and_local_drops","execute_ms":1071.155500000,"build_ms":1088.844167000,"transcript_setup_ms":0.004875000,"commit_ms":3929.860375000,"bus_ms":9803.270208000,"constraints_ms":925.925167000,"claim_prep_ms":0.085625000,"reduction_ms":13.589542000,"pcs_open_ms":7324.168959000,"finalize_ms":0.025667000,"internal_total_ms":24156.953834000,"internal_residual_ms":0.023749000}
RESULT {"action":"prove","cycles":8462089,"counts":[6722637, 1739319, 132, 0, 1, 0],"cells":8456073,"mem_used":8456073,"log_mem":24,"committed":207621052,"proof_bytes":835712,"assembly_ms":1462.872,"prove_including_execute_ms":24426.834,"verify_ms":851.677,"negative_checks_ms":217.776,"wrong_public_rejected":true,"mutated_proof_rejected":true}
ok

test result: ok. 1 passed; 0 failed; 0 ignored; 0 measured; 4 filtered out; finished in 26.96s

       27.74 real        45.09 user        51.11 sys
         22417899520  maximum resident set size
                   0  average shared memory size
                   0  average unshared data size
                   0  average unshared stack size
             6646926  page reclaims
                   0  page faults
                   0  swaps
                   0  block input operations
                   0  block output operations
                   0  messages sent
                   0  messages received
                   0  signals received
                  11  voluntary context switches
             1236465  involuntary context switches
        653607826200  instructions retired
        337931584575  cycles elapsed
         36962249488  peak memory footprint
