
running 1 test
test real_state_bench::real_state_benchmark ... PHASES {"profile_schema":1,"scope":"cpu_prove_before_logging_and_local_drops","execute_ms":985.038209000,"build_ms":896.420083000,"transcript_setup_ms":0.004375000,"commit_ms":26283.319500000,"bus_ms":6916.749125000,"constraints_ms":384.820583000,"claim_prep_ms":0.037458000,"reduction_ms":9.551375000,"pcs_open_ms":2162.221459000,"finalize_ms":0.017875000,"internal_total_ms":37638.218625000,"internal_residual_ms":0.038583000}
RESULT {"action":"prove","cycles":8462089,"counts":[6722637, 1739319, 132, 0, 1, 0],"cells":8456073,"mem_used":8456073,"log_mem":24,"committed":207621052,"proof_bytes":835712,"assembly_ms":1159.558,"prove_including_execute_ms":37797.729,"verify_ms":549.569,"negative_checks_ms":193.497,"wrong_public_rejected":true,"mutated_proof_rejected":true}
ok

test result: ok. 1 passed; 0 failed; 0 ignored; 0 measured; 4 filtered out; finished in 39.70s

       39.98 real        35.60 user        36.57 sys
         33754251264  maximum resident set size
                   0  average shared memory size
                   0  average unshared data size
                   0  average unshared stack size
             6725363  page reclaims
                   0  page faults
                   0  swaps
                   0  block input operations
                   0  block output operations
                   0  messages sent
                   0  messages received
                   0  signals received
                   6  voluntary context switches
             1036161  involuntary context switches
        648385828609  instructions retired
        305950839541  cycles elapsed
         36960004712  peak memory footprint
