
running 1 test
test real_state_bench::real_state_benchmark ... PHASES {"profile_schema":1,"scope":"cpu_prove_before_logging_and_local_drops","execute_ms":837.288667000,"build_ms":756.674209000,"transcript_setup_ms":0.007084000,"commit_ms":2015.857833000,"bus_ms":4184.686333000,"constraints_ms":543.558458000,"claim_prep_ms":0.027333000,"reduction_ms":2.872375000,"pcs_open_ms":2671.789417000,"finalize_ms":0.005709000,"internal_total_ms":11012.789875000,"internal_residual_ms":0.022457000}
RESULT {"action":"prove","cycles":8560191,"counts":[6797891, 1762167, 132, 0, 1, 0],"cells":8554175,"mem_used":8554175,"log_mem":24,"committed":207621052,"proof_bytes":834080,"assembly_ms":1031.765,"prove_including_execute_ms":11165.712,"verify_ms":321.940,"negative_checks_ms":185.036,"wrong_public_rejected":true,"mutated_proof_rejected":true}
ok

test result: ok. 1 passed; 0 failed; 0 ignored; 0 measured; 4 filtered out; finished in 12.71s

       13.14 real        34.80 user        22.71 sys
         34400993280  maximum resident set size
                   0  average shared memory size
                   0  average unshared data size
                   0  average unshared stack size
             4780786  page reclaims
                   0  page faults
                   0  swaps
                   0  block input operations
                   0  block output operations
                   0  messages sent
                   0  messages received
                   0  signals received
                  11  voluntary context switches
              574292  involuntary context switches
        621978397976  instructions retired
        242547239965  cycles elapsed
         39735145056  peak memory footprint
