
running 1 test
test real_state_bench::real_state_benchmark ... PHASES {"profile_schema":1,"scope":"cpu_prove_before_logging_and_local_drops","execute_ms":470.928750000,"build_ms":650.092292000,"transcript_setup_ms":0.005167000,"commit_ms":1985.296583000,"bus_ms":2432.338959000,"constraints_ms":1006.710333000,"claim_prep_ms":0.027417000,"reduction_ms":2.942125000,"pcs_open_ms":2095.648333000,"finalize_ms":0.006167000,"internal_total_ms":8644.023292000,"internal_residual_ms":0.027166000}
RESULT {"action":"prove","cycles":7591107,"counts":[6025928, 1565046, 132, 0, 1, 0],"cells":7585562,"mem_used":7585562,"log_mem":23,"committed":182455228,"proof_bytes":831168,"assembly_ms":534.361,"prove_including_execute_ms":8816.284,"verify_ms":350.900,"negative_checks_ms":101.941,"wrong_public_rejected":true,"mutated_proof_rejected":true}
ok

test result: ok. 1 passed; 0 failed; 0 ignored; 0 measured; 4 filtered out; finished in 9.81s

       10.21 real        32.64 user        18.24 sys
         33936179200  maximum resident set size
                   0  average shared memory size
                   0  average unshared data size
                   0  average unshared stack size
             3808526  page reclaims
                   0  page faults
                   0  swaps
                   0  block input operations
                   0  block output operations
                   0  messages sent
                   0  messages received
                   0  signals received
                   8  voluntary context switches
              514139  involuntary context switches
        574955901205  instructions retired
        214488209282  cycles elapsed
         36763921120  peak memory footprint
