
running 1 test
test real_state_bench::real_state_benchmark ... PHASES {"profile_schema":1,"scope":"cpu_prove_before_logging_and_local_drops","execute_ms":457.548916000,"build_ms":630.970209000,"transcript_setup_ms":0.004542000,"commit_ms":1924.589583000,"bus_ms":4100.546875000,"constraints_ms":424.321125000,"claim_prep_ms":0.042125000,"reduction_ms":10.810333000,"pcs_open_ms":2152.962750000,"finalize_ms":0.003791000,"internal_total_ms":9701.820917000,"internal_residual_ms":0.020668000}
RESULT {"action":"prove","cycles":7498510,"counts":[5954835, 1543542, 132, 0, 1, 0],"cells":7492965,"mem_used":7492965,"log_mem":23,"committed":182455228,"proof_bytes":834752,"assembly_ms":529.790,"prove_including_execute_ms":9871.087,"verify_ms":216.928,"negative_checks_ms":104.258,"wrong_public_rejected":true,"mutated_proof_rejected":true}
ok

test result: ok. 1 passed; 0 failed; 0 ignored; 0 measured; 4 filtered out; finished in 10.72s

       11.17 real        32.99 user        19.57 sys
         30345248768  maximum resident set size
                   0  average shared memory size
                   0  average unshared data size
                   0  average unshared stack size
             4054976  page reclaims
                   0  page faults
                   0  swaps
                   0  block input operations
                   0  block output operations
                   0  messages sent
                   0  messages received
                   0  signals received
                  10  voluntary context switches
              465252  involuntary context switches
        577026502002  instructions retired
        220828967771  cycles elapsed
         34209211088  peak memory footprint
