
running 1 test
test real_state_bench::real_state_benchmark ... PHASES {"profile_schema":1,"scope":"cpu_prove_before_logging_and_local_drops","execute_ms":915.163250000,"build_ms":854.419666000,"transcript_setup_ms":0.011875000,"commit_ms":3840.956875000,"bus_ms":5594.148750000,"constraints_ms":786.618167000,"claim_prep_ms":0.034667000,"reduction_ms":15.690292000,"pcs_open_ms":3245.112458000,"finalize_ms":0.031542000,"internal_total_ms":15252.211541000,"internal_residual_ms":0.023999000}
RESULT {"action":"prove","cycles":8482697,"counts":[6592617, 1889947, 132, 0, 1, 0],"cells":8476896,"mem_used":8476896,"log_mem":24,"committed":207621052,"proof_bytes":836384,"assembly_ms":1431.007,"prove_including_execute_ms":15462.676,"verify_ms":817.626,"negative_checks_ms":256.552,"wrong_public_rejected":true,"mutated_proof_rejected":true}
ok

test result: ok. 1 passed; 0 failed; 0 ignored; 0 measured; 4 filtered out; finished in 17.97s

       18.61 real        51.67 user        24.16 sys
         29925179392  maximum resident set size
                   0  average shared memory size
                   0  average unshared data size
                   0  average unshared stack size
             4919526  page reclaims
                   0  page faults
                   0  swaps
                   0  block input operations
                   0  block output operations
                   0  messages sent
                   0  messages received
                   0  signals received
                   5  voluntary context switches
              547964  involuntary context switches
        620922733938  instructions retired
        226304460065  cycles elapsed
         39740830376  peak memory footprint
