
running 1 test
test real_state_bench::real_state_benchmark ... PHASES {"profile_schema":1,"scope":"cpu_prove_before_logging_and_local_drops","execute_ms":845.605375000,"build_ms":789.680625000,"transcript_setup_ms":0.004584000,"commit_ms":4457.573666000,"bus_ms":6848.797875000,"constraints_ms":401.501875000,"claim_prep_ms":0.035458000,"reduction_ms":15.122166000,"pcs_open_ms":3949.031875000,"finalize_ms":0.028208000,"internal_total_ms":17307.407583000,"internal_residual_ms":0.025876000}
RESULT {"action":"prove","cycles":8575525,"counts":[6663941, 1911451, 132, 0, 1, 0],"cells":8569724,"mem_used":8569724,"log_mem":24,"committed":207621052,"proof_bytes":834016,"assembly_ms":1135.770,"prove_including_execute_ms":17503.942,"verify_ms":812.241,"negative_checks_ms":276.280,"wrong_public_rejected":true,"mutated_proof_rejected":true}
ok

test result: ok. 1 passed; 0 failed; 0 ignored; 0 measured; 4 filtered out; finished in 19.73s

       20.32 real        51.55 user        28.58 sys
         30236295168  maximum resident set size
                   0  average shared memory size
                   0  average unshared data size
                   0  average unshared stack size
             5321509  page reclaims
                   0  page faults
                   0  swaps
                   0  block input operations
                   0  block output operations
                   0  messages sent
                   0  messages received
                   0  signals received
                   6  voluntary context switches
              734483  involuntary context switches
        627807160103  instructions retired
        246080109079  cycles elapsed
         36796050048  peak memory footprint
