
running 1 test
test real_state_bench::real_state_benchmark ... PHASES {"profile_schema":1,"scope":"cpu_prove_before_logging_and_local_drops","execute_ms":454.000750000,"build_ms":658.464125000,"transcript_setup_ms":0.004666000,"commit_ms":4104.555833000,"bus_ms":5398.210084000,"constraints_ms":914.065167000,"claim_prep_ms":0.050208000,"reduction_ms":11.563875000,"pcs_open_ms":3482.676458000,"finalize_ms":0.013875000,"internal_total_ms":15023.626250000,"internal_residual_ms":0.021209000}
RESULT {"action":"prove","cycles":7591107,"counts":[6025928, 1565046, 132, 0, 1, 0],"cells":7585562,"mem_used":7585562,"log_mem":23,"committed":182455228,"proof_bytes":831168,"assembly_ms":552.650,"prove_including_execute_ms":15221.852,"verify_ms":465.843,"negative_checks_ms":138.500,"wrong_public_rejected":true,"mutated_proof_rejected":true}
ok

test result: ok. 1 passed; 0 failed; 0 ignored; 0 measured; 4 filtered out; finished in 16.38s

       17.04 real        50.22 user        27.67 sys
         30332731392  maximum resident set size
                   0  average shared memory size
                   0  average unshared data size
                   0  average unshared stack size
             4515503  page reclaims
                   0  page faults
                   0  swaps
                   0  block input operations
                   0  block output operations
                   0  messages sent
                   0  messages received
                   0  signals received
                   7  voluntary context switches
              656296  involuntary context switches
        586170911469  instructions retired
        233133710052  cycles elapsed
         36874742328  peak memory footprint
