
running 1 test
test real_state_bench::real_state_benchmark ... RESULT {"action":"verify","cycles":7498510,"counts":[5954835, 1543542, 132, 0, 1, 0],"cells":7492965,"proof_bytes":834752,"assembly_ms":523.066,"verify_ms":662.818,"witness_loaded":false}
ok

test result: ok. 1 passed; 0 failed; 0 ignored; 0 measured; 4 filtered out; finished in 1.19s

        1.20 real         1.16 user         0.61 sys
          2768470016  maximum resident set size
                   0  average shared memory size
                   0  average unshared data size
                   0  average unshared stack size
              169311  page reclaims
                   0  page faults
                   0  swaps
                   0  block input operations
                   0  block output operations
                   0  messages sent
                   0  messages received
                   0  signals received
                   0  voluntary context switches
                1547  involuntary context switches
         23979381362  instructions retired
          7513426207  cycles elapsed
          2768079176  peak memory footprint
