
running 1 test
test real_state_bench::real_state_benchmark ... RESULT {"action":"verify","cycles":8462089,"counts":[6722637, 1739319, 132, 0, 1, 0],"cells":8456073,"proof_bytes":835712,"assembly_ms":1031.911,"verify_ms":813.034,"witness_loaded":false}
ok

test result: ok. 1 passed; 0 failed; 0 ignored; 0 measured; 4 filtered out; finished in 1.85s

        1.88 real         1.85 user         0.65 sys
          5078073344  maximum resident set size
                   0  average shared memory size
                   0  average unshared data size
                   0  average unshared stack size
              310225  page reclaims
                   0  page faults
                   0  swaps
                   0  block input operations
                   0  block output operations
                   0  messages sent
                   0  messages received
                   0  signals received
                   0  voluntary context switches
                1871  involuntary context switches
         39092319606  instructions retired
         10574232240  cycles elapsed
          5078798248  peak memory footprint
