{"condition": "cse_dce/ssz", "kind": "warmup", "block": 1, "prove_ms": 7032.974, "passed": true}
{"condition": "cse_dce/direct", "kind": "warmup", "block": 1, "prove_ms": 6398.808, "passed": true}
{"condition": "cse_dce/rlp", "kind": "warmup", "block": 1, "prove_ms": 7075.486, "passed": true}
{"condition": "cse_dce/rlp", "kind": "measured", "block": 1, "prove_ms": 7219.859, "passed": true}
{"condition": "cse_dce/ssz", "kind": "measured", "block": 1, "prove_ms": 7243.748, "passed": true}
{"condition": "cse_dce/direct", "kind": "measured", "block": 1, "prove_ms": 6673.427, "passed": true}
{"condition": "cse_dce/direct", "kind": "measured", "block": 2, "prove_ms": 6779.497, "passed": true}
{"condition": "cse_dce/ssz", "kind": "measured", "block": 2, "prove_ms": 7430.559, "passed": true}
{"condition": "cse_dce/rlp", "kind": "measured", "block": 2, "prove_ms": 7382.098, "passed": true}
{"condition": "cse_dce/ssz", "kind": "measured", "block": 3, "prove_ms": 7342.036, "passed": true}
{"condition": "cse_dce/direct", "kind": "measured", "block": 3, "prove_ms": 7280.047, "passed": true}
{"condition": "cse_dce/rlp", "kind": "measured", "block": 3, "prove_ms": 7720.184, "passed": true}
{"condition": "cse_dce/rlp", "kind": "measured", "block": 4, "prove_ms": 7806.127, "passed": true}
{"condition": "cse_dce/direct", "kind": "measured", "block": 4, "prove_ms": 7287.938, "passed": true}
{"condition": "cse_dce/ssz", "kind": "measured", "block": 4, "prove_ms": 7818.294, "passed": true}
{"condition": "cse_dce/ssz", "kind": "measured", "block": 5, "prove_ms": 7789.485, "passed": true}
{"condition": "cse_dce/rlp", "kind": "measured", "block": 5, "prove_ms": 7810.436, "passed": true}
{"condition": "cse_dce/direct", "kind": "measured", "block": 5, "prove_ms": 7307.708, "passed": true}
{"condition": "cse_dce/direct", "kind": "measured", "block": 6, "prove_ms": 7664.471, "passed": true}
{"condition": "cse_dce/rlp", "kind": "measured", "block": 6, "prove_ms": 7957.345, "passed": true}
{"condition": "cse_dce/ssz", "kind": "measured", "block": 6, "prove_ms": 7439.882, "passed": true}
{"condition": "cse_dce/direct", "kind": "measured", "block": 7, "prove_ms": 6910.935, "passed": true}
{"condition": "cse_dce/rlp", "kind": "measured", "block": 7, "prove_ms": 7297.651, "passed": true}
{"condition": "cse_dce/ssz", "kind": "measured", "block": 7, "prove_ms": 7249.053, "passed": true}
{"condition": "cse_dce/rlp", "kind": "measured", "block": 8, "prove_ms": 7180.528, "passed": true}
{"condition": "cse_dce/direct", "kind": "measured", "block": 8, "prove_ms": 6811.707, "passed": true}
{"condition": "cse_dce/ssz", "kind": "measured", "block": 8, "prove_ms": 7253.974, "passed": true}
{"condition": "cse_dce/rlp", "kind": "measured", "block": 9, "prove_ms": 7199.241, "passed": true}
{"condition": "cse_dce/ssz", "kind": "measured", "block": 9, "prove_ms": 6875.572, "passed": true}
{"condition": "cse_dce/direct", "kind": "measured", "block": 9, "prove_ms": 7024.302, "passed": true}
{"condition": "cse_dce/ssz", "kind": "measured", "block": 10, "prove_ms": 7371.631, "passed": true}
{"condition": "cse_dce/direct", "kind": "measured", "block": 10, "prove_ms": 6849.671, "passed": true}
{"condition": "cse_dce/rlp", "kind": "measured", "block": 10, "prove_ms": 7339.982, "passed": true}
{"condition": "cse_dce/ssz", "kind": "measured", "block": 11, "prove_ms": 6974.359, "passed": true}
{"condition": "cse_dce/rlp", "kind": "measured", "block": 11, "prove_ms": 7122.579, "passed": true}
{"condition": "cse_dce/direct", "kind": "measured", "block": 11, "prove_ms": 6391.031, "passed": true}
{"condition": "cse_dce/direct", "kind": "measured", "block": 12, "prove_ms": 6443.242, "passed": true}
{"condition": "cse_dce/ssz", "kind": "measured", "block": 12, "prove_ms": 6760.763, "passed": true}
{"condition": "cse_dce/rlp", "kind": "measured", "block": 12, "prove_ms": 6764.633, "passed": true}
{"condition": "cse_dce/rlp", "kind": "measured", "block": 13, "prove_ms": 6953.465, "passed": true}
{"condition": "cse_dce/direct", "kind": "measured", "block": 13, "prove_ms": 6591.842, "passed": true}
{"condition": "cse_dce/ssz", "kind": "measured", "block": 13, "prove_ms": 7236.367, "passed": true}
{"condition": "cse_dce/direct", "kind": "measured", "block": 14, "prove_ms": 6703.646, "passed": true}
{"condition": "cse_dce/rlp", "kind": "measured", "block": 14, "prove_ms": 7048.035, "passed": true}
{"condition": "cse_dce/ssz", "kind": "measured", "block": 14, "prove_ms": 7011.491, "passed": true}
{"condition": "cse_dce/ssz", "kind": "measured", "block": 15, "prove_ms": 6995.136, "passed": true}
{"condition": "cse_dce/rlp", "kind": "measured", "block": 15, "prove_ms": 7034.682, "passed": true}
{"condition": "cse_dce/direct", "kind": "measured", "block": 15, "prove_ms": 6554.204, "passed": true}
{"condition": "cse_dce/ssz", "kind": "measured", "block": 16, "prove_ms": 7062.279, "passed": true}
{"condition": "cse_dce/direct", "kind": "measured", "block": 16, "prove_ms": 6584.652, "passed": true}
{"condition": "cse_dce/rlp", "kind": "measured", "block": 16, "prove_ms": 6966.276, "passed": true}
{"condition": "cse_dce/direct", "kind": "measured", "block": 17, "prove_ms": 6309.471, "passed": true}
{"condition": "cse_dce/ssz", "kind": "measured", "block": 17, "prove_ms": 6803.212, "passed": true}
{"condition": "cse_dce/rlp", "kind": "measured", "block": 17, "prove_ms": 6786.902, "passed": true}
{"condition": "cse_dce/rlp", "kind": "measured", "block": 18, "prove_ms": 6778.282, "passed": true}
{"condition": "cse_dce/ssz", "kind": "measured", "block": 18, "prove_ms": 6877.418, "passed": true}
{"condition": "cse_dce/direct", "kind": "measured", "block": 18, "prove_ms": 6191.612, "passed": true}
{"condition": "cse_dce/direct", "kind": "measured", "block": 19, "prove_ms": 6208.686, "passed": true}
{"condition": "cse_dce/ssz", "kind": "measured", "block": 19, "prove_ms": 6816.73, "passed": true}
{"condition": "cse_dce/rlp", "kind": "measured", "block": 19, "prove_ms": 6921.678, "passed": true}
{"condition": "cse_dce/rlp", "kind": "measured", "block": 20, "prove_ms": 6822.154, "passed": true}
{"condition": "cse_dce/ssz", "kind": "measured", "block": 20, "prove_ms": 7001.656, "passed": true}
{"condition": "cse_dce/direct", "kind": "measured", "block": 20, "prove_ms": 6482.739, "passed": true}
{"condition": "cse_dce/ssz", "kind": "measured", "block": 21, "prove_ms": 7017.248, "passed": true}
{"condition": "cse_dce/direct", "kind": "measured", "block": 21, "prove_ms": 6483.226, "passed": true}
{"condition": "cse_dce/rlp", "kind": "measured", "block": 21, "prove_ms": 7147.545, "passed": true}
{"condition": "cse_dce/direct", "kind": "measured", "block": 22, "prove_ms": 6529.061, "passed": true}
{"condition": "cse_dce/rlp", "kind": "measured", "block": 22, "prove_ms": 7100.596, "passed": true}
{"condition": "cse_dce/ssz", "kind": "measured", "block": 22, "prove_ms": 7120.485, "passed": true}
{"condition": "cse_dce/rlp", "kind": "measured", "block": 23, "prove_ms": 7134.788, "passed": true}
{"condition": "cse_dce/direct", "kind": "measured", "block": 23, "prove_ms": 6366.002, "passed": true}
{"condition": "cse_dce/ssz", "kind": "measured", "block": 23, "prove_ms": 6852.296, "passed": true}
{"condition": "cse_dce/ssz", "kind": "measured", "block": 24, "prove_ms": 7051.674, "passed": true}
{"condition": "cse_dce/rlp", "kind": "measured", "block": 24, "prove_ms": 7078.283, "passed": true}
{"condition": "cse_dce/direct", "kind": "measured", "block": 24, "prove_ms": 6488.079, "passed": true}
{"condition": "cse_dce/ssz", "kind": "measured", "block": 25, "prove_ms": 6929.312, "passed": true}
{"condition": "cse_dce/rlp", "kind": "measured", "block": 25, "prove_ms": 6962.887, "passed": true}
{"condition": "cse_dce/direct", "kind": "measured", "block": 25, "prove_ms": 6542.291, "passed": true}
{"condition": "cse_dce/direct", "kind": "measured", "block": 26, "prove_ms": 6791.136, "passed": true}
{"condition": "cse_dce/rlp", "kind": "measured", "block": 26, "prove_ms": 7194.11, "passed": true}
{"condition": "cse_dce/ssz", "kind": "measured", "block": 26, "prove_ms": 6840.849, "passed": true}
{"condition": "cse_dce/rlp", "kind": "measured", "block": 27, "prove_ms": 6855.507, "passed": true}
{"condition": "cse_dce/ssz", "kind": "measured", "block": 27, "prove_ms": 7030.189, "passed": true}
{"condition": "cse_dce/direct", "kind": "measured", "block": 27, "prove_ms": 6250.353, "passed": true}
{"condition": "cse_dce/ssz", "kind": "measured", "block": 28, "prove_ms": 6981.173, "passed": true}
{"condition": "cse_dce/direct", "kind": "measured", "block": 28, "prove_ms": 6242.033, "passed": true}
{"condition": "cse_dce/rlp", "kind": "measured", "block": 28, "prove_ms": 7072.274, "passed": true}
{"condition": "cse_dce/direct", "kind": "measured", "block": 29, "prove_ms": 6176.529, "passed": true}
{"condition": "cse_dce/ssz", "kind": "measured", "block": 29, "prove_ms": 6860.736, "passed": true}
{"condition": "cse_dce/rlp", "kind": "measured", "block": 29, "prove_ms": 6795.921, "passed": true}
{"condition": "cse_dce/rlp", "kind": "measured", "block": 30, "prove_ms": 6799.942, "passed": true}
{"condition": "cse_dce/direct", "kind": "measured", "block": 30, "prove_ms": 6159.11, "passed": true}
{"condition": "cse_dce/ssz", "kind": "measured", "block": 30, "prove_ms": 6766.244, "passed": true}
{"condition": "cse_dce/ssz", "kind": "measured", "block": 31, "prove_ms": 6709.454, "passed": true}
{"condition": "cse_dce/direct", "kind": "measured", "block": 31, "prove_ms": 6152.953, "passed": true}
{"condition": "cse_dce/rlp", "kind": "measured", "block": 31, "prove_ms": 6801.714, "passed": true}
{"condition": "cse_dce/direct", "kind": "measured", "block": 32, "prove_ms": 6357.984, "passed": true}
{"condition": "cse_dce/ssz", "kind": "measured", "block": 32, "prove_ms": 6799.878, "passed": true}
{"condition": "cse_dce/rlp", "kind": "measured", "block": 32, "prove_ms": 6735.959, "passed": true}
{"condition": "cse_dce/direct", "kind": "measured", "block": 33, "prove_ms": 6167.814, "passed": true}
{"condition": "cse_dce/rlp", "kind": "measured", "block": 33, "prove_ms": 6784.753, "passed": true}
{"condition": "cse_dce/ssz", "kind": "measured", "block": 33, "prove_ms": 6760.564, "passed": true}
{"condition": "cse_dce/rlp", "kind": "measured", "block": 34, "prove_ms": 6798.973, "passed": true}
{"condition": "cse_dce/direct", "kind": "measured", "block": 34, "prove_ms": 6129.747, "passed": true}
{"condition": "cse_dce/ssz", "kind": "measured", "block": 34, "prove_ms": 6803.803, "passed": true}
{"condition": "cse_dce/rlp", "kind": "measured", "block": 35, "prove_ms": 6702.371, "passed": true}
{"condition": "cse_dce/ssz", "kind": "measured", "block": 35, "prove_ms": 6729.433, "passed": true}
{"condition": "cse_dce/direct", "kind": "measured", "block": 35, "prove_ms": 6168.51, "passed": true}
{"condition": "cse_dce/ssz", "kind": "measured", "block": 36, "prove_ms": 6736.352, "passed": true}
{"condition": "cse_dce/rlp", "kind": "measured", "block": 36, "prove_ms": 6811.397, "passed": true}
{"condition": "cse_dce/direct", "kind": "measured", "block": 36, "prove_ms": 6265.031, "passed": true}
{"condition": "cse_dce/rlp", "kind": "measured", "block": 37, "prove_ms": 6869.689, "passed": true}
{"condition": "cse_dce/ssz", "kind": "measured", "block": 37, "prove_ms": 6774.26, "passed": true}
{"condition": "cse_dce/direct", "kind": "measured", "block": 37, "prove_ms": 6392.953, "passed": true}
{"condition": "cse_dce/ssz", "kind": "measured", "block": 38, "prove_ms": 7010.395, "passed": true}
{"condition": "cse_dce/rlp", "kind": "measured", "block": 38, "prove_ms": 7020.137, "passed": true}
{"condition": "cse_dce/direct", "kind": "measured", "block": 38, "prove_ms": 6387.792, "passed": true}
{"condition": "cse_dce/direct", "kind": "measured", "block": 39, "prove_ms": 6296.433, "passed": true}
{"condition": "cse_dce/ssz", "kind": "measured", "block": 39, "prove_ms": 7059.476, "passed": true}
{"condition": "cse_dce/rlp", "kind": "measured", "block": 39, "prove_ms": 6986.707, "passed": true}
{"condition": "cse_dce/rlp", "kind": "measured", "block": 40, "prove_ms": 6998.453, "passed": true}
{"condition": "cse_dce/direct", "kind": "measured", "block": 40, "prove_ms": 6384.074, "passed": true}
{"condition": "cse_dce/ssz", "kind": "measured", "block": 40, "prove_ms": 7000.763, "passed": true}
{"condition": "cse_dce/ssz", "kind": "measured", "block": 41, "prove_ms": 7093.051, "passed": true}
{"condition": "cse_dce/direct", "kind": "measured", "block": 41, "prove_ms": 6428.095, "passed": true}
{"condition": "cse_dce/rlp", "kind": "measured", "block": 41, "prove_ms": 7053.49, "passed": true}
{"condition": "cse_dce/direct", "kind": "measured", "block": 42, "prove_ms": 6418.149, "passed": true}
{"condition": "cse_dce/rlp", "kind": "measured", "block": 42, "prove_ms": 7051.215, "passed": true}
{"condition": "cse_dce/ssz", "kind": "measured", "block": 42, "prove_ms": 7048.836, "passed": true}
{"condition": "cse_dce/ssz", "kind": "measured", "block": 43, "prove_ms": 7048.887, "passed": true}
{"condition": "cse_dce/direct", "kind": "measured", "block": 43, "prove_ms": 6392.534, "passed": true}
{"condition": "cse_dce/rlp", "kind": "measured", "block": 43, "prove_ms": 7047.763, "passed": true}
{"condition": "cse_dce/ssz", "kind": "measured", "block": 44, "prove_ms": 6995.458, "passed": true}
{"condition": "cse_dce/rlp", "kind": "measured", "block": 44, "prove_ms": 7146.129, "passed": true}
{"condition": "cse_dce/direct", "kind": "measured", "block": 44, "prove_ms": 6416.933, "passed": true}
{"condition": "cse_dce/direct", "kind": "measured", "block": 45, "prove_ms": 6385.217, "passed": true}
{"condition": "cse_dce/rlp", "kind": "measured", "block": 45, "prove_ms": 6989.564, "passed": true}
{"condition": "cse_dce/ssz", "kind": "measured", "block": 45, "prove_ms": 7035.118, "passed": true}
{"condition": "cse_dce/rlp", "kind": "measured", "block": 46, "prove_ms": 6975.089, "passed": true}
{"condition": "cse_dce/direct", "kind": "measured", "block": 46, "prove_ms": 6393.895, "passed": true}
{"condition": "cse_dce/ssz", "kind": "measured", "block": 46, "prove_ms": 7041.559, "passed": true}
{"condition": "cse_dce/rlp", "kind": "measured", "block": 47, "prove_ms": 7085.558, "passed": true}
{"condition": "cse_dce/ssz", "kind": "measured", "block": 47, "prove_ms": 7084.464, "passed": true}
{"condition": "cse_dce/direct", "kind": "measured", "block": 47, "prove_ms": 6348.632, "passed": true}
{"condition": "cse_dce/direct", "kind": "measured", "block": 48, "prove_ms": 6419.755, "passed": true}
{"condition": "cse_dce/ssz", "kind": "measured", "block": 48, "prove_ms": 6996.657, "passed": true}
{"condition": "cse_dce/rlp", "kind": "measured", "block": 48, "prove_ms": 6990.068, "passed": true}
{"condition": "cse_dce/rlp", "kind": "measured", "block": 49, "prove_ms": 7097.725, "passed": true}
{"condition": "cse_dce/direct", "kind": "measured", "block": 49, "prove_ms": 6356.073, "passed": true}
{"condition": "cse_dce/ssz", "kind": "measured", "block": 49, "prove_ms": 6937.885, "passed": true}
{"condition": "cse_dce/ssz", "kind": "measured", "block": 50, "prove_ms": 7038.675, "passed": true}
{"condition": "cse_dce/rlp", "kind": "measured", "block": 50, "prove_ms": 7027.239, "passed": true}
{"condition": "cse_dce/direct", "kind": "measured", "block": 50, "prove_ms": 6472.492, "passed": true}
{"condition": "cse_dce/ssz", "kind": "measured", "block": 51, "prove_ms": 7018.477, "passed": true}
{"condition": "cse_dce/direct", "kind": "measured", "block": 51, "prove_ms": 6401.065, "passed": true}
{"condition": "cse_dce/rlp", "kind": "measured", "block": 51, "prove_ms": 7032.505, "passed": true}
{"condition": "cse_dce/rlp", "kind": "measured", "block": 52, "prove_ms": 7060.736, "passed": true}
{"condition": "cse_dce/ssz", "kind": "measured", "block": 52, "prove_ms": 7137.08, "passed": true}
{"condition": "cse_dce/direct", "kind": "measured", "block": 52, "prove_ms": 6369.533, "passed": true}
{"condition": "cse_dce/direct", "kind": "measured", "block": 53, "prove_ms": 6404.902, "passed": true}
{"condition": "cse_dce/ssz", "kind": "measured", "block": 53, "prove_ms": 7044.035, "passed": true}
{"condition": "cse_dce/rlp", "kind": "measured", "block": 53, "prove_ms": 7040.048, "passed": true}
{"condition": "cse_dce/direct", "kind": "measured", "block": 54, "prove_ms": 6374.954, "passed": true}
{"condition": "cse_dce/rlp", "kind": "measured", "block": 54, "prove_ms": 7035.88, "passed": true}
{"condition": "cse_dce/ssz", "kind": "measured", "block": 54, "prove_ms": 6970.251, "passed": true}
{"condition": "cse_dce/rlp", "kind": "measured", "block": 55, "prove_ms": 6994.618, "passed": true}
{"condition": "cse_dce/direct", "kind": "measured", "block": 55, "prove_ms": 6399.902, "passed": true}
{"condition": "cse_dce/ssz", "kind": "measured", "block": 55, "prove_ms": 7083.96, "passed": true}
{"condition": "cse_dce/direct", "kind": "measured", "block": 56, "prove_ms": 6374.652, "passed": true}
{"condition": "cse_dce/rlp", "kind": "measured", "block": 56, "prove_ms": 7042.672, "passed": true}
{"condition": "cse_dce/ssz", "kind": "measured", "block": 56, "prove_ms": 7037.894, "passed": true}
{"condition": "cse_dce/ssz", "kind": "measured", "block": 57, "prove_ms": 7009.418, "passed": true}
{"condition": "cse_dce/direct", "kind": "measured", "block": 57, "prove_ms": 6462.364, "passed": true}
{"condition": "cse_dce/rlp", "kind": "measured", "block": 57, "prove_ms": 7058.267, "passed": true}
{"condition": "cse_dce/ssz", "kind": "measured", "block": 58, "prove_ms": 7085.651, "passed": true}
{"condition": "cse_dce/rlp", "kind": "measured", "block": 58, "prove_ms": 6974.407, "passed": true}
{"condition": "cse_dce/direct", "kind": "measured", "block": 58, "prove_ms": 6417.681, "passed": true}
{"condition": "cse_dce/direct", "kind": "measured", "block": 59, "prove_ms": 6417.654, "passed": true}
{"condition": "cse_dce/ssz", "kind": "measured", "block": 59, "prove_ms": 7026.337, "passed": true}
{"condition": "cse_dce/rlp", "kind": "measured", "block": 59, "prove_ms": 7047.912, "passed": true}
{"condition": "cse_dce/rlp", "kind": "measured", "block": 60, "prove_ms": 7143.885, "passed": true}
{"condition": "cse_dce/ssz", "kind": "measured", "block": 60, "prove_ms": 7030.891, "passed": true}
{"condition": "cse_dce/direct", "kind": "measured", "block": 60, "prove_ms": 6408.877, "passed": true}
{"condition": "cse_dce/rlp", "kind": "measured", "block": 61, "prove_ms": 7080.96, "passed": true}
{"condition": "cse_dce/ssz", "kind": "measured", "block": 61, "prove_ms": 7056.102, "passed": true}
{"condition": "cse_dce/direct", "kind": "measured", "block": 61, "prove_ms": 6394.623, "passed": true}
{"condition": "cse_dce/ssz", "kind": "measured", "block": 62, "prove_ms": 7144.783, "passed": true}
{"condition": "cse_dce/rlp", "kind": "measured", "block": 62, "prove_ms": 7046.705, "passed": true}
{"condition": "cse_dce/direct", "kind": "measured", "block": 62, "prove_ms": 6415.149, "passed": true}
{"condition": "cse_dce/rlp", "kind": "measured", "block": 63, "prove_ms": 7061.633, "passed": true}
{"condition": "cse_dce/direct", "kind": "measured", "block": 63, "prove_ms": 6422.964, "passed": true}
{"condition": "cse_dce/ssz", "kind": "measured", "block": 63, "prove_ms": 7028.42, "passed": true}
{"condition": "cse_dce/direct", "kind": "measured", "block": 64, "prove_ms": 6427.692, "passed": true}
{"condition": "cse_dce/ssz", "kind": "measured", "block": 64, "prove_ms": 7074.686, "passed": true}
{"condition": "cse_dce/rlp", "kind": "measured", "block": 64, "prove_ms": 7070.974, "passed": true}
{"condition": "cse_dce/ssz", "kind": "measured", "block": 65, "prove_ms": 7058.669, "passed": true}
{"condition": "cse_dce/direct", "kind": "measured", "block": 65, "prove_ms": 6431.913, "passed": true}
{"condition": "cse_dce/rlp", "kind": "measured", "block": 65, "prove_ms": 7146.168, "passed": true}
{"condition": "cse_dce/direct", "kind": "measured", "block": 66, "prove_ms": 6399.736, "passed": true}
{"condition": "cse_dce/rlp", "kind": "measured", "block": 66, "prove_ms": 7027.883, "passed": true}
{"condition": "cse_dce/ssz", "kind": "measured", "block": 66, "prove_ms": 7072.111, "passed": true}
{"condition": "cse_dce/rlp", "kind": "measured", "block": 67, "prove_ms": 7031.335, "passed": true}
{"condition": "cse_dce/direct", "kind": "measured", "block": 67, "prove_ms": 6493.045, "passed": true}
{"condition": "cse_dce/ssz", "kind": "measured", "block": 67, "prove_ms": 7012.762, "passed": true}
{"condition": "cse_dce/direct", "kind": "measured", "block": 68, "prove_ms": 6339.155, "passed": true}
{"condition": "cse_dce/rlp", "kind": "measured", "block": 68, "prove_ms": 7074.849, "passed": true}
{"condition": "cse_dce/ssz", "kind": "measured", "block": 68, "prove_ms": 7050.457, "passed": true}
{"condition": "cse_dce/rlp", "kind": "measured", "block": 69, "prove_ms": 7085.797, "passed": true}
{"condition": "cse_dce/ssz", "kind": "measured", "block": 69, "prove_ms": 7017.949, "passed": true}
{"condition": "cse_dce/direct", "kind": "measured", "block": 69, "prove_ms": 6370.224, "passed": true}
{"condition": "cse_dce/ssz", "kind": "measured", "block": 70, "prove_ms": 7016.539, "passed": true}
{"condition": "cse_dce/direct", "kind": "measured", "block": 70, "prove_ms": 6340.067, "passed": true}
{"condition": "cse_dce/rlp", "kind": "measured", "block": 70, "prove_ms": 7144.88, "passed": true}
{"condition": "cse_dce/direct", "kind": "measured", "block": 71, "prove_ms": 6439.759, "passed": true}
{"condition": "cse_dce/ssz", "kind": "measured", "block": 71, "prove_ms": 7085.681, "passed": true}
{"condition": "cse_dce/rlp", "kind": "measured", "block": 71, "prove_ms": 7037.595, "passed": true}
{"condition": "cse_dce/ssz", "kind": "measured", "block": 72, "prove_ms": 7079.384, "passed": true}
{"condition": "cse_dce/rlp", "kind": "measured", "block": 72, "prove_ms": 7062.464, "passed": true}
{"condition": "cse_dce/direct", "kind": "measured", "block": 72, "prove_ms": 6397.187, "passed": true}
{"condition": "cse_dce/rlp", "kind": "measured", "block": 73, "prove_ms": 7050.692, "passed": true}
{"condition": "cse_dce/ssz", "kind": "measured", "block": 73, "prove_ms": 7166.477, "passed": true}
{"condition": "cse_dce/direct", "kind": "measured", "block": 73, "prove_ms": 6395.436, "passed": true}
{"condition": "cse_dce/direct", "kind": "measured", "block": 74, "prove_ms": 6415.582, "passed": true}
{"condition": "cse_dce/rlp", "kind": "measured", "block": 74, "prove_ms": 7026.543, "passed": true}
{"condition": "cse_dce/ssz", "kind": "measured", "block": 74, "prove_ms": 7106.99, "passed": true}
{"condition": "cse_dce/direct", "kind": "measured", "block": 75, "prove_ms": 6407.39, "passed": true}
{"condition": "cse_dce/ssz", "kind": "measured", "block": 75, "prove_ms": 7022.701, "passed": true}
{"condition": "cse_dce/rlp", "kind": "measured", "block": 75, "prove_ms": 7027.567, "passed": true}
{"condition": "cse_dce/ssz", "kind": "measured", "block": 76, "prove_ms": 7079.626, "passed": true}
{"condition": "cse_dce/direct", "kind": "measured", "block": 76, "prove_ms": 6364.231, "passed": true}
{"condition": "cse_dce/rlp", "kind": "measured", "block": 76, "prove_ms": 7077.765, "passed": true}
{"condition": "cse_dce/ssz", "kind": "measured", "block": 77, "prove_ms": 7072.725, "passed": true}
{"condition": "cse_dce/rlp", "kind": "measured", "block": 77, "prove_ms": 7058.991, "passed": true}
{"condition": "cse_dce/direct", "kind": "measured", "block": 77, "prove_ms": 6414.391, "passed": true}
{"condition": "cse_dce/rlp", "kind": "measured", "block": 78, "prove_ms": 7016.809, "passed": true}
{"condition": "cse_dce/direct", "kind": "measured", "block": 78, "prove_ms": 6435.619, "passed": true}
{"condition": "cse_dce/ssz", "kind": "measured", "block": 78, "prove_ms": 7144.03, "passed": true}
{"condition": "cse_dce/rlp", "kind": "measured", "block": 79, "prove_ms": 7017.068, "passed": true}
{"condition": "cse_dce/ssz", "kind": "measured", "block": 79, "prove_ms": 7054.489, "passed": true}
{"condition": "cse_dce/direct", "kind": "measured", "block": 79, "prove_ms": 6422.44, "passed": true}
{"condition": "cse_dce/rlp", "kind": "measured", "block": 80, "prove_ms": 7075.715, "passed": true}
{"condition": "cse_dce/direct", "kind": "measured", "block": 80, "prove_ms": 6409.698, "passed": true}
{"condition": "cse_dce/ssz", "kind": "measured", "block": 80, "prove_ms": 7027.386, "passed": true}
Report: /Volumes/PrivateAI/WorkRepos/HardnessVault/prototypes/leanvm-b-state-anchor-benchmark/repository/owner_state/results/collect-20260915T094023087152Z/report.json
