{"condition": "baseline/ssz", "kind": "warmup", "block": 1, "prove_ms": 9179.849, "passed": true}
{"condition": "cse_dce/ssz", "kind": "warmup", "block": 1, "prove_ms": 7466.259, "passed": true}
{"condition": "baseline/rlp", "kind": "warmup", "block": 1, "prove_ms": 7821.582, "passed": true}
{"condition": "cse_dce/direct", "kind": "warmup", "block": 1, "prove_ms": 6878.274, "passed": true}
{"condition": "baseline/direct", "kind": "warmup", "block": 1, "prove_ms": 6982.161, "passed": true}
{"condition": "cse_dce/rlp", "kind": "warmup", "block": 1, "prove_ms": 7696.473, "passed": true}
{"condition": "baseline/rlp", "kind": "measured", "block": 1, "prove_ms": 7713.904, "passed": true}
{"condition": "cse_dce/direct", "kind": "measured", "block": 1, "prove_ms": 7052.927, "passed": true}
{"condition": "cse_dce/rlp", "kind": "measured", "block": 1, "prove_ms": 7830.15, "passed": true}
{"condition": "cse_dce/ssz", "kind": "measured", "block": 1, "prove_ms": 8294.502, "passed": true}
{"condition": "baseline/direct", "kind": "measured", "block": 1, "prove_ms": 7505.869, "passed": true}
{"condition": "baseline/ssz", "kind": "measured", "block": 1, "prove_ms": 7953.993, "passed": true}
{"condition": "cse_dce/ssz", "kind": "measured", "block": 2, "prove_ms": 7998.776, "passed": true}
{"condition": "baseline/ssz", "kind": "measured", "block": 2, "prove_ms": 8090.719, "passed": true}
{"condition": "cse_dce/direct", "kind": "measured", "block": 2, "prove_ms": 7653.882, "passed": true}
{"condition": "baseline/direct", "kind": "measured", "block": 2, "prove_ms": 7574.293, "passed": true}
{"condition": "baseline/rlp", "kind": "measured", "block": 2, "prove_ms": 8054.171, "passed": true}
{"condition": "cse_dce/rlp", "kind": "measured", "block": 2, "prove_ms": 7694.334, "passed": true}
{"condition": "cse_dce/rlp", "kind": "measured", "block": 3, "prove_ms": 7749.535, "passed": true}
{"condition": "baseline/rlp", "kind": "measured", "block": 3, "prove_ms": 7790.737, "passed": true}
{"condition": "baseline/direct", "kind": "measured", "block": 3, "prove_ms": 6564.783, "passed": true}
{"condition": "cse_dce/direct", "kind": "measured", "block": 3, "prove_ms": 6748.243, "passed": true}
{"condition": "baseline/ssz", "kind": "measured", "block": 3, "prove_ms": 7702.851, "passed": true}
{"condition": "cse_dce/ssz", "kind": "measured", "block": 3, "prove_ms": 7202.292, "passed": true}
{"condition": "baseline/ssz", "kind": "measured", "block": 4, "prove_ms": 7174.664, "passed": true}
{"condition": "baseline/direct", "kind": "measured", "block": 4, "prove_ms": 6585.381, "passed": true}
{"condition": "cse_dce/ssz", "kind": "measured", "block": 4, "prove_ms": 7208.883, "passed": true}
{"condition": "cse_dce/rlp", "kind": "measured", "block": 4, "prove_ms": 7088.085, "passed": true}
{"condition": "cse_dce/direct", "kind": "measured", "block": 4, "prove_ms": 6491.896, "passed": true}
{"condition": "baseline/rlp", "kind": "measured", "block": 4, "prove_ms": 7244.005, "passed": true}
{"condition": "cse_dce/direct", "kind": "measured", "block": 5, "prove_ms": 6522.062, "passed": true}
{"condition": "cse_dce/ssz", "kind": "measured", "block": 5, "prove_ms": 7107.732, "passed": true}
{"condition": "baseline/rlp", "kind": "measured", "block": 5, "prove_ms": 7154.152, "passed": true}
{"condition": "baseline/ssz", "kind": "measured", "block": 5, "prove_ms": 7045.779, "passed": true}
{"condition": "cse_dce/rlp", "kind": "measured", "block": 5, "prove_ms": 7321.875, "passed": true}
{"condition": "baseline/direct", "kind": "measured", "block": 5, "prove_ms": 6351.812, "passed": true}
{"condition": "baseline/direct", "kind": "measured", "block": 6, "prove_ms": 6389.258, "passed": true}
{"condition": "cse_dce/rlp", "kind": "measured", "block": 6, "prove_ms": 7038.501, "passed": true}
{"condition": "baseline/ssz", "kind": "measured", "block": 6, "prove_ms": 7046.695, "passed": true}
{"condition": "baseline/rlp", "kind": "measured", "block": 6, "prove_ms": 7324.606, "passed": true}
{"condition": "cse_dce/ssz", "kind": "measured", "block": 6, "prove_ms": 7174.77, "passed": true}
{"condition": "cse_dce/direct", "kind": "measured", "block": 6, "prove_ms": 6315.154, "passed": true}
{"condition": "cse_dce/rlp", "kind": "measured", "block": 7, "prove_ms": 7298.11, "passed": true}
{"condition": "baseline/rlp", "kind": "measured", "block": 7, "prove_ms": 7192.886, "passed": true}
{"condition": "baseline/direct", "kind": "measured", "block": 7, "prove_ms": 6509.598, "passed": true}
{"condition": "cse_dce/direct", "kind": "measured", "block": 7, "prove_ms": 6354.414, "passed": true}
{"condition": "baseline/ssz", "kind": "measured", "block": 7, "prove_ms": 7197.196, "passed": true}
{"condition": "cse_dce/ssz", "kind": "measured", "block": 7, "prove_ms": 7026.335, "passed": true}
{"condition": "cse_dce/direct", "kind": "measured", "block": 8, "prove_ms": 6409.786, "passed": true}
{"condition": "cse_dce/ssz", "kind": "measured", "block": 8, "prove_ms": 7029.181, "passed": true}
{"condition": "baseline/rlp", "kind": "measured", "block": 8, "prove_ms": 7477.831, "passed": true}
{"condition": "baseline/ssz", "kind": "measured", "block": 8, "prove_ms": 7035.176, "passed": true}
{"condition": "cse_dce/rlp", "kind": "measured", "block": 8, "prove_ms": 7036.411, "passed": true}
{"condition": "baseline/direct", "kind": "measured", "block": 8, "prove_ms": 6448.998, "passed": true}
Report: /private/tmp/leanvm-b-state-anchor-benchmark-publish-20260910/owner_state/results/collect-20260911T074413358669Z/report.json
