{"mode": "direct", "mutation": "nonboolean-input", "passed": true}
{"mode": "direct", "mutation": "address-bit", "passed": true}
{"mode": "direct", "mutation": "slot-bit", "passed": true}
{"mode": "direct", "mutation": "value-bit", "passed": true}
{"mode": "direct", "mutation": "state_root-bit", "passed": true}
{"mode": "direct", "mutation": "account-node-00-rlp-prefix", "passed": true}
{"mode": "direct", "mutation": "account-node-01-rlp-prefix", "passed": true}
{"mode": "direct", "mutation": "account-node-02-rlp-prefix", "passed": true}
{"mode": "direct", "mutation": "account-node-03-rlp-prefix", "passed": true}
{"mode": "direct", "mutation": "account-node-04-rlp-prefix", "passed": true}
{"mode": "direct", "mutation": "account-node-05-rlp-prefix", "passed": true}
{"mode": "direct", "mutation": "account-node-06-rlp-prefix", "passed": true}
{"mode": "direct", "mutation": "account-node-07-rlp-prefix", "passed": true}
{"mode": "direct", "mutation": "account-node-08-rlp-prefix", "passed": true}
{"mode": "direct", "mutation": "account-node-09-rlp-prefix", "passed": true}
{"mode": "direct", "mutation": "account-compact-flags", "passed": true}
{"mode": "direct", "mutation": "account-compact-suffix", "passed": true}
{"mode": "direct", "mutation": "storage-node-00-rlp-prefix", "passed": true}
{"mode": "direct", "mutation": "storage-node-01-rlp-prefix", "passed": true}
{"mode": "direct", "mutation": "storage-compact-flags", "passed": true}
{"mode": "direct", "mutation": "storage-compact-suffix", "passed": true}
{"mode": "direct", "mutation": "account-storage-root", "passed": true}
{"mode": "direct", "mutation": "storage-leaf-last-byte", "passed": true}
{"mode": "direct", "mutation": "secret-first-bit", "passed": true}
{"mode": "direct", "mutation": "secret-nonboolean", "passed": true}
{"mode": "direct", "mutation": "secret-last-bit", "passed": true}
{"mode": "rlp", "mutation": "nonboolean-input", "passed": true}
{"mode": "rlp", "mutation": "address-bit", "passed": true}
{"mode": "rlp", "mutation": "slot-bit", "passed": true}
{"mode": "rlp", "mutation": "value-bit", "passed": true}
{"mode": "rlp", "mutation": "state_root-bit", "passed": true}
{"mode": "rlp", "mutation": "account-node-00-rlp-prefix", "passed": true}
{"mode": "rlp", "mutation": "account-node-01-rlp-prefix", "passed": true}
{"mode": "rlp", "mutation": "account-node-02-rlp-prefix", "passed": true}
{"mode": "rlp", "mutation": "account-node-03-rlp-prefix", "passed": true}
{"mode": "rlp", "mutation": "account-node-04-rlp-prefix", "passed": true}
{"mode": "rlp", "mutation": "account-node-05-rlp-prefix", "passed": true}
{"mode": "rlp", "mutation": "account-node-06-rlp-prefix", "passed": true}
{"mode": "rlp", "mutation": "account-node-07-rlp-prefix", "passed": true}
{"mode": "rlp", "mutation": "account-node-08-rlp-prefix", "passed": true}
{"mode": "rlp", "mutation": "account-node-09-rlp-prefix", "passed": true}
{"mode": "rlp", "mutation": "account-compact-flags", "passed": true}
{"mode": "rlp", "mutation": "account-compact-suffix", "passed": true}
{"mode": "rlp", "mutation": "storage-node-00-rlp-prefix", "passed": true}
{"mode": "rlp", "mutation": "storage-node-01-rlp-prefix", "passed": true}
{"mode": "rlp", "mutation": "storage-compact-flags", "passed": true}
{"mode": "rlp", "mutation": "storage-compact-suffix", "passed": true}
{"mode": "rlp", "mutation": "account-storage-root", "passed": true}
{"mode": "rlp", "mutation": "storage-leaf-last-byte", "passed": true}
{"mode": "rlp", "mutation": "header-rlp-prefix", "passed": true}
{"mode": "rlp", "mutation": "header-state-root", "passed": true}
{"mode": "rlp", "mutation": "secret-first-bit", "passed": true}
{"mode": "rlp", "mutation": "secret-nonboolean", "passed": true}
{"mode": "rlp", "mutation": "secret-last-bit", "passed": true}
{"mode": "ssz", "mutation": "nonboolean-input", "passed": true}
{"mode": "ssz", "mutation": "address-bit", "passed": true}
{"mode": "ssz", "mutation": "slot-bit", "passed": true}
{"mode": "ssz", "mutation": "value-bit", "passed": true}
{"mode": "ssz", "mutation": "state_root-bit", "passed": true}
{"mode": "ssz", "mutation": "account-node-00-rlp-prefix", "passed": true}
{"mode": "ssz", "mutation": "account-node-01-rlp-prefix", "passed": true}
{"mode": "ssz", "mutation": "account-node-02-rlp-prefix", "passed": true}
{"mode": "ssz", "mutation": "account-node-03-rlp-prefix", "passed": true}
{"mode": "ssz", "mutation": "account-node-04-rlp-prefix", "passed": true}
{"mode": "ssz", "mutation": "account-node-05-rlp-prefix", "passed": true}
{"mode": "ssz", "mutation": "account-node-06-rlp-prefix", "passed": true}
{"mode": "ssz", "mutation": "account-node-07-rlp-prefix", "passed": true}
{"mode": "ssz", "mutation": "account-node-08-rlp-prefix", "passed": true}
{"mode": "ssz", "mutation": "account-node-09-rlp-prefix", "passed": true}
{"mode": "ssz", "mutation": "account-compact-flags", "passed": true}
{"mode": "ssz", "mutation": "account-compact-suffix", "passed": true}
{"mode": "ssz", "mutation": "storage-node-00-rlp-prefix", "passed": true}
{"mode": "ssz", "mutation": "storage-node-01-rlp-prefix", "passed": true}
{"mode": "ssz", "mutation": "storage-compact-flags", "passed": true}
{"mode": "ssz", "mutation": "storage-compact-suffix", "passed": true}
{"mode": "ssz", "mutation": "account-storage-root", "passed": true}
{"mode": "ssz", "mutation": "storage-leaf-last-byte", "passed": true}
{"mode": "ssz", "mutation": "ssz-sibling-0-bit", "passed": true}
{"mode": "ssz", "mutation": "ssz-sibling-1-bit", "passed": true}
{"mode": "ssz", "mutation": "ssz-sibling-2-bit", "passed": true}
{"mode": "ssz", "mutation": "ssz-sibling-3-bit", "passed": true}
{"mode": "ssz", "mutation": "ssz-sibling-4-bit", "passed": true}
{"mode": "ssz", "mutation": "secret-first-bit", "passed": true}
{"mode": "ssz", "mutation": "secret-nonboolean", "passed": true}
{"mode": "ssz", "mutation": "secret-last-bit", "passed": true}
Report: /private/tmp/leanvm-b-state-anchor-benchmark-publish-20260910/owner_state/results/negative-20260911T073927482435Z/report.json
